Archive member included to satisfy reference by file (symbol)

c:/program files (x86)/atmel/studio/7.0/toolchain/avr8/avr8-gnu-toolchain/bin/../lib/gcc/avr/4.9.2/avr5\libgcc.a(_udivmodhi4.o)
                              Interface/SevenSeg.o (__udivmodhi4)
c:/program files (x86)/atmel/studio/7.0/toolchain/avr8/avr8-gnu-toolchain/bin/../lib/gcc/avr/4.9.2/avr5\libgcc.a(_divmodhi4.o)
                              Tasks/TaskManager.o (__divmodhi4)
c:/program files (x86)/atmel/studio/7.0/toolchain/avr8/avr8-gnu-toolchain/bin/../lib/gcc/avr/4.9.2/avr5\libgcc.a(_udivmodsi4.o)
                              Tasks/Blinky.o (__udivmodsi4)
c:/program files (x86)/atmel/studio/7.0/toolchain/avr8/avr8-gnu-toolchain/bin/../lib/gcc/avr/4.9.2/avr5\libgcc.a(_exit.o)
                              C:/Program Files (x86)/Atmel/Studio/7.0/Packs/atmel/ATmega_DFP/1.1.130/gcc/dev/atmega328/avr5/crtatmega328.o (exit)
c:/program files (x86)/atmel/studio/7.0/toolchain/avr8/avr8-gnu-toolchain/bin/../lib/gcc/avr/4.9.2/avr5\libgcc.a(_copy_data.o)
                              Interface/SevenSeg.o (__do_copy_data)
c:/program files (x86)/atmel/studio/7.0/toolchain/avr8/avr8-gnu-toolchain/bin/../lib/gcc/avr/4.9.2/avr5\libgcc.a(_clear_bss.o)
                              main.o (__do_clear_bss)
c:/program files (x86)/atmel/studio/7.0/toolchain/avr8/avr8-gnu-toolchain/bin/../lib/gcc/avr/4.9.2/avr5\libgcc.a(_ctors.o)
                              main.o (__do_global_ctors)
c:/program files (x86)/atmel/studio/7.0/toolchain/avr8/avr8-gnu-toolchain/bin/../lib/gcc/avr/4.9.2/avr5\libgcc.a(_dtors.o)
                              main.o (__do_global_dtors)
c:/program files (x86)/atmel/studio/7.0/toolchain/avr8/avr8-gnu-toolchain/bin/../lib/gcc/avr/4.9.2/avr5\libgcc.a(_umulhisi3.o)
                              Interface/SevenSeg.o (__umulhisi3)
c:/program files (x86)/atmel/studio/7.0/toolchain/avr8/avr8-gnu-toolchain/bin/../lib/gcc/avr/4.9.2/avr5\libgcc.a(_tablejump2.o)
                              c:/program files (x86)/atmel/studio/7.0/toolchain/avr8/avr8-gnu-toolchain/bin/../lib/gcc/avr/4.9.2/avr5\libgcc.a(_ctors.o) (__tablejump2__)
c:/program files (x86)/atmel/studio/7.0/toolchain/avr8/avr8-gnu-toolchain/bin/../lib/gcc/avr/4.9.2/../../../../avr/lib/avr5\libc.a(malloc.o)
                              helperFunctions.o (malloc)

Allocating common symbols
Common symbol       size              file

__brkval            0x2               c:/program files (x86)/atmel/studio/7.0/toolchain/avr8/avr8-gnu-toolchain/bin/../lib/gcc/avr/4.9.2/../../../../avr/lib/avr5\libc.a(malloc.o)
__flp               0x2               c:/program files (x86)/atmel/studio/7.0/toolchain/avr8/avr8-gnu-toolchain/bin/../lib/gcc/avr/4.9.2/../../../../avr/lib/avr5\libc.a(malloc.o)

Discarded input sections

 .data          0x00000000        0x0 C:/Program Files (x86)/Atmel/Studio/7.0/Packs/atmel/ATmega_DFP/1.1.130/gcc/dev/atmega328/avr5/crtatmega328.o
 .bss           0x00000000        0x0 C:/Program Files (x86)/Atmel/Studio/7.0/Packs/atmel/ATmega_DFP/1.1.130/gcc/dev/atmega328/avr5/crtatmega328.o
 .text          0x00000000        0x0 Interface/SevenSeg.o
 .data          0x00000000        0x0 Interface/SevenSeg.o
 .bss           0x00000000        0x0 Interface/SevenSeg.o
 .text._ZN8SevenSeg12shiftInBytesEPh
                0x00000000       0x6c Interface/SevenSeg.o
 .text._ZN8SevenSeg12printNumbersEPh
                0x00000000       0x16 Interface/SevenSeg.o
 .text._ZN8SevenSeg20printNumbers_NOLATCHEPh
                0x00000000        0x6 Interface/SevenSeg.o
 .text._ZN8SevenSeg12printNumbersEh
                0x00000000       0x2c Interface/SevenSeg.o
 .text          0x00000000        0x0 interrupts.o
 .data          0x00000000        0x0 interrupts.o
 .bss           0x00000000        0x0 interrupts.o
 .text._Z14enableShiftingv
                0x00000000        0xc interrupts.o
 .text._Z15disableShiftingv
                0x00000000        0xc interrupts.o
 .text._Z24enableTimerOneInterruptsv
                0x00000000        0xc interrupts.o
 .text          0x00000000        0x0 main.o
 .data          0x00000000        0x0 main.o
 .bss           0x00000000        0x0 main.o
 .text._Z11counterTaskv
                0x00000000        0x2 main.o
 .text          0x00000000        0x0 helperFunctions.o
 .data          0x00000000        0x0 helperFunctions.o
 .bss           0x00000000        0x0 helperFunctions.o
 .text._ZdlPv   0x00000000        0x6 helperFunctions.o
 .text._Znaj    0x00000000        0x6 helperFunctions.o
 .text._ZdaPv   0x00000000        0x6 helperFunctions.o
 .text          0x00000000        0x0 Pins/AnalogPin.o
 .data          0x00000000        0x0 Pins/AnalogPin.o
 .bss           0x00000000        0x0 Pins/AnalogPin.o
 .text._ZN9AnalogPin4readEv
                0x00000000       0x24 Pins/AnalogPin.o
 .text          0x00000000        0x0 Pins/Pin.o
 .data          0x00000000        0x0 Pins/Pin.o
 .bss           0x00000000        0x0 Pins/Pin.o
 .text._ZN3Pin4readEv
                0x00000000        0xe Pins/Pin.o
 .text._ZN3Pin5writeEh
                0x00000000       0x10 Pins/Pin.o
 .text._ZN3PinD2Ev
                0x00000000        0x2 Pins/Pin.o
 .text          0x00000000        0x0 Shift_Register/ShiftRegister.o
 .data          0x00000000        0x0 Shift_Register/ShiftRegister.o
 .bss           0x00000000        0x0 Shift_Register/ShiftRegister.o
 .text._ZN13ShiftRegisterC2EP3PinS1_S1_
                0x00000000       0x10 Shift_Register/ShiftRegister.o
 .text          0x00000000        0x0 Shift_Register/ShiftRegister_PISO.o
 .data          0x00000000        0x0 Shift_Register/ShiftRegister_PISO.o
 .bss           0x00000000        0x0 Shift_Register/ShiftRegister_PISO.o
 .text._ZN18ShiftRegister_PISOC2Ev
                0x00000000       0x12 Shift_Register/ShiftRegister_PISO.o
 .text._ZN18ShiftRegister_PISOC2EP3PinS1_S1_
                0x00000000       0x12 Shift_Register/ShiftRegister_PISO.o
 .text._ZN18ShiftRegister_PISO9shiftBitsEh
                0x00000000       0xa0 Shift_Register/ShiftRegister_PISO.o
 .text._ZN18ShiftRegister_PISO9shiftBitsEv
                0x00000000        0x8 Shift_Register/ShiftRegister_PISO.o
 .text._ZN18ShiftRegister_PISO8readByteEv
                0x00000000        0x6 Shift_Register/ShiftRegister_PISO.o
 .text._ZN18ShiftRegister_PISOD2Ev
                0x00000000        0x6 Shift_Register/ShiftRegister_PISO.o
 .debug_info    0x00000000      0x7b0 Shift_Register/ShiftRegister_PISO.o
 .debug_abbrev  0x00000000      0x233 Shift_Register/ShiftRegister_PISO.o
 .debug_loc     0x00000000      0x2b3 Shift_Register/ShiftRegister_PISO.o
 .debug_aranges
                0x00000000       0x48 Shift_Register/ShiftRegister_PISO.o
 .debug_ranges  0x00000000       0x38 Shift_Register/ShiftRegister_PISO.o
 .debug_line    0x00000000      0x200 Shift_Register/ShiftRegister_PISO.o
 .debug_str     0x00000000      0x62c Shift_Register/ShiftRegister_PISO.o
 .comment       0x00000000       0x31 Shift_Register/ShiftRegister_PISO.o
 .debug_frame   0x00000000       0xb4 Shift_Register/ShiftRegister_PISO.o
 .text          0x00000000        0x0 Shift_Register/ShiftRegister_SIPO.o
 .data          0x00000000        0x0 Shift_Register/ShiftRegister_SIPO.o
 .bss           0x00000000        0x0 Shift_Register/ShiftRegister_SIPO.o
 .text._ZN18ShiftRegister_SIPOC2EP3PinS1_S1_
                0x00000000       0x12 Shift_Register/ShiftRegister_SIPO.o
 .text          0x00000000        0x0 Tasks/BPMDisplay.o
 .data          0x00000000        0x0 Tasks/BPMDisplay.o
 .bss           0x00000000        0x0 Tasks/BPMDisplay.o
 .text._ZN10BPMDisplayC2Ev
                0x00000000        0x2 Tasks/BPMDisplay.o
 .text._ZN10BPMDisplayD2Ev
                0x00000000        0x2 Tasks/BPMDisplay.o
 .debug_info    0x00000000      0x19f Tasks/BPMDisplay.o
 .debug_abbrev  0x00000000       0xf5 Tasks/BPMDisplay.o
 .debug_aranges
                0x00000000       0x28 Tasks/BPMDisplay.o
 .debug_ranges  0x00000000       0x18 Tasks/BPMDisplay.o
 .debug_line    0x00000000       0x65 Tasks/BPMDisplay.o
 .debug_str     0x00000000      0x25d Tasks/BPMDisplay.o
 .comment       0x00000000       0x31 Tasks/BPMDisplay.o
 .debug_frame   0x00000000       0x34 Tasks/BPMDisplay.o
 .text          0x00000000        0x0 Tasks/BPMInput.o
 .data          0x00000000        0x0 Tasks/BPMInput.o
 .bss           0x00000000        0x0 Tasks/BPMInput.o
 .text          0x00000000        0x0 Tasks/Blinky.o
 .data          0x00000000        0x0 Tasks/Blinky.o
 .bss           0x00000000        0x0 Tasks/Blinky.o
 .text          0x00000000        0x0 Tasks/DigitalInput.o
 .data          0x00000000        0x0 Tasks/DigitalInput.o
 .bss           0x00000000        0x0 Tasks/DigitalInput.o
 .text._ZN12DigitalInputC2Ev
                0x00000000       0x6a Tasks/DigitalInput.o
 .text._ZN12DigitalInput3runEv
                0x00000000       0x48 Tasks/DigitalInput.o
 .text._ZN12DigitalInputD2Ev
                0x00000000        0x6 Tasks/DigitalInput.o
 .debug_info    0x00000000      0x895 Tasks/DigitalInput.o
 .debug_abbrev  0x00000000      0x248 Tasks/DigitalInput.o
 .debug_loc     0x00000000      0x124 Tasks/DigitalInput.o
 .debug_aranges
                0x00000000       0x30 Tasks/DigitalInput.o
 .debug_ranges  0x00000000       0x20 Tasks/DigitalInput.o
 .debug_line    0x00000000      0x1e9 Tasks/DigitalInput.o
 .debug_str     0x00000000      0x6c1 Tasks/DigitalInput.o
 .comment       0x00000000       0x31 Tasks/DigitalInput.o
 .debug_frame   0x00000000       0x6c Tasks/DigitalInput.o
 .text          0x00000000        0x0 Tasks/Counter.o
 .data          0x00000000        0x0 Tasks/Counter.o
 .bss           0x00000000        0x0 Tasks/Counter.o
 .text._ZN7CounterC2ER5TimerR8SevenSeg
                0x00000000       0x16 Tasks/Counter.o
 .text._ZN7Counter3runEv
                0x00000000       0x58 Tasks/Counter.o
 .text._ZN7CounterD2Ev
                0x00000000        0x2 Tasks/Counter.o
 .debug_info    0x00000000      0x8a8 Tasks/Counter.o
 .debug_abbrev  0x00000000      0x210 Tasks/Counter.o
 .debug_loc     0x00000000       0x65 Tasks/Counter.o
 .debug_aranges
                0x00000000       0x30 Tasks/Counter.o
 .debug_ranges  0x00000000       0x20 Tasks/Counter.o
 .debug_line    0x00000000      0x1e6 Tasks/Counter.o
 .debug_str     0x00000000      0x7a5 Tasks/Counter.o
 .comment       0x00000000       0x31 Tasks/Counter.o
 .debug_frame   0x00000000       0x50 Tasks/Counter.o
 .text          0x00000000        0x0 Tasks/InputPoll.o
 .data          0x00000000        0x0 Tasks/InputPoll.o
 .bss           0x00000000        0x0 Tasks/InputPoll.o
 .text._ZN9InputPollC2ER5TimerR12DigitalInputj
                0x00000000       0x26 Tasks/InputPoll.o
 .text._ZN9InputPoll3runEv
                0x00000000       0x58 Tasks/InputPoll.o
 .text._ZN9InputPollD2Ev
                0x00000000        0x2 Tasks/InputPoll.o
 .debug_info    0x00000000      0x8d1 Tasks/InputPoll.o
 .debug_abbrev  0x00000000      0x229 Tasks/InputPoll.o
 .debug_loc     0x00000000      0x156 Tasks/InputPoll.o
 .debug_aranges
                0x00000000       0x30 Tasks/InputPoll.o
 .debug_ranges  0x00000000       0x20 Tasks/InputPoll.o
 .debug_line    0x00000000      0x1be Tasks/InputPoll.o
 .debug_str     0x00000000      0x738 Tasks/InputPoll.o
 .comment       0x00000000       0x31 Tasks/InputPoll.o
 .debug_frame   0x00000000       0x64 Tasks/InputPoll.o
 .text          0x00000000        0x0 Tasks/Latch.o
 .data          0x00000000        0x0 Tasks/Latch.o
 .bss           0x00000000        0x0 Tasks/Latch.o
 .text          0x00000000        0x0 Tasks/PrintBPM.o
 .data          0x00000000        0x0 Tasks/PrintBPM.o
 .bss           0x00000000        0x0 Tasks/PrintBPM.o
 .text          0x00000000        0x0 Tasks/RotarySwitch.o
 .data          0x00000000        0x0 Tasks/RotarySwitch.o
 .bss           0x00000000        0x0 Tasks/RotarySwitch.o
 .text._ZN12RotarySwitchC2ER5TimerR12DigitalInput
                0x00000000       0x2e Tasks/RotarySwitch.o
 .text._ZN12RotarySwitch3runEv
                0x00000000       0x7a Tasks/RotarySwitch.o
 .text._ZN12RotarySwitchD2Ev
                0x00000000        0x2 Tasks/RotarySwitch.o
 .debug_info    0x00000000      0x96f Tasks/RotarySwitch.o
 .debug_abbrev  0x00000000      0x25c Tasks/RotarySwitch.o
 .debug_loc     0x00000000      0x15a Tasks/RotarySwitch.o
 .debug_aranges
                0x00000000       0x30 Tasks/RotarySwitch.o
 .debug_ranges  0x00000000       0x20 Tasks/RotarySwitch.o
 .debug_line    0x00000000      0x213 Tasks/RotarySwitch.o
 .debug_str     0x00000000      0x775 Tasks/RotarySwitch.o
 .comment       0x00000000       0x31 Tasks/RotarySwitch.o
 .debug_frame   0x00000000       0x5c Tasks/RotarySwitch.o
 .text          0x00000000        0x0 Tasks/TaskManager.o
 .data          0x00000000        0x0 Tasks/TaskManager.o
 .bss           0x00000000        0x0 Tasks/TaskManager.o
 .text._ZN11TaskManagerD2Ev
                0x00000000        0x2 Tasks/TaskManager.o
 .text          0x00000000        0x0 Tasks/Trigger.o
 .data          0x00000000        0x0 Tasks/Trigger.o
 .bss           0x00000000        0x0 Tasks/Trigger.o
 .text          0x00000000        0x0 timer.o
 .data          0x00000000        0x0 timer.o
 .bss           0x00000000        0x0 timer.o
 .text._ZN5Timer5resetEv
                0x00000000        0xc timer.o
 .text._ZN5Timer8fixTimerEv
                0x00000000       0x14 timer.o
 .text._ZN5Timer11resumeTimerEv
                0x00000000       0x14 timer.o
 .text          0x00000000        0x0 c:/program files (x86)/atmel/studio/7.0/toolchain/avr8/avr8-gnu-toolchain/bin/../lib/gcc/avr/4.9.2/avr5\libgcc.a(_udivmodhi4.o)
 .data          0x00000000        0x0 c:/program files (x86)/atmel/studio/7.0/toolchain/avr8/avr8-gnu-toolchain/bin/../lib/gcc/avr/4.9.2/avr5\libgcc.a(_udivmodhi4.o)
 .bss           0x00000000        0x0 c:/program files (x86)/atmel/studio/7.0/toolchain/avr8/avr8-gnu-toolchain/bin/../lib/gcc/avr/4.9.2/avr5\libgcc.a(_udivmodhi4.o)
 .text.libgcc.mul
                0x00000000        0x0 c:/program files (x86)/atmel/studio/7.0/toolchain/avr8/avr8-gnu-toolchain/bin/../lib/gcc/avr/4.9.2/avr5\libgcc.a(_udivmodhi4.o)
 .text.libgcc   0x00000000        0x0 c:/program files (x86)/atmel/studio/7.0/toolchain/avr8/avr8-gnu-toolchain/bin/../lib/gcc/avr/4.9.2/avr5\libgcc.a(_udivmodhi4.o)
 .text.libgcc.prologue
                0x00000000        0x0 c:/program files (x86)/atmel/studio/7.0/toolchain/avr8/avr8-gnu-toolchain/bin/../lib/gcc/avr/4.9.2/avr5\libgcc.a(_udivmodhi4.o)
 .text.libgcc.builtins
                0x00000000        0x0 c:/program files (x86)/atmel/studio/7.0/toolchain/avr8/avr8-gnu-toolchain/bin/../lib/gcc/avr/4.9.2/avr5\libgcc.a(_udivmodhi4.o)
 .text.libgcc.fmul
                0x00000000        0x0 c:/program files (x86)/atmel/studio/7.0/toolchain/avr8/avr8-gnu-toolchain/bin/../lib/gcc/avr/4.9.2/avr5\libgcc.a(_udivmodhi4.o)
 .text.libgcc.fixed
                0x00000000        0x0 c:/program files (x86)/atmel/studio/7.0/toolchain/avr8/avr8-gnu-toolchain/bin/../lib/gcc/avr/4.9.2/avr5\libgcc.a(_udivmodhi4.o)
 .text          0x00000000        0x0 c:/program files (x86)/atmel/studio/7.0/toolchain/avr8/avr8-gnu-toolchain/bin/../lib/gcc/avr/4.9.2/avr5\libgcc.a(_divmodhi4.o)
 .data          0x00000000        0x0 c:/program files (x86)/atmel/studio/7.0/toolchain/avr8/avr8-gnu-toolchain/bin/../lib/gcc/avr/4.9.2/avr5\libgcc.a(_divmodhi4.o)
 .bss           0x00000000        0x0 c:/program files (x86)/atmel/studio/7.0/toolchain/avr8/avr8-gnu-toolchain/bin/../lib/gcc/avr/4.9.2/avr5\libgcc.a(_divmodhi4.o)
 .text.libgcc.mul
                0x00000000        0x0 c:/program files (x86)/atmel/studio/7.0/toolchain/avr8/avr8-gnu-toolchain/bin/../lib/gcc/avr/4.9.2/avr5\libgcc.a(_divmodhi4.o)
 .text.libgcc   0x00000000        0x0 c:/program files (x86)/atmel/studio/7.0/toolchain/avr8/avr8-gnu-toolchain/bin/../lib/gcc/avr/4.9.2/avr5\libgcc.a(_divmodhi4.o)
 .text.libgcc.prologue
                0x00000000        0x0 c:/program files (x86)/atmel/studio/7.0/toolchain/avr8/avr8-gnu-toolchain/bin/../lib/gcc/avr/4.9.2/avr5\libgcc.a(_divmodhi4.o)
 .text.libgcc.builtins
                0x00000000        0x0 c:/program files (x86)/atmel/studio/7.0/toolchain/avr8/avr8-gnu-toolchain/bin/../lib/gcc/avr/4.9.2/avr5\libgcc.a(_divmodhi4.o)
 .text.libgcc.fmul
                0x00000000        0x0 c:/program files (x86)/atmel/studio/7.0/toolchain/avr8/avr8-gnu-toolchain/bin/../lib/gcc/avr/4.9.2/avr5\libgcc.a(_divmodhi4.o)
 .text.libgcc.fixed
                0x00000000        0x0 c:/program files (x86)/atmel/studio/7.0/toolchain/avr8/avr8-gnu-toolchain/bin/../lib/gcc/avr/4.9.2/avr5\libgcc.a(_divmodhi4.o)
 .text          0x00000000        0x0 c:/program files (x86)/atmel/studio/7.0/toolchain/avr8/avr8-gnu-toolchain/bin/../lib/gcc/avr/4.9.2/avr5\libgcc.a(_udivmodsi4.o)
 .data          0x00000000        0x0 c:/program files (x86)/atmel/studio/7.0/toolchain/avr8/avr8-gnu-toolchain/bin/../lib/gcc/avr/4.9.2/avr5\libgcc.a(_udivmodsi4.o)
 .bss           0x00000000        0x0 c:/program files (x86)/atmel/studio/7.0/toolchain/avr8/avr8-gnu-toolchain/bin/../lib/gcc/avr/4.9.2/avr5\libgcc.a(_udivmodsi4.o)
 .text.libgcc.mul
                0x00000000        0x0 c:/program files (x86)/atmel/studio/7.0/toolchain/avr8/avr8-gnu-toolchain/bin/../lib/gcc/avr/4.9.2/avr5\libgcc.a(_udivmodsi4.o)
 .text.libgcc   0x00000000        0x0 c:/program files (x86)/atmel/studio/7.0/toolchain/avr8/avr8-gnu-toolchain/bin/../lib/gcc/avr/4.9.2/avr5\libgcc.a(_udivmodsi4.o)
 .text.libgcc.prologue
                0x00000000        0x0 c:/program files (x86)/atmel/studio/7.0/toolchain/avr8/avr8-gnu-toolchain/bin/../lib/gcc/avr/4.9.2/avr5\libgcc.a(_udivmodsi4.o)
 .text.libgcc.builtins
                0x00000000        0x0 c:/program files (x86)/atmel/studio/7.0/toolchain/avr8/avr8-gnu-toolchain/bin/../lib/gcc/avr/4.9.2/avr5\libgcc.a(_udivmodsi4.o)
 .text.libgcc.fmul
                0x00000000        0x0 c:/program files (x86)/atmel/studio/7.0/toolchain/avr8/avr8-gnu-toolchain/bin/../lib/gcc/avr/4.9.2/avr5\libgcc.a(_udivmodsi4.o)
 .text.libgcc.fixed
                0x00000000        0x0 c:/program files (x86)/atmel/studio/7.0/toolchain/avr8/avr8-gnu-toolchain/bin/../lib/gcc/avr/4.9.2/avr5\libgcc.a(_udivmodsi4.o)
 .text          0x00000000        0x0 c:/program files (x86)/atmel/studio/7.0/toolchain/avr8/avr8-gnu-toolchain/bin/../lib/gcc/avr/4.9.2/avr5\libgcc.a(_exit.o)
 .data          0x00000000        0x0 c:/program files (x86)/atmel/studio/7.0/toolchain/avr8/avr8-gnu-toolchain/bin/../lib/gcc/avr/4.9.2/avr5\libgcc.a(_exit.o)
 .bss           0x00000000        0x0 c:/program files (x86)/atmel/studio/7.0/toolchain/avr8/avr8-gnu-toolchain/bin/../lib/gcc/avr/4.9.2/avr5\libgcc.a(_exit.o)
 .text.libgcc.mul
                0x00000000        0x0 c:/program files (x86)/atmel/studio/7.0/toolchain/avr8/avr8-gnu-toolchain/bin/../lib/gcc/avr/4.9.2/avr5\libgcc.a(_exit.o)
 .text.libgcc.div
                0x00000000        0x0 c:/program files (x86)/atmel/studio/7.0/toolchain/avr8/avr8-gnu-toolchain/bin/../lib/gcc/avr/4.9.2/avr5\libgcc.a(_exit.o)
 .text.libgcc   0x00000000        0x0 c:/program files (x86)/atmel/studio/7.0/toolchain/avr8/avr8-gnu-toolchain/bin/../lib/gcc/avr/4.9.2/avr5\libgcc.a(_exit.o)
 .text.libgcc.prologue
                0x00000000        0x0 c:/program files (x86)/atmel/studio/7.0/toolchain/avr8/avr8-gnu-toolchain/bin/../lib/gcc/avr/4.9.2/avr5\libgcc.a(_exit.o)
 .text.libgcc.builtins
                0x00000000        0x0 c:/program files (x86)/atmel/studio/7.0/toolchain/avr8/avr8-gnu-toolchain/bin/../lib/gcc/avr/4.9.2/avr5\libgcc.a(_exit.o)
 .text.libgcc.fmul
                0x00000000        0x0 c:/program files (x86)/atmel/studio/7.0/toolchain/avr8/avr8-gnu-toolchain/bin/../lib/gcc/avr/4.9.2/avr5\libgcc.a(_exit.o)
 .text.libgcc.fixed
                0x00000000        0x0 c:/program files (x86)/atmel/studio/7.0/toolchain/avr8/avr8-gnu-toolchain/bin/../lib/gcc/avr/4.9.2/avr5\libgcc.a(_exit.o)
 .text          0x00000000        0x0 c:/program files (x86)/atmel/studio/7.0/toolchain/avr8/avr8-gnu-toolchain/bin/../lib/gcc/avr/4.9.2/avr5\libgcc.a(_copy_data.o)
 .data          0x00000000        0x0 c:/program files (x86)/atmel/studio/7.0/toolchain/avr8/avr8-gnu-toolchain/bin/../lib/gcc/avr/4.9.2/avr5\libgcc.a(_copy_data.o)
 .bss           0x00000000        0x0 c:/program files (x86)/atmel/studio/7.0/toolchain/avr8/avr8-gnu-toolchain/bin/../lib/gcc/avr/4.9.2/avr5\libgcc.a(_copy_data.o)
 .text.libgcc.mul
                0x00000000        0x0 c:/program files (x86)/atmel/studio/7.0/toolchain/avr8/avr8-gnu-toolchain/bin/../lib/gcc/avr/4.9.2/avr5\libgcc.a(_copy_data.o)
 .text.libgcc.div
                0x00000000        0x0 c:/program files (x86)/atmel/studio/7.0/toolchain/avr8/avr8-gnu-toolchain/bin/../lib/gcc/avr/4.9.2/avr5\libgcc.a(_copy_data.o)
 .text.libgcc   0x00000000        0x0 c:/program files (x86)/atmel/studio/7.0/toolchain/avr8/avr8-gnu-toolchain/bin/../lib/gcc/avr/4.9.2/avr5\libgcc.a(_copy_data.o)
 .text.libgcc.prologue
                0x00000000        0x0 c:/program files (x86)/atmel/studio/7.0/toolchain/avr8/avr8-gnu-toolchain/bin/../lib/gcc/avr/4.9.2/avr5\libgcc.a(_copy_data.o)
 .text.libgcc.builtins
                0x00000000        0x0 c:/program files (x86)/atmel/studio/7.0/toolchain/avr8/avr8-gnu-toolchain/bin/../lib/gcc/avr/4.9.2/avr5\libgcc.a(_copy_data.o)
 .text.libgcc.fmul
                0x00000000        0x0 c:/program files (x86)/atmel/studio/7.0/toolchain/avr8/avr8-gnu-toolchain/bin/../lib/gcc/avr/4.9.2/avr5\libgcc.a(_copy_data.o)
 .text.libgcc.fixed
                0x00000000        0x0 c:/program files (x86)/atmel/studio/7.0/toolchain/avr8/avr8-gnu-toolchain/bin/../lib/gcc/avr/4.9.2/avr5\libgcc.a(_copy_data.o)
 .text          0x00000000        0x0 c:/program files (x86)/atmel/studio/7.0/toolchain/avr8/avr8-gnu-toolchain/bin/../lib/gcc/avr/4.9.2/avr5\libgcc.a(_clear_bss.o)
 .data          0x00000000        0x0 c:/program files (x86)/atmel/studio/7.0/toolchain/avr8/avr8-gnu-toolchain/bin/../lib/gcc/avr/4.9.2/avr5\libgcc.a(_clear_bss.o)
 .bss           0x00000000        0x0 c:/program files (x86)/atmel/studio/7.0/toolchain/avr8/avr8-gnu-toolchain/bin/../lib/gcc/avr/4.9.2/avr5\libgcc.a(_clear_bss.o)
 .text.libgcc.mul
                0x00000000        0x0 c:/program files (x86)/atmel/studio/7.0/toolchain/avr8/avr8-gnu-toolchain/bin/../lib/gcc/avr/4.9.2/avr5\libgcc.a(_clear_bss.o)
 .text.libgcc.div
                0x00000000        0x0 c:/program files (x86)/atmel/studio/7.0/toolchain/avr8/avr8-gnu-toolchain/bin/../lib/gcc/avr/4.9.2/avr5\libgcc.a(_clear_bss.o)
 .text.libgcc   0x00000000        0x0 c:/program files (x86)/atmel/studio/7.0/toolchain/avr8/avr8-gnu-toolchain/bin/../lib/gcc/avr/4.9.2/avr5\libgcc.a(_clear_bss.o)
 .text.libgcc.prologue
                0x00000000        0x0 c:/program files (x86)/atmel/studio/7.0/toolchain/avr8/avr8-gnu-toolchain/bin/../lib/gcc/avr/4.9.2/avr5\libgcc.a(_clear_bss.o)
 .text.libgcc.builtins
                0x00000000        0x0 c:/program files (x86)/atmel/studio/7.0/toolchain/avr8/avr8-gnu-toolchain/bin/../lib/gcc/avr/4.9.2/avr5\libgcc.a(_clear_bss.o)
 .text.libgcc.fmul
                0x00000000        0x0 c:/program files (x86)/atmel/studio/7.0/toolchain/avr8/avr8-gnu-toolchain/bin/../lib/gcc/avr/4.9.2/avr5\libgcc.a(_clear_bss.o)
 .text.libgcc.fixed
                0x00000000        0x0 c:/program files (x86)/atmel/studio/7.0/toolchain/avr8/avr8-gnu-toolchain/bin/../lib/gcc/avr/4.9.2/avr5\libgcc.a(_clear_bss.o)
 .text          0x00000000        0x0 c:/program files (x86)/atmel/studio/7.0/toolchain/avr8/avr8-gnu-toolchain/bin/../lib/gcc/avr/4.9.2/avr5\libgcc.a(_ctors.o)
 .data          0x00000000        0x0 c:/program files (x86)/atmel/studio/7.0/toolchain/avr8/avr8-gnu-toolchain/bin/../lib/gcc/avr/4.9.2/avr5\libgcc.a(_ctors.o)
 .bss           0x00000000        0x0 c:/program files (x86)/atmel/studio/7.0/toolchain/avr8/avr8-gnu-toolchain/bin/../lib/gcc/avr/4.9.2/avr5\libgcc.a(_ctors.o)
 .text.libgcc.mul
                0x00000000        0x0 c:/program files (x86)/atmel/studio/7.0/toolchain/avr8/avr8-gnu-toolchain/bin/../lib/gcc/avr/4.9.2/avr5\libgcc.a(_ctors.o)
 .text.libgcc.div
                0x00000000        0x0 c:/program files (x86)/atmel/studio/7.0/toolchain/avr8/avr8-gnu-toolchain/bin/../lib/gcc/avr/4.9.2/avr5\libgcc.a(_ctors.o)
 .text.libgcc   0x00000000        0x0 c:/program files (x86)/atmel/studio/7.0/toolchain/avr8/avr8-gnu-toolchain/bin/../lib/gcc/avr/4.9.2/avr5\libgcc.a(_ctors.o)
 .text.libgcc.prologue
                0x00000000        0x0 c:/program files (x86)/atmel/studio/7.0/toolchain/avr8/avr8-gnu-toolchain/bin/../lib/gcc/avr/4.9.2/avr5\libgcc.a(_ctors.o)
 .text.libgcc.builtins
                0x00000000        0x0 c:/program files (x86)/atmel/studio/7.0/toolchain/avr8/avr8-gnu-toolchain/bin/../lib/gcc/avr/4.9.2/avr5\libgcc.a(_ctors.o)
 .text.libgcc.fmul
                0x00000000        0x0 c:/program files (x86)/atmel/studio/7.0/toolchain/avr8/avr8-gnu-toolchain/bin/../lib/gcc/avr/4.9.2/avr5\libgcc.a(_ctors.o)
 .text.libgcc.fixed
                0x00000000        0x0 c:/program files (x86)/atmel/studio/7.0/toolchain/avr8/avr8-gnu-toolchain/bin/../lib/gcc/avr/4.9.2/avr5\libgcc.a(_ctors.o)
 .text          0x00000000        0x0 c:/program files (x86)/atmel/studio/7.0/toolchain/avr8/avr8-gnu-toolchain/bin/../lib/gcc/avr/4.9.2/avr5\libgcc.a(_dtors.o)
 .data          0x00000000        0x0 c:/program files (x86)/atmel/studio/7.0/toolchain/avr8/avr8-gnu-toolchain/bin/../lib/gcc/avr/4.9.2/avr5\libgcc.a(_dtors.o)
 .bss           0x00000000        0x0 c:/program files (x86)/atmel/studio/7.0/toolchain/avr8/avr8-gnu-toolchain/bin/../lib/gcc/avr/4.9.2/avr5\libgcc.a(_dtors.o)
 .text.libgcc.mul
                0x00000000        0x0 c:/program files (x86)/atmel/studio/7.0/toolchain/avr8/avr8-gnu-toolchain/bin/../lib/gcc/avr/4.9.2/avr5\libgcc.a(_dtors.o)
 .text.libgcc.div
                0x00000000        0x0 c:/program files (x86)/atmel/studio/7.0/toolchain/avr8/avr8-gnu-toolchain/bin/../lib/gcc/avr/4.9.2/avr5\libgcc.a(_dtors.o)
 .text.libgcc   0x00000000        0x0 c:/program files (x86)/atmel/studio/7.0/toolchain/avr8/avr8-gnu-toolchain/bin/../lib/gcc/avr/4.9.2/avr5\libgcc.a(_dtors.o)
 .text.libgcc.prologue
                0x00000000        0x0 c:/program files (x86)/atmel/studio/7.0/toolchain/avr8/avr8-gnu-toolchain/bin/../lib/gcc/avr/4.9.2/avr5\libgcc.a(_dtors.o)
 .text.libgcc.builtins
                0x00000000        0x0 c:/program files (x86)/atmel/studio/7.0/toolchain/avr8/avr8-gnu-toolchain/bin/../lib/gcc/avr/4.9.2/avr5\libgcc.a(_dtors.o)
 .text.libgcc.fmul
                0x00000000        0x0 c:/program files (x86)/atmel/studio/7.0/toolchain/avr8/avr8-gnu-toolchain/bin/../lib/gcc/avr/4.9.2/avr5\libgcc.a(_dtors.o)
 .text.libgcc.fixed
                0x00000000        0x0 c:/program files (x86)/atmel/studio/7.0/toolchain/avr8/avr8-gnu-toolchain/bin/../lib/gcc/avr/4.9.2/avr5\libgcc.a(_dtors.o)
 .text          0x00000000        0x0 c:/program files (x86)/atmel/studio/7.0/toolchain/avr8/avr8-gnu-toolchain/bin/../lib/gcc/avr/4.9.2/avr5\libgcc.a(_umulhisi3.o)
 .data          0x00000000        0x0 c:/program files (x86)/atmel/studio/7.0/toolchain/avr8/avr8-gnu-toolchain/bin/../lib/gcc/avr/4.9.2/avr5\libgcc.a(_umulhisi3.o)
 .bss           0x00000000        0x0 c:/program files (x86)/atmel/studio/7.0/toolchain/avr8/avr8-gnu-toolchain/bin/../lib/gcc/avr/4.9.2/avr5\libgcc.a(_umulhisi3.o)
 .text.libgcc.div
                0x00000000        0x0 c:/program files (x86)/atmel/studio/7.0/toolchain/avr8/avr8-gnu-toolchain/bin/../lib/gcc/avr/4.9.2/avr5\libgcc.a(_umulhisi3.o)
 .text.libgcc   0x00000000        0x0 c:/program files (x86)/atmel/studio/7.0/toolchain/avr8/avr8-gnu-toolchain/bin/../lib/gcc/avr/4.9.2/avr5\libgcc.a(_umulhisi3.o)
 .text.libgcc.prologue
                0x00000000        0x0 c:/program files (x86)/atmel/studio/7.0/toolchain/avr8/avr8-gnu-toolchain/bin/../lib/gcc/avr/4.9.2/avr5\libgcc.a(_umulhisi3.o)
 .text.libgcc.builtins
                0x00000000        0x0 c:/program files (x86)/atmel/studio/7.0/toolchain/avr8/avr8-gnu-toolchain/bin/../lib/gcc/avr/4.9.2/avr5\libgcc.a(_umulhisi3.o)
 .text.libgcc.fmul
                0x00000000        0x0 c:/program files (x86)/atmel/studio/7.0/toolchain/avr8/avr8-gnu-toolchain/bin/../lib/gcc/avr/4.9.2/avr5\libgcc.a(_umulhisi3.o)
 .text.libgcc.fixed
                0x00000000        0x0 c:/program files (x86)/atmel/studio/7.0/toolchain/avr8/avr8-gnu-toolchain/bin/../lib/gcc/avr/4.9.2/avr5\libgcc.a(_umulhisi3.o)
 .text          0x00000000        0x0 c:/program files (x86)/atmel/studio/7.0/toolchain/avr8/avr8-gnu-toolchain/bin/../lib/gcc/avr/4.9.2/avr5\libgcc.a(_tablejump2.o)
 .data          0x00000000        0x0 c:/program files (x86)/atmel/studio/7.0/toolchain/avr8/avr8-gnu-toolchain/bin/../lib/gcc/avr/4.9.2/avr5\libgcc.a(_tablejump2.o)
 .bss           0x00000000        0x0 c:/program files (x86)/atmel/studio/7.0/toolchain/avr8/avr8-gnu-toolchain/bin/../lib/gcc/avr/4.9.2/avr5\libgcc.a(_tablejump2.o)
 .text.libgcc.mul
                0x00000000        0x0 c:/program files (x86)/atmel/studio/7.0/toolchain/avr8/avr8-gnu-toolchain/bin/../lib/gcc/avr/4.9.2/avr5\libgcc.a(_tablejump2.o)
 .text.libgcc.div
                0x00000000        0x0 c:/program files (x86)/atmel/studio/7.0/toolchain/avr8/avr8-gnu-toolchain/bin/../lib/gcc/avr/4.9.2/avr5\libgcc.a(_tablejump2.o)
 .text.libgcc.prologue
                0x00000000        0x0 c:/program files (x86)/atmel/studio/7.0/toolchain/avr8/avr8-gnu-toolchain/bin/../lib/gcc/avr/4.9.2/avr5\libgcc.a(_tablejump2.o)
 .text.libgcc.builtins
                0x00000000        0x0 c:/program files (x86)/atmel/studio/7.0/toolchain/avr8/avr8-gnu-toolchain/bin/../lib/gcc/avr/4.9.2/avr5\libgcc.a(_tablejump2.o)
 .text.libgcc.fmul
                0x00000000        0x0 c:/program files (x86)/atmel/studio/7.0/toolchain/avr8/avr8-gnu-toolchain/bin/../lib/gcc/avr/4.9.2/avr5\libgcc.a(_tablejump2.o)
 .text.libgcc.fixed
                0x00000000        0x0 c:/program files (x86)/atmel/studio/7.0/toolchain/avr8/avr8-gnu-toolchain/bin/../lib/gcc/avr/4.9.2/avr5\libgcc.a(_tablejump2.o)
 .text          0x00000000        0x0 c:/program files (x86)/atmel/studio/7.0/toolchain/avr8/avr8-gnu-toolchain/bin/../lib/gcc/avr/4.9.2/../../../../avr/lib/avr5\libc.a(malloc.o)
 .bss           0x00000000        0x0 c:/program files (x86)/atmel/studio/7.0/toolchain/avr8/avr8-gnu-toolchain/bin/../lib/gcc/avr/4.9.2/../../../../avr/lib/avr5\libc.a(malloc.o)

Memory Configuration

Name             Origin             Length             Attributes
text             0x00000000         0x00020000         xr
data             0x00800060         0x0000ffa0         rw !x
eeprom           0x00810000         0x00010000         rw !x
fuse             0x00820000         0x00000003         rw !x
lock             0x00830000         0x00000400         rw !x
signature        0x00840000         0x00000400         rw !x
user_signatures  0x00850000         0x00000400         rw !x
*default*        0x00000000         0xffffffff

Linker script and memory map

Address of section .data set to 0x800100
LOAD C:/Program Files (x86)/Atmel/Studio/7.0/Packs/atmel/ATmega_DFP/1.1.130/gcc/dev/atmega328/avr5/crtatmega328.o
LOAD Interface/SevenSeg.o
LOAD interrupts.o
LOAD main.o
LOAD helperFunctions.o
LOAD Pins/AnalogPin.o
LOAD Pins/Pin.o
LOAD Shift_Register/ShiftRegister.o
LOAD Shift_Register/ShiftRegister_PISO.o
LOAD Shift_Register/ShiftRegister_SIPO.o
LOAD Tasks/BPMDisplay.o
LOAD Tasks/BPMInput.o
LOAD Tasks/Blinky.o
LOAD Tasks/DigitalInput.o
LOAD Tasks/Counter.o
LOAD Tasks/InputPoll.o
LOAD Tasks/Latch.o
LOAD Tasks/PrintBPM.o
LOAD Tasks/RotarySwitch.o
LOAD Tasks/TaskManager.o
LOAD Tasks/Trigger.o
LOAD timer.o
START GROUP
LOAD c:/program files (x86)/atmel/studio/7.0/toolchain/avr8/avr8-gnu-toolchain/bin/../lib/gcc/avr/4.9.2/../../../../avr/lib/avr5\libm.a
END GROUP
LOAD c:/program files (x86)/atmel/studio/7.0/toolchain/avr8/avr8-gnu-toolchain/bin/../lib/gcc/avr/4.9.2/avr5\libgcc.a
LOAD c:/program files (x86)/atmel/studio/7.0/toolchain/avr8/avr8-gnu-toolchain/bin/../lib/gcc/avr/4.9.2/../../../../avr/lib/avr5\libm.a
START GROUP
LOAD c:/program files (x86)/atmel/studio/7.0/toolchain/avr8/avr8-gnu-toolchain/bin/../lib/gcc/avr/4.9.2/avr5\libgcc.a
LOAD c:/program files (x86)/atmel/studio/7.0/toolchain/avr8/avr8-gnu-toolchain/bin/../lib/gcc/avr/4.9.2/../../../../avr/lib/avr5\libm.a
LOAD c:/program files (x86)/atmel/studio/7.0/toolchain/avr8/avr8-gnu-toolchain/bin/../lib/gcc/avr/4.9.2/../../../../avr/lib/avr5\libc.a
LOAD C:/Program Files (x86)/Atmel/Studio/7.0/Packs/atmel/ATmega_DFP/1.1.130/gcc/dev/atmega328/avr5\libatmega328.a
END GROUP
                0x00020000                __TEXT_REGION_LENGTH__ = DEFINED (__TEXT_REGION_LENGTH__)?__TEXT_REGION_LENGTH__:0x20000
                0x0000ffa0                __DATA_REGION_LENGTH__ = DEFINED (__DATA_REGION_LENGTH__)?__DATA_REGION_LENGTH__:0xffa0
                0x00010000                __EEPROM_REGION_LENGTH__ = DEFINED (__EEPROM_REGION_LENGTH__)?__EEPROM_REGION_LENGTH__:0x10000
                [0x00000003]                __FUSE_REGION_LENGTH__ = DEFINED (__FUSE_REGION_LENGTH__)?__FUSE_REGION_LENGTH__:0x400
                0x00000400                __LOCK_REGION_LENGTH__ = DEFINED (__LOCK_REGION_LENGTH__)?__LOCK_REGION_LENGTH__:0x400
                0x00000400                __SIGNATURE_REGION_LENGTH__ = DEFINED (__SIGNATURE_REGION_LENGTH__)?__SIGNATURE_REGION_LENGTH__:0x400
                0x00000400                __USER_SIGNATURE_REGION_LENGTH__ = DEFINED (__USER_SIGNATURE_REGION_LENGTH__)?__USER_SIGNATURE_REGION_LENGTH__:0x400

.hash
 *(.hash)

.dynsym
 *(.dynsym)

.dynstr
 *(.dynstr)

.gnu.version
 *(.gnu.version)

.gnu.version_d
 *(.gnu.version_d)

.gnu.version_r
 *(.gnu.version_r)

.rel.init
 *(.rel.init)

.rela.init
 *(.rela.init)

.rel.text
 *(.rel.text)
 *(.rel.text.*)
 *(.rel.gnu.linkonce.t*)

.rela.text
 *(.rela.text)
 *(.rela.text.*)
 *(.rela.gnu.linkonce.t*)

.rel.fini
 *(.rel.fini)

.rela.fini
 *(.rela.fini)

.rel.rodata
 *(.rel.rodata)
 *(.rel.rodata.*)
 *(.rel.gnu.linkonce.r*)

.rela.rodata
 *(.rela.rodata)
 *(.rela.rodata.*)
 *(.rela.gnu.linkonce.r*)

.rel.data
 *(.rel.data)
 *(.rel.data.*)
 *(.rel.gnu.linkonce.d*)

.rela.data
 *(.rela.data)
 *(.rela.data.*)
 *(.rela.gnu.linkonce.d*)

.rel.ctors
 *(.rel.ctors)

.rela.ctors
 *(.rela.ctors)

.rel.dtors
 *(.rel.dtors)

.rela.dtors
 *(.rela.dtors)

.rel.got
 *(.rel.got)

.rela.got
 *(.rela.got)

.rel.bss
 *(.rel.bss)

.rela.bss
 *(.rela.bss)

.rel.plt
 *(.rel.plt)

.rela.plt
 *(.rela.plt)

.text           0x00000000      0xe32
 *(.vectors)
 .vectors       0x00000000       0x68 C:/Program Files (x86)/Atmel/Studio/7.0/Packs/atmel/ATmega_DFP/1.1.130/gcc/dev/atmega328/avr5/crtatmega328.o
                0x00000000                __vector_default
                0x00000000                __vectors
 *(.vectors)
 *(.progmem.gcc*)
                0x00000068                . = ALIGN (0x2)
                0x00000068                __trampolines_start = .
 *(.trampolines)
 .trampolines   0x00000068        0x0 linker stubs
 *(.trampolines*)
                0x00000068                __trampolines_end = .
 *libprintf_flt.a:*(.progmem.data)
 *libc.a:*(.progmem.data)
 *(.progmem*)
                0x00000068                . = ALIGN (0x2)
 *(.jumptables)
 *(.jumptables*)
 *(.lowtext)
 *(.lowtext*)
                0x00000068                __ctors_start = .
 *(.ctors)
 .ctors         0x00000068        0x2 main.o
                0x0000006a                __ctors_end = .
                0x0000006a                __dtors_start = .
 *(.dtors)
 .dtors         0x0000006a        0x2 main.o
                0x0000006c                __dtors_end = .
 SORT(*)(.ctors)
 SORT(*)(.dtors)
 *(.init0)
 .init0         0x0000006c        0x0 C:/Program Files (x86)/Atmel/Studio/7.0/Packs/atmel/ATmega_DFP/1.1.130/gcc/dev/atmega328/avr5/crtatmega328.o
                0x0000006c                __init
 *(.init0)
 *(.init1)
 *(.init1)
 *(.init2)
 .init2         0x0000006c        0xc C:/Program Files (x86)/Atmel/Studio/7.0/Packs/atmel/ATmega_DFP/1.1.130/gcc/dev/atmega328/avr5/crtatmega328.o
 *(.init2)
 *(.init3)
 *(.init3)
 *(.init4)
 .init4         0x00000078       0x16 c:/program files (x86)/atmel/studio/7.0/toolchain/avr8/avr8-gnu-toolchain/bin/../lib/gcc/avr/4.9.2/avr5\libgcc.a(_copy_data.o)
                0x00000078                __do_copy_data
 .init4         0x0000008e       0x10 c:/program files (x86)/atmel/studio/7.0/toolchain/avr8/avr8-gnu-toolchain/bin/../lib/gcc/avr/4.9.2/avr5\libgcc.a(_clear_bss.o)
                0x0000008e                __do_clear_bss
 *(.init4)
 *(.init5)
 *(.init5)
 *(.init6)
 .init6         0x0000009e       0x16 c:/program files (x86)/atmel/studio/7.0/toolchain/avr8/avr8-gnu-toolchain/bin/../lib/gcc/avr/4.9.2/avr5\libgcc.a(_ctors.o)
                0x0000009e                __do_global_ctors
 *(.init6)
 *(.init7)
 *(.init7)
 *(.init8)
 *(.init8)
 *(.init9)
 .init9         0x000000b4        0x8 C:/Program Files (x86)/Atmel/Studio/7.0/Packs/atmel/ATmega_DFP/1.1.130/gcc/dev/atmega328/avr5/crtatmega328.o
 *(.init9)
 *(.text)
 .text          0x000000bc        0x4 C:/Program Files (x86)/Atmel/Studio/7.0/Packs/atmel/ATmega_DFP/1.1.130/gcc/dev/atmega328/avr5/crtatmega328.o
                0x000000bc                __vector_22
                0x000000bc                __vector_1
                0x000000bc                __vector_24
                0x000000bc                __bad_interrupt
                0x000000bc                __vector_6
                0x000000bc                __vector_3
                0x000000bc                __vector_23
                0x000000bc                __vector_25
                0x000000bc                __vector_13
                0x000000bc                __vector_17
                0x000000bc                __vector_19
                0x000000bc                __vector_7
                0x000000bc                __vector_5
                0x000000bc                __vector_4
                0x000000bc                __vector_9
                0x000000bc                __vector_2
                0x000000bc                __vector_21
                0x000000bc                __vector_15
                0x000000bc                __vector_8
                0x000000bc                __vector_10
                0x000000bc                __vector_16
                0x000000bc                __vector_18
                0x000000bc                __vector_20
                0x000000c0                . = ALIGN (0x2)
 *(.text.*)
 .text._ZN8SevenSegC2EhR5Timer
                0x000000c0       0x9a Interface/SevenSeg.o
                0x000000c0                _ZN8SevenSegC1EhR5Timer
                0x000000c0                _ZN8SevenSegC2EhR5Timer
 .text._ZN8SevenSeg3runEv
                0x0000015a       0xbc Interface/SevenSeg.o
                0x0000015a                _ZN8SevenSeg3runEv
 .text._ZN8SevenSegD2Ev
                0x00000216        0x6 Interface/SevenSeg.o
                0x00000216                _ZN8SevenSegD2Ev
                0x00000216                _ZN8SevenSegD1Ev
 .text.__vector_14
                0x0000021c       0x4c interrupts.o
                0x0000021c                __vector_14
 .text.__vector_12
                0x00000268       0x16 interrupts.o
                0x00000268                __vector_12
 .text._Z20setUpTimerInterruptsv
                0x0000027e       0x52 interrupts.o
                0x0000027e                _Z20setUpTimerInterruptsv
 .text._Z25disableTimerOneInterruptsv
                0x000002d0        0xc interrupts.o
                0x000002d0                _Z25disableTimerOneInterruptsv
 .text.__vector_11
                0x000002dc       0x4a interrupts.o
                0x000002dc                __vector_11
 .text._Z9latchTaskv
                0x00000326        0xa main.o
                0x00000326                _Z9latchTaskv
 .text._Z23sevenSegmentDisplayTaskv
                0x00000330        0xa main.o
                0x00000330                _Z23sevenSegmentDisplayTaskv
 .text._Z11triggerTaskv
                0x0000033a        0xa main.o
                0x0000033a                _Z11triggerTaskv
 .text._Z10blinkyTaskv
                0x00000344        0xa main.o
                0x00000344                _Z10blinkyTaskv
 .text._Z12BPMInputTaskv
                0x0000034e        0xa main.o
                0x0000034e                _Z12BPMInputTaskv
 .text._Z12PrintBPMTaskv
                0x00000358        0xa main.o
                0x00000358                _Z12PrintBPMTaskv
 .text.main     0x00000362       0x82 main.o
                0x00000362                main
 .text._GLOBAL__sub_I_timer
                0x000003e4       0x64 main.o
 .text._GLOBAL__sub_D_timer
                0x00000448       0x3a main.o
 .text._Znwj    0x00000482        0x6 helperFunctions.o
                0x00000482                _Znwj
 .text._Z5pow10h
                0x00000488       0x46 helperFunctions.o
                0x00000488                _Z5pow10h
 .text._ZN9AnalogPinC2Eh
                0x000004ce       0x38 Pins/AnalogPin.o
                0x000004ce                _ZN9AnalogPinC2Eh
                0x000004ce                _ZN9AnalogPinC1Eh
 .text._ZN9AnalogPin10conv_beginEv
                0x00000506       0x20 Pins/AnalogPin.o
                0x00000506                _ZN9AnalogPin10conv_beginEv
 .text._ZN9AnalogPin12if_done_convEv
                0x00000526       0x10 Pins/AnalogPin.o
                0x00000526                _ZN9AnalogPin12if_done_convEv
 .text._ZN9AnalogPin10read_10BitEv
                0x00000536       0x28 Pins/AnalogPin.o
                0x00000536                _ZN9AnalogPin10read_10BitEv
 .text._ZN3Pin17setDirectionInputEv
                0x0000055e       0x16 Pins/Pin.o
                0x0000055e                _ZN3Pin17setDirectionInputEv
 .text._ZN3Pin7setHighEv
                0x00000574       0x16 Pins/Pin.o
                0x00000574                _ZN3Pin7setHighEv
 .text._ZN3Pin6setLowEv
                0x0000058a       0x18 Pins/Pin.o
                0x0000058a                _ZN3Pin6setLowEv
 .text._ZN3Pin18setDirectionOutputEv
                0x000005a2       0x1c Pins/Pin.o
                0x000005a2                _ZN3Pin18setDirectionOutputEv
 .text._ZN3PinC2EhPVhh
                0x000005be       0x34 Pins/Pin.o
                0x000005be                _ZN3PinC2EhPVhh
                0x000005be                _ZN3PinC1EhPVhh
 .text._ZN13ShiftRegisterC2Ev
                0x000005f2        0x2 Shift_Register/ShiftRegister.o
                0x000005f2                _ZN13ShiftRegisterC1Ev
                0x000005f2                _ZN13ShiftRegisterC2Ev
 .text._ZN13ShiftRegister11singleShiftEv
                0x000005f4       0x2c Shift_Register/ShiftRegister.o
                0x000005f4                _ZN13ShiftRegister11singleShiftEv
 .text._ZN13ShiftRegister5latchEv
                0x00000620       0x24 Shift_Register/ShiftRegister.o
                0x00000620                _ZN13ShiftRegister5latchEv
 .text._ZN13ShiftRegister17getTimerReferenceER5Timer
                0x00000644        0x8 Shift_Register/ShiftRegister.o
                0x00000644                _ZN13ShiftRegister17getTimerReferenceER5Timer
 .text._ZN13ShiftRegisterD2Ev
                0x0000064c        0x2 Shift_Register/ShiftRegister.o
                0x0000064c                _ZN13ShiftRegisterD1Ev
                0x0000064c                _ZN13ShiftRegisterD2Ev
 .text._ZN18ShiftRegister_SIPOC2Ev
                0x0000064e       0x12 Shift_Register/ShiftRegister_SIPO.o
                0x0000064e                _ZN18ShiftRegister_SIPOC1Ev
                0x0000064e                _ZN18ShiftRegister_SIPOC2Ev
 .text._ZN18ShiftRegister_SIPO9shiftBitsEv
                0x00000660       0x76 Shift_Register/ShiftRegister_SIPO.o
                0x00000660                _ZN18ShiftRegister_SIPO9shiftBitsEv
 .text._ZN18ShiftRegister_SIPO8loadByteEh
                0x000006d6        0x6 Shift_Register/ShiftRegister_SIPO.o
                0x000006d6                _ZN18ShiftRegister_SIPO8loadByteEh
 .text._ZN18ShiftRegister_SIPOD2Ev
                0x000006dc        0x6 Shift_Register/ShiftRegister_SIPO.o
                0x000006dc                _ZN18ShiftRegister_SIPOD1Ev
                0x000006dc                _ZN18ShiftRegister_SIPOD2Ev
 .text._ZN8BPMInputC2ER5Timer
                0x000006e2       0x40 Tasks/BPMInput.o
                0x000006e2                _ZN8BPMInputC2ER5Timer
                0x000006e2                _ZN8BPMInputC1ER5Timer
 .text._ZN8BPMInput3runEv
                0x00000722       0xa2 Tasks/BPMInput.o
                0x00000722                _ZN8BPMInput3runEv
 .text._ZN8BPMInputD2Ev
                0x000007c4        0x2 Tasks/BPMInput.o
                0x000007c4                _ZN8BPMInputD1Ev
                0x000007c4                _ZN8BPMInputD2Ev
 .text._ZN6BlinkyC2ER5TimerR8BPMInput
                0x000007c6       0x50 Tasks/Blinky.o
                0x000007c6                _ZN6BlinkyC1ER5TimerR8BPMInput
                0x000007c6                _ZN6BlinkyC2ER5TimerR8BPMInput
 .text._ZN6Blinky3runEv
                0x00000816       0x88 Tasks/Blinky.o
                0x00000816                _ZN6Blinky3runEv
 .text._ZN6BlinkyD2Ev
                0x0000089e        0x2 Tasks/Blinky.o
                0x0000089e                _ZN6BlinkyD2Ev
                0x0000089e                _ZN6BlinkyD1Ev
 .text._ZN5LatchC2ER8SevenSeg
                0x000008a0        0x8 Tasks/Latch.o
                0x000008a0                _ZN5LatchC1ER8SevenSeg
                0x000008a0                _ZN5LatchC2ER8SevenSeg
 .text._ZN5Latch3runEv
                0x000008a8       0x1a Tasks/Latch.o
                0x000008a8                _ZN5Latch3runEv
 .text._ZN5LatchD2Ev
                0x000008c2        0x2 Tasks/Latch.o
                0x000008c2                _ZN5LatchD1Ev
                0x000008c2                _ZN5LatchD2Ev
 .text._ZN8PrintBPMC2ER5TimerR8BPMInputR8SevenSeg
                0x000008c4       0x26 Tasks/PrintBPM.o
                0x000008c4                _ZN8PrintBPMC1ER5TimerR8BPMInputR8SevenSeg
                0x000008c4                _ZN8PrintBPMC2ER5TimerR8BPMInputR8SevenSeg
 .text._ZN8PrintBPM3runEv
                0x000008ea       0x5e Tasks/PrintBPM.o
                0x000008ea                _ZN8PrintBPM3runEv
 .text._ZN8PrintBPMD2Ev
                0x00000948        0x2 Tasks/PrintBPM.o
                0x00000948                _ZN8PrintBPMD2Ev
                0x00000948                _ZN8PrintBPMD1Ev
 .text._ZN11TaskManagerC2ER5Timer
                0x0000094a        0xe Tasks/TaskManager.o
                0x0000094a                _ZN11TaskManagerC2ER5Timer
                0x0000094a                _ZN11TaskManagerC1ER5Timer
 .text._ZN11TaskManager7addTaskEPFvvEh
                0x00000958       0x26 Tasks/TaskManager.o
                0x00000958                _ZN11TaskManager7addTaskEPFvvEh
 .text._ZN11TaskManager20generateRandomNumberEv
                0x0000097e       0x1e Tasks/TaskManager.o
                0x0000097e                _ZN11TaskManager20generateRandomNumberEv
 .text._ZN11TaskManager8runTasksEv
                0x0000099c       0x68 Tasks/TaskManager.o
                0x0000099c                _ZN11TaskManager8runTasksEv
 .text._ZN7TriggerC2ER5TimerR6Blinky
                0x00000a04       0x30 Tasks/Trigger.o
                0x00000a04                _ZN7TriggerC1ER5TimerR6Blinky
                0x00000a04                _ZN7TriggerC2ER5TimerR6Blinky
 .text._ZN7Trigger3runEv
                0x00000a34       0x56 Tasks/Trigger.o
                0x00000a34                _ZN7Trigger3runEv
 .text._ZN7TriggerD2Ev
                0x00000a8a        0x2 Tasks/Trigger.o
                0x00000a8a                _ZN7TriggerD2Ev
                0x00000a8a                _ZN7TriggerD1Ev
 .text._ZN5TimerC2Ev
                0x00000a8c       0x14 timer.o
                0x00000a8c                _ZN5TimerC2Ev
                0x00000a8c                _ZN5TimerC1Ev
 .text._ZN5Timer14incrementTimerEv
                0x00000aa0       0x1c timer.o
                0x00000aa0                _ZN5Timer14incrementTimerEv
 .text._ZN5Timer14elapsed_millisEm
                0x00000abc       0x24 timer.o
                0x00000abc                _ZN5Timer14elapsed_millisEm
 .text._ZN5Timer6millisEv
                0x00000ae0        0xc timer.o
                0x00000ae0                _ZN5Timer6millisEv
 .text._ZN5Timer8wait_1usEv
                0x00000aec       0x12 timer.o
                0x00000aec                _ZN5Timer8wait_1usEv
 .text._ZN5TimerD2Ev
                0x00000afe        0x2 timer.o
                0x00000afe                _ZN5TimerD2Ev
                0x00000afe                _ZN5TimerD1Ev
 .text.libgcc.div
                0x00000b00       0x28 c:/program files (x86)/atmel/studio/7.0/toolchain/avr8/avr8-gnu-toolchain/bin/../lib/gcc/avr/4.9.2/avr5\libgcc.a(_udivmodhi4.o)
                0x00000b00                __udivmodhi4
 .text.libgcc.div
                0x00000b28       0x28 c:/program files (x86)/atmel/studio/7.0/toolchain/avr8/avr8-gnu-toolchain/bin/../lib/gcc/avr/4.9.2/avr5\libgcc.a(_divmodhi4.o)
                0x00000b28                _div
                0x00000b28                __divmodhi4
 .text.libgcc.div
                0x00000b50       0x44 c:/program files (x86)/atmel/studio/7.0/toolchain/avr8/avr8-gnu-toolchain/bin/../lib/gcc/avr/4.9.2/avr5\libgcc.a(_udivmodsi4.o)
                0x00000b50                __udivmodsi4
 .text.libgcc.mul
                0x00000b94       0x1e c:/program files (x86)/atmel/studio/7.0/toolchain/avr8/avr8-gnu-toolchain/bin/../lib/gcc/avr/4.9.2/avr5\libgcc.a(_umulhisi3.o)
                0x00000b94                __umulhisi3
 .text.libgcc   0x00000bb2        0xc c:/program files (x86)/atmel/studio/7.0/toolchain/avr8/avr8-gnu-toolchain/bin/../lib/gcc/avr/4.9.2/avr5\libgcc.a(_tablejump2.o)
                0x00000bb2                __tablejump2__
 .text.avr-libc
                0x00000bbe      0x25a c:/program files (x86)/atmel/studio/7.0/toolchain/avr8/avr8-gnu-toolchain/bin/../lib/gcc/avr/4.9.2/../../../../avr/lib/avr5\libc.a(malloc.o)
                0x00000bbe                malloc
                0x00000ce8                free
                0x00000e18                . = ALIGN (0x2)
 *(.fini9)
 .fini9         0x00000e18        0x0 c:/program files (x86)/atmel/studio/7.0/toolchain/avr8/avr8-gnu-toolchain/bin/../lib/gcc/avr/4.9.2/avr5\libgcc.a(_exit.o)
                0x00000e18                _exit
                0x00000e18                exit
 *(.fini9)
 *(.fini8)
 *(.fini8)
 *(.fini7)
 *(.fini7)
 *(.fini6)
 .fini6         0x00000e18       0x16 c:/program files (x86)/atmel/studio/7.0/toolchain/avr8/avr8-gnu-toolchain/bin/../lib/gcc/avr/4.9.2/avr5\libgcc.a(_dtors.o)
                0x00000e18                __do_global_dtors
 *(.fini6)
 *(.fini5)
 *(.fini5)
 *(.fini4)
 *(.fini4)
 *(.fini3)
 *(.fini3)
 *(.fini2)
 *(.fini2)
 *(.fini1)
 *(.fini1)
 *(.fini0)
 .fini0         0x00000e2e        0x4 c:/program files (x86)/atmel/studio/7.0/toolchain/avr8/avr8-gnu-toolchain/bin/../lib/gcc/avr/4.9.2/avr5\libgcc.a(_exit.o)
 *(.fini0)
                0x00000e32                _etext = .

.data           0x00800100       0x12 load address 0x00000e32
                0x00800100                PROVIDE (__data_start, .)
 *(.data)
 .data          0x00800100        0x6 c:/program files (x86)/atmel/studio/7.0/toolchain/avr8/avr8-gnu-toolchain/bin/../lib/gcc/avr/4.9.2/../../../../avr/lib/avr5\libc.a(malloc.o)
                0x00800100                __malloc_heap_end
                0x00800102                __malloc_heap_start
                0x00800104                __malloc_margin
 *(.data*)
 *(.rodata)
 .rodata        0x00800106        0xb Interface/SevenSeg.o
 *(.rodata*)
 *(.gnu.linkonce.d*)
                0x00800112                . = ALIGN (0x2)
 *fill*         0x00800111        0x1 
                0x00800112                _edata = .
                0x00800112                PROVIDE (__data_end, .)

.bss            0x00800112       0x5e
                0x00800112                PROVIDE (__bss_start, .)
 *(.bss)
 *(.bss*)
 .bss.trigger   0x00800112        0x9 main.o
                0x00800112                trigger
 .bss.blinky    0x0080011b        0xe main.o
                0x0080011b                blinky
 .bss.printBPM  0x00800129        0xa main.o
                0x00800129                printBPM
 .bss.bpmInput  0x00800133       0x11 main.o
                0x00800133                bpmInput
 .bss.latch     0x00800144        0x2 main.o
                0x00800144                latch
 .bss.sevenSegmentDisplay
                0x00800146       0x1e main.o
                0x00800146                sevenSegmentDisplay
 .bss.timer     0x00800164        0x8 main.o
                0x00800164                timer
 *(COMMON)
 COMMON         0x0080016c        0x4 c:/program files (x86)/atmel/studio/7.0/toolchain/avr8/avr8-gnu-toolchain/bin/../lib/gcc/avr/4.9.2/../../../../avr/lib/avr5\libc.a(malloc.o)
                0x0080016c                __brkval
                0x0080016e                __flp
                0x00800170                PROVIDE (__bss_end, .)
                0x00000e32                __data_load_start = LOADADDR (.data)
                0x00000e44                __data_load_end = (__data_load_start + SIZEOF (.data))

.noinit         0x00800170        0x0
                [!provide]                PROVIDE (__noinit_start, .)
 *(.noinit*)
                [!provide]                PROVIDE (__noinit_end, .)
                0x00800170                _end = .
                0x00800170                PROVIDE (__heap_start, .)

.eeprom         0x00810000        0x0
 *(.eeprom*)
                0x00810000                __eeprom_end = .

.fuse
 *(.fuse)
 *(.lfuse)
 *(.hfuse)
 *(.efuse)

.lock
 *(.lock*)

.signature
 *(.signature*)

.user_signatures
 *(.user_signatures*)

.stab
 *(.stab)

.stabstr
 *(.stabstr)

.stab.excl
 *(.stab.excl)

.stab.exclstr
 *(.stab.exclstr)

.stab.index
 *(.stab.index)

.stab.indexstr
 *(.stab.indexstr)

.comment        0x00000000       0x30
 *(.comment)
 .comment       0x00000000       0x30 Interface/SevenSeg.o
                                 0x31 (size before relaxing)
 .comment       0x00000030       0x31 interrupts.o
 .comment       0x00000030       0x31 main.o
 .comment       0x00000030       0x31 helperFunctions.o
 .comment       0x00000030       0x31 Pins/AnalogPin.o
 .comment       0x00000030       0x31 Pins/Pin.o
 .comment       0x00000030       0x31 Shift_Register/ShiftRegister.o
 .comment       0x00000030       0x31 Shift_Register/ShiftRegister_SIPO.o
 .comment       0x00000030       0x31 Tasks/BPMInput.o
 .comment       0x00000030       0x31 Tasks/Blinky.o
 .comment       0x00000030       0x31 Tasks/Latch.o
 .comment       0x00000030       0x31 Tasks/PrintBPM.o
 .comment       0x00000030       0x31 Tasks/TaskManager.o
 .comment       0x00000030       0x31 Tasks/Trigger.o
 .comment       0x00000030       0x31 timer.o
 .comment       0x00000030       0x31 c:/program files (x86)/atmel/studio/7.0/toolchain/avr8/avr8-gnu-toolchain/bin/../lib/gcc/avr/4.9.2/../../../../avr/lib/avr5\libc.a(malloc.o)

.note.gnu.avr.deviceinfo
                0x00000000       0x3c
 .note.gnu.avr.deviceinfo
                0x00000000       0x3c C:/Program Files (x86)/Atmel/Studio/7.0/Packs/atmel/ATmega_DFP/1.1.130/gcc/dev/atmega328/avr5/crtatmega328.o

.note.gnu.build-id
 *(.note.gnu.build-id)

.debug
 *(.debug)

.line
 *(.line)

.debug_srcinfo
 *(.debug_srcinfo)

.debug_sfnames
 *(.debug_sfnames)

.debug_aranges  0x00000000      0x400
 *(.debug_aranges)
 .debug_aranges
                0x00000000       0x50 Interface/SevenSeg.o
 .debug_aranges
                0x00000050       0x58 interrupts.o
 .debug_aranges
                0x000000a8       0x68 main.o
 .debug_aranges
                0x00000110       0x40 helperFunctions.o
 .debug_aranges
                0x00000150       0x40 Pins/AnalogPin.o
 .debug_aranges
                0x00000190       0x58 Pins/Pin.o
 .debug_aranges
                0x000001e8       0x48 Shift_Register/ShiftRegister.o
 .debug_aranges
                0x00000230       0x40 Shift_Register/ShiftRegister_SIPO.o
 .debug_aranges
                0x00000270       0x30 Tasks/BPMInput.o
 .debug_aranges
                0x000002a0       0x30 Tasks/Blinky.o
 .debug_aranges
                0x000002d0       0x30 Tasks/Latch.o
 .debug_aranges
                0x00000300       0x30 Tasks/PrintBPM.o
 .debug_aranges
                0x00000330       0x40 Tasks/TaskManager.o
 .debug_aranges
                0x00000370       0x30 Tasks/Trigger.o
 .debug_aranges
                0x000003a0       0x60 timer.o

.debug_pubnames
 *(.debug_pubnames)

.debug_info     0x00000000     0x6bcf
 *(.debug_info .gnu.linkonce.wi.*)
 .debug_info    0x00000000      0x5f4 C:/Program Files (x86)/Atmel/Studio/7.0/Packs/atmel/ATmega_DFP/1.1.130/gcc/dev/atmega328/avr5/crtatmega328.o
 .debug_info    0x000005f4      0xb3b Interface/SevenSeg.o
 .debug_info    0x0000112f      0x2f5 interrupts.o
 .debug_info    0x00001424     0x11f8 main.o
 .debug_info    0x0000261c      0x222 helperFunctions.o
 .debug_info    0x0000283e      0x25a Pins/AnalogPin.o
 .debug_info    0x00002a98      0x403 Pins/Pin.o
 .debug_info    0x00002e9b      0x65a Shift_Register/ShiftRegister.o
 .debug_info    0x000034f5      0x796 Shift_Register/ShiftRegister_SIPO.o
 .debug_info    0x00003c8b      0x50e Tasks/BPMInput.o
 .debug_info    0x00004199      0x723 Tasks/Blinky.o
 .debug_info    0x000048bc      0x851 Tasks/Latch.o
 .debug_info    0x0000510d      0xa56 Tasks/PrintBPM.o
 .debug_info    0x00005b63      0x4a8 Tasks/TaskManager.o
 .debug_info    0x0000600b      0x775 Tasks/Trigger.o
 .debug_info    0x00006780      0x44f timer.o

.debug_abbrev   0x00000000     0x244c
 *(.debug_abbrev)
 .debug_abbrev  0x00000000      0x5a2 C:/Program Files (x86)/Atmel/Studio/7.0/Packs/atmel/ATmega_DFP/1.1.130/gcc/dev/atmega328/avr5/crtatmega328.o
 .debug_abbrev  0x000005a2      0x2af Interface/SevenSeg.o
 .debug_abbrev  0x00000851      0x169 interrupts.o
 .debug_abbrev  0x000009ba      0x2d2 main.o
 .debug_abbrev  0x00000c8c       0xfd helperFunctions.o
 .debug_abbrev  0x00000d89      0x18a Pins/AnalogPin.o
 .debug_abbrev  0x00000f13      0x1b2 Pins/Pin.o
 .debug_abbrev  0x000010c5      0x20a Shift_Register/ShiftRegister.o
 .debug_abbrev  0x000012cf      0x256 Shift_Register/ShiftRegister_SIPO.o
 .debug_abbrev  0x00001525      0x223 Tasks/BPMInput.o
 .debug_abbrev  0x00001748      0x255 Tasks/Blinky.o
 .debug_abbrev  0x0000199d      0x21f Tasks/Latch.o
 .debug_abbrev  0x00001bbc      0x260 Tasks/PrintBPM.o
 .debug_abbrev  0x00001e1c      0x21d Tasks/TaskManager.o
 .debug_abbrev  0x00002039      0x22d Tasks/Trigger.o
 .debug_abbrev  0x00002266      0x1e6 timer.o

.debug_line     0x00000000     0x1d81
 *(.debug_line .debug_line.* .debug_line_end)
 .debug_line    0x00000000      0x133 C:/Program Files (x86)/Atmel/Studio/7.0/Packs/atmel/ATmega_DFP/1.1.130/gcc/dev/atmega328/avr5/crtatmega328.o
 .debug_line    0x00000133      0x36c Interface/SevenSeg.o
 .debug_line    0x0000049f      0x1a0 interrupts.o
 .debug_line    0x0000063f      0x373 main.o
 .debug_line    0x000009b2      0x1ce helperFunctions.o
 .debug_line    0x00000b80      0x168 Pins/AnalogPin.o
 .debug_line    0x00000ce8      0x186 Pins/Pin.o
 .debug_line    0x00000e6e      0x1ad Shift_Register/ShiftRegister.o
 .debug_line    0x0000101b      0x1ea Shift_Register/ShiftRegister_SIPO.o
 .debug_line    0x00001205      0x18f Tasks/BPMInput.o
 .debug_line    0x00001394      0x19c Tasks/Blinky.o
 .debug_line    0x00001530      0x1cb Tasks/Latch.o
 .debug_line    0x000016fb      0x210 Tasks/PrintBPM.o
 .debug_line    0x0000190b      0x162 Tasks/TaskManager.o
 .debug_line    0x00001a6d      0x191 Tasks/Trigger.o
 .debug_line    0x00001bfe      0x183 timer.o

.debug_frame    0x00000000      0x894
 *(.debug_frame)
 .debug_frame   0x00000000       0xfc Interface/SevenSeg.o
 .debug_frame   0x000000fc      0x130 interrupts.o
 .debug_frame   0x0000022c       0xc4 main.o
 .debug_frame   0x000002f0       0x64 helperFunctions.o
 .debug_frame   0x00000354       0x7c Pins/AnalogPin.o
 .debug_frame   0x000003d0       0xa0 Pins/Pin.o
 .debug_frame   0x00000470       0x8c Shift_Register/ShiftRegister.o
 .debug_frame   0x000004fc       0x90 Shift_Register/ShiftRegister_SIPO.o
 .debug_frame   0x0000058c       0x64 Tasks/BPMInput.o
 .debug_frame   0x000005f0       0x6c Tasks/Blinky.o
 .debug_frame   0x0000065c       0x44 Tasks/Latch.o
 .debug_frame   0x000006a0       0x5c Tasks/PrintBPM.o
 .debug_frame   0x000006fc       0x8c Tasks/TaskManager.o
 .debug_frame   0x00000788       0x5c Tasks/Trigger.o
 .debug_frame   0x000007e4       0xb0 timer.o

.debug_str      0x00000000     0x125b
 *(.debug_str)
 .debug_str     0x00000000      0x208 C:/Program Files (x86)/Atmel/Studio/7.0/Packs/atmel/ATmega_DFP/1.1.130/gcc/dev/atmega328/avr5/crtatmega328.o
 .debug_str     0x00000208      0x71e Interface/SevenSeg.o
                                0x79a (size before relaxing)
 .debug_str     0x00000926      0x11f interrupts.o
                                0x42c (size before relaxing)
 .debug_str     0x00000a45      0x3fd main.o
                                0xb58 (size before relaxing)
 .debug_str     0x00000e42       0x7c helperFunctions.o
                                0x289 (size before relaxing)
 .debug_str     0x00000ebe       0x28 Pins/AnalogPin.o
                                0x2b2 (size before relaxing)
 .debug_str     0x00000ee6       0x4e Pins/Pin.o
                                0x32b (size before relaxing)
 .debug_str     0x00000f34       0x80 Shift_Register/ShiftRegister.o
                                0x560 (size before relaxing)
 .debug_str     0x00000fb4       0x92 Shift_Register/ShiftRegister_SIPO.o
                                0x660 (size before relaxing)
 .debug_str     0x00001046       0x3e Tasks/BPMInput.o
                                0x45d (size before relaxing)
 .debug_str     0x00001084       0x4e Tasks/Blinky.o
                                0x5c1 (size before relaxing)
 .debug_str     0x000010d2       0x44 Tasks/Latch.o
                                0x77d (size before relaxing)
 .debug_str     0x00001116       0x5e Tasks/PrintBPM.o
                                0x8a1 (size before relaxing)
 .debug_str     0x00001174       0x4e Tasks/TaskManager.o
                                0x447 (size before relaxing)
 .debug_str     0x000011c2       0x4d Tasks/Trigger.o
                                0x5e6 (size before relaxing)
 .debug_str     0x0000120f       0x4c timer.o
                                0x359 (size before relaxing)

.debug_loc      0x00000000     0x14a2
 *(.debug_loc)
 .debug_loc     0x00000000      0x3f9 Interface/SevenSeg.o
 .debug_loc     0x000003f9      0x1c5 interrupts.o
 .debug_loc     0x000005be       0x47 main.o
 .debug_loc     0x00000605      0x142 helperFunctions.o
 .debug_loc     0x00000747      0x13e Pins/AnalogPin.o
 .debug_loc     0x00000885      0x28f Pins/Pin.o
 .debug_loc     0x00000b14       0xca Shift_Register/ShiftRegister.o
 .debug_loc     0x00000bde      0x205 Shift_Register/ShiftRegister_SIPO.o
 .debug_loc     0x00000de3      0x11a Tasks/BPMInput.o
 .debug_loc     0x00000efd      0x14a Tasks/Blinky.o
 .debug_loc     0x00001047       0x36 Tasks/Latch.o
 .debug_loc     0x0000107d      0x13c Tasks/PrintBPM.o
 .debug_loc     0x000011b9      0x127 Tasks/TaskManager.o
 .debug_loc     0x000012e0      0x116 Tasks/Trigger.o
 .debug_loc     0x000013f6       0xac timer.o

.debug_macinfo
 *(.debug_macinfo)

.debug_weaknames
 *(.debug_weaknames)

.debug_funcnames
 *(.debug_funcnames)

.debug_typenames
 *(.debug_typenames)

.debug_varnames
 *(.debug_varnames)

.debug_pubtypes
 *(.debug_pubtypes)

.debug_ranges   0x00000000      0x310
 *(.debug_ranges)
 .debug_ranges  0x00000000       0x40 Interface/SevenSeg.o
 .debug_ranges  0x00000040       0x48 interrupts.o
 .debug_ranges  0x00000088       0x58 main.o
 .debug_ranges  0x000000e0       0x30 helperFunctions.o
 .debug_ranges  0x00000110       0x30 Pins/AnalogPin.o
 .debug_ranges  0x00000140       0x48 Pins/Pin.o
 .debug_ranges  0x00000188       0x38 Shift_Register/ShiftRegister.o
 .debug_ranges  0x000001c0       0x30 Shift_Register/ShiftRegister_SIPO.o
 .debug_ranges  0x000001f0       0x20 Tasks/BPMInput.o
 .debug_ranges  0x00000210       0x20 Tasks/Blinky.o
 .debug_ranges  0x00000230       0x20 Tasks/Latch.o
 .debug_ranges  0x00000250       0x20 Tasks/PrintBPM.o
 .debug_ranges  0x00000270       0x30 Tasks/TaskManager.o
 .debug_ranges  0x000002a0       0x20 Tasks/Trigger.o
 .debug_ranges  0x000002c0       0x50 timer.o

.debug_macro
 *(.debug_macro)
OUTPUT(Sequencer-micro.elf elf32-avr)
LOAD linker stubs
