Archive member included to satisfy reference by file (symbol)

c:/program files (x86)/atmel/studio/7.0/toolchain/avr8/avr8-gnu-toolchain/bin/../lib/gcc/avr/4.9.2/avr5\libgcc.a(_udivmodhi4.o)
                              Interface/SevenSeg.o (__udivmodhi4)
c:/program files (x86)/atmel/studio/7.0/toolchain/avr8/avr8-gnu-toolchain/bin/../lib/gcc/avr/4.9.2/avr5\libgcc.a(_divmodhi4.o)
                              Tasks/TaskManager.o (__divmodhi4)
c:/program files (x86)/atmel/studio/7.0/toolchain/avr8/avr8-gnu-toolchain/bin/../lib/gcc/avr/4.9.2/avr5\libgcc.a(_divmodsi4.o)
                              Tasks/Blinky.o (__divmodsi4)
c:/program files (x86)/atmel/studio/7.0/toolchain/avr8/avr8-gnu-toolchain/bin/../lib/gcc/avr/4.9.2/avr5\libgcc.a(_negsi2.o)
                              c:/program files (x86)/atmel/studio/7.0/toolchain/avr8/avr8-gnu-toolchain/bin/../lib/gcc/avr/4.9.2/avr5\libgcc.a(_divmodsi4.o) (__negsi2)
c:/program files (x86)/atmel/studio/7.0/toolchain/avr8/avr8-gnu-toolchain/bin/../lib/gcc/avr/4.9.2/avr5\libgcc.a(_exit.o)
                              C:/Program Files (x86)/Atmel/Studio/7.0/Packs/atmel/ATmega_DFP/1.1.130/gcc/dev/atmega328p/avr5/crtatmega328p.o (exit)
c:/program files (x86)/atmel/studio/7.0/toolchain/avr8/avr8-gnu-toolchain/bin/../lib/gcc/avr/4.9.2/avr5\libgcc.a(_copy_data.o)
                              main.o (__do_copy_data)
c:/program files (x86)/atmel/studio/7.0/toolchain/avr8/avr8-gnu-toolchain/bin/../lib/gcc/avr/4.9.2/avr5\libgcc.a(_clear_bss.o)
                              main.o (__do_clear_bss)
c:/program files (x86)/atmel/studio/7.0/toolchain/avr8/avr8-gnu-toolchain/bin/../lib/gcc/avr/4.9.2/avr5\libgcc.a(_ctors.o)
                              main.o (__do_global_ctors)
c:/program files (x86)/atmel/studio/7.0/toolchain/avr8/avr8-gnu-toolchain/bin/../lib/gcc/avr/4.9.2/avr5\libgcc.a(_dtors.o)
                              main.o (__do_global_dtors)
c:/program files (x86)/atmel/studio/7.0/toolchain/avr8/avr8-gnu-toolchain/bin/../lib/gcc/avr/4.9.2/avr5\libgcc.a(_umulhisi3.o)
                              Interface/SevenSeg.o (__umulhisi3)
c:/program files (x86)/atmel/studio/7.0/toolchain/avr8/avr8-gnu-toolchain/bin/../lib/gcc/avr/4.9.2/avr5\libgcc.a(_udivmodsi4.o)
                              c:/program files (x86)/atmel/studio/7.0/toolchain/avr8/avr8-gnu-toolchain/bin/../lib/gcc/avr/4.9.2/avr5\libgcc.a(_divmodsi4.o) (__udivmodsi4)
c:/program files (x86)/atmel/studio/7.0/toolchain/avr8/avr8-gnu-toolchain/bin/../lib/gcc/avr/4.9.2/avr5\libgcc.a(_tablejump2.o)
                              c:/program files (x86)/atmel/studio/7.0/toolchain/avr8/avr8-gnu-toolchain/bin/../lib/gcc/avr/4.9.2/avr5\libgcc.a(_ctors.o) (__tablejump2__)
c:/program files (x86)/atmel/studio/7.0/toolchain/avr8/avr8-gnu-toolchain/bin/../lib/gcc/avr/4.9.2/../../../../avr/lib/avr5\libc.a(malloc.o)
                              helperFunctions.o (malloc)

Allocating common symbols
Common symbol       size              file

__brkval            0x2               c:/program files (x86)/atmel/studio/7.0/toolchain/avr8/avr8-gnu-toolchain/bin/../lib/gcc/avr/4.9.2/../../../../avr/lib/avr5\libc.a(malloc.o)
__flp               0x2               c:/program files (x86)/atmel/studio/7.0/toolchain/avr8/avr8-gnu-toolchain/bin/../lib/gcc/avr/4.9.2/../../../../avr/lib/avr5\libc.a(malloc.o)

Discarded input sections

 .data          0x00000000        0x0 C:/Program Files (x86)/Atmel/Studio/7.0/Packs/atmel/ATmega_DFP/1.1.130/gcc/dev/atmega328p/avr5/crtatmega328p.o
 .bss           0x00000000        0x0 C:/Program Files (x86)/Atmel/Studio/7.0/Packs/atmel/ATmega_DFP/1.1.130/gcc/dev/atmega328p/avr5/crtatmega328p.o
 .text          0x00000000        0x0 Interface/BPM.o
 .data          0x00000000        0x0 Interface/BPM.o
 .bss           0x00000000        0x0 Interface/BPM.o
 .text._ZN3BPMC2Ev
                0x00000000        0x2 Interface/BPM.o
 .text._ZN3BPMD2Ev
                0x00000000        0x2 Interface/BPM.o
 .debug_info    0x00000000      0x18f Interface/BPM.o
 .debug_abbrev  0x00000000      0x102 Interface/BPM.o
 .debug_aranges
                0x00000000       0x28 Interface/BPM.o
 .debug_ranges  0x00000000       0x18 Interface/BPM.o
 .debug_line    0x00000000       0xbd Interface/BPM.o
 .debug_str     0x00000000      0x25c Interface/BPM.o
 .comment       0x00000000       0x31 Interface/BPM.o
 .debug_frame   0x00000000       0x34 Interface/BPM.o
 .text          0x00000000        0x0 Interface/Buttons.o
 .data          0x00000000        0x0 Interface/Buttons.o
 .bss           0x00000000        0x0 Interface/Buttons.o
 .text._ZN7Buttons12loadRawInputEj
                0x00000000       0x1c Interface/Buttons.o
 .text._ZN7ButtonsD2Ev
                0x00000000        0x2 Interface/Buttons.o
 .text          0x00000000        0x0 Interface/LEDs.o
 .data          0x00000000        0x0 Interface/LEDs.o
 .bss           0x00000000        0x0 Interface/LEDs.o
 .text._ZN4LEDsC2Ev
                0x00000000        0xe Interface/LEDs.o
 .text._ZN4LEDs13load16BitDataEj
                0x00000000        0x8 Interface/LEDs.o
 .text._ZN4LEDsD2Ev
                0x00000000        0x2 Interface/LEDs.o
 .text          0x00000000        0x0 Interface/RotarySwitch.o
 .data          0x00000000        0x0 Interface/RotarySwitch.o
 .bss           0x00000000        0x0 Interface/RotarySwitch.o
 .text._ZN12RotarySwitch12loadRawInputEj
                0x00000000        0x2 Interface/RotarySwitch.o
 .text._ZN12RotarySwitchD2Ev
                0x00000000        0x2 Interface/RotarySwitch.o
 .text          0x00000000        0x0 Interface/SevenSeg.o
 .data          0x00000000        0x0 Interface/SevenSeg.o
 .bss           0x00000000        0x0 Interface/SevenSeg.o
 .text          0x00000000        0x0 interrupts.o
 .data          0x00000000        0x0 interrupts.o
 .bss           0x00000000        0x0 interrupts.o
 .text._Z14enableShiftingv
                0x00000000        0xc interrupts.o
 .text._Z15disableShiftingv
                0x00000000        0xc interrupts.o
 .text._Z24enableTimerOneInterruptsv
                0x00000000        0xc interrupts.o
 .text          0x00000000        0x0 main.o
 .data          0x00000000        0x0 main.o
 .bss           0x00000000        0x0 main.o
 .text          0x00000000        0x0 helperFunctions.o
 .data          0x00000000        0x0 helperFunctions.o
 .bss           0x00000000        0x0 helperFunctions.o
 .text._ZdaPv   0x00000000        0x6 helperFunctions.o
 .text._Z5pow10h
                0x00000000       0x46 helperFunctions.o
 .text          0x00000000        0x0 Pins/AnalogPin.o
 .data          0x00000000        0x0 Pins/AnalogPin.o
 .bss           0x00000000        0x0 Pins/AnalogPin.o
 .text._ZN9AnalogPinC2Eh
                0x00000000       0x38 Pins/AnalogPin.o
 .text._ZN9AnalogPin10conv_beginEv
                0x00000000       0x20 Pins/AnalogPin.o
 .text._ZN9AnalogPin12if_done_convEv
                0x00000000       0x10 Pins/AnalogPin.o
 .text._ZN9AnalogPin4readEv
                0x00000000       0x24 Pins/AnalogPin.o
 .text._ZN9AnalogPin10read_10BitEv
                0x00000000       0x28 Pins/AnalogPin.o
 .debug_info    0x00000000      0x25a Pins/AnalogPin.o
 .debug_abbrev  0x00000000      0x18a Pins/AnalogPin.o
 .debug_loc     0x00000000      0x13e Pins/AnalogPin.o
 .debug_aranges
                0x00000000       0x40 Pins/AnalogPin.o
 .debug_ranges  0x00000000       0x30 Pins/AnalogPin.o
 .debug_line    0x00000000      0x168 Pins/AnalogPin.o
 .debug_str     0x00000000      0x2b2 Pins/AnalogPin.o
 .comment       0x00000000       0x31 Pins/AnalogPin.o
 .debug_frame   0x00000000       0x7c Pins/AnalogPin.o
 .text          0x00000000        0x0 Pins/Pin.o
 .data          0x00000000        0x0 Pins/Pin.o
 .bss           0x00000000        0x0 Pins/Pin.o
 .text._ZN3Pin4readEv
                0x00000000        0xe Pins/Pin.o
 .text._ZN3Pin5writeEh
                0x00000000       0x10 Pins/Pin.o
 .text          0x00000000        0x0 Shift_Register/ShiftRegister.o
 .data          0x00000000        0x0 Shift_Register/ShiftRegister.o
 .bss           0x00000000        0x0 Shift_Register/ShiftRegister.o
 .text._ZN13ShiftRegisterC2EP3PinS1_S1_
                0x00000000       0x10 Shift_Register/ShiftRegister.o
 .text._ZN13ShiftRegister17getTimerReferenceER5Timer
                0x00000000        0x8 Shift_Register/ShiftRegister.o
 .text          0x00000000        0x0 Shift_Register/ShiftRegister_PISO.o
 .data          0x00000000        0x0 Shift_Register/ShiftRegister_PISO.o
 .bss           0x00000000        0x0 Shift_Register/ShiftRegister_PISO.o
 .text._ZN18ShiftRegister_PISOC2EP3PinS1_S1_
                0x00000000       0x12 Shift_Register/ShiftRegister_PISO.o
 .text._ZN18ShiftRegister_PISO9shiftBitsEh
                0x00000000       0xa0 Shift_Register/ShiftRegister_PISO.o
 .text._ZN18ShiftRegister_PISO9shiftBitsEv
                0x00000000        0x8 Shift_Register/ShiftRegister_PISO.o
 .text._ZN18ShiftRegister_PISO8readByteEv
                0x00000000        0x6 Shift_Register/ShiftRegister_PISO.o
 .text          0x00000000        0x0 Shift_Register/ShiftRegister_SIPO.o
 .data          0x00000000        0x0 Shift_Register/ShiftRegister_SIPO.o
 .bss           0x00000000        0x0 Shift_Register/ShiftRegister_SIPO.o
 .text._ZN18ShiftRegister_SIPO8loadByteEh
                0x00000000        0x6 Shift_Register/ShiftRegister_SIPO.o
 .text          0x00000000        0x0 Tasks/Blinky.o
 .data          0x00000000        0x0 Tasks/Blinky.o
 .bss           0x00000000        0x0 Tasks/Blinky.o
 .text._ZN6BlinkyC2ER5TimerR9Sequencer
                0x00000000       0x50 Tasks/Blinky.o
 .text._ZN6Blinky3runEv
                0x00000000       0x98 Tasks/Blinky.o
 .text._ZN6BlinkyD2Ev
                0x00000000        0x2 Tasks/Blinky.o
 .debug_info    0x00000000     0x10d6 Tasks/Blinky.o
 .debug_abbrev  0x00000000      0x284 Tasks/Blinky.o
 .debug_loc     0x00000000      0x14a Tasks/Blinky.o
 .debug_aranges
                0x00000000       0x30 Tasks/Blinky.o
 .debug_ranges  0x00000000       0x20 Tasks/Blinky.o
 .debug_line    0x00000000      0x25e Tasks/Blinky.o
 .debug_str     0x00000000      0xdf3 Tasks/Blinky.o
 .comment       0x00000000       0x31 Tasks/Blinky.o
 .debug_frame   0x00000000       0x6c Tasks/Blinky.o
 .text          0x00000000        0x0 Tasks/DigitalInput.o
 .data          0x00000000        0x0 Tasks/DigitalInput.o
 .bss           0x00000000        0x0 Tasks/DigitalInput.o
 .text._ZN12DigitalInput3runEv
                0x00000000       0x70 Tasks/DigitalInput.o
 .text          0x00000000        0x0 Tasks/InputPoll.o
 .data          0x00000000        0x0 Tasks/InputPoll.o
 .bss           0x00000000        0x0 Tasks/InputPoll.o
 .text._ZN9InputPoll3runEv
                0x00000000       0x46 Tasks/InputPoll.o
 .text          0x00000000        0x0 Tasks/InstrumentTrigger.o
 .data          0x00000000        0x0 Tasks/InstrumentTrigger.o
 .bss           0x00000000        0x0 Tasks/InstrumentTrigger.o
 .text._ZN17InstrumentTrigger17buildOutputBufferEv
                0x00000000        0x2 Tasks/InstrumentTrigger.o
 .text          0x00000000        0x0 Tasks/PrintOutput.o
 .data          0x00000000        0x0 Tasks/PrintOutput.o
 .bss           0x00000000        0x0 Tasks/PrintOutput.o
 .text          0x00000000        0x0 Tasks/RotaryEncoder.o
 .data          0x00000000        0x0 Tasks/RotaryEncoder.o
 .bss           0x00000000        0x0 Tasks/RotaryEncoder.o
 .text._ZN13RotaryEncoder3runEv
                0x00000000       0x84 Tasks/RotaryEncoder.o
 .text          0x00000000        0x0 Tasks/Sequencer.o
 .data          0x00000000        0x0 Tasks/Sequencer.o
 .bss           0x00000000        0x0 Tasks/Sequencer.o
 .text._ZN9Sequencer12checkButtonsEv
                0x00000000       0x6e Tasks/Sequencer.o
 .text._ZN9Sequencer21checkInstrumentSelectEv
                0x00000000        0x2 Tasks/Sequencer.o
 .text._ZN9Sequencer18checkMeasureSelectEv
                0x00000000        0x2 Tasks/Sequencer.o
 .text          0x00000000        0x0 Tasks/TaskManager.o
 .data          0x00000000        0x0 Tasks/TaskManager.o
 .bss           0x00000000        0x0 Tasks/TaskManager.o
 .text._ZN11TaskManagerD2Ev
                0x00000000        0x2 Tasks/TaskManager.o
 .text          0x00000000        0x0 timer.o
 .data          0x00000000        0x0 timer.o
 .bss           0x00000000        0x0 timer.o
 .text._ZN5Timer8fixTimerEv
                0x00000000       0x14 timer.o
 .text._ZN5Timer11resumeTimerEv
                0x00000000       0x14 timer.o
 .text          0x00000000        0x0 c:/program files (x86)/atmel/studio/7.0/toolchain/avr8/avr8-gnu-toolchain/bin/../lib/gcc/avr/4.9.2/avr5\libgcc.a(_udivmodhi4.o)
 .data          0x00000000        0x0 c:/program files (x86)/atmel/studio/7.0/toolchain/avr8/avr8-gnu-toolchain/bin/../lib/gcc/avr/4.9.2/avr5\libgcc.a(_udivmodhi4.o)
 .bss           0x00000000        0x0 c:/program files (x86)/atmel/studio/7.0/toolchain/avr8/avr8-gnu-toolchain/bin/../lib/gcc/avr/4.9.2/avr5\libgcc.a(_udivmodhi4.o)
 .text.libgcc.mul
                0x00000000        0x0 c:/program files (x86)/atmel/studio/7.0/toolchain/avr8/avr8-gnu-toolchain/bin/../lib/gcc/avr/4.9.2/avr5\libgcc.a(_udivmodhi4.o)
 .text.libgcc   0x00000000        0x0 c:/program files (x86)/atmel/studio/7.0/toolchain/avr8/avr8-gnu-toolchain/bin/../lib/gcc/avr/4.9.2/avr5\libgcc.a(_udivmodhi4.o)
 .text.libgcc.prologue
                0x00000000        0x0 c:/program files (x86)/atmel/studio/7.0/toolchain/avr8/avr8-gnu-toolchain/bin/../lib/gcc/avr/4.9.2/avr5\libgcc.a(_udivmodhi4.o)
 .text.libgcc.builtins
                0x00000000        0x0 c:/program files (x86)/atmel/studio/7.0/toolchain/avr8/avr8-gnu-toolchain/bin/../lib/gcc/avr/4.9.2/avr5\libgcc.a(_udivmodhi4.o)
 .text.libgcc.fmul
                0x00000000        0x0 c:/program files (x86)/atmel/studio/7.0/toolchain/avr8/avr8-gnu-toolchain/bin/../lib/gcc/avr/4.9.2/avr5\libgcc.a(_udivmodhi4.o)
 .text.libgcc.fixed
                0x00000000        0x0 c:/program files (x86)/atmel/studio/7.0/toolchain/avr8/avr8-gnu-toolchain/bin/../lib/gcc/avr/4.9.2/avr5\libgcc.a(_udivmodhi4.o)
 .text          0x00000000        0x0 c:/program files (x86)/atmel/studio/7.0/toolchain/avr8/avr8-gnu-toolchain/bin/../lib/gcc/avr/4.9.2/avr5\libgcc.a(_divmodhi4.o)
 .data          0x00000000        0x0 c:/program files (x86)/atmel/studio/7.0/toolchain/avr8/avr8-gnu-toolchain/bin/../lib/gcc/avr/4.9.2/avr5\libgcc.a(_divmodhi4.o)
 .bss           0x00000000        0x0 c:/program files (x86)/atmel/studio/7.0/toolchain/avr8/avr8-gnu-toolchain/bin/../lib/gcc/avr/4.9.2/avr5\libgcc.a(_divmodhi4.o)
 .text.libgcc.mul
                0x00000000        0x0 c:/program files (x86)/atmel/studio/7.0/toolchain/avr8/avr8-gnu-toolchain/bin/../lib/gcc/avr/4.9.2/avr5\libgcc.a(_divmodhi4.o)
 .text.libgcc   0x00000000        0x0 c:/program files (x86)/atmel/studio/7.0/toolchain/avr8/avr8-gnu-toolchain/bin/../lib/gcc/avr/4.9.2/avr5\libgcc.a(_divmodhi4.o)
 .text.libgcc.prologue
                0x00000000        0x0 c:/program files (x86)/atmel/studio/7.0/toolchain/avr8/avr8-gnu-toolchain/bin/../lib/gcc/avr/4.9.2/avr5\libgcc.a(_divmodhi4.o)
 .text.libgcc.builtins
                0x00000000        0x0 c:/program files (x86)/atmel/studio/7.0/toolchain/avr8/avr8-gnu-toolchain/bin/../lib/gcc/avr/4.9.2/avr5\libgcc.a(_divmodhi4.o)
 .text.libgcc.fmul
                0x00000000        0x0 c:/program files (x86)/atmel/studio/7.0/toolchain/avr8/avr8-gnu-toolchain/bin/../lib/gcc/avr/4.9.2/avr5\libgcc.a(_divmodhi4.o)
 .text.libgcc.fixed
                0x00000000        0x0 c:/program files (x86)/atmel/studio/7.0/toolchain/avr8/avr8-gnu-toolchain/bin/../lib/gcc/avr/4.9.2/avr5\libgcc.a(_divmodhi4.o)
 .text          0x00000000        0x0 c:/program files (x86)/atmel/studio/7.0/toolchain/avr8/avr8-gnu-toolchain/bin/../lib/gcc/avr/4.9.2/avr5\libgcc.a(_divmodsi4.o)
 .data          0x00000000        0x0 c:/program files (x86)/atmel/studio/7.0/toolchain/avr8/avr8-gnu-toolchain/bin/../lib/gcc/avr/4.9.2/avr5\libgcc.a(_divmodsi4.o)
 .bss           0x00000000        0x0 c:/program files (x86)/atmel/studio/7.0/toolchain/avr8/avr8-gnu-toolchain/bin/../lib/gcc/avr/4.9.2/avr5\libgcc.a(_divmodsi4.o)
 .text.libgcc.mul
                0x00000000        0x0 c:/program files (x86)/atmel/studio/7.0/toolchain/avr8/avr8-gnu-toolchain/bin/../lib/gcc/avr/4.9.2/avr5\libgcc.a(_divmodsi4.o)
 .text.libgcc.div
                0x00000000       0x2e c:/program files (x86)/atmel/studio/7.0/toolchain/avr8/avr8-gnu-toolchain/bin/../lib/gcc/avr/4.9.2/avr5\libgcc.a(_divmodsi4.o)
 .text.libgcc   0x00000000        0x0 c:/program files (x86)/atmel/studio/7.0/toolchain/avr8/avr8-gnu-toolchain/bin/../lib/gcc/avr/4.9.2/avr5\libgcc.a(_divmodsi4.o)
 .text.libgcc.prologue
                0x00000000        0x0 c:/program files (x86)/atmel/studio/7.0/toolchain/avr8/avr8-gnu-toolchain/bin/../lib/gcc/avr/4.9.2/avr5\libgcc.a(_divmodsi4.o)
 .text.libgcc.builtins
                0x00000000        0x0 c:/program files (x86)/atmel/studio/7.0/toolchain/avr8/avr8-gnu-toolchain/bin/../lib/gcc/avr/4.9.2/avr5\libgcc.a(_divmodsi4.o)
 .text.libgcc.fmul
                0x00000000        0x0 c:/program files (x86)/atmel/studio/7.0/toolchain/avr8/avr8-gnu-toolchain/bin/../lib/gcc/avr/4.9.2/avr5\libgcc.a(_divmodsi4.o)
 .text.libgcc.fixed
                0x00000000        0x0 c:/program files (x86)/atmel/studio/7.0/toolchain/avr8/avr8-gnu-toolchain/bin/../lib/gcc/avr/4.9.2/avr5\libgcc.a(_divmodsi4.o)
 .text          0x00000000        0x0 c:/program files (x86)/atmel/studio/7.0/toolchain/avr8/avr8-gnu-toolchain/bin/../lib/gcc/avr/4.9.2/avr5\libgcc.a(_negsi2.o)
 .data          0x00000000        0x0 c:/program files (x86)/atmel/studio/7.0/toolchain/avr8/avr8-gnu-toolchain/bin/../lib/gcc/avr/4.9.2/avr5\libgcc.a(_negsi2.o)
 .bss           0x00000000        0x0 c:/program files (x86)/atmel/studio/7.0/toolchain/avr8/avr8-gnu-toolchain/bin/../lib/gcc/avr/4.9.2/avr5\libgcc.a(_negsi2.o)
 .text.libgcc.mul
                0x00000000        0x0 c:/program files (x86)/atmel/studio/7.0/toolchain/avr8/avr8-gnu-toolchain/bin/../lib/gcc/avr/4.9.2/avr5\libgcc.a(_negsi2.o)
 .text.libgcc.div
                0x00000000       0x10 c:/program files (x86)/atmel/studio/7.0/toolchain/avr8/avr8-gnu-toolchain/bin/../lib/gcc/avr/4.9.2/avr5\libgcc.a(_negsi2.o)
 .text.libgcc   0x00000000        0x0 c:/program files (x86)/atmel/studio/7.0/toolchain/avr8/avr8-gnu-toolchain/bin/../lib/gcc/avr/4.9.2/avr5\libgcc.a(_negsi2.o)
 .text.libgcc.prologue
                0x00000000        0x0 c:/program files (x86)/atmel/studio/7.0/toolchain/avr8/avr8-gnu-toolchain/bin/../lib/gcc/avr/4.9.2/avr5\libgcc.a(_negsi2.o)
 .text.libgcc.builtins
                0x00000000        0x0 c:/program files (x86)/atmel/studio/7.0/toolchain/avr8/avr8-gnu-toolchain/bin/../lib/gcc/avr/4.9.2/avr5\libgcc.a(_negsi2.o)
 .text.libgcc.fmul
                0x00000000        0x0 c:/program files (x86)/atmel/studio/7.0/toolchain/avr8/avr8-gnu-toolchain/bin/../lib/gcc/avr/4.9.2/avr5\libgcc.a(_negsi2.o)
 .text.libgcc.fixed
                0x00000000        0x0 c:/program files (x86)/atmel/studio/7.0/toolchain/avr8/avr8-gnu-toolchain/bin/../lib/gcc/avr/4.9.2/avr5\libgcc.a(_negsi2.o)
 .text          0x00000000        0x0 c:/program files (x86)/atmel/studio/7.0/toolchain/avr8/avr8-gnu-toolchain/bin/../lib/gcc/avr/4.9.2/avr5\libgcc.a(_exit.o)
 .data          0x00000000        0x0 c:/program files (x86)/atmel/studio/7.0/toolchain/avr8/avr8-gnu-toolchain/bin/../lib/gcc/avr/4.9.2/avr5\libgcc.a(_exit.o)
 .bss           0x00000000        0x0 c:/program files (x86)/atmel/studio/7.0/toolchain/avr8/avr8-gnu-toolchain/bin/../lib/gcc/avr/4.9.2/avr5\libgcc.a(_exit.o)
 .text.libgcc.mul
                0x00000000        0x0 c:/program files (x86)/atmel/studio/7.0/toolchain/avr8/avr8-gnu-toolchain/bin/../lib/gcc/avr/4.9.2/avr5\libgcc.a(_exit.o)
 .text.libgcc.div
                0x00000000        0x0 c:/program files (x86)/atmel/studio/7.0/toolchain/avr8/avr8-gnu-toolchain/bin/../lib/gcc/avr/4.9.2/avr5\libgcc.a(_exit.o)
 .text.libgcc   0x00000000        0x0 c:/program files (x86)/atmel/studio/7.0/toolchain/avr8/avr8-gnu-toolchain/bin/../lib/gcc/avr/4.9.2/avr5\libgcc.a(_exit.o)
 .text.libgcc.prologue
                0x00000000        0x0 c:/program files (x86)/atmel/studio/7.0/toolchain/avr8/avr8-gnu-toolchain/bin/../lib/gcc/avr/4.9.2/avr5\libgcc.a(_exit.o)
 .text.libgcc.builtins
                0x00000000        0x0 c:/program files (x86)/atmel/studio/7.0/toolchain/avr8/avr8-gnu-toolchain/bin/../lib/gcc/avr/4.9.2/avr5\libgcc.a(_exit.o)
 .text.libgcc.fmul
                0x00000000        0x0 c:/program files (x86)/atmel/studio/7.0/toolchain/avr8/avr8-gnu-toolchain/bin/../lib/gcc/avr/4.9.2/avr5\libgcc.a(_exit.o)
 .text.libgcc.fixed
                0x00000000        0x0 c:/program files (x86)/atmel/studio/7.0/toolchain/avr8/avr8-gnu-toolchain/bin/../lib/gcc/avr/4.9.2/avr5\libgcc.a(_exit.o)
 .text          0x00000000        0x0 c:/program files (x86)/atmel/studio/7.0/toolchain/avr8/avr8-gnu-toolchain/bin/../lib/gcc/avr/4.9.2/avr5\libgcc.a(_copy_data.o)
 .data          0x00000000        0x0 c:/program files (x86)/atmel/studio/7.0/toolchain/avr8/avr8-gnu-toolchain/bin/../lib/gcc/avr/4.9.2/avr5\libgcc.a(_copy_data.o)
 .bss           0x00000000        0x0 c:/program files (x86)/atmel/studio/7.0/toolchain/avr8/avr8-gnu-toolchain/bin/../lib/gcc/avr/4.9.2/avr5\libgcc.a(_copy_data.o)
 .text.libgcc.mul
                0x00000000        0x0 c:/program files (x86)/atmel/studio/7.0/toolchain/avr8/avr8-gnu-toolchain/bin/../lib/gcc/avr/4.9.2/avr5\libgcc.a(_copy_data.o)
 .text.libgcc.div
                0x00000000        0x0 c:/program files (x86)/atmel/studio/7.0/toolchain/avr8/avr8-gnu-toolchain/bin/../lib/gcc/avr/4.9.2/avr5\libgcc.a(_copy_data.o)
 .text.libgcc   0x00000000        0x0 c:/program files (x86)/atmel/studio/7.0/toolchain/avr8/avr8-gnu-toolchain/bin/../lib/gcc/avr/4.9.2/avr5\libgcc.a(_copy_data.o)
 .text.libgcc.prologue
                0x00000000        0x0 c:/program files (x86)/atmel/studio/7.0/toolchain/avr8/avr8-gnu-toolchain/bin/../lib/gcc/avr/4.9.2/avr5\libgcc.a(_copy_data.o)
 .text.libgcc.builtins
                0x00000000        0x0 c:/program files (x86)/atmel/studio/7.0/toolchain/avr8/avr8-gnu-toolchain/bin/../lib/gcc/avr/4.9.2/avr5\libgcc.a(_copy_data.o)
 .text.libgcc.fmul
                0x00000000        0x0 c:/program files (x86)/atmel/studio/7.0/toolchain/avr8/avr8-gnu-toolchain/bin/../lib/gcc/avr/4.9.2/avr5\libgcc.a(_copy_data.o)
 .text.libgcc.fixed
                0x00000000        0x0 c:/program files (x86)/atmel/studio/7.0/toolchain/avr8/avr8-gnu-toolchain/bin/../lib/gcc/avr/4.9.2/avr5\libgcc.a(_copy_data.o)
 .text          0x00000000        0x0 c:/program files (x86)/atmel/studio/7.0/toolchain/avr8/avr8-gnu-toolchain/bin/../lib/gcc/avr/4.9.2/avr5\libgcc.a(_clear_bss.o)
 .data          0x00000000        0x0 c:/program files (x86)/atmel/studio/7.0/toolchain/avr8/avr8-gnu-toolchain/bin/../lib/gcc/avr/4.9.2/avr5\libgcc.a(_clear_bss.o)
 .bss           0x00000000        0x0 c:/program files (x86)/atmel/studio/7.0/toolchain/avr8/avr8-gnu-toolchain/bin/../lib/gcc/avr/4.9.2/avr5\libgcc.a(_clear_bss.o)
 .text.libgcc.mul
                0x00000000        0x0 c:/program files (x86)/atmel/studio/7.0/toolchain/avr8/avr8-gnu-toolchain/bin/../lib/gcc/avr/4.9.2/avr5\libgcc.a(_clear_bss.o)
 .text.libgcc.div
                0x00000000        0x0 c:/program files (x86)/atmel/studio/7.0/toolchain/avr8/avr8-gnu-toolchain/bin/../lib/gcc/avr/4.9.2/avr5\libgcc.a(_clear_bss.o)
 .text.libgcc   0x00000000        0x0 c:/program files (x86)/atmel/studio/7.0/toolchain/avr8/avr8-gnu-toolchain/bin/../lib/gcc/avr/4.9.2/avr5\libgcc.a(_clear_bss.o)
 .text.libgcc.prologue
                0x00000000        0x0 c:/program files (x86)/atmel/studio/7.0/toolchain/avr8/avr8-gnu-toolchain/bin/../lib/gcc/avr/4.9.2/avr5\libgcc.a(_clear_bss.o)
 .text.libgcc.builtins
                0x00000000        0x0 c:/program files (x86)/atmel/studio/7.0/toolchain/avr8/avr8-gnu-toolchain/bin/../lib/gcc/avr/4.9.2/avr5\libgcc.a(_clear_bss.o)
 .text.libgcc.fmul
                0x00000000        0x0 c:/program files (x86)/atmel/studio/7.0/toolchain/avr8/avr8-gnu-toolchain/bin/../lib/gcc/avr/4.9.2/avr5\libgcc.a(_clear_bss.o)
 .text.libgcc.fixed
                0x00000000        0x0 c:/program files (x86)/atmel/studio/7.0/toolchain/avr8/avr8-gnu-toolchain/bin/../lib/gcc/avr/4.9.2/avr5\libgcc.a(_clear_bss.o)
 .text          0x00000000        0x0 c:/program files (x86)/atmel/studio/7.0/toolchain/avr8/avr8-gnu-toolchain/bin/../lib/gcc/avr/4.9.2/avr5\libgcc.a(_ctors.o)
 .data          0x00000000        0x0 c:/program files (x86)/atmel/studio/7.0/toolchain/avr8/avr8-gnu-toolchain/bin/../lib/gcc/avr/4.9.2/avr5\libgcc.a(_ctors.o)
 .bss           0x00000000        0x0 c:/program files (x86)/atmel/studio/7.0/toolchain/avr8/avr8-gnu-toolchain/bin/../lib/gcc/avr/4.9.2/avr5\libgcc.a(_ctors.o)
 .text.libgcc.mul
                0x00000000        0x0 c:/program files (x86)/atmel/studio/7.0/toolchain/avr8/avr8-gnu-toolchain/bin/../lib/gcc/avr/4.9.2/avr5\libgcc.a(_ctors.o)
 .text.libgcc.div
                0x00000000        0x0 c:/program files (x86)/atmel/studio/7.0/toolchain/avr8/avr8-gnu-toolchain/bin/../lib/gcc/avr/4.9.2/avr5\libgcc.a(_ctors.o)
 .text.libgcc   0x00000000        0x0 c:/program files (x86)/atmel/studio/7.0/toolchain/avr8/avr8-gnu-toolchain/bin/../lib/gcc/avr/4.9.2/avr5\libgcc.a(_ctors.o)
 .text.libgcc.prologue
                0x00000000        0x0 c:/program files (x86)/atmel/studio/7.0/toolchain/avr8/avr8-gnu-toolchain/bin/../lib/gcc/avr/4.9.2/avr5\libgcc.a(_ctors.o)
 .text.libgcc.builtins
                0x00000000        0x0 c:/program files (x86)/atmel/studio/7.0/toolchain/avr8/avr8-gnu-toolchain/bin/../lib/gcc/avr/4.9.2/avr5\libgcc.a(_ctors.o)
 .text.libgcc.fmul
                0x00000000        0x0 c:/program files (x86)/atmel/studio/7.0/toolchain/avr8/avr8-gnu-toolchain/bin/../lib/gcc/avr/4.9.2/avr5\libgcc.a(_ctors.o)
 .text.libgcc.fixed
                0x00000000        0x0 c:/program files (x86)/atmel/studio/7.0/toolchain/avr8/avr8-gnu-toolchain/bin/../lib/gcc/avr/4.9.2/avr5\libgcc.a(_ctors.o)
 .text          0x00000000        0x0 c:/program files (x86)/atmel/studio/7.0/toolchain/avr8/avr8-gnu-toolchain/bin/../lib/gcc/avr/4.9.2/avr5\libgcc.a(_dtors.o)
 .data          0x00000000        0x0 c:/program files (x86)/atmel/studio/7.0/toolchain/avr8/avr8-gnu-toolchain/bin/../lib/gcc/avr/4.9.2/avr5\libgcc.a(_dtors.o)
 .bss           0x00000000        0x0 c:/program files (x86)/atmel/studio/7.0/toolchain/avr8/avr8-gnu-toolchain/bin/../lib/gcc/avr/4.9.2/avr5\libgcc.a(_dtors.o)
 .text.libgcc.mul
                0x00000000        0x0 c:/program files (x86)/atmel/studio/7.0/toolchain/avr8/avr8-gnu-toolchain/bin/../lib/gcc/avr/4.9.2/avr5\libgcc.a(_dtors.o)
 .text.libgcc.div
                0x00000000        0x0 c:/program files (x86)/atmel/studio/7.0/toolchain/avr8/avr8-gnu-toolchain/bin/../lib/gcc/avr/4.9.2/avr5\libgcc.a(_dtors.o)
 .text.libgcc   0x00000000        0x0 c:/program files (x86)/atmel/studio/7.0/toolchain/avr8/avr8-gnu-toolchain/bin/../lib/gcc/avr/4.9.2/avr5\libgcc.a(_dtors.o)
 .text.libgcc.prologue
                0x00000000        0x0 c:/program files (x86)/atmel/studio/7.0/toolchain/avr8/avr8-gnu-toolchain/bin/../lib/gcc/avr/4.9.2/avr5\libgcc.a(_dtors.o)
 .text.libgcc.builtins
                0x00000000        0x0 c:/program files (x86)/atmel/studio/7.0/toolchain/avr8/avr8-gnu-toolchain/bin/../lib/gcc/avr/4.9.2/avr5\libgcc.a(_dtors.o)
 .text.libgcc.fmul
                0x00000000        0x0 c:/program files (x86)/atmel/studio/7.0/toolchain/avr8/avr8-gnu-toolchain/bin/../lib/gcc/avr/4.9.2/avr5\libgcc.a(_dtors.o)
 .text.libgcc.fixed
                0x00000000        0x0 c:/program files (x86)/atmel/studio/7.0/toolchain/avr8/avr8-gnu-toolchain/bin/../lib/gcc/avr/4.9.2/avr5\libgcc.a(_dtors.o)
 .text          0x00000000        0x0 c:/program files (x86)/atmel/studio/7.0/toolchain/avr8/avr8-gnu-toolchain/bin/../lib/gcc/avr/4.9.2/avr5\libgcc.a(_umulhisi3.o)
 .data          0x00000000        0x0 c:/program files (x86)/atmel/studio/7.0/toolchain/avr8/avr8-gnu-toolchain/bin/../lib/gcc/avr/4.9.2/avr5\libgcc.a(_umulhisi3.o)
 .bss           0x00000000        0x0 c:/program files (x86)/atmel/studio/7.0/toolchain/avr8/avr8-gnu-toolchain/bin/../lib/gcc/avr/4.9.2/avr5\libgcc.a(_umulhisi3.o)
 .text.libgcc.div
                0x00000000        0x0 c:/program files (x86)/atmel/studio/7.0/toolchain/avr8/avr8-gnu-toolchain/bin/../lib/gcc/avr/4.9.2/avr5\libgcc.a(_umulhisi3.o)
 .text.libgcc   0x00000000        0x0 c:/program files (x86)/atmel/studio/7.0/toolchain/avr8/avr8-gnu-toolchain/bin/../lib/gcc/avr/4.9.2/avr5\libgcc.a(_umulhisi3.o)
 .text.libgcc.prologue
                0x00000000        0x0 c:/program files (x86)/atmel/studio/7.0/toolchain/avr8/avr8-gnu-toolchain/bin/../lib/gcc/avr/4.9.2/avr5\libgcc.a(_umulhisi3.o)
 .text.libgcc.builtins
                0x00000000        0x0 c:/program files (x86)/atmel/studio/7.0/toolchain/avr8/avr8-gnu-toolchain/bin/../lib/gcc/avr/4.9.2/avr5\libgcc.a(_umulhisi3.o)
 .text.libgcc.fmul
                0x00000000        0x0 c:/program files (x86)/atmel/studio/7.0/toolchain/avr8/avr8-gnu-toolchain/bin/../lib/gcc/avr/4.9.2/avr5\libgcc.a(_umulhisi3.o)
 .text.libgcc.fixed
                0x00000000        0x0 c:/program files (x86)/atmel/studio/7.0/toolchain/avr8/avr8-gnu-toolchain/bin/../lib/gcc/avr/4.9.2/avr5\libgcc.a(_umulhisi3.o)
 .text          0x00000000        0x0 c:/program files (x86)/atmel/studio/7.0/toolchain/avr8/avr8-gnu-toolchain/bin/../lib/gcc/avr/4.9.2/avr5\libgcc.a(_udivmodsi4.o)
 .data          0x00000000        0x0 c:/program files (x86)/atmel/studio/7.0/toolchain/avr8/avr8-gnu-toolchain/bin/../lib/gcc/avr/4.9.2/avr5\libgcc.a(_udivmodsi4.o)
 .bss           0x00000000        0x0 c:/program files (x86)/atmel/studio/7.0/toolchain/avr8/avr8-gnu-toolchain/bin/../lib/gcc/avr/4.9.2/avr5\libgcc.a(_udivmodsi4.o)
 .text.libgcc.mul
                0x00000000        0x0 c:/program files (x86)/atmel/studio/7.0/toolchain/avr8/avr8-gnu-toolchain/bin/../lib/gcc/avr/4.9.2/avr5\libgcc.a(_udivmodsi4.o)
 .text.libgcc.div
                0x00000000       0x44 c:/program files (x86)/atmel/studio/7.0/toolchain/avr8/avr8-gnu-toolchain/bin/../lib/gcc/avr/4.9.2/avr5\libgcc.a(_udivmodsi4.o)
 .text.libgcc   0x00000000        0x0 c:/program files (x86)/atmel/studio/7.0/toolchain/avr8/avr8-gnu-toolchain/bin/../lib/gcc/avr/4.9.2/avr5\libgcc.a(_udivmodsi4.o)
 .text.libgcc.prologue
                0x00000000        0x0 c:/program files (x86)/atmel/studio/7.0/toolchain/avr8/avr8-gnu-toolchain/bin/../lib/gcc/avr/4.9.2/avr5\libgcc.a(_udivmodsi4.o)
 .text.libgcc.builtins
                0x00000000        0x0 c:/program files (x86)/atmel/studio/7.0/toolchain/avr8/avr8-gnu-toolchain/bin/../lib/gcc/avr/4.9.2/avr5\libgcc.a(_udivmodsi4.o)
 .text.libgcc.fmul
                0x00000000        0x0 c:/program files (x86)/atmel/studio/7.0/toolchain/avr8/avr8-gnu-toolchain/bin/../lib/gcc/avr/4.9.2/avr5\libgcc.a(_udivmodsi4.o)
 .text.libgcc.fixed
                0x00000000        0x0 c:/program files (x86)/atmel/studio/7.0/toolchain/avr8/avr8-gnu-toolchain/bin/../lib/gcc/avr/4.9.2/avr5\libgcc.a(_udivmodsi4.o)
 .text          0x00000000        0x0 c:/program files (x86)/atmel/studio/7.0/toolchain/avr8/avr8-gnu-toolchain/bin/../lib/gcc/avr/4.9.2/avr5\libgcc.a(_tablejump2.o)
 .data          0x00000000        0x0 c:/program files (x86)/atmel/studio/7.0/toolchain/avr8/avr8-gnu-toolchain/bin/../lib/gcc/avr/4.9.2/avr5\libgcc.a(_tablejump2.o)
 .bss           0x00000000        0x0 c:/program files (x86)/atmel/studio/7.0/toolchain/avr8/avr8-gnu-toolchain/bin/../lib/gcc/avr/4.9.2/avr5\libgcc.a(_tablejump2.o)
 .text.libgcc.mul
                0x00000000        0x0 c:/program files (x86)/atmel/studio/7.0/toolchain/avr8/avr8-gnu-toolchain/bin/../lib/gcc/avr/4.9.2/avr5\libgcc.a(_tablejump2.o)
 .text.libgcc.div
                0x00000000        0x0 c:/program files (x86)/atmel/studio/7.0/toolchain/avr8/avr8-gnu-toolchain/bin/../lib/gcc/avr/4.9.2/avr5\libgcc.a(_tablejump2.o)
 .text.libgcc.prologue
                0x00000000        0x0 c:/program files (x86)/atmel/studio/7.0/toolchain/avr8/avr8-gnu-toolchain/bin/../lib/gcc/avr/4.9.2/avr5\libgcc.a(_tablejump2.o)
 .text.libgcc.builtins
                0x00000000        0x0 c:/program files (x86)/atmel/studio/7.0/toolchain/avr8/avr8-gnu-toolchain/bin/../lib/gcc/avr/4.9.2/avr5\libgcc.a(_tablejump2.o)
 .text.libgcc.fmul
                0x00000000        0x0 c:/program files (x86)/atmel/studio/7.0/toolchain/avr8/avr8-gnu-toolchain/bin/../lib/gcc/avr/4.9.2/avr5\libgcc.a(_tablejump2.o)
 .text.libgcc.fixed
                0x00000000        0x0 c:/program files (x86)/atmel/studio/7.0/toolchain/avr8/avr8-gnu-toolchain/bin/../lib/gcc/avr/4.9.2/avr5\libgcc.a(_tablejump2.o)
 .text          0x00000000        0x0 c:/program files (x86)/atmel/studio/7.0/toolchain/avr8/avr8-gnu-toolchain/bin/../lib/gcc/avr/4.9.2/../../../../avr/lib/avr5\libc.a(malloc.o)
 .bss           0x00000000        0x0 c:/program files (x86)/atmel/studio/7.0/toolchain/avr8/avr8-gnu-toolchain/bin/../lib/gcc/avr/4.9.2/../../../../avr/lib/avr5\libc.a(malloc.o)

Memory Configuration

Name             Origin             Length             Attributes
text             0x00000000         0x00020000         xr
data             0x00800060         0x0000ffa0         rw !x
eeprom           0x00810000         0x00010000         rw !x
fuse             0x00820000         0x00000003         rw !x
lock             0x00830000         0x00000400         rw !x
signature        0x00840000         0x00000400         rw !x
user_signatures  0x00850000         0x00000400         rw !x
*default*        0x00000000         0xffffffff

Linker script and memory map

Address of section .data set to 0x800100
LOAD C:/Program Files (x86)/Atmel/Studio/7.0/Packs/atmel/ATmega_DFP/1.1.130/gcc/dev/atmega328p/avr5/crtatmega328p.o
LOAD Interface/BPM.o
LOAD Interface/Buttons.o
LOAD Interface/LEDs.o
LOAD Interface/RotarySwitch.o
LOAD Interface/SevenSeg.o
LOAD interrupts.o
LOAD main.o
LOAD helperFunctions.o
LOAD Pins/AnalogPin.o
LOAD Pins/Pin.o
LOAD Shift_Register/ShiftRegister.o
LOAD Shift_Register/ShiftRegister_PISO.o
LOAD Shift_Register/ShiftRegister_SIPO.o
LOAD Tasks/Blinky.o
LOAD Tasks/DigitalInput.o
LOAD Tasks/InputPoll.o
LOAD Tasks/InstrumentTrigger.o
LOAD Tasks/PrintOutput.o
LOAD Tasks/RotaryEncoder.o
LOAD Tasks/Sequencer.o
LOAD Tasks/TaskManager.o
LOAD timer.o
START GROUP
LOAD c:/program files (x86)/atmel/studio/7.0/toolchain/avr8/avr8-gnu-toolchain/bin/../lib/gcc/avr/4.9.2/../../../../avr/lib/avr5\libm.a
END GROUP
LOAD c:/program files (x86)/atmel/studio/7.0/toolchain/avr8/avr8-gnu-toolchain/bin/../lib/gcc/avr/4.9.2/avr5\libgcc.a
LOAD c:/program files (x86)/atmel/studio/7.0/toolchain/avr8/avr8-gnu-toolchain/bin/../lib/gcc/avr/4.9.2/../../../../avr/lib/avr5\libm.a
START GROUP
LOAD c:/program files (x86)/atmel/studio/7.0/toolchain/avr8/avr8-gnu-toolchain/bin/../lib/gcc/avr/4.9.2/avr5\libgcc.a
LOAD c:/program files (x86)/atmel/studio/7.0/toolchain/avr8/avr8-gnu-toolchain/bin/../lib/gcc/avr/4.9.2/../../../../avr/lib/avr5\libm.a
LOAD c:/program files (x86)/atmel/studio/7.0/toolchain/avr8/avr8-gnu-toolchain/bin/../lib/gcc/avr/4.9.2/../../../../avr/lib/avr5\libc.a
LOAD C:/Program Files (x86)/Atmel/Studio/7.0/Packs/atmel/ATmega_DFP/1.1.130/gcc/dev/atmega328p/avr5\libatmega328p.a
END GROUP
                0x00020000                __TEXT_REGION_LENGTH__ = DEFINED (__TEXT_REGION_LENGTH__)?__TEXT_REGION_LENGTH__:0x20000
                0x0000ffa0                __DATA_REGION_LENGTH__ = DEFINED (__DATA_REGION_LENGTH__)?__DATA_REGION_LENGTH__:0xffa0
                0x00010000                __EEPROM_REGION_LENGTH__ = DEFINED (__EEPROM_REGION_LENGTH__)?__EEPROM_REGION_LENGTH__:0x10000
                [0x00000003]                __FUSE_REGION_LENGTH__ = DEFINED (__FUSE_REGION_LENGTH__)?__FUSE_REGION_LENGTH__:0x400
                0x00000400                __LOCK_REGION_LENGTH__ = DEFINED (__LOCK_REGION_LENGTH__)?__LOCK_REGION_LENGTH__:0x400
                0x00000400                __SIGNATURE_REGION_LENGTH__ = DEFINED (__SIGNATURE_REGION_LENGTH__)?__SIGNATURE_REGION_LENGTH__:0x400
                0x00000400                __USER_SIGNATURE_REGION_LENGTH__ = DEFINED (__USER_SIGNATURE_REGION_LENGTH__)?__USER_SIGNATURE_REGION_LENGTH__:0x400

.hash
 *(.hash)

.dynsym
 *(.dynsym)

.dynstr
 *(.dynstr)

.gnu.version
 *(.gnu.version)

.gnu.version_d
 *(.gnu.version_d)

.gnu.version_r
 *(.gnu.version_r)

.rel.init
 *(.rel.init)

.rela.init
 *(.rela.init)

.rel.text
 *(.rel.text)
 *(.rel.text.*)
 *(.rel.gnu.linkonce.t*)

.rela.text
 *(.rela.text)
 *(.rela.text.*)
 *(.rela.gnu.linkonce.t*)

.rel.fini
 *(.rel.fini)

.rela.fini
 *(.rela.fini)

.rel.rodata
 *(.rel.rodata)
 *(.rel.rodata.*)
 *(.rel.gnu.linkonce.r*)

.rela.rodata
 *(.rela.rodata)
 *(.rela.rodata.*)
 *(.rela.gnu.linkonce.r*)

.rel.data
 *(.rel.data)
 *(.rel.data.*)
 *(.rel.gnu.linkonce.d*)

.rela.data
 *(.rela.data)
 *(.rela.data.*)
 *(.rela.gnu.linkonce.d*)

.rel.ctors
 *(.rel.ctors)

.rela.ctors
 *(.rela.ctors)

.rel.dtors
 *(.rel.dtors)

.rela.dtors
 *(.rela.dtors)

.rel.got
 *(.rel.got)

.rela.got
 *(.rela.got)

.rel.bss
 *(.rel.bss)

.rela.bss
 *(.rela.bss)

.rel.plt
 *(.rel.plt)

.rela.plt
 *(.rela.plt)

.text           0x00000000     0x1262
 *(.vectors)
 .vectors       0x00000000       0x68 C:/Program Files (x86)/Atmel/Studio/7.0/Packs/atmel/ATmega_DFP/1.1.130/gcc/dev/atmega328p/avr5/crtatmega328p.o
                0x00000000                __vector_default
                0x00000000                __vectors
 *(.vectors)
 *(.progmem.gcc*)
                0x00000068                . = ALIGN (0x2)
                0x00000068                __trampolines_start = .
 *(.trampolines)
 .trampolines   0x00000068        0x0 linker stubs
 *(.trampolines*)
                0x00000068                __trampolines_end = .
 *libprintf_flt.a:*(.progmem.data)
 *libc.a:*(.progmem.data)
 *(.progmem*)
 .progmem.data._ZL5pow10
                0x00000068        0x8 Interface/SevenSeg.o
 .progmem.data._ZL14sevenSegBitMap
                0x00000070        0xb Interface/SevenSeg.o
                0x0000007c                . = ALIGN (0x2)
 *fill*         0x0000007b        0x1 
 *(.jumptables)
 *(.jumptables*)
 *(.lowtext)
 *(.lowtext*)
                0x0000007c                __ctors_start = .
 *(.ctors)
 .ctors         0x0000007c        0x2 main.o
                0x0000007e                __ctors_end = .
                0x0000007e                __dtors_start = .
 *(.dtors)
 .dtors         0x0000007e        0x2 main.o
                0x00000080                __dtors_end = .
 SORT(*)(.ctors)
 SORT(*)(.dtors)
 *(.init0)
 .init0         0x00000080        0x0 C:/Program Files (x86)/Atmel/Studio/7.0/Packs/atmel/ATmega_DFP/1.1.130/gcc/dev/atmega328p/avr5/crtatmega328p.o
                0x00000080                __init
 *(.init0)
 *(.init1)
 *(.init1)
 *(.init2)
 .init2         0x00000080        0xc C:/Program Files (x86)/Atmel/Studio/7.0/Packs/atmel/ATmega_DFP/1.1.130/gcc/dev/atmega328p/avr5/crtatmega328p.o
 *(.init2)
 *(.init3)
 *(.init3)
 *(.init4)
 .init4         0x0000008c       0x16 c:/program files (x86)/atmel/studio/7.0/toolchain/avr8/avr8-gnu-toolchain/bin/../lib/gcc/avr/4.9.2/avr5\libgcc.a(_copy_data.o)
                0x0000008c                __do_copy_data
 .init4         0x000000a2       0x10 c:/program files (x86)/atmel/studio/7.0/toolchain/avr8/avr8-gnu-toolchain/bin/../lib/gcc/avr/4.9.2/avr5\libgcc.a(_clear_bss.o)
                0x000000a2                __do_clear_bss
 *(.init4)
 *(.init5)
 *(.init5)
 *(.init6)
 .init6         0x000000b2       0x16 c:/program files (x86)/atmel/studio/7.0/toolchain/avr8/avr8-gnu-toolchain/bin/../lib/gcc/avr/4.9.2/avr5\libgcc.a(_ctors.o)
                0x000000b2                __do_global_ctors
 *(.init6)
 *(.init7)
 *(.init7)
 *(.init8)
 *(.init8)
 *(.init9)
 .init9         0x000000c8        0x8 C:/Program Files (x86)/Atmel/Studio/7.0/Packs/atmel/ATmega_DFP/1.1.130/gcc/dev/atmega328p/avr5/crtatmega328p.o
 *(.init9)
 *(.text)
 .text          0x000000d0        0x4 C:/Program Files (x86)/Atmel/Studio/7.0/Packs/atmel/ATmega_DFP/1.1.130/gcc/dev/atmega328p/avr5/crtatmega328p.o
                0x000000d0                __vector_22
                0x000000d0                __vector_1
                0x000000d0                __vector_24
                0x000000d0                __bad_interrupt
                0x000000d0                __vector_6
                0x000000d0                __vector_3
                0x000000d0                __vector_23
                0x000000d0                __vector_25
                0x000000d0                __vector_13
                0x000000d0                __vector_17
                0x000000d0                __vector_19
                0x000000d0                __vector_7
                0x000000d0                __vector_5
                0x000000d0                __vector_4
                0x000000d0                __vector_9
                0x000000d0                __vector_2
                0x000000d0                __vector_21
                0x000000d0                __vector_15
                0x000000d0                __vector_8
                0x000000d0                __vector_10
                0x000000d0                __vector_16
                0x000000d0                __vector_18
                0x000000d0                __vector_20
                0x000000d4                . = ALIGN (0x2)
 *(.text.*)
 .text._ZN7ButtonsC2Ev
                0x000000d4       0x10 Interface/Buttons.o
                0x000000d4                _ZN7ButtonsC2Ev
                0x000000d4                _ZN7ButtonsC1Ev
 .text._ZN4LEDs11loadMeasureEPPjhh
                0x000000e4        0xc Interface/LEDs.o
                0x000000e4                _ZN4LEDs11loadMeasureEPPjhh
 .text._ZN4LEDs13setInstrumentEj
                0x000000f0        0x6 Interface/LEDs.o
                0x000000f0                _ZN4LEDs13setInstrumentEj
 .text._ZN4LEDs14generateBitMapEv
                0x000000f6       0x7c Interface/LEDs.o
                0x000000f6                _ZN4LEDs14generateBitMapEv
 .text._ZN12RotarySwitchC2Ev
                0x00000172        0x2 Interface/RotarySwitch.o
                0x00000172                _ZN12RotarySwitchC2Ev
                0x00000172                _ZN12RotarySwitchC1Ev
 .text._ZN8SevenSegC2Eh
                0x00000174       0x26 Interface/SevenSeg.o
                0x00000174                _ZN8SevenSegC1Eh
                0x00000174                _ZN8SevenSegC2Eh
 .text._ZN8SevenSeg9loadValueEj
                0x0000019a       0xce Interface/SevenSeg.o
                0x0000019a                _ZN8SevenSeg9loadValueEj
 .text._ZN8SevenSegD2Ev
                0x00000268       0x1c Interface/SevenSeg.o
                0x00000268                _ZN8SevenSegD2Ev
                0x00000268                _ZN8SevenSegD1Ev
 .text.__vector_14
                0x00000284       0x4c interrupts.o
                0x00000284                __vector_14
 .text.__vector_12
                0x000002d0       0x16 interrupts.o
                0x000002d0                __vector_12
 .text._Z20setUpTimerInterruptsv
                0x000002e6       0x52 interrupts.o
                0x000002e6                _Z20setUpTimerInterruptsv
 .text._Z25disableTimerOneInterruptsv
                0x00000338        0xc interrupts.o
                0x00000338                _Z25disableTimerOneInterruptsv
 .text.__vector_11
                0x00000344       0x4a interrupts.o
                0x00000344                __vector_11
 .text._Z11triggerTaskv
                0x0000038e        0xa main.o
                0x0000038e                _Z11triggerTaskv
 .text._Z14triggerSetHighv
                0x00000398        0xa main.o
                0x00000398                _Z14triggerSetHighv
 .text._Z13triggerSetLowv
                0x000003a2        0xa main.o
                0x000003a2                _Z13triggerSetLowv
 .text._Z18sequencerTimerTaskv
                0x000003ac        0xa main.o
                0x000003ac                _Z18sequencerTimerTaskv
 .text._Z10updateLEDsv
                0x000003b6        0xa main.o
                0x000003b6                _Z10updateLEDsv
 .text._Z15printOutputTaskv
                0x000003c0        0xa main.o
                0x000003c0                _Z15printOutputTaskv
 .text._Z16printOutputCheckv
                0x000003ca        0xa main.o
                0x000003ca                _Z16printOutputCheckv
 .text.main     0x000003d4       0xc8 main.o
                0x000003d4                main
 .text._GLOBAL__sub_I_timer
                0x0000049c       0x66 main.o
 .text._GLOBAL__sub_D_timer
                0x00000502       0x3a main.o
 .text._Znwj    0x0000053c        0x6 helperFunctions.o
                0x0000053c                _Znwj
 .text._ZdlPv   0x00000542        0x6 helperFunctions.o
                0x00000542                _ZdlPv
 .text._Znaj    0x00000548        0x6 helperFunctions.o
                0x00000548                _Znaj
 .text._ZN3Pin17setDirectionInputEv
                0x0000054e       0x16 Pins/Pin.o
                0x0000054e                _ZN3Pin17setDirectionInputEv
 .text._ZN3Pin7setHighEv
                0x00000564       0x16 Pins/Pin.o
                0x00000564                _ZN3Pin7setHighEv
 .text._ZN3Pin6setLowEv
                0x0000057a       0x18 Pins/Pin.o
                0x0000057a                _ZN3Pin6setLowEv
 .text._ZN3Pin18setDirectionOutputEv
                0x00000592       0x1c Pins/Pin.o
                0x00000592                _ZN3Pin18setDirectionOutputEv
 .text._ZN3PinC2EhPVhh
                0x000005ae       0x34 Pins/Pin.o
                0x000005ae                _ZN3PinC2EhPVhh
                0x000005ae                _ZN3PinC1EhPVhh
 .text._ZN3PinD2Ev
                0x000005e2        0x2 Pins/Pin.o
                0x000005e2                _ZN3PinD2Ev
                0x000005e2                _ZN3PinD1Ev
 .text._ZN13ShiftRegisterC2Ev
                0x000005e4        0x2 Shift_Register/ShiftRegister.o
                0x000005e4                _ZN13ShiftRegisterC1Ev
                0x000005e4                _ZN13ShiftRegisterC2Ev
 .text._ZN13ShiftRegister11singleShiftEv
                0x000005e6       0x2c Shift_Register/ShiftRegister.o
                0x000005e6                _ZN13ShiftRegister11singleShiftEv
 .text._ZN13ShiftRegister5latchEv
                0x00000612       0x24 Shift_Register/ShiftRegister.o
                0x00000612                _ZN13ShiftRegister5latchEv
 .text._ZN13ShiftRegisterD2Ev
                0x00000636        0x2 Shift_Register/ShiftRegister.o
                0x00000636                _ZN13ShiftRegisterD1Ev
                0x00000636                _ZN13ShiftRegisterD2Ev
 .text._ZN18ShiftRegister_PISOC2Ev
                0x00000638       0x12 Shift_Register/ShiftRegister_PISO.o
                0x00000638                _ZN18ShiftRegister_PISOC2Ev
                0x00000638                _ZN18ShiftRegister_PISOC1Ev
 .text._ZN18ShiftRegister_PISOD2Ev
                0x0000064a        0x6 Shift_Register/ShiftRegister_PISO.o
                0x0000064a                _ZN18ShiftRegister_PISOD1Ev
                0x0000064a                _ZN18ShiftRegister_PISOD2Ev
 .text._ZN18ShiftRegister_SIPOC2Eh
                0x00000650       0x42 Shift_Register/ShiftRegister_SIPO.o
                0x00000650                _ZN18ShiftRegister_SIPOC1Eh
                0x00000650                _ZN18ShiftRegister_SIPOC2Eh
 .text._ZN18ShiftRegister_SIPO9shiftBitsEv
                0x00000692       0x76 Shift_Register/ShiftRegister_SIPO.o
                0x00000692                _ZN18ShiftRegister_SIPO9shiftBitsEv
 .text._ZN18ShiftRegister_SIPO9shiftByteEv
                0x00000708       0x38 Shift_Register/ShiftRegister_SIPO.o
                0x00000708                _ZN18ShiftRegister_SIPO9shiftByteEv
 .text._ZN18ShiftRegister_SIPOD2Ev
                0x00000740        0x6 Shift_Register/ShiftRegister_SIPO.o
                0x00000740                _ZN18ShiftRegister_SIPOD1Ev
                0x00000740                _ZN18ShiftRegister_SIPOD2Ev
 .text._ZN12DigitalInputC2Ev
                0x00000746       0xa6 Tasks/DigitalInput.o
                0x00000746                _ZN12DigitalInputC2Ev
                0x00000746                _ZN12DigitalInputC1Ev
 .text._ZN12DigitalInputD2Ev
                0x000007ec        0x6 Tasks/DigitalInput.o
                0x000007ec                _ZN12DigitalInputD1Ev
                0x000007ec                _ZN12DigitalInputD2Ev
 .text._ZN9InputPollC2ER5TimerR12DigitalInput
                0x000007f2       0x22 Tasks/InputPoll.o
                0x000007f2                _ZN9InputPollC1ER5TimerR12DigitalInput
                0x000007f2                _ZN9InputPollC2ER5TimerR12DigitalInput
 .text._ZN9InputPollD2Ev
                0x00000814        0x2 Tasks/InputPoll.o
                0x00000814                _ZN9InputPollD1Ev
                0x00000814                _ZN9InputPollD2Ev
 .text._ZN17InstrumentTriggerC2ER5TimerR9Sequencer
                0x00000816       0x98 Tasks/InstrumentTrigger.o
                0x00000816                _ZN17InstrumentTriggerC2ER5TimerR9Sequencer
                0x00000816                _ZN17InstrumentTriggerC1ER5TimerR9Sequencer
 .text._ZN17InstrumentTrigger3runEv
                0x000008ae       0x24 Tasks/InstrumentTrigger.o
                0x000008ae                _ZN17InstrumentTrigger3runEv
 .text._ZN17InstrumentTrigger7setHighEv
                0x000008d2       0xaa Tasks/InstrumentTrigger.o
                0x000008d2                _ZN17InstrumentTrigger7setHighEv
 .text._ZN17InstrumentTrigger6setLowEv
                0x0000097c       0x52 Tasks/InstrumentTrigger.o
                0x0000097c                _ZN17InstrumentTrigger6setLowEv
 .text._ZN17InstrumentTriggerD2Ev
                0x000009ce        0x6 Tasks/InstrumentTrigger.o
                0x000009ce                _ZN17InstrumentTriggerD1Ev
                0x000009ce                _ZN17InstrumentTriggerD2Ev
 .text._ZN11PrintOutputC2ER5TimerR9Sequencer
                0x000009d4       0xdc Tasks/PrintOutput.o
                0x000009d4                _ZN11PrintOutputC2ER5TimerR9Sequencer
                0x000009d4                _ZN11PrintOutputC1ER5TimerR9Sequencer
 .text._ZN11PrintOutput3runEv
                0x00000ab0       0x3a Tasks/PrintOutput.o
                0x00000ab0                _ZN11PrintOutput3runEv
 .text._ZN11PrintOutput17buildOutputBufferEv
                0x00000aea       0xaa Tasks/PrintOutput.o
                0x00000aea                _ZN11PrintOutput17buildOutputBufferEv
 .text._ZN11PrintOutput5printEv
                0x00000b94       0x36 Tasks/PrintOutput.o
                0x00000b94                _ZN11PrintOutput5printEv
 .text._ZN11PrintOutputD2Ev
                0x00000bca       0x9e Tasks/PrintOutput.o
                0x00000bca                _ZN11PrintOutputD1Ev
                0x00000bca                _ZN11PrintOutputD2Ev
 .text._ZN13RotaryEncoderC2ER5TimerR12DigitalInput
                0x00000c68       0x20 Tasks/RotaryEncoder.o
                0x00000c68                _ZN13RotaryEncoderC2ER5TimerR12DigitalInput
                0x00000c68                _ZN13RotaryEncoderC1ER5TimerR12DigitalInput
 .text._ZN13RotaryEncoderD2Ev
                0x00000c88        0x2 Tasks/RotaryEncoder.o
                0x00000c88                _ZN13RotaryEncoderD1Ev
                0x00000c88                _ZN13RotaryEncoderD2Ev
 .text._ZN9SequencerC2ER5TimerR12DigitalInputR13RotaryEncoder
                0x00000c8a       0x7a Tasks/Sequencer.o
                0x00000c8a                _ZN9SequencerC1ER5TimerR12DigitalInputR13RotaryEncoder
                0x00000c8a                _ZN9SequencerC2ER5TimerR12DigitalInputR13RotaryEncoder
 .text._ZN9Sequencer10updateLEDsEv
                0x00000d04       0x86 Tasks/Sequencer.o
                0x00000d04                _ZN9Sequencer10updateLEDsEv
 .text._ZN9Sequencer8runTimerEv
                0x00000d8a       0x66 Tasks/Sequencer.o
                0x00000d8a                _ZN9Sequencer8runTimerEv
 .text._ZN9Sequencer12loadSequenceEPjh
                0x00000df0       0x30 Tasks/Sequencer.o
                0x00000df0                _ZN9Sequencer12loadSequenceEPjh
 .text._ZN9Sequencer30loadInstrumentTriggerReferenceER17InstrumentTrigger
                0x00000e20        0xc Tasks/Sequencer.o
                0x00000e20                _ZN9Sequencer30loadInstrumentTriggerReferenceER17InstrumentTrigger
 .text._ZN9Sequencer17getPositionInTimeEv
                0x00000e2c        0xa Tasks/Sequencer.o
                0x00000e2c                _ZN9Sequencer17getPositionInTimeEv
 .text._ZN9SequencerD2Ev
                0x00000e36        0x2 Tasks/Sequencer.o
                0x00000e36                _ZN9SequencerD2Ev
                0x00000e36                _ZN9SequencerD1Ev
 .text._ZN11TaskManagerC2ER5Timer
                0x00000e38        0xe Tasks/TaskManager.o
                0x00000e38                _ZN11TaskManagerC2ER5Timer
                0x00000e38                _ZN11TaskManagerC1ER5Timer
 .text._ZN11TaskManager7addTaskEPFvvEh
                0x00000e46       0x26 Tasks/TaskManager.o
                0x00000e46                _ZN11TaskManager7addTaskEPFvvEh
 .text._ZN11TaskManager20generateRandomNumberEv
                0x00000e6c       0x1e Tasks/TaskManager.o
                0x00000e6c                _ZN11TaskManager20generateRandomNumberEv
 .text._ZN11TaskManager8runTasksEv
                0x00000e8a       0x6a Tasks/TaskManager.o
                0x00000e8a                _ZN11TaskManager8runTasksEv
 .text._ZN5TimerC2Ev
                0x00000ef4       0x14 timer.o
                0x00000ef4                _ZN5TimerC2Ev
                0x00000ef4                _ZN5TimerC1Ev
 .text._ZN5Timer14incrementTimerEv
                0x00000f08       0x1c timer.o
                0x00000f08                _ZN5Timer14incrementTimerEv
 .text._ZN5Timer5resetEv
                0x00000f24        0xc timer.o
                0x00000f24                _ZN5Timer5resetEv
 .text._ZN5Timer14elapsed_millisEm
                0x00000f30       0x24 timer.o
                0x00000f30                _ZN5Timer14elapsed_millisEm
 .text._ZN5Timer6millisEv
                0x00000f54        0xc timer.o
                0x00000f54                _ZN5Timer6millisEv
 .text._ZN5Timer8wait_1usEv
                0x00000f60       0x12 timer.o
                0x00000f60                _ZN5Timer8wait_1usEv
 .text._ZN5TimerD2Ev
                0x00000f72        0x2 timer.o
                0x00000f72                _ZN5TimerD2Ev
                0x00000f72                _ZN5TimerD1Ev
 .text.libgcc.div
                0x00000f74       0x28 c:/program files (x86)/atmel/studio/7.0/toolchain/avr8/avr8-gnu-toolchain/bin/../lib/gcc/avr/4.9.2/avr5\libgcc.a(_udivmodhi4.o)
                0x00000f74                __udivmodhi4
 .text.libgcc.div
                0x00000f9c       0x28 c:/program files (x86)/atmel/studio/7.0/toolchain/avr8/avr8-gnu-toolchain/bin/../lib/gcc/avr/4.9.2/avr5\libgcc.a(_divmodhi4.o)
                0x00000f9c                _div
                0x00000f9c                __divmodhi4
 .text.libgcc.mul
                0x00000fc4       0x1e c:/program files (x86)/atmel/studio/7.0/toolchain/avr8/avr8-gnu-toolchain/bin/../lib/gcc/avr/4.9.2/avr5\libgcc.a(_umulhisi3.o)
                0x00000fc4                __umulhisi3
 .text.libgcc   0x00000fe2        0xc c:/program files (x86)/atmel/studio/7.0/toolchain/avr8/avr8-gnu-toolchain/bin/../lib/gcc/avr/4.9.2/avr5\libgcc.a(_tablejump2.o)
                0x00000fe2                __tablejump2__
 .text.avr-libc
                0x00000fee      0x25a c:/program files (x86)/atmel/studio/7.0/toolchain/avr8/avr8-gnu-toolchain/bin/../lib/gcc/avr/4.9.2/../../../../avr/lib/avr5\libc.a(malloc.o)
                0x00000fee                malloc
                0x00001118                free
                0x00001248                . = ALIGN (0x2)
 *(.fini9)
 .fini9         0x00001248        0x0 c:/program files (x86)/atmel/studio/7.0/toolchain/avr8/avr8-gnu-toolchain/bin/../lib/gcc/avr/4.9.2/avr5\libgcc.a(_exit.o)
                0x00001248                _exit
                0x00001248                exit
 *(.fini9)
 *(.fini8)
 *(.fini8)
 *(.fini7)
 *(.fini7)
 *(.fini6)
 .fini6         0x00001248       0x16 c:/program files (x86)/atmel/studio/7.0/toolchain/avr8/avr8-gnu-toolchain/bin/../lib/gcc/avr/4.9.2/avr5\libgcc.a(_dtors.o)
                0x00001248                __do_global_dtors
 *(.fini6)
 *(.fini5)
 *(.fini5)
 *(.fini4)
 *(.fini4)
 *(.fini3)
 *(.fini3)
 *(.fini2)
 *(.fini2)
 *(.fini1)
 *(.fini1)
 *(.fini0)
 .fini0         0x0000125e        0x4 c:/program files (x86)/atmel/studio/7.0/toolchain/avr8/avr8-gnu-toolchain/bin/../lib/gcc/avr/4.9.2/avr5\libgcc.a(_exit.o)
 *(.fini0)
                0x00001262                _etext = .

.data           0x00800100       0x26 load address 0x00001262
                0x00800100                PROVIDE (__data_start, .)
 *(.data)
 .data          0x00800100        0x6 c:/program files (x86)/atmel/studio/7.0/toolchain/avr8/avr8-gnu-toolchain/bin/../lib/gcc/avr/4.9.2/../../../../avr/lib/avr5\libc.a(malloc.o)
                0x00800100                __malloc_heap_end
                0x00800102                __malloc_heap_start
                0x00800104                __malloc_margin
 *(.data*)
 *(.rodata)
 .rodata        0x00800106       0x20 main.o
 *(.rodata*)
 *(.gnu.linkonce.d*)
                0x00800126                . = ALIGN (0x2)
                0x00800126                _edata = .
                0x00800126                PROVIDE (__data_end, .)

.bss            0x00800126      0x15b
                0x00800126                PROVIDE (__bss_start, .)
 *(.bss)
 *(.bss*)
 .bss.instumentTrigger
                0x00800126       0x1f main.o
                0x00800126                instumentTrigger
 .bss.printOutput
                0x00800145       0x21 main.o
                0x00800145                printOutput
 .bss.sequencer
                0x00800166       0xdd main.o
                0x00800166                sequencer
 .bss.rotaryEncoders
                0x00800243       0x11 main.o
                0x00800243                rotaryEncoders
 .bss.inputPoll
                0x00800254        0x8 main.o
                0x00800254                inputPoll
 .bss.digitalInput
                0x0080025c       0x19 main.o
                0x0080025c                digitalInput
 .bss.timer     0x00800275        0x8 main.o
                0x00800275                timer
 *(COMMON)
 COMMON         0x0080027d        0x4 c:/program files (x86)/atmel/studio/7.0/toolchain/avr8/avr8-gnu-toolchain/bin/../lib/gcc/avr/4.9.2/../../../../avr/lib/avr5\libc.a(malloc.o)
                0x0080027d                __brkval
                0x0080027f                __flp
                0x00800281                PROVIDE (__bss_end, .)
                0x00001262                __data_load_start = LOADADDR (.data)
                0x00001288                __data_load_end = (__data_load_start + SIZEOF (.data))

.noinit         0x00800281        0x0
                [!provide]                PROVIDE (__noinit_start, .)
 *(.noinit*)
                [!provide]                PROVIDE (__noinit_end, .)
                0x00800281                _end = .
                0x00800281                PROVIDE (__heap_start, .)

.eeprom         0x00810000        0x0
 *(.eeprom*)
                0x00810000                __eeprom_end = .

.fuse
 *(.fuse)
 *(.lfuse)
 *(.hfuse)
 *(.efuse)

.lock
 *(.lock*)

.signature
 *(.signature*)

.user_signatures
 *(.user_signatures*)

.stab
 *(.stab)

.stabstr
 *(.stabstr)

.stab.excl
 *(.stab.excl)

.stab.exclstr
 *(.stab.exclstr)

.stab.index
 *(.stab.index)

.stab.indexstr
 *(.stab.indexstr)

.comment        0x00000000       0x30
 *(.comment)
 .comment       0x00000000       0x30 Interface/Buttons.o
                                 0x31 (size before relaxing)
 .comment       0x00000030       0x31 Interface/LEDs.o
 .comment       0x00000030       0x31 Interface/RotarySwitch.o
 .comment       0x00000030       0x31 Interface/SevenSeg.o
 .comment       0x00000030       0x31 interrupts.o
 .comment       0x00000030       0x31 main.o
 .comment       0x00000030       0x31 helperFunctions.o
 .comment       0x00000030       0x31 Pins/Pin.o
 .comment       0x00000030       0x31 Shift_Register/ShiftRegister.o
 .comment       0x00000030       0x31 Shift_Register/ShiftRegister_PISO.o
 .comment       0x00000030       0x31 Shift_Register/ShiftRegister_SIPO.o
 .comment       0x00000030       0x31 Tasks/DigitalInput.o
 .comment       0x00000030       0x31 Tasks/InputPoll.o
 .comment       0x00000030       0x31 Tasks/InstrumentTrigger.o
 .comment       0x00000030       0x31 Tasks/PrintOutput.o
 .comment       0x00000030       0x31 Tasks/RotaryEncoder.o
 .comment       0x00000030       0x31 Tasks/Sequencer.o
 .comment       0x00000030       0x31 Tasks/TaskManager.o
 .comment       0x00000030       0x31 timer.o
 .comment       0x00000030       0x31 c:/program files (x86)/atmel/studio/7.0/toolchain/avr8/avr8-gnu-toolchain/bin/../lib/gcc/avr/4.9.2/../../../../avr/lib/avr5\libc.a(malloc.o)

.note.gnu.avr.deviceinfo
                0x00000000       0x40
 .note.gnu.avr.deviceinfo
                0x00000000       0x40 C:/Program Files (x86)/Atmel/Studio/7.0/Packs/atmel/ATmega_DFP/1.1.130/gcc/dev/atmega328p/avr5/crtatmega328p.o

.note.gnu.build-id
 *(.note.gnu.build-id)

.debug
 *(.debug)

.line
 *(.line)

.debug_srcinfo
 *(.debug_srcinfo)

.debug_sfnames
 *(.debug_sfnames)

.debug_aranges  0x00000000      0x520
 *(.debug_aranges)
 .debug_aranges
                0x00000000       0x30 Interface/Buttons.o
 .debug_aranges
                0x00000030       0x48 Interface/LEDs.o
 .debug_aranges
                0x00000078       0x30 Interface/RotarySwitch.o
 .debug_aranges
                0x000000a8       0x30 Interface/SevenSeg.o
 .debug_aranges
                0x000000d8       0x58 interrupts.o
 .debug_aranges
                0x00000130       0x68 main.o
 .debug_aranges
                0x00000198       0x40 helperFunctions.o
 .debug_aranges
                0x000001d8       0x58 Pins/Pin.o
 .debug_aranges
                0x00000230       0x48 Shift_Register/ShiftRegister.o
 .debug_aranges
                0x00000278       0x48 Shift_Register/ShiftRegister_PISO.o
 .debug_aranges
                0x000002c0       0x40 Shift_Register/ShiftRegister_SIPO.o
 .debug_aranges
                0x00000300       0x30 Tasks/DigitalInput.o
 .debug_aranges
                0x00000330       0x30 Tasks/InputPoll.o
 .debug_aranges
                0x00000360       0x48 Tasks/InstrumentTrigger.o
 .debug_aranges
                0x000003a8       0x40 Tasks/PrintOutput.o
 .debug_aranges
                0x000003e8       0x30 Tasks/RotaryEncoder.o
 .debug_aranges
                0x00000418       0x68 Tasks/Sequencer.o
 .debug_aranges
                0x00000480       0x40 Tasks/TaskManager.o
 .debug_aranges
                0x000004c0       0x60 timer.o

.debug_pubnames
 *(.debug_pubnames)

.debug_info     0x00000000     0xa81a
 *(.debug_info .gnu.linkonce.wi.*)
 .debug_info    0x00000000      0x5f4 C:/Program Files (x86)/Atmel/Studio/7.0/Packs/atmel/ATmega_DFP/1.1.130/gcc/dev/atmega328p/avr5/crtatmega328p.o
 .debug_info    0x000005f4      0x1d3 Interface/Buttons.o
 .debug_info    0x000007c7      0x3d7 Interface/LEDs.o
 .debug_info    0x00000b9e      0x1f2 Interface/RotarySwitch.o
 .debug_info    0x00000d90      0x2d9 Interface/SevenSeg.o
 .debug_info    0x00001069      0x2f5 interrupts.o
 .debug_info    0x0000135e     0x196e main.o
 .debug_info    0x00002ccc      0x222 helperFunctions.o
 .debug_info    0x00002eee      0x403 Pins/Pin.o
 .debug_info    0x000032f1      0x659 Shift_Register/ShiftRegister.o
 .debug_info    0x0000394a      0x7af Shift_Register/ShiftRegister_PISO.o
 .debug_info    0x000040f9      0x81e Shift_Register/ShiftRegister_SIPO.o
 .debug_info    0x00004917      0x9f2 Tasks/DigitalInput.o
 .debug_info    0x00005309      0x97f Tasks/InputPoll.o
 .debug_info    0x00005c88     0x1189 Tasks/InstrumentTrigger.o
 .debug_info    0x00006e11     0x153e Tasks/PrintOutput.o
 .debug_info    0x0000834f      0x9da Tasks/RotaryEncoder.o
 .debug_info    0x00008d29     0x11fa Tasks/Sequencer.o
 .debug_info    0x00009f23      0x4a8 Tasks/TaskManager.o
 .debug_info    0x0000a3cb      0x44f timer.o

.debug_abbrev   0x00000000     0x2c79
 *(.debug_abbrev)
 .debug_abbrev  0x00000000      0x5a2 C:/Program Files (x86)/Atmel/Studio/7.0/Packs/atmel/ATmega_DFP/1.1.130/gcc/dev/atmega328p/avr5/crtatmega328p.o
 .debug_abbrev  0x000005a2      0x136 Interface/Buttons.o
 .debug_abbrev  0x000006d8      0x1b2 Interface/LEDs.o
 .debug_abbrev  0x0000088a      0x136 Interface/RotarySwitch.o
 .debug_abbrev  0x000009c0      0x1a2 Interface/SevenSeg.o
 .debug_abbrev  0x00000b62      0x169 interrupts.o
 .debug_abbrev  0x00000ccb      0x2d5 main.o
 .debug_abbrev  0x00000fa0       0xfd helperFunctions.o
 .debug_abbrev  0x0000109d      0x1b2 Pins/Pin.o
 .debug_abbrev  0x0000124f      0x20a Shift_Register/ShiftRegister.o
 .debug_abbrev  0x00001459      0x233 Shift_Register/ShiftRegister_PISO.o
 .debug_abbrev  0x0000168c      0x27f Shift_Register/ShiftRegister_SIPO.o
 .debug_abbrev  0x0000190b      0x235 Tasks/DigitalInput.o
 .debug_abbrev  0x00001b40      0x23d Tasks/InputPoll.o
 .debug_abbrev  0x00001d7d      0x2c8 Tasks/InstrumentTrigger.o
 .debug_abbrev  0x00002045      0x2c4 Tasks/PrintOutput.o
 .debug_abbrev  0x00002309      0x27d Tasks/RotaryEncoder.o
 .debug_abbrev  0x00002586      0x2f0 Tasks/Sequencer.o
 .debug_abbrev  0x00002876      0x21d Tasks/TaskManager.o
 .debug_abbrev  0x00002a93      0x1e6 timer.o

.debug_line     0x00000000     0x2837
 *(.debug_line .debug_line.* .debug_line_end)
 .debug_line    0x00000000      0x133 C:/Program Files (x86)/Atmel/Studio/7.0/Packs/atmel/ATmega_DFP/1.1.130/gcc/dev/atmega328p/avr5/crtatmega328p.o
 .debug_line    0x00000133       0xff Interface/Buttons.o
 .debug_line    0x00000232      0x187 Interface/LEDs.o
 .debug_line    0x000003b9       0xdf Interface/RotarySwitch.o
 .debug_line    0x00000498      0x139 Interface/SevenSeg.o
 .debug_line    0x000005d1      0x1a0 interrupts.o
 .debug_line    0x00000771      0x38e main.o
 .debug_line    0x00000aff      0x1ce helperFunctions.o
 .debug_line    0x00000ccd      0x186 Pins/Pin.o
 .debug_line    0x00000e53      0x1ad Shift_Register/ShiftRegister.o
 .debug_line    0x00001000      0x200 Shift_Register/ShiftRegister_PISO.o
 .debug_line    0x00001200      0x25c Shift_Register/ShiftRegister_SIPO.o
 .debug_line    0x0000145c      0x26c Tasks/DigitalInput.o
 .debug_line    0x000016c8      0x1ed Tasks/InputPoll.o
 .debug_line    0x000018b5      0x319 Tasks/InstrumentTrigger.o
 .debug_line    0x00001bce      0x3b3 Tasks/PrintOutput.o
 .debug_line    0x00001f81      0x24f Tasks/RotaryEncoder.o
 .debug_line    0x000021d0      0x382 Tasks/Sequencer.o
 .debug_line    0x00002552      0x162 Tasks/TaskManager.o
 .debug_line    0x000026b4      0x183 timer.o

.debug_frame    0x00000000      0xb08
 *(.debug_frame)
 .debug_frame   0x00000000       0x44 Interface/Buttons.o
 .debug_frame   0x00000044       0x88 Interface/LEDs.o
 .debug_frame   0x000000cc       0x44 Interface/RotarySwitch.o
 .debug_frame   0x00000110       0x90 Interface/SevenSeg.o
 .debug_frame   0x000001a0      0x130 interrupts.o
 .debug_frame   0x000002d0       0xc4 main.o
 .debug_frame   0x00000394       0x64 helperFunctions.o
 .debug_frame   0x000003f8       0xa0 Pins/Pin.o
 .debug_frame   0x00000498       0x8c Shift_Register/ShiftRegister.o
 .debug_frame   0x00000524       0xb4 Shift_Register/ShiftRegister_PISO.o
 .debug_frame   0x000005d8       0x94 Shift_Register/ShiftRegister_SIPO.o
 .debug_frame   0x0000066c       0x6c Tasks/DigitalInput.o
 .debug_frame   0x000006d8       0x5c Tasks/InputPoll.o
 .debug_frame   0x00000734       0xb8 Tasks/InstrumentTrigger.o
 .debug_frame   0x000007ec       0xbc Tasks/PrintOutput.o
 .debug_frame   0x000008a8       0x50 Tasks/RotaryEncoder.o
 .debug_frame   0x000008f8       0xd4 Tasks/Sequencer.o
 .debug_frame   0x000009cc       0x8c Tasks/TaskManager.o
 .debug_frame   0x00000a58       0xb0 timer.o

.debug_str      0x00000000     0x1a99
 *(.debug_str)
 .debug_str     0x00000000      0x208 C:/Program Files (x86)/Atmel/Studio/7.0/Packs/atmel/ATmega_DFP/1.1.130/gcc/dev/atmega328p/avr5/crtatmega328p.o
 .debug_str     0x00000208      0x24b Interface/Buttons.o
                                0x287 (size before relaxing)
 .debug_str     0x00000453      0x169 Interface/LEDs.o
                                0x359 (size before relaxing)
 .debug_str     0x000005bc       0xb0 Interface/RotarySwitch.o
                                0x2bd (size before relaxing)
 .debug_str     0x0000066c      0x10d Interface/SevenSeg.o
                                0x308 (size before relaxing)
 .debug_str     0x00000779      0x23b interrupts.o
                                0x42c (size before relaxing)
 .debug_str     0x000009b4      0xb6e main.o
                               0x113c (size before relaxing)
 .debug_str     0x00001522       0x73 helperFunctions.o
                                0x289 (size before relaxing)
 .debug_str     0x00001595       0x4e Pins/Pin.o
                                0x32b (size before relaxing)
 .debug_str     0x000015e3       0x80 Shift_Register/ShiftRegister.o
                                0x560 (size before relaxing)
 .debug_str     0x00001663       0x8f Shift_Register/ShiftRegister_PISO.o
                                0x62c (size before relaxing)
 .debug_str     0x000016f2       0x7e Shift_Register/ShiftRegister_SIPO.o
                                0x6df (size before relaxing)
 .debug_str     0x00001770       0x46 Tasks/DigitalInput.o
                                0x76a (size before relaxing)
 .debug_str     0x000017b6       0x69 Tasks/InputPoll.o
                                0x7cf (size before relaxing)
 .debug_str     0x0000181f       0x73 Tasks/InstrumentTrigger.o
                                0xdde (size before relaxing)
 .debug_str     0x00001892       0x54 Tasks/PrintOutput.o
                                0xefe (size before relaxing)
 .debug_str     0x000018e6       0x67 Tasks/RotaryEncoder.o
                                0x7ee (size before relaxing)
 .debug_str     0x0000194d       0xa9 Tasks/Sequencer.o
                                0xdf0 (size before relaxing)
 .debug_str     0x000019f6       0x57 Tasks/TaskManager.o
                                0x447 (size before relaxing)
 .debug_str     0x00001a4d       0x4c timer.o
                                0x359 (size before relaxing)

.debug_loc      0x00000000     0x1b5d
 *(.debug_loc)
 .debug_loc     0x00000000       0x4c Interface/Buttons.o
 .debug_loc     0x0000004c      0x10e Interface/LEDs.o
 .debug_loc     0x0000015a      0x20d Interface/SevenSeg.o
 .debug_loc     0x00000367      0x1c5 interrupts.o
 .debug_loc     0x0000052c       0x48 main.o
 .debug_loc     0x00000574      0x142 helperFunctions.o
 .debug_loc     0x000006b6      0x28f Pins/Pin.o
 .debug_loc     0x00000945       0xca Shift_Register/ShiftRegister.o
 .debug_loc     0x00000a0f      0x2b3 Shift_Register/ShiftRegister_PISO.o
 .debug_loc     0x00000cc2      0x231 Shift_Register/ShiftRegister_SIPO.o
 .debug_loc     0x00000ef3      0x124 Tasks/DigitalInput.o
 .debug_loc     0x00001017      0x116 Tasks/InputPoll.o
 .debug_loc     0x0000112d      0x25a Tasks/InstrumentTrigger.o
 .debug_loc     0x00001387      0x2d2 Tasks/PrintOutput.o
 .debug_loc     0x00001659       0xa9 Tasks/RotaryEncoder.o
 .debug_loc     0x00001702      0x288 Tasks/Sequencer.o
 .debug_loc     0x0000198a      0x127 Tasks/TaskManager.o
 .debug_loc     0x00001ab1       0xac timer.o

.debug_macinfo
 *(.debug_macinfo)

.debug_weaknames
 *(.debug_weaknames)

.debug_funcnames
 *(.debug_funcnames)

.debug_typenames
 *(.debug_typenames)

.debug_varnames
 *(.debug_varnames)

.debug_pubtypes
 *(.debug_pubtypes)

.debug_ranges   0x00000000      0x3f0
 *(.debug_ranges)
 .debug_ranges  0x00000000       0x20 Interface/Buttons.o
 .debug_ranges  0x00000020       0x38 Interface/LEDs.o
 .debug_ranges  0x00000058       0x20 Interface/RotarySwitch.o
 .debug_ranges  0x00000078       0x20 Interface/SevenSeg.o
 .debug_ranges  0x00000098       0x48 interrupts.o
 .debug_ranges  0x000000e0       0x58 main.o
 .debug_ranges  0x00000138       0x30 helperFunctions.o
 .debug_ranges  0x00000168       0x48 Pins/Pin.o
 .debug_ranges  0x000001b0       0x38 Shift_Register/ShiftRegister.o
 .debug_ranges  0x000001e8       0x38 Shift_Register/ShiftRegister_PISO.o
 .debug_ranges  0x00000220       0x30 Shift_Register/ShiftRegister_SIPO.o
 .debug_ranges  0x00000250       0x20 Tasks/DigitalInput.o
 .debug_ranges  0x00000270       0x20 Tasks/InputPoll.o
 .debug_ranges  0x00000290       0x38 Tasks/InstrumentTrigger.o
 .debug_ranges  0x000002c8       0x30 Tasks/PrintOutput.o
 .debug_ranges  0x000002f8       0x20 Tasks/RotaryEncoder.o
 .debug_ranges  0x00000318       0x58 Tasks/Sequencer.o
 .debug_ranges  0x00000370       0x30 Tasks/TaskManager.o
 .debug_ranges  0x000003a0       0x50 timer.o

.debug_macro
 *(.debug_macro)
OUTPUT(Sequencer-micro.elf elf32-avr)
LOAD linker stubs
