Archive member included to satisfy reference by file (symbol)

z:/atmel studio/7.0/toolchain/avr8/avr8-gnu-toolchain/bin/../lib/gcc/avr/5.4.0/avr5\libgcc.a(_divmodhi4.o)
                              Tasks/SevenSeg.o (__divmodhi4)
z:/atmel studio/7.0/toolchain/avr8/avr8-gnu-toolchain/bin/../lib/gcc/avr/5.4.0/avr5\libgcc.a(_exit.o)
                              Z:/Atmel Studio/7.0/Packs/atmel/ATmega_DFP/1.1.130/gcc/dev/atmega328/avr5/crtatmega328.o (exit)
z:/atmel studio/7.0/toolchain/avr8/avr8-gnu-toolchain/bin/../lib/gcc/avr/5.4.0/avr5\libgcc.a(_copy_data.o)
                              Tasks/SevenSeg.o (__do_copy_data)
z:/atmel studio/7.0/toolchain/avr8/avr8-gnu-toolchain/bin/../lib/gcc/avr/5.4.0/avr5\libgcc.a(_clear_bss.o)
                              main.o (__do_clear_bss)
z:/atmel studio/7.0/toolchain/avr8/avr8-gnu-toolchain/bin/../lib/gcc/avr/5.4.0/avr5\libgcc.a(_udivmodhi4.o)
                              z:/atmel studio/7.0/toolchain/avr8/avr8-gnu-toolchain/bin/../lib/gcc/avr/5.4.0/avr5\libgcc.a(_divmodhi4.o) (__udivmodhi4)
z:/atmel studio/7.0/toolchain/avr8/avr8-gnu-toolchain/bin/../lib/gcc/avr/5.4.0/../../../../avr/lib/avr5\libc.a(malloc.o)
                              memory.o (malloc)

Allocating common symbols
Common symbol       size              file

__brkval            0x2               z:/atmel studio/7.0/toolchain/avr8/avr8-gnu-toolchain/bin/../lib/gcc/avr/5.4.0/../../../../avr/lib/avr5\libc.a(malloc.o)
__flp               0x2               z:/atmel studio/7.0/toolchain/avr8/avr8-gnu-toolchain/bin/../lib/gcc/avr/5.4.0/../../../../avr/lib/avr5\libc.a(malloc.o)

Discarded input sections

 .data          0x00000000        0x0 Z:/Atmel Studio/7.0/Packs/atmel/ATmega_DFP/1.1.130/gcc/dev/atmega328/avr5/crtatmega328.o
 .bss           0x00000000        0x0 Z:/Atmel Studio/7.0/Packs/atmel/ATmega_DFP/1.1.130/gcc/dev/atmega328/avr5/crtatmega328.o
 .text          0x00000000        0x0 interrupts.o
 .data          0x00000000        0x0 interrupts.o
 .bss           0x00000000        0x0 interrupts.o
 .text._Z14enableShiftingv
                0x00000000        0xc interrupts.o
 .text._Z15disableShiftingv
                0x00000000        0xc interrupts.o
 .text._Z24enableTimerOneInterruptsv
                0x00000000        0xc interrupts.o
 .text          0x00000000        0x0 main.o
 .data          0x00000000        0x0 main.o
 .bss           0x00000000        0x0 main.o
 .text          0x00000000        0x0 memory.o
 .data          0x00000000        0x0 memory.o
 .bss           0x00000000        0x0 memory.o
 .text._ZdlPv   0x00000000        0x6 memory.o
 .text._Znaj    0x00000000        0x6 memory.o
 .text._ZdaPv   0x00000000        0x6 memory.o
 .text          0x00000000        0x0 Pins/Pin.o
 .data          0x00000000        0x0 Pins/Pin.o
 .bss           0x00000000        0x0 Pins/Pin.o
 .text._ZN3Pin4readEv
                0x00000000        0xe Pins/Pin.o
 .text._ZN3Pin5writeEh
                0x00000000       0x10 Pins/Pin.o
 .text._ZN3PinD2Ev
                0x00000000        0x2 Pins/Pin.o
 .text          0x00000000        0x0 Shift_Register/ShiftRegister.o
 .data          0x00000000        0x0 Shift_Register/ShiftRegister.o
 .bss           0x00000000        0x0 Shift_Register/ShiftRegister.o
 .text._ZN13ShiftRegisterC2EP3PinS1_S1_
                0x00000000       0x10 Shift_Register/ShiftRegister.o
 .text._ZN13ShiftRegisterD2Ev
                0x00000000        0x2 Shift_Register/ShiftRegister.o
 .text          0x00000000        0x0 Shift_Register/ShiftRegister_PISO.o
 .data          0x00000000        0x0 Shift_Register/ShiftRegister_PISO.o
 .bss           0x00000000        0x0 Shift_Register/ShiftRegister_PISO.o
 .text._ZN18ShiftRegister_PISOC2Ev
                0x00000000       0x12 Shift_Register/ShiftRegister_PISO.o
 .text._ZN18ShiftRegister_PISOC2EP3PinS1_S1_
                0x00000000       0x12 Shift_Register/ShiftRegister_PISO.o
 .text._ZN18ShiftRegister_PISO9shiftBitsEv
                0x00000000       0x8e Shift_Register/ShiftRegister_PISO.o
 .text._ZN18ShiftRegister_PISO8readByteEv
                0x00000000        0x6 Shift_Register/ShiftRegister_PISO.o
 .text._ZN18ShiftRegister_PISOD2Ev
                0x00000000        0x6 Shift_Register/ShiftRegister_PISO.o
 .debug_info    0x00000000      0x766 Shift_Register/ShiftRegister_PISO.o
 .debug_abbrev  0x00000000      0x21a Shift_Register/ShiftRegister_PISO.o
 .debug_loc     0x00000000      0x247 Shift_Register/ShiftRegister_PISO.o
 .debug_aranges
                0x00000000       0x40 Shift_Register/ShiftRegister_PISO.o
 .debug_ranges  0x00000000       0x30 Shift_Register/ShiftRegister_PISO.o
 .debug_line    0x00000000      0x1d6 Shift_Register/ShiftRegister_PISO.o
 .debug_str     0x00000000      0x6ea Shift_Register/ShiftRegister_PISO.o
 .comment       0x00000000       0x31 Shift_Register/ShiftRegister_PISO.o
 .debug_frame   0x00000000       0x9c Shift_Register/ShiftRegister_PISO.o
 .text          0x00000000        0x0 Shift_Register/ShiftRegister_SIPO.o
 .data          0x00000000        0x0 Shift_Register/ShiftRegister_SIPO.o
 .bss           0x00000000        0x0 Shift_Register/ShiftRegister_SIPO.o
 .text._ZN18ShiftRegister_SIPOC2EP3PinS1_S1_
                0x00000000       0x12 Shift_Register/ShiftRegister_SIPO.o
 .text._ZN18ShiftRegister_SIPOD2Ev
                0x00000000        0x6 Shift_Register/ShiftRegister_SIPO.o
 .text          0x00000000        0x0 Tasks/Blinky.o
 .data          0x00000000        0x0 Tasks/Blinky.o
 .bss           0x00000000        0x0 Tasks/Blinky.o
 .text._ZN6BlinkyD2Ev
                0x00000000        0x2 Tasks/Blinky.o
 .text          0x00000000        0x0 Tasks/Counter.o
 .data          0x00000000        0x0 Tasks/Counter.o
 .bss           0x00000000        0x0 Tasks/Counter.o
 .text._ZN7CounterD2Ev
                0x00000000        0x2 Tasks/Counter.o
 .text          0x00000000        0x0 Tasks/Latch.o
 .data          0x00000000        0x0 Tasks/Latch.o
 .bss           0x00000000        0x0 Tasks/Latch.o
 .text._ZN5LatchD2Ev
                0x00000000        0x2 Tasks/Latch.o
 .text          0x00000000        0x0 Tasks/SevenSeg.o
 .data          0x00000000        0x0 Tasks/SevenSeg.o
 .bss           0x00000000        0x0 Tasks/SevenSeg.o
 .text._ZN8SevenSeg12printNumbersEPh
                0x00000000       0x16 Tasks/SevenSeg.o
 .text._ZN8SevenSeg20printNumbers_NOLATCHEPh
                0x00000000        0x6 Tasks/SevenSeg.o
 .text._ZN8SevenSeg12printNumbersEh
                0x00000000       0x2c Tasks/SevenSeg.o
 .text._ZN8SevenSegD2Ev
                0x00000000        0x6 Tasks/SevenSeg.o
 .text          0x00000000        0x0 Tasks/TaskManager.o
 .data          0x00000000        0x0 Tasks/TaskManager.o
 .bss           0x00000000        0x0 Tasks/TaskManager.o
 .text._ZN11TaskManagerD2Ev
                0x00000000        0x2 Tasks/TaskManager.o
 .text          0x00000000        0x0 Tasks/Trigger.o
 .data          0x00000000        0x0 Tasks/Trigger.o
 .bss           0x00000000        0x0 Tasks/Trigger.o
 .text._ZN7TriggerD2Ev
                0x00000000        0x2 Tasks/Trigger.o
 .text          0x00000000        0x0 timer.o
 .data          0x00000000        0x0 timer.o
 .bss           0x00000000        0x0 timer.o
 .text._ZN5Timer5resetEv
                0x00000000        0xc timer.o
 .text._ZN5Timer8fixTimerEv
                0x00000000       0x14 timer.o
 .text._ZN5Timer11resumeTimerEv
                0x00000000       0x14 timer.o
 .text._ZN5TimerD2Ev
                0x00000000        0x2 timer.o
 .text          0x00000000        0x0 z:/atmel studio/7.0/toolchain/avr8/avr8-gnu-toolchain/bin/../lib/gcc/avr/5.4.0/avr5\libgcc.a(_divmodhi4.o)
 .data          0x00000000        0x0 z:/atmel studio/7.0/toolchain/avr8/avr8-gnu-toolchain/bin/../lib/gcc/avr/5.4.0/avr5\libgcc.a(_divmodhi4.o)
 .bss           0x00000000        0x0 z:/atmel studio/7.0/toolchain/avr8/avr8-gnu-toolchain/bin/../lib/gcc/avr/5.4.0/avr5\libgcc.a(_divmodhi4.o)
 .text.libgcc.mul
                0x00000000        0x0 z:/atmel studio/7.0/toolchain/avr8/avr8-gnu-toolchain/bin/../lib/gcc/avr/5.4.0/avr5\libgcc.a(_divmodhi4.o)
 .text.libgcc   0x00000000        0x0 z:/atmel studio/7.0/toolchain/avr8/avr8-gnu-toolchain/bin/../lib/gcc/avr/5.4.0/avr5\libgcc.a(_divmodhi4.o)
 .text.libgcc.prologue
                0x00000000        0x0 z:/atmel studio/7.0/toolchain/avr8/avr8-gnu-toolchain/bin/../lib/gcc/avr/5.4.0/avr5\libgcc.a(_divmodhi4.o)
 .text.libgcc.builtins
                0x00000000        0x0 z:/atmel studio/7.0/toolchain/avr8/avr8-gnu-toolchain/bin/../lib/gcc/avr/5.4.0/avr5\libgcc.a(_divmodhi4.o)
 .text.libgcc.fmul
                0x00000000        0x0 z:/atmel studio/7.0/toolchain/avr8/avr8-gnu-toolchain/bin/../lib/gcc/avr/5.4.0/avr5\libgcc.a(_divmodhi4.o)
 .text.libgcc.fixed
                0x00000000        0x0 z:/atmel studio/7.0/toolchain/avr8/avr8-gnu-toolchain/bin/../lib/gcc/avr/5.4.0/avr5\libgcc.a(_divmodhi4.o)
 .text          0x00000000        0x0 z:/atmel studio/7.0/toolchain/avr8/avr8-gnu-toolchain/bin/../lib/gcc/avr/5.4.0/avr5\libgcc.a(_exit.o)
 .data          0x00000000        0x0 z:/atmel studio/7.0/toolchain/avr8/avr8-gnu-toolchain/bin/../lib/gcc/avr/5.4.0/avr5\libgcc.a(_exit.o)
 .bss           0x00000000        0x0 z:/atmel studio/7.0/toolchain/avr8/avr8-gnu-toolchain/bin/../lib/gcc/avr/5.4.0/avr5\libgcc.a(_exit.o)
 .text.libgcc.mul
                0x00000000        0x0 z:/atmel studio/7.0/toolchain/avr8/avr8-gnu-toolchain/bin/../lib/gcc/avr/5.4.0/avr5\libgcc.a(_exit.o)
 .text.libgcc.div
                0x00000000        0x0 z:/atmel studio/7.0/toolchain/avr8/avr8-gnu-toolchain/bin/../lib/gcc/avr/5.4.0/avr5\libgcc.a(_exit.o)
 .text.libgcc   0x00000000        0x0 z:/atmel studio/7.0/toolchain/avr8/avr8-gnu-toolchain/bin/../lib/gcc/avr/5.4.0/avr5\libgcc.a(_exit.o)
 .text.libgcc.prologue
                0x00000000        0x0 z:/atmel studio/7.0/toolchain/avr8/avr8-gnu-toolchain/bin/../lib/gcc/avr/5.4.0/avr5\libgcc.a(_exit.o)
 .text.libgcc.builtins
                0x00000000        0x0 z:/atmel studio/7.0/toolchain/avr8/avr8-gnu-toolchain/bin/../lib/gcc/avr/5.4.0/avr5\libgcc.a(_exit.o)
 .text.libgcc.fmul
                0x00000000        0x0 z:/atmel studio/7.0/toolchain/avr8/avr8-gnu-toolchain/bin/../lib/gcc/avr/5.4.0/avr5\libgcc.a(_exit.o)
 .text.libgcc.fixed
                0x00000000        0x0 z:/atmel studio/7.0/toolchain/avr8/avr8-gnu-toolchain/bin/../lib/gcc/avr/5.4.0/avr5\libgcc.a(_exit.o)
 .text          0x00000000        0x0 z:/atmel studio/7.0/toolchain/avr8/avr8-gnu-toolchain/bin/../lib/gcc/avr/5.4.0/avr5\libgcc.a(_copy_data.o)
 .data          0x00000000        0x0 z:/atmel studio/7.0/toolchain/avr8/avr8-gnu-toolchain/bin/../lib/gcc/avr/5.4.0/avr5\libgcc.a(_copy_data.o)
 .bss           0x00000000        0x0 z:/atmel studio/7.0/toolchain/avr8/avr8-gnu-toolchain/bin/../lib/gcc/avr/5.4.0/avr5\libgcc.a(_copy_data.o)
 .text.libgcc.mul
                0x00000000        0x0 z:/atmel studio/7.0/toolchain/avr8/avr8-gnu-toolchain/bin/../lib/gcc/avr/5.4.0/avr5\libgcc.a(_copy_data.o)
 .text.libgcc.div
                0x00000000        0x0 z:/atmel studio/7.0/toolchain/avr8/avr8-gnu-toolchain/bin/../lib/gcc/avr/5.4.0/avr5\libgcc.a(_copy_data.o)
 .text.libgcc   0x00000000        0x0 z:/atmel studio/7.0/toolchain/avr8/avr8-gnu-toolchain/bin/../lib/gcc/avr/5.4.0/avr5\libgcc.a(_copy_data.o)
 .text.libgcc.prologue
                0x00000000        0x0 z:/atmel studio/7.0/toolchain/avr8/avr8-gnu-toolchain/bin/../lib/gcc/avr/5.4.0/avr5\libgcc.a(_copy_data.o)
 .text.libgcc.builtins
                0x00000000        0x0 z:/atmel studio/7.0/toolchain/avr8/avr8-gnu-toolchain/bin/../lib/gcc/avr/5.4.0/avr5\libgcc.a(_copy_data.o)
 .text.libgcc.fmul
                0x00000000        0x0 z:/atmel studio/7.0/toolchain/avr8/avr8-gnu-toolchain/bin/../lib/gcc/avr/5.4.0/avr5\libgcc.a(_copy_data.o)
 .text.libgcc.fixed
                0x00000000        0x0 z:/atmel studio/7.0/toolchain/avr8/avr8-gnu-toolchain/bin/../lib/gcc/avr/5.4.0/avr5\libgcc.a(_copy_data.o)
 .text          0x00000000        0x0 z:/atmel studio/7.0/toolchain/avr8/avr8-gnu-toolchain/bin/../lib/gcc/avr/5.4.0/avr5\libgcc.a(_clear_bss.o)
 .data          0x00000000        0x0 z:/atmel studio/7.0/toolchain/avr8/avr8-gnu-toolchain/bin/../lib/gcc/avr/5.4.0/avr5\libgcc.a(_clear_bss.o)
 .bss           0x00000000        0x0 z:/atmel studio/7.0/toolchain/avr8/avr8-gnu-toolchain/bin/../lib/gcc/avr/5.4.0/avr5\libgcc.a(_clear_bss.o)
 .text.libgcc.mul
                0x00000000        0x0 z:/atmel studio/7.0/toolchain/avr8/avr8-gnu-toolchain/bin/../lib/gcc/avr/5.4.0/avr5\libgcc.a(_clear_bss.o)
 .text.libgcc.div
                0x00000000        0x0 z:/atmel studio/7.0/toolchain/avr8/avr8-gnu-toolchain/bin/../lib/gcc/avr/5.4.0/avr5\libgcc.a(_clear_bss.o)
 .text.libgcc   0x00000000        0x0 z:/atmel studio/7.0/toolchain/avr8/avr8-gnu-toolchain/bin/../lib/gcc/avr/5.4.0/avr5\libgcc.a(_clear_bss.o)
 .text.libgcc.prologue
                0x00000000        0x0 z:/atmel studio/7.0/toolchain/avr8/avr8-gnu-toolchain/bin/../lib/gcc/avr/5.4.0/avr5\libgcc.a(_clear_bss.o)
 .text.libgcc.builtins
                0x00000000        0x0 z:/atmel studio/7.0/toolchain/avr8/avr8-gnu-toolchain/bin/../lib/gcc/avr/5.4.0/avr5\libgcc.a(_clear_bss.o)
 .text.libgcc.fmul
                0x00000000        0x0 z:/atmel studio/7.0/toolchain/avr8/avr8-gnu-toolchain/bin/../lib/gcc/avr/5.4.0/avr5\libgcc.a(_clear_bss.o)
 .text.libgcc.fixed
                0x00000000        0x0 z:/atmel studio/7.0/toolchain/avr8/avr8-gnu-toolchain/bin/../lib/gcc/avr/5.4.0/avr5\libgcc.a(_clear_bss.o)
 .text          0x00000000        0x0 z:/atmel studio/7.0/toolchain/avr8/avr8-gnu-toolchain/bin/../lib/gcc/avr/5.4.0/avr5\libgcc.a(_udivmodhi4.o)
 .data          0x00000000        0x0 z:/atmel studio/7.0/toolchain/avr8/avr8-gnu-toolchain/bin/../lib/gcc/avr/5.4.0/avr5\libgcc.a(_udivmodhi4.o)
 .bss           0x00000000        0x0 z:/atmel studio/7.0/toolchain/avr8/avr8-gnu-toolchain/bin/../lib/gcc/avr/5.4.0/avr5\libgcc.a(_udivmodhi4.o)
 .text.libgcc.mul
                0x00000000        0x0 z:/atmel studio/7.0/toolchain/avr8/avr8-gnu-toolchain/bin/../lib/gcc/avr/5.4.0/avr5\libgcc.a(_udivmodhi4.o)
 .text.libgcc   0x00000000        0x0 z:/atmel studio/7.0/toolchain/avr8/avr8-gnu-toolchain/bin/../lib/gcc/avr/5.4.0/avr5\libgcc.a(_udivmodhi4.o)
 .text.libgcc.prologue
                0x00000000        0x0 z:/atmel studio/7.0/toolchain/avr8/avr8-gnu-toolchain/bin/../lib/gcc/avr/5.4.0/avr5\libgcc.a(_udivmodhi4.o)
 .text.libgcc.builtins
                0x00000000        0x0 z:/atmel studio/7.0/toolchain/avr8/avr8-gnu-toolchain/bin/../lib/gcc/avr/5.4.0/avr5\libgcc.a(_udivmodhi4.o)
 .text.libgcc.fmul
                0x00000000        0x0 z:/atmel studio/7.0/toolchain/avr8/avr8-gnu-toolchain/bin/../lib/gcc/avr/5.4.0/avr5\libgcc.a(_udivmodhi4.o)
 .text.libgcc.fixed
                0x00000000        0x0 z:/atmel studio/7.0/toolchain/avr8/avr8-gnu-toolchain/bin/../lib/gcc/avr/5.4.0/avr5\libgcc.a(_udivmodhi4.o)
 .text          0x00000000        0x0 z:/atmel studio/7.0/toolchain/avr8/avr8-gnu-toolchain/bin/../lib/gcc/avr/5.4.0/../../../../avr/lib/avr5\libc.a(malloc.o)
 .bss           0x00000000        0x0 z:/atmel studio/7.0/toolchain/avr8/avr8-gnu-toolchain/bin/../lib/gcc/avr/5.4.0/../../../../avr/lib/avr5\libc.a(malloc.o)

Memory Configuration

Name             Origin             Length             Attributes
text             0x00000000         0x00020000         xr
data             0x00800060         0x0000ffa0         rw !x
eeprom           0x00810000         0x00010000         rw !x
fuse             0x00820000         0x00000003         rw !x
lock             0x00830000         0x00000400         rw !x
signature        0x00840000         0x00000400         rw !x
user_signatures  0x00850000         0x00000400         rw !x
*default*        0x00000000         0xffffffff

Linker script and memory map

Address of section .data set to 0x800100
LOAD Z:/Atmel Studio/7.0/Packs/atmel/ATmega_DFP/1.1.130/gcc/dev/atmega328/avr5/crtatmega328.o
LOAD interrupts.o
LOAD main.o
LOAD memory.o
LOAD Pins/Pin.o
LOAD Shift_Register/ShiftRegister.o
LOAD Shift_Register/ShiftRegister_PISO.o
LOAD Shift_Register/ShiftRegister_SIPO.o
LOAD Tasks/Blinky.o
LOAD Tasks/Counter.o
LOAD Tasks/Latch.o
LOAD Tasks/SevenSeg.o
LOAD Tasks/TaskManager.o
LOAD Tasks/Trigger.o
LOAD timer.o
START GROUP
LOAD z:/atmel studio/7.0/toolchain/avr8/avr8-gnu-toolchain/bin/../lib/gcc/avr/5.4.0/../../../../avr/lib/avr5\libm.a
END GROUP
LOAD z:/atmel studio/7.0/toolchain/avr8/avr8-gnu-toolchain/bin/../lib/gcc/avr/5.4.0/avr5\libgcc.a
LOAD z:/atmel studio/7.0/toolchain/avr8/avr8-gnu-toolchain/bin/../lib/gcc/avr/5.4.0/../../../../avr/lib/avr5\libm.a
START GROUP
LOAD z:/atmel studio/7.0/toolchain/avr8/avr8-gnu-toolchain/bin/../lib/gcc/avr/5.4.0/avr5\libgcc.a
LOAD z:/atmel studio/7.0/toolchain/avr8/avr8-gnu-toolchain/bin/../lib/gcc/avr/5.4.0/../../../../avr/lib/avr5\libm.a
LOAD z:/atmel studio/7.0/toolchain/avr8/avr8-gnu-toolchain/bin/../lib/gcc/avr/5.4.0/../../../../avr/lib/avr5\libc.a
LOAD Z:/Atmel Studio/7.0/Packs/atmel/ATmega_DFP/1.1.130/gcc/dev/atmega328/avr5\libatmega328.a
END GROUP
                0x00020000                __TEXT_REGION_LENGTH__ = DEFINED (__TEXT_REGION_LENGTH__)?__TEXT_REGION_LENGTH__:0x20000
                0x0000ffa0                __DATA_REGION_LENGTH__ = DEFINED (__DATA_REGION_LENGTH__)?__DATA_REGION_LENGTH__:0xffa0
                0x00010000                __EEPROM_REGION_LENGTH__ = DEFINED (__EEPROM_REGION_LENGTH__)?__EEPROM_REGION_LENGTH__:0x10000
                [0x00000003]                __FUSE_REGION_LENGTH__ = DEFINED (__FUSE_REGION_LENGTH__)?__FUSE_REGION_LENGTH__:0x400
                0x00000400                __LOCK_REGION_LENGTH__ = DEFINED (__LOCK_REGION_LENGTH__)?__LOCK_REGION_LENGTH__:0x400
                0x00000400                __SIGNATURE_REGION_LENGTH__ = DEFINED (__SIGNATURE_REGION_LENGTH__)?__SIGNATURE_REGION_LENGTH__:0x400
                0x00000400                __USER_SIGNATURE_REGION_LENGTH__ = DEFINED (__USER_SIGNATURE_REGION_LENGTH__)?__USER_SIGNATURE_REGION_LENGTH__:0x400

.hash
 *(.hash)

.dynsym
 *(.dynsym)

.dynstr
 *(.dynstr)

.gnu.version
 *(.gnu.version)

.gnu.version_d
 *(.gnu.version_d)

.gnu.version_r
 *(.gnu.version_r)

.rel.init
 *(.rel.init)

.rela.init
 *(.rela.init)

.rel.text
 *(.rel.text)
 *(.rel.text.*)
 *(.rel.gnu.linkonce.t*)

.rela.text
 *(.rela.text)
 *(.rela.text.*)
 *(.rela.gnu.linkonce.t*)

.rel.fini
 *(.rel.fini)

.rela.fini
 *(.rela.fini)

.rel.rodata
 *(.rel.rodata)
 *(.rel.rodata.*)
 *(.rel.gnu.linkonce.r*)

.rela.rodata
 *(.rela.rodata)
 *(.rela.rodata.*)
 *(.rela.gnu.linkonce.r*)

.rel.data
 *(.rel.data)
 *(.rel.data.*)
 *(.rel.gnu.linkonce.d*)

.rela.data
 *(.rela.data)
 *(.rela.data.*)
 *(.rela.gnu.linkonce.d*)

.rel.ctors
 *(.rel.ctors)

.rela.ctors
 *(.rela.ctors)

.rel.dtors
 *(.rel.dtors)

.rela.dtors
 *(.rela.dtors)

.rel.got
 *(.rel.got)

.rela.got
 *(.rela.got)

.rel.bss
 *(.rel.bss)

.rela.bss
 *(.rela.bss)

.rel.plt
 *(.rel.plt)

.rela.plt
 *(.rela.plt)

.text           0x00000000      0xb88
 *(.vectors)
 .vectors       0x00000000       0x68 Z:/Atmel Studio/7.0/Packs/atmel/ATmega_DFP/1.1.130/gcc/dev/atmega328/avr5/crtatmega328.o
                0x00000000                __vector_default
                0x00000000                __vectors
 *(.vectors)
 *(.progmem.gcc*)
                0x00000068                . = ALIGN (0x2)
                0x00000068                __trampolines_start = .
 *(.trampolines)
 .trampolines   0x00000068        0x0 linker stubs
 *(.trampolines*)
                0x00000068                __trampolines_end = .
 *libprintf_flt.a:*(.progmem.data)
 *libc.a:*(.progmem.data)
 *(.progmem*)
                0x00000068                . = ALIGN (0x2)
 *(.jumptables)
 *(.jumptables*)
 *(.lowtext)
 *(.lowtext*)
                0x00000068                __ctors_start = .
 *(.ctors)
                0x00000068                __ctors_end = .
                0x00000068                __dtors_start = .
 *(.dtors)
                0x00000068                __dtors_end = .
 SORT(*)(.ctors)
 SORT(*)(.dtors)
 *(.init0)
 .init0         0x00000068        0x0 Z:/Atmel Studio/7.0/Packs/atmel/ATmega_DFP/1.1.130/gcc/dev/atmega328/avr5/crtatmega328.o
                0x00000068                __init
 *(.init0)
 *(.init1)
 *(.init1)
 *(.init2)
 .init2         0x00000068        0xc Z:/Atmel Studio/7.0/Packs/atmel/ATmega_DFP/1.1.130/gcc/dev/atmega328/avr5/crtatmega328.o
 *(.init2)
 *(.init3)
 *(.init3)
 *(.init4)
 .init4         0x00000074       0x16 z:/atmel studio/7.0/toolchain/avr8/avr8-gnu-toolchain/bin/../lib/gcc/avr/5.4.0/avr5\libgcc.a(_copy_data.o)
                0x00000074                __do_copy_data
 .init4         0x0000008a       0x10 z:/atmel studio/7.0/toolchain/avr8/avr8-gnu-toolchain/bin/../lib/gcc/avr/5.4.0/avr5\libgcc.a(_clear_bss.o)
                0x0000008a                __do_clear_bss
 *(.init4)
 *(.init5)
 *(.init5)
 *(.init6)
 *(.init6)
 *(.init7)
 *(.init7)
 *(.init8)
 *(.init8)
 *(.init9)
 .init9         0x0000009a        0x8 Z:/Atmel Studio/7.0/Packs/atmel/ATmega_DFP/1.1.130/gcc/dev/atmega328/avr5/crtatmega328.o
 *(.init9)
 *(.text)
 .text          0x000000a2        0x4 Z:/Atmel Studio/7.0/Packs/atmel/ATmega_DFP/1.1.130/gcc/dev/atmega328/avr5/crtatmega328.o
                0x000000a2                __vector_22
                0x000000a2                __vector_1
                0x000000a2                __vector_24
                0x000000a2                __bad_interrupt
                0x000000a2                __vector_6
                0x000000a2                __vector_3
                0x000000a2                __vector_23
                0x000000a2                __vector_25
                0x000000a2                __vector_13
                0x000000a2                __vector_17
                0x000000a2                __vector_19
                0x000000a2                __vector_7
                0x000000a2                __vector_5
                0x000000a2                __vector_4
                0x000000a2                __vector_9
                0x000000a2                __vector_2
                0x000000a2                __vector_21
                0x000000a2                __vector_15
                0x000000a2                __vector_8
                0x000000a2                __vector_10
                0x000000a2                __vector_16
                0x000000a2                __vector_18
                0x000000a2                __vector_20
                0x000000a6                . = ALIGN (0x2)
 *(.text.*)
 .text.__vector_14
                0x000000a6       0x50 interrupts.o
                0x000000a6                __vector_14
 .text.__vector_12
                0x000000f6       0x16 interrupts.o
                0x000000f6                __vector_12
 .text._Z20setUpTimerInterruptsv
                0x0000010c       0x52 interrupts.o
                0x0000010c                _Z20setUpTimerInterruptsv
 .text._Z25disableTimerOneInterruptsv
                0x0000015e        0xc interrupts.o
                0x0000015e                _Z25disableTimerOneInterruptsv
 .text.__vector_11
                0x0000016a       0x4a interrupts.o
                0x0000016a                __vector_11
 .text._Z9latchTaskv
                0x000001b4        0xe main.o
                0x000001b4                _Z9latchTaskv
 .text._Z23sevenSegmentDisplayTaskv
                0x000001c2        0xe main.o
                0x000001c2                _Z23sevenSegmentDisplayTaskv
 .text._Z11triggerTaskv
                0x000001d0        0xe main.o
                0x000001d0                _Z11triggerTaskv
 .text._Z11counterTaskv
                0x000001de        0xe main.o
                0x000001de                _Z11counterTaskv
 .text._Z10blinkyTaskv
                0x000001ec        0xe main.o
                0x000001ec                _Z10blinkyTaskv
 .text.main     0x000001fa      0x12e main.o
                0x000001fa                main
 .text._Znwj    0x00000328        0x6 memory.o
                0x00000328                _Znwj
 .text._ZN3Pin17setDirectionInputEv
                0x0000032e       0x16 Pins/Pin.o
                0x0000032e                _ZN3Pin17setDirectionInputEv
 .text._ZN3Pin7setHighEv
                0x00000344       0x16 Pins/Pin.o
                0x00000344                _ZN3Pin7setHighEv
 .text._ZN3Pin6setLowEv
                0x0000035a       0x18 Pins/Pin.o
                0x0000035a                _ZN3Pin6setLowEv
 .text._ZN3Pin18setDirectionOutputEv
                0x00000372       0x1c Pins/Pin.o
                0x00000372                _ZN3Pin18setDirectionOutputEv
 .text._ZN3PinC2EhPVhh
                0x0000038e       0x34 Pins/Pin.o
                0x0000038e                _ZN3PinC2EhPVhh
                0x0000038e                _ZN3PinC1EhPVhh
 .text._ZN13ShiftRegisterC2Ev
                0x000003c2        0x2 Shift_Register/ShiftRegister.o
                0x000003c2                _ZN13ShiftRegisterC1Ev
                0x000003c2                _ZN13ShiftRegisterC2Ev
 .text._ZN13ShiftRegister11singleShiftEv
                0x000003c4       0x2c Shift_Register/ShiftRegister.o
                0x000003c4                _ZN13ShiftRegister11singleShiftEv
 .text._ZN13ShiftRegister5latchEv
                0x000003f0       0x24 Shift_Register/ShiftRegister.o
                0x000003f0                _ZN13ShiftRegister5latchEv
 .text._ZN13ShiftRegister17getTimerReferenceEP5Timer
                0x00000414        0x8 Shift_Register/ShiftRegister.o
                0x00000414                _ZN13ShiftRegister17getTimerReferenceEP5Timer
 .text._ZN18ShiftRegister_SIPOC2Ev
                0x0000041c       0x12 Shift_Register/ShiftRegister_SIPO.o
                0x0000041c                _ZN18ShiftRegister_SIPOC1Ev
                0x0000041c                _ZN18ShiftRegister_SIPOC2Ev
 .text._ZN18ShiftRegister_SIPO9shiftBitsEv
                0x0000042e       0x76 Shift_Register/ShiftRegister_SIPO.o
                0x0000042e                _ZN18ShiftRegister_SIPO9shiftBitsEv
 .text._ZN18ShiftRegister_SIPO8loadByteEh
                0x000004a4        0x6 Shift_Register/ShiftRegister_SIPO.o
                0x000004a4                _ZN18ShiftRegister_SIPO8loadByteEh
 .text._ZN6BlinkyC2EP5Timer
                0x000004aa       0x42 Tasks/Blinky.o
                0x000004aa                _ZN6BlinkyC2EP5Timer
                0x000004aa                _ZN6BlinkyC1EP5Timer
 .text._ZN6Blinky3runEv
                0x000004ec       0x54 Tasks/Blinky.o
                0x000004ec                _ZN6Blinky3runEv
 .text._ZN7CounterC2EP5TimerP8SevenSeg
                0x00000540       0x16 Tasks/Counter.o
                0x00000540                _ZN7CounterC2EP5TimerP8SevenSeg
                0x00000540                _ZN7CounterC1EP5TimerP8SevenSeg
 .text._ZN7Counter3runEv
                0x00000556       0x54 Tasks/Counter.o
                0x00000556                _ZN7Counter3runEv
 .text._ZN5LatchC2EP8SevenSeg
                0x000005aa        0x8 Tasks/Latch.o
                0x000005aa                _ZN5LatchC1EP8SevenSeg
                0x000005aa                _ZN5LatchC2EP8SevenSeg
 .text._ZN5Latch3runEv
                0x000005b2       0x1a Tasks/Latch.o
                0x000005b2                _ZN5Latch3runEv
 .text._ZN8SevenSegC2EhP5Timer
                0x000005cc       0x94 Tasks/SevenSeg.o
                0x000005cc                _ZN8SevenSegC2EhP5Timer
                0x000005cc                _ZN8SevenSegC1EhP5Timer
 .text._ZN8SevenSeg12shiftInBytesEPh
                0x00000660       0x6c Tasks/SevenSeg.o
                0x00000660                _ZN8SevenSeg12shiftInBytesEPh
 .text._ZN8SevenSeg3runEv
                0x000006cc       0x52 Tasks/SevenSeg.o
                0x000006cc                _ZN8SevenSeg3runEv
 .text._ZN11TaskManagerC2EP5Timer
                0x0000071e        0xe Tasks/TaskManager.o
                0x0000071e                _ZN11TaskManagerC2EP5Timer
                0x0000071e                _ZN11TaskManagerC1EP5Timer
 .text._ZN11TaskManager7addTaskEPFvvEh
                0x0000072c       0x28 Tasks/TaskManager.o
                0x0000072c                _ZN11TaskManager7addTaskEPFvvEh
 .text._ZN11TaskManager20generateRandomNumberEv
                0x00000754       0x1c Tasks/TaskManager.o
                0x00000754                _ZN11TaskManager20generateRandomNumberEv
 .text._ZN11TaskManager8runTasksEv
                0x00000770       0x68 Tasks/TaskManager.o
                0x00000770                _ZN11TaskManager8runTasksEv
 .text._ZN7TriggerC2EP5Timer
                0x000007d8       0x28 Tasks/Trigger.o
                0x000007d8                _ZN7TriggerC1EP5Timer
                0x000007d8                _ZN7TriggerC2EP5Timer
 .text._ZN7Trigger9conditionEv
                0x00000800       0x4a Tasks/Trigger.o
                0x00000800                _ZN7Trigger9conditionEv
 .text._ZN7Trigger3runEv
                0x0000084a       0x36 Tasks/Trigger.o
                0x0000084a                _ZN7Trigger3runEv
 .text._ZN5TimerC2Ev
                0x00000880       0x14 timer.o
                0x00000880                _ZN5TimerC2Ev
                0x00000880                _ZN5TimerC1Ev
 .text._ZN5Timer14incrementTimerEv
                0x00000894       0x1c timer.o
                0x00000894                _ZN5Timer14incrementTimerEv
 .text._ZN5Timer14elapsed_millisEm
                0x000008b0       0x24 timer.o
                0x000008b0                _ZN5Timer14elapsed_millisEm
 .text._ZN5Timer6millisEv
                0x000008d4        0xc timer.o
                0x000008d4                _ZN5Timer6millisEv
 .text._ZN5Timer8wait_1usEv
                0x000008e0       0x12 timer.o
                0x000008e0                _ZN5Timer8wait_1usEv
 .text.libgcc.div
                0x000008f2       0x28 z:/atmel studio/7.0/toolchain/avr8/avr8-gnu-toolchain/bin/../lib/gcc/avr/5.4.0/avr5\libgcc.a(_divmodhi4.o)
                0x000008f2                _div
                0x000008f2                __divmodhi4
 .text.libgcc.div
                0x0000091a       0x28 z:/atmel studio/7.0/toolchain/avr8/avr8-gnu-toolchain/bin/../lib/gcc/avr/5.4.0/avr5\libgcc.a(_udivmodhi4.o)
                0x0000091a                __udivmodhi4
 .text.avr-libc
                0x00000942      0x242 z:/atmel studio/7.0/toolchain/avr8/avr8-gnu-toolchain/bin/../lib/gcc/avr/5.4.0/../../../../avr/lib/avr5\libc.a(malloc.o)
                0x00000942                malloc
                0x00000a72                free
                0x00000b84                . = ALIGN (0x2)
 *(.fini9)
 .fini9         0x00000b84        0x0 z:/atmel studio/7.0/toolchain/avr8/avr8-gnu-toolchain/bin/../lib/gcc/avr/5.4.0/avr5\libgcc.a(_exit.o)
                0x00000b84                _exit
                0x00000b84                exit
 *(.fini9)
 *(.fini8)
 *(.fini8)
 *(.fini7)
 *(.fini7)
 *(.fini6)
 *(.fini6)
 *(.fini5)
 *(.fini5)
 *(.fini4)
 *(.fini4)
 *(.fini3)
 *(.fini3)
 *(.fini2)
 *(.fini2)
 *(.fini1)
 *(.fini1)
 *(.fini0)
 .fini0         0x00000b84        0x4 z:/atmel studio/7.0/toolchain/avr8/avr8-gnu-toolchain/bin/../lib/gcc/avr/5.4.0/avr5\libgcc.a(_exit.o)
 *(.fini0)
                0x00000b88                _etext = .

.data           0x00800100       0x12 load address 0x00000b88
                0x00800100                PROVIDE (__data_start, .)
 *(.data)
 .data          0x00800100        0x6 z:/atmel studio/7.0/toolchain/avr8/avr8-gnu-toolchain/bin/../lib/gcc/avr/5.4.0/../../../../avr/lib/avr5\libc.a(malloc.o)
                0x00800100                __malloc_heap_end
                0x00800102                __malloc_heap_start
                0x00800104                __malloc_margin
 *(.data*)
 *(.gnu.linkonce.d*)
 *(.rodata)
 .rodata        0x00800106        0xb Tasks/SevenSeg.o
 *(.rodata*)
 *(.gnu.linkonce.r*)
                0x00800112                . = ALIGN (0x2)
 *fill*         0x00800111        0x1 
                0x00800112                _edata = .
                0x00800112                PROVIDE (__data_end, .)

.bss            0x00800112       0x10
                0x00800112                PROVIDE (__bss_start, .)
 *(.bss)
 *(.bss*)
 .bss.latch     0x00800112        0x2 main.o
                0x00800112                latch
 .bss.counter   0x00800114        0x2 main.o
                0x00800114                counter
 .bss.trigger   0x00800116        0x2 main.o
                0x00800116                trigger
 .bss.blinky    0x00800118        0x2 main.o
                0x00800118                blinky
 .bss.timer     0x0080011a        0x2 main.o
                0x0080011a                timer
 .bss.sevenSegmentDisplay
                0x0080011c        0x2 main.o
                0x0080011c                sevenSegmentDisplay
 *(COMMON)
 COMMON         0x0080011e        0x4 z:/atmel studio/7.0/toolchain/avr8/avr8-gnu-toolchain/bin/../lib/gcc/avr/5.4.0/../../../../avr/lib/avr5\libc.a(malloc.o)
                0x0080011e                __brkval
                0x00800120                __flp
                0x00800122                PROVIDE (__bss_end, .)
                0x00000b88                __data_load_start = LOADADDR (.data)
                0x00000b9a                __data_load_end = (__data_load_start + SIZEOF (.data))

.noinit         0x00800122        0x0
                [!provide]                PROVIDE (__noinit_start, .)
 *(.noinit*)
                [!provide]                PROVIDE (__noinit_end, .)
                0x00800122                _end = .
                0x00800122                PROVIDE (__heap_start, .)

.eeprom         0x00810000        0x0
 *(.eeprom*)
                0x00810000                __eeprom_end = .

.fuse
 *(.fuse)
 *(.lfuse)
 *(.hfuse)
 *(.efuse)

.lock
 *(.lock*)

.signature
 *(.signature*)

.user_signatures
 *(.user_signatures*)

.stab
 *(.stab)

.stabstr
 *(.stabstr)

.stab.excl
 *(.stab.excl)

.stab.exclstr
 *(.stab.exclstr)

.stab.index
 *(.stab.index)

.stab.indexstr
 *(.stab.indexstr)

.comment        0x00000000       0x30
 *(.comment)
 .comment       0x00000000       0x30 interrupts.o
                                 0x31 (size before relaxing)
 .comment       0x00000030       0x31 main.o
 .comment       0x00000030       0x31 memory.o
 .comment       0x00000030       0x31 Pins/Pin.o
 .comment       0x00000030       0x31 Shift_Register/ShiftRegister.o
 .comment       0x00000030       0x31 Shift_Register/ShiftRegister_SIPO.o
 .comment       0x00000030       0x31 Tasks/Blinky.o
 .comment       0x00000030       0x31 Tasks/Counter.o
 .comment       0x00000030       0x31 Tasks/Latch.o
 .comment       0x00000030       0x31 Tasks/SevenSeg.o
 .comment       0x00000030       0x31 Tasks/TaskManager.o
 .comment       0x00000030       0x31 Tasks/Trigger.o
 .comment       0x00000030       0x31 timer.o
 .comment       0x00000030       0x31 z:/atmel studio/7.0/toolchain/avr8/avr8-gnu-toolchain/bin/../lib/gcc/avr/5.4.0/../../../../avr/lib/avr5\libc.a(malloc.o)

.note.gnu.avr.deviceinfo
                0x00000000       0x3c
 .note.gnu.avr.deviceinfo
                0x00000000       0x3c Z:/Atmel Studio/7.0/Packs/atmel/ATmega_DFP/1.1.130/gcc/dev/atmega328/avr5/crtatmega328.o

.note.gnu.build-id
 *(.note.gnu.build-id)

.debug
 *(.debug)

.line
 *(.line)

.debug_srcinfo
 *(.debug_srcinfo)

.debug_sfnames
 *(.debug_sfnames)

.debug_aranges  0x00000000      0x370
 *(.debug_aranges)
 .debug_aranges
                0x00000000       0x58 interrupts.o
 .debug_aranges
                0x00000058       0x48 main.o
 .debug_aranges
                0x000000a0       0x38 memory.o
 .debug_aranges
                0x000000d8       0x58 Pins/Pin.o
 .debug_aranges
                0x00000130       0x48 Shift_Register/ShiftRegister.o
 .debug_aranges
                0x00000178       0x40 Shift_Register/ShiftRegister_SIPO.o
 .debug_aranges
                0x000001b8       0x30 Tasks/Blinky.o
 .debug_aranges
                0x000001e8       0x30 Tasks/Counter.o
 .debug_aranges
                0x00000218       0x30 Tasks/Latch.o
 .debug_aranges
                0x00000248       0x50 Tasks/SevenSeg.o
 .debug_aranges
                0x00000298       0x40 Tasks/TaskManager.o
 .debug_aranges
                0x000002d8       0x38 Tasks/Trigger.o
 .debug_aranges
                0x00000310       0x60 timer.o

.debug_pubnames
 *(.debug_pubnames)

.debug_info     0x00000000     0x59fa
 *(.debug_info .gnu.linkonce.wi.*)
 .debug_info    0x00000000      0x5f4 Z:/Atmel Studio/7.0/Packs/atmel/ATmega_DFP/1.1.130/gcc/dev/atmega328/avr5/crtatmega328.o
 .debug_info    0x000005f4      0x301 interrupts.o
 .debug_info    0x000008f5      0xe57 main.o
 .debug_info    0x0000174c      0x17c memory.o
 .debug_info    0x000018c8      0x40b Pins/Pin.o
 .debug_info    0x00001cd3      0x675 Shift_Register/ShiftRegister.o
 .debug_info    0x00002348      0x7c2 Shift_Register/ShiftRegister_SIPO.o
 .debug_info    0x00002b0a      0x558 Tasks/Blinky.o
 .debug_info    0x00003062      0x8ba Tasks/Counter.o
 .debug_info    0x0000391c      0x869 Tasks/Latch.o
 .debug_info    0x00004185      0xb58 Tasks/SevenSeg.o
 .debug_info    0x00004cdd      0x4b7 Tasks/TaskManager.o
 .debug_info    0x00005194      0x418 Tasks/Trigger.o
 .debug_info    0x000055ac      0x44e timer.o

.debug_abbrev   0x00000000     0x1e02
 *(.debug_abbrev)
 .debug_abbrev  0x00000000      0x5a2 Z:/Atmel Studio/7.0/Packs/atmel/ATmega_DFP/1.1.130/gcc/dev/atmega328/avr5/crtatmega328.o
 .debug_abbrev  0x000005a2      0x159 interrupts.o
 .debug_abbrev  0x000006fb      0x21f main.o
 .debug_abbrev  0x0000091a       0xbf memory.o
 .debug_abbrev  0x000009d9      0x1b8 Pins/Pin.o
 .debug_abbrev  0x00000b91      0x200 Shift_Register/ShiftRegister.o
 .debug_abbrev  0x00000d91      0x24c Shift_Register/ShiftRegister_SIPO.o
 .debug_abbrev  0x00000fdd      0x1fb Tasks/Blinky.o
 .debug_abbrev  0x000011d8      0x1f0 Tasks/Counter.o
 .debug_abbrev  0x000013c8      0x1f0 Tasks/Latch.o
 .debug_abbrev  0x000015b8      0x271 Tasks/SevenSeg.o
 .debug_abbrev  0x00001829      0x210 Tasks/TaskManager.o
 .debug_abbrev  0x00001a39      0x1f3 Tasks/Trigger.o
 .debug_abbrev  0x00001c2c      0x1d6 timer.o

.debug_line     0x00000000     0x1653
 *(.debug_line .debug_line.* .debug_line_end)
 .debug_line    0x00000000      0x133 Z:/Atmel Studio/7.0/Packs/atmel/ATmega_DFP/1.1.130/gcc/dev/atmega328/avr5/crtatmega328.o
 .debug_line    0x00000133      0x19c interrupts.o
 .debug_line    0x000002cf      0x269 main.o
 .debug_line    0x00000538      0x13b memory.o
 .debug_line    0x00000673      0x172 Pins/Pin.o
 .debug_line    0x000007e5      0x199 Shift_Register/ShiftRegister.o
 .debug_line    0x0000097e      0x1d6 Shift_Register/ShiftRegister_SIPO.o
 .debug_line    0x00000b54      0x147 Tasks/Blinky.o
 .debug_line    0x00000c9b      0x1a2 Tasks/Counter.o
 .debug_line    0x00000e3d      0x17a Tasks/Latch.o
 .debug_line    0x00000fb7      0x288 Tasks/SevenSeg.o
 .debug_line    0x0000123f      0x14e Tasks/TaskManager.o
 .debug_line    0x0000138d      0x157 Tasks/Trigger.o
 .debug_line    0x000014e4      0x16f timer.o

.debug_frame    0x00000000      0x750
 *(.debug_frame)
 .debug_frame   0x00000000      0x130 interrupts.o
 .debug_frame   0x00000130       0x84 main.o
 .debug_frame   0x000001b4       0x54 memory.o
 .debug_frame   0x00000208       0xa0 Pins/Pin.o
 .debug_frame   0x000002a8       0x8c Shift_Register/ShiftRegister.o
 .debug_frame   0x00000334       0x90 Shift_Register/ShiftRegister_SIPO.o
 .debug_frame   0x000003c4       0x64 Tasks/Blinky.o
 .debug_frame   0x00000428       0x50 Tasks/Counter.o
 .debug_frame   0x00000478       0x44 Tasks/Latch.o
 .debug_frame   0x000004bc       0xec Tasks/SevenSeg.o
 .debug_frame   0x000005a8       0x8c Tasks/TaskManager.o
 .debug_frame   0x00000634       0x6c Tasks/Trigger.o
 .debug_frame   0x000006a0       0xb0 timer.o

.debug_str      0x00000000     0x11e1
 *(.debug_str)
 .debug_str     0x00000000      0x208 Z:/Atmel Studio/7.0/Packs/atmel/ATmega_DFP/1.1.130/gcc/dev/atmega328/avr5/crtatmega328.o
 .debug_str     0x00000208      0x40c interrupts.o
                                0x44d (size before relaxing)
 .debug_str     0x00000614      0x7fc main.o
                                0xba3 (size before relaxing)
 .debug_str     0x00000e10       0x6a memory.o
                                0x1f2 (size before relaxing)
 .debug_str     0x00000e7a       0x5d Pins/Pin.o
                                0x33b (size before relaxing)
 .debug_str     0x00000ed7       0x80 Shift_Register/ShiftRegister.o
                                0x5ec (size before relaxing)
 .debug_str     0x00000f57       0x92 Shift_Register/ShiftRegister_SIPO.o
                                0x74a (size before relaxing)
 .debug_str     0x00000fe9       0x41 Tasks/Blinky.o
                                0x502 (size before relaxing)
 .debug_str     0x0000102a       0x51 Tasks/Counter.o
                                0x8d0 (size before relaxing)
 .debug_str     0x0000107b       0x38 Tasks/Latch.o
                                0x89d (size before relaxing)
 .debug_str     0x000010b3       0x50 Tasks/SevenSeg.o
                                0x87a (size before relaxing)
 .debug_str     0x00001103       0x57 Tasks/TaskManager.o
                                0x498 (size before relaxing)
 .debug_str     0x0000115a       0x3b Tasks/Trigger.o
                                0x3f8 (size before relaxing)
 .debug_str     0x00001195       0x4c timer.o
                                0x37a (size before relaxing)

.debug_loc      0x00000000     0x1112
 *(.debug_loc)
 .debug_loc     0x00000000      0x1c5 interrupts.o
 .debug_loc     0x000001c5       0x47 main.o
 .debug_loc     0x0000020c       0x98 memory.o
 .debug_loc     0x000002a4      0x28f Pins/Pin.o
 .debug_loc     0x00000533       0xca Shift_Register/ShiftRegister.o
 .debug_loc     0x000005fd      0x205 Shift_Register/ShiftRegister_SIPO.o
 .debug_loc     0x00000802      0x10a Tasks/Blinky.o
 .debug_loc     0x0000090c       0x65 Tasks/Counter.o
 .debug_loc     0x00000971       0x36 Tasks/Latch.o
 .debug_loc     0x000009a7      0x43c Tasks/SevenSeg.o
 .debug_loc     0x00000de3      0x127 Tasks/TaskManager.o
 .debug_loc     0x00000f0a      0x144 Tasks/Trigger.o
 .debug_loc     0x0000104e       0xc4 timer.o

.debug_macinfo
 *(.debug_macinfo)

.debug_weaknames
 *(.debug_weaknames)

.debug_funcnames
 *(.debug_funcnames)

.debug_typenames
 *(.debug_typenames)

.debug_varnames
 *(.debug_varnames)

.debug_pubtypes
 *(.debug_pubtypes)

.debug_ranges   0x00000000      0x2a0
 *(.debug_ranges)
 .debug_ranges  0x00000000       0x48 interrupts.o
 .debug_ranges  0x00000048       0x38 main.o
 .debug_ranges  0x00000080       0x28 memory.o
 .debug_ranges  0x000000a8       0x48 Pins/Pin.o
 .debug_ranges  0x000000f0       0x38 Shift_Register/ShiftRegister.o
 .debug_ranges  0x00000128       0x30 Shift_Register/ShiftRegister_SIPO.o
 .debug_ranges  0x00000158       0x20 Tasks/Blinky.o
 .debug_ranges  0x00000178       0x20 Tasks/Counter.o
 .debug_ranges  0x00000198       0x20 Tasks/Latch.o
 .debug_ranges  0x000001b8       0x40 Tasks/SevenSeg.o
 .debug_ranges  0x000001f8       0x30 Tasks/TaskManager.o
 .debug_ranges  0x00000228       0x28 Tasks/Trigger.o
 .debug_ranges  0x00000250       0x50 timer.o

.debug_macro
 *(.debug_macro)
OUTPUT(Sequencer-micro.elf elf32-avr)
LOAD linker stubs
