Archive member included to satisfy reference by file (symbol)

c:/program files (x86)/atmel/studio/7.0/toolchain/avr8/avr8-gnu-toolchain/bin/../lib/gcc/avr/4.9.2/avr5\libgcc.a(_divmodhi4.o)
                              Tasks/SevenSeg.o (__divmodhi4)
c:/program files (x86)/atmel/studio/7.0/toolchain/avr8/avr8-gnu-toolchain/bin/../lib/gcc/avr/4.9.2/avr5\libgcc.a(_exit.o)
                              C:/Program Files (x86)/Atmel/Studio/7.0/Packs/atmel/ATmega_DFP/1.1.130/gcc/dev/atmega328/avr5/crtatmega328.o (exit)
c:/program files (x86)/atmel/studio/7.0/toolchain/avr8/avr8-gnu-toolchain/bin/../lib/gcc/avr/4.9.2/avr5\libgcc.a(_copy_data.o)
                              Tasks/SevenSeg.o (__do_copy_data)
c:/program files (x86)/atmel/studio/7.0/toolchain/avr8/avr8-gnu-toolchain/bin/../lib/gcc/avr/4.9.2/avr5\libgcc.a(_clear_bss.o)
                              main.o (__do_clear_bss)
c:/program files (x86)/atmel/studio/7.0/toolchain/avr8/avr8-gnu-toolchain/bin/../lib/gcc/avr/4.9.2/avr5\libgcc.a(_ctors.o)
                              main.o (__do_global_ctors)
c:/program files (x86)/atmel/studio/7.0/toolchain/avr8/avr8-gnu-toolchain/bin/../lib/gcc/avr/4.9.2/avr5\libgcc.a(_dtors.o)
                              main.o (__do_global_dtors)
c:/program files (x86)/atmel/studio/7.0/toolchain/avr8/avr8-gnu-toolchain/bin/../lib/gcc/avr/4.9.2/avr5\libgcc.a(_udivmodhi4.o)
                              c:/program files (x86)/atmel/studio/7.0/toolchain/avr8/avr8-gnu-toolchain/bin/../lib/gcc/avr/4.9.2/avr5\libgcc.a(_divmodhi4.o) (__udivmodhi4)
c:/program files (x86)/atmel/studio/7.0/toolchain/avr8/avr8-gnu-toolchain/bin/../lib/gcc/avr/4.9.2/avr5\libgcc.a(_tablejump2.o)
                              c:/program files (x86)/atmel/studio/7.0/toolchain/avr8/avr8-gnu-toolchain/bin/../lib/gcc/avr/4.9.2/avr5\libgcc.a(_ctors.o) (__tablejump2__)

Discarded input sections

 .data          0x00000000        0x0 C:/Program Files (x86)/Atmel/Studio/7.0/Packs/atmel/ATmega_DFP/1.1.130/gcc/dev/atmega328/avr5/crtatmega328.o
 .bss           0x00000000        0x0 C:/Program Files (x86)/Atmel/Studio/7.0/Packs/atmel/ATmega_DFP/1.1.130/gcc/dev/atmega328/avr5/crtatmega328.o
 .text          0x00000000        0x0 interrupts.o
 .data          0x00000000        0x0 interrupts.o
 .bss           0x00000000        0x0 interrupts.o
 .text._Z14enableShiftingv
                0x00000000        0xc interrupts.o
 .text._Z15disableShiftingv
                0x00000000        0xc interrupts.o
 .text._Z24enableTimerOneInterruptsv
                0x00000000        0xc interrupts.o
 .text          0x00000000        0x0 main.o
 .data          0x00000000        0x0 main.o
 .bss           0x00000000        0x0 main.o
 .text          0x00000000        0x0 Shift_Register/ShiftRegister.o
 .data          0x00000000        0x0 Shift_Register/ShiftRegister.o
 .bss           0x00000000        0x0 Shift_Register/ShiftRegister.o
 .text          0x00000000        0x0 Shift_Register/ShiftRegister_PISO.o
 .data          0x00000000        0x0 Shift_Register/ShiftRegister_PISO.o
 .bss           0x00000000        0x0 Shift_Register/ShiftRegister_PISO.o
 .text._ZN18ShiftRegister_PISOC2Ev
                0x00000000       0x10 Shift_Register/ShiftRegister_PISO.o
 .text._ZN18ShiftRegister_PISOD2Ev
                0x00000000        0x2 Shift_Register/ShiftRegister_PISO.o
 .debug_info    0x00000000      0x35b Shift_Register/ShiftRegister_PISO.o
 .debug_abbrev  0x00000000      0x171 Shift_Register/ShiftRegister_PISO.o
 .debug_loc     0x00000000       0x28 Shift_Register/ShiftRegister_PISO.o
 .debug_aranges
                0x00000000       0x28 Shift_Register/ShiftRegister_PISO.o
 .debug_ranges  0x00000000       0x18 Shift_Register/ShiftRegister_PISO.o
 .debug_line    0x00000000      0x112 Shift_Register/ShiftRegister_PISO.o
 .debug_str     0x00000000      0x413 Shift_Register/ShiftRegister_PISO.o
 .comment       0x00000000       0x31 Shift_Register/ShiftRegister_PISO.o
 .debug_frame   0x00000000       0x34 Shift_Register/ShiftRegister_PISO.o
 .text          0x00000000        0x0 Shift_Register/ShiftRegister_SIPO.o
 .data          0x00000000        0x0 Shift_Register/ShiftRegister_SIPO.o
 .bss           0x00000000        0x0 Shift_Register/ShiftRegister_SIPO.o
 .text          0x00000000        0x0 Tasks/Blinky.o
 .data          0x00000000        0x0 Tasks/Blinky.o
 .bss           0x00000000        0x0 Tasks/Blinky.o
 .text          0x00000000        0x0 Tasks/Counter.o
 .data          0x00000000        0x0 Tasks/Counter.o
 .bss           0x00000000        0x0 Tasks/Counter.o
 .text          0x00000000        0x0 Tasks/Latch.o
 .data          0x00000000        0x0 Tasks/Latch.o
 .bss           0x00000000        0x0 Tasks/Latch.o
 .text          0x00000000        0x0 Tasks/SevenSeg.o
 .data          0x00000000        0x0 Tasks/SevenSeg.o
 .bss           0x00000000        0x0 Tasks/SevenSeg.o
 .text._ZN8SevenSeg12printNumbersEPh
                0x00000000       0x16 Tasks/SevenSeg.o
 .text._ZN8SevenSeg20printNumbers_NOLATCHEPh
                0x00000000        0x6 Tasks/SevenSeg.o
 .text._ZN8SevenSeg12printNumbersEh
                0x00000000       0x2c Tasks/SevenSeg.o
 .text          0x00000000        0x0 Tasks/TaskManager.o
 .data          0x00000000        0x0 Tasks/TaskManager.o
 .bss           0x00000000        0x0 Tasks/TaskManager.o
 .text._ZN11TaskManagerD2Ev
                0x00000000        0x2 Tasks/TaskManager.o
 .text          0x00000000        0x0 Tasks/Trigger.o
 .data          0x00000000        0x0 Tasks/Trigger.o
 .bss           0x00000000        0x0 Tasks/Trigger.o
 .text          0x00000000        0x0 timer.o
 .data          0x00000000        0x0 timer.o
 .bss           0x00000000        0x0 timer.o
 .text._ZN5Timer5resetEv
                0x00000000        0xc timer.o
 .text._ZN5Timer8fixTimerEv
                0x00000000       0x14 timer.o
 .text._ZN5Timer11resumeTimerEv
                0x00000000       0x14 timer.o
 .text          0x00000000        0x0 c:/program files (x86)/atmel/studio/7.0/toolchain/avr8/avr8-gnu-toolchain/bin/../lib/gcc/avr/4.9.2/avr5\libgcc.a(_divmodhi4.o)
 .data          0x00000000        0x0 c:/program files (x86)/atmel/studio/7.0/toolchain/avr8/avr8-gnu-toolchain/bin/../lib/gcc/avr/4.9.2/avr5\libgcc.a(_divmodhi4.o)
 .bss           0x00000000        0x0 c:/program files (x86)/atmel/studio/7.0/toolchain/avr8/avr8-gnu-toolchain/bin/../lib/gcc/avr/4.9.2/avr5\libgcc.a(_divmodhi4.o)
 .text.libgcc.mul
                0x00000000        0x0 c:/program files (x86)/atmel/studio/7.0/toolchain/avr8/avr8-gnu-toolchain/bin/../lib/gcc/avr/4.9.2/avr5\libgcc.a(_divmodhi4.o)
 .text.libgcc   0x00000000        0x0 c:/program files (x86)/atmel/studio/7.0/toolchain/avr8/avr8-gnu-toolchain/bin/../lib/gcc/avr/4.9.2/avr5\libgcc.a(_divmodhi4.o)
 .text.libgcc.prologue
                0x00000000        0x0 c:/program files (x86)/atmel/studio/7.0/toolchain/avr8/avr8-gnu-toolchain/bin/../lib/gcc/avr/4.9.2/avr5\libgcc.a(_divmodhi4.o)
 .text.libgcc.builtins
                0x00000000        0x0 c:/program files (x86)/atmel/studio/7.0/toolchain/avr8/avr8-gnu-toolchain/bin/../lib/gcc/avr/4.9.2/avr5\libgcc.a(_divmodhi4.o)
 .text.libgcc.fmul
                0x00000000        0x0 c:/program files (x86)/atmel/studio/7.0/toolchain/avr8/avr8-gnu-toolchain/bin/../lib/gcc/avr/4.9.2/avr5\libgcc.a(_divmodhi4.o)
 .text.libgcc.fixed
                0x00000000        0x0 c:/program files (x86)/atmel/studio/7.0/toolchain/avr8/avr8-gnu-toolchain/bin/../lib/gcc/avr/4.9.2/avr5\libgcc.a(_divmodhi4.o)
 .text          0x00000000        0x0 c:/program files (x86)/atmel/studio/7.0/toolchain/avr8/avr8-gnu-toolchain/bin/../lib/gcc/avr/4.9.2/avr5\libgcc.a(_exit.o)
 .data          0x00000000        0x0 c:/program files (x86)/atmel/studio/7.0/toolchain/avr8/avr8-gnu-toolchain/bin/../lib/gcc/avr/4.9.2/avr5\libgcc.a(_exit.o)
 .bss           0x00000000        0x0 c:/program files (x86)/atmel/studio/7.0/toolchain/avr8/avr8-gnu-toolchain/bin/../lib/gcc/avr/4.9.2/avr5\libgcc.a(_exit.o)
 .text.libgcc.mul
                0x00000000        0x0 c:/program files (x86)/atmel/studio/7.0/toolchain/avr8/avr8-gnu-toolchain/bin/../lib/gcc/avr/4.9.2/avr5\libgcc.a(_exit.o)
 .text.libgcc.div
                0x00000000        0x0 c:/program files (x86)/atmel/studio/7.0/toolchain/avr8/avr8-gnu-toolchain/bin/../lib/gcc/avr/4.9.2/avr5\libgcc.a(_exit.o)
 .text.libgcc   0x00000000        0x0 c:/program files (x86)/atmel/studio/7.0/toolchain/avr8/avr8-gnu-toolchain/bin/../lib/gcc/avr/4.9.2/avr5\libgcc.a(_exit.o)
 .text.libgcc.prologue
                0x00000000        0x0 c:/program files (x86)/atmel/studio/7.0/toolchain/avr8/avr8-gnu-toolchain/bin/../lib/gcc/avr/4.9.2/avr5\libgcc.a(_exit.o)
 .text.libgcc.builtins
                0x00000000        0x0 c:/program files (x86)/atmel/studio/7.0/toolchain/avr8/avr8-gnu-toolchain/bin/../lib/gcc/avr/4.9.2/avr5\libgcc.a(_exit.o)
 .text.libgcc.fmul
                0x00000000        0x0 c:/program files (x86)/atmel/studio/7.0/toolchain/avr8/avr8-gnu-toolchain/bin/../lib/gcc/avr/4.9.2/avr5\libgcc.a(_exit.o)
 .text.libgcc.fixed
                0x00000000        0x0 c:/program files (x86)/atmel/studio/7.0/toolchain/avr8/avr8-gnu-toolchain/bin/../lib/gcc/avr/4.9.2/avr5\libgcc.a(_exit.o)
 .text          0x00000000        0x0 c:/program files (x86)/atmel/studio/7.0/toolchain/avr8/avr8-gnu-toolchain/bin/../lib/gcc/avr/4.9.2/avr5\libgcc.a(_copy_data.o)
 .data          0x00000000        0x0 c:/program files (x86)/atmel/studio/7.0/toolchain/avr8/avr8-gnu-toolchain/bin/../lib/gcc/avr/4.9.2/avr5\libgcc.a(_copy_data.o)
 .bss           0x00000000        0x0 c:/program files (x86)/atmel/studio/7.0/toolchain/avr8/avr8-gnu-toolchain/bin/../lib/gcc/avr/4.9.2/avr5\libgcc.a(_copy_data.o)
 .text.libgcc.mul
                0x00000000        0x0 c:/program files (x86)/atmel/studio/7.0/toolchain/avr8/avr8-gnu-toolchain/bin/../lib/gcc/avr/4.9.2/avr5\libgcc.a(_copy_data.o)
 .text.libgcc.div
                0x00000000        0x0 c:/program files (x86)/atmel/studio/7.0/toolchain/avr8/avr8-gnu-toolchain/bin/../lib/gcc/avr/4.9.2/avr5\libgcc.a(_copy_data.o)
 .text.libgcc   0x00000000        0x0 c:/program files (x86)/atmel/studio/7.0/toolchain/avr8/avr8-gnu-toolchain/bin/../lib/gcc/avr/4.9.2/avr5\libgcc.a(_copy_data.o)
 .text.libgcc.prologue
                0x00000000        0x0 c:/program files (x86)/atmel/studio/7.0/toolchain/avr8/avr8-gnu-toolchain/bin/../lib/gcc/avr/4.9.2/avr5\libgcc.a(_copy_data.o)
 .text.libgcc.builtins
                0x00000000        0x0 c:/program files (x86)/atmel/studio/7.0/toolchain/avr8/avr8-gnu-toolchain/bin/../lib/gcc/avr/4.9.2/avr5\libgcc.a(_copy_data.o)
 .text.libgcc.fmul
                0x00000000        0x0 c:/program files (x86)/atmel/studio/7.0/toolchain/avr8/avr8-gnu-toolchain/bin/../lib/gcc/avr/4.9.2/avr5\libgcc.a(_copy_data.o)
 .text.libgcc.fixed
                0x00000000        0x0 c:/program files (x86)/atmel/studio/7.0/toolchain/avr8/avr8-gnu-toolchain/bin/../lib/gcc/avr/4.9.2/avr5\libgcc.a(_copy_data.o)
 .text          0x00000000        0x0 c:/program files (x86)/atmel/studio/7.0/toolchain/avr8/avr8-gnu-toolchain/bin/../lib/gcc/avr/4.9.2/avr5\libgcc.a(_clear_bss.o)
 .data          0x00000000        0x0 c:/program files (x86)/atmel/studio/7.0/toolchain/avr8/avr8-gnu-toolchain/bin/../lib/gcc/avr/4.9.2/avr5\libgcc.a(_clear_bss.o)
 .bss           0x00000000        0x0 c:/program files (x86)/atmel/studio/7.0/toolchain/avr8/avr8-gnu-toolchain/bin/../lib/gcc/avr/4.9.2/avr5\libgcc.a(_clear_bss.o)
 .text.libgcc.mul
                0x00000000        0x0 c:/program files (x86)/atmel/studio/7.0/toolchain/avr8/avr8-gnu-toolchain/bin/../lib/gcc/avr/4.9.2/avr5\libgcc.a(_clear_bss.o)
 .text.libgcc.div
                0x00000000        0x0 c:/program files (x86)/atmel/studio/7.0/toolchain/avr8/avr8-gnu-toolchain/bin/../lib/gcc/avr/4.9.2/avr5\libgcc.a(_clear_bss.o)
 .text.libgcc   0x00000000        0x0 c:/program files (x86)/atmel/studio/7.0/toolchain/avr8/avr8-gnu-toolchain/bin/../lib/gcc/avr/4.9.2/avr5\libgcc.a(_clear_bss.o)
 .text.libgcc.prologue
                0x00000000        0x0 c:/program files (x86)/atmel/studio/7.0/toolchain/avr8/avr8-gnu-toolchain/bin/../lib/gcc/avr/4.9.2/avr5\libgcc.a(_clear_bss.o)
 .text.libgcc.builtins
                0x00000000        0x0 c:/program files (x86)/atmel/studio/7.0/toolchain/avr8/avr8-gnu-toolchain/bin/../lib/gcc/avr/4.9.2/avr5\libgcc.a(_clear_bss.o)
 .text.libgcc.fmul
                0x00000000        0x0 c:/program files (x86)/atmel/studio/7.0/toolchain/avr8/avr8-gnu-toolchain/bin/../lib/gcc/avr/4.9.2/avr5\libgcc.a(_clear_bss.o)
 .text.libgcc.fixed
                0x00000000        0x0 c:/program files (x86)/atmel/studio/7.0/toolchain/avr8/avr8-gnu-toolchain/bin/../lib/gcc/avr/4.9.2/avr5\libgcc.a(_clear_bss.o)
 .text          0x00000000        0x0 c:/program files (x86)/atmel/studio/7.0/toolchain/avr8/avr8-gnu-toolchain/bin/../lib/gcc/avr/4.9.2/avr5\libgcc.a(_ctors.o)
 .data          0x00000000        0x0 c:/program files (x86)/atmel/studio/7.0/toolchain/avr8/avr8-gnu-toolchain/bin/../lib/gcc/avr/4.9.2/avr5\libgcc.a(_ctors.o)
 .bss           0x00000000        0x0 c:/program files (x86)/atmel/studio/7.0/toolchain/avr8/avr8-gnu-toolchain/bin/../lib/gcc/avr/4.9.2/avr5\libgcc.a(_ctors.o)
 .text.libgcc.mul
                0x00000000        0x0 c:/program files (x86)/atmel/studio/7.0/toolchain/avr8/avr8-gnu-toolchain/bin/../lib/gcc/avr/4.9.2/avr5\libgcc.a(_ctors.o)
 .text.libgcc.div
                0x00000000        0x0 c:/program files (x86)/atmel/studio/7.0/toolchain/avr8/avr8-gnu-toolchain/bin/../lib/gcc/avr/4.9.2/avr5\libgcc.a(_ctors.o)
 .text.libgcc   0x00000000        0x0 c:/program files (x86)/atmel/studio/7.0/toolchain/avr8/avr8-gnu-toolchain/bin/../lib/gcc/avr/4.9.2/avr5\libgcc.a(_ctors.o)
 .text.libgcc.prologue
                0x00000000        0x0 c:/program files (x86)/atmel/studio/7.0/toolchain/avr8/avr8-gnu-toolchain/bin/../lib/gcc/avr/4.9.2/avr5\libgcc.a(_ctors.o)
 .text.libgcc.builtins
                0x00000000        0x0 c:/program files (x86)/atmel/studio/7.0/toolchain/avr8/avr8-gnu-toolchain/bin/../lib/gcc/avr/4.9.2/avr5\libgcc.a(_ctors.o)
 .text.libgcc.fmul
                0x00000000        0x0 c:/program files (x86)/atmel/studio/7.0/toolchain/avr8/avr8-gnu-toolchain/bin/../lib/gcc/avr/4.9.2/avr5\libgcc.a(_ctors.o)
 .text.libgcc.fixed
                0x00000000        0x0 c:/program files (x86)/atmel/studio/7.0/toolchain/avr8/avr8-gnu-toolchain/bin/../lib/gcc/avr/4.9.2/avr5\libgcc.a(_ctors.o)
 .text          0x00000000        0x0 c:/program files (x86)/atmel/studio/7.0/toolchain/avr8/avr8-gnu-toolchain/bin/../lib/gcc/avr/4.9.2/avr5\libgcc.a(_dtors.o)
 .data          0x00000000        0x0 c:/program files (x86)/atmel/studio/7.0/toolchain/avr8/avr8-gnu-toolchain/bin/../lib/gcc/avr/4.9.2/avr5\libgcc.a(_dtors.o)
 .bss           0x00000000        0x0 c:/program files (x86)/atmel/studio/7.0/toolchain/avr8/avr8-gnu-toolchain/bin/../lib/gcc/avr/4.9.2/avr5\libgcc.a(_dtors.o)
 .text.libgcc.mul
                0x00000000        0x0 c:/program files (x86)/atmel/studio/7.0/toolchain/avr8/avr8-gnu-toolchain/bin/../lib/gcc/avr/4.9.2/avr5\libgcc.a(_dtors.o)
 .text.libgcc.div
                0x00000000        0x0 c:/program files (x86)/atmel/studio/7.0/toolchain/avr8/avr8-gnu-toolchain/bin/../lib/gcc/avr/4.9.2/avr5\libgcc.a(_dtors.o)
 .text.libgcc   0x00000000        0x0 c:/program files (x86)/atmel/studio/7.0/toolchain/avr8/avr8-gnu-toolchain/bin/../lib/gcc/avr/4.9.2/avr5\libgcc.a(_dtors.o)
 .text.libgcc.prologue
                0x00000000        0x0 c:/program files (x86)/atmel/studio/7.0/toolchain/avr8/avr8-gnu-toolchain/bin/../lib/gcc/avr/4.9.2/avr5\libgcc.a(_dtors.o)
 .text.libgcc.builtins
                0x00000000        0x0 c:/program files (x86)/atmel/studio/7.0/toolchain/avr8/avr8-gnu-toolchain/bin/../lib/gcc/avr/4.9.2/avr5\libgcc.a(_dtors.o)
 .text.libgcc.fmul
                0x00000000        0x0 c:/program files (x86)/atmel/studio/7.0/toolchain/avr8/avr8-gnu-toolchain/bin/../lib/gcc/avr/4.9.2/avr5\libgcc.a(_dtors.o)
 .text.libgcc.fixed
                0x00000000        0x0 c:/program files (x86)/atmel/studio/7.0/toolchain/avr8/avr8-gnu-toolchain/bin/../lib/gcc/avr/4.9.2/avr5\libgcc.a(_dtors.o)
 .text          0x00000000        0x0 c:/program files (x86)/atmel/studio/7.0/toolchain/avr8/avr8-gnu-toolchain/bin/../lib/gcc/avr/4.9.2/avr5\libgcc.a(_udivmodhi4.o)
 .data          0x00000000        0x0 c:/program files (x86)/atmel/studio/7.0/toolchain/avr8/avr8-gnu-toolchain/bin/../lib/gcc/avr/4.9.2/avr5\libgcc.a(_udivmodhi4.o)
 .bss           0x00000000        0x0 c:/program files (x86)/atmel/studio/7.0/toolchain/avr8/avr8-gnu-toolchain/bin/../lib/gcc/avr/4.9.2/avr5\libgcc.a(_udivmodhi4.o)
 .text.libgcc.mul
                0x00000000        0x0 c:/program files (x86)/atmel/studio/7.0/toolchain/avr8/avr8-gnu-toolchain/bin/../lib/gcc/avr/4.9.2/avr5\libgcc.a(_udivmodhi4.o)
 .text.libgcc   0x00000000        0x0 c:/program files (x86)/atmel/studio/7.0/toolchain/avr8/avr8-gnu-toolchain/bin/../lib/gcc/avr/4.9.2/avr5\libgcc.a(_udivmodhi4.o)
 .text.libgcc.prologue
                0x00000000        0x0 c:/program files (x86)/atmel/studio/7.0/toolchain/avr8/avr8-gnu-toolchain/bin/../lib/gcc/avr/4.9.2/avr5\libgcc.a(_udivmodhi4.o)
 .text.libgcc.builtins
                0x00000000        0x0 c:/program files (x86)/atmel/studio/7.0/toolchain/avr8/avr8-gnu-toolchain/bin/../lib/gcc/avr/4.9.2/avr5\libgcc.a(_udivmodhi4.o)
 .text.libgcc.fmul
                0x00000000        0x0 c:/program files (x86)/atmel/studio/7.0/toolchain/avr8/avr8-gnu-toolchain/bin/../lib/gcc/avr/4.9.2/avr5\libgcc.a(_udivmodhi4.o)
 .text.libgcc.fixed
                0x00000000        0x0 c:/program files (x86)/atmel/studio/7.0/toolchain/avr8/avr8-gnu-toolchain/bin/../lib/gcc/avr/4.9.2/avr5\libgcc.a(_udivmodhi4.o)
 .text          0x00000000        0x0 c:/program files (x86)/atmel/studio/7.0/toolchain/avr8/avr8-gnu-toolchain/bin/../lib/gcc/avr/4.9.2/avr5\libgcc.a(_tablejump2.o)
 .data          0x00000000        0x0 c:/program files (x86)/atmel/studio/7.0/toolchain/avr8/avr8-gnu-toolchain/bin/../lib/gcc/avr/4.9.2/avr5\libgcc.a(_tablejump2.o)
 .bss           0x00000000        0x0 c:/program files (x86)/atmel/studio/7.0/toolchain/avr8/avr8-gnu-toolchain/bin/../lib/gcc/avr/4.9.2/avr5\libgcc.a(_tablejump2.o)
 .text.libgcc.mul
                0x00000000        0x0 c:/program files (x86)/atmel/studio/7.0/toolchain/avr8/avr8-gnu-toolchain/bin/../lib/gcc/avr/4.9.2/avr5\libgcc.a(_tablejump2.o)
 .text.libgcc.div
                0x00000000        0x0 c:/program files (x86)/atmel/studio/7.0/toolchain/avr8/avr8-gnu-toolchain/bin/../lib/gcc/avr/4.9.2/avr5\libgcc.a(_tablejump2.o)
 .text.libgcc.prologue
                0x00000000        0x0 c:/program files (x86)/atmel/studio/7.0/toolchain/avr8/avr8-gnu-toolchain/bin/../lib/gcc/avr/4.9.2/avr5\libgcc.a(_tablejump2.o)
 .text.libgcc.builtins
                0x00000000        0x0 c:/program files (x86)/atmel/studio/7.0/toolchain/avr8/avr8-gnu-toolchain/bin/../lib/gcc/avr/4.9.2/avr5\libgcc.a(_tablejump2.o)
 .text.libgcc.fmul
                0x00000000        0x0 c:/program files (x86)/atmel/studio/7.0/toolchain/avr8/avr8-gnu-toolchain/bin/../lib/gcc/avr/4.9.2/avr5\libgcc.a(_tablejump2.o)
 .text.libgcc.fixed
                0x00000000        0x0 c:/program files (x86)/atmel/studio/7.0/toolchain/avr8/avr8-gnu-toolchain/bin/../lib/gcc/avr/4.9.2/avr5\libgcc.a(_tablejump2.o)

Memory Configuration

Name             Origin             Length             Attributes
text             0x00000000         0x00020000         xr
data             0x00800060         0x0000ffa0         rw !x
eeprom           0x00810000         0x00010000         rw !x
fuse             0x00820000         0x00000003         rw !x
lock             0x00830000         0x00000400         rw !x
signature        0x00840000         0x00000400         rw !x
user_signatures  0x00850000         0x00000400         rw !x
*default*        0x00000000         0xffffffff

Linker script and memory map

Address of section .data set to 0x800100
LOAD C:/Program Files (x86)/Atmel/Studio/7.0/Packs/atmel/ATmega_DFP/1.1.130/gcc/dev/atmega328/avr5/crtatmega328.o
LOAD interrupts.o
LOAD main.o
LOAD Shift_Register/ShiftRegister.o
LOAD Shift_Register/ShiftRegister_PISO.o
LOAD Shift_Register/ShiftRegister_SIPO.o
LOAD Tasks/Blinky.o
LOAD Tasks/Counter.o
LOAD Tasks/Latch.o
LOAD Tasks/SevenSeg.o
LOAD Tasks/TaskManager.o
LOAD Tasks/Trigger.o
LOAD timer.o
START GROUP
LOAD c:/program files (x86)/atmel/studio/7.0/toolchain/avr8/avr8-gnu-toolchain/bin/../lib/gcc/avr/4.9.2/../../../../avr/lib/avr5\libm.a
END GROUP
LOAD c:/program files (x86)/atmel/studio/7.0/toolchain/avr8/avr8-gnu-toolchain/bin/../lib/gcc/avr/4.9.2/avr5\libgcc.a
LOAD c:/program files (x86)/atmel/studio/7.0/toolchain/avr8/avr8-gnu-toolchain/bin/../lib/gcc/avr/4.9.2/../../../../avr/lib/avr5\libm.a
START GROUP
LOAD c:/program files (x86)/atmel/studio/7.0/toolchain/avr8/avr8-gnu-toolchain/bin/../lib/gcc/avr/4.9.2/avr5\libgcc.a
LOAD c:/program files (x86)/atmel/studio/7.0/toolchain/avr8/avr8-gnu-toolchain/bin/../lib/gcc/avr/4.9.2/../../../../avr/lib/avr5\libm.a
LOAD c:/program files (x86)/atmel/studio/7.0/toolchain/avr8/avr8-gnu-toolchain/bin/../lib/gcc/avr/4.9.2/../../../../avr/lib/avr5\libc.a
LOAD C:/Program Files (x86)/Atmel/Studio/7.0/Packs/atmel/ATmega_DFP/1.1.130/gcc/dev/atmega328/avr5\libatmega328.a
END GROUP
                0x00020000                __TEXT_REGION_LENGTH__ = DEFINED (__TEXT_REGION_LENGTH__)?__TEXT_REGION_LENGTH__:0x20000
                0x0000ffa0                __DATA_REGION_LENGTH__ = DEFINED (__DATA_REGION_LENGTH__)?__DATA_REGION_LENGTH__:0xffa0
                0x00010000                __EEPROM_REGION_LENGTH__ = DEFINED (__EEPROM_REGION_LENGTH__)?__EEPROM_REGION_LENGTH__:0x10000
                [0x00000003]                __FUSE_REGION_LENGTH__ = DEFINED (__FUSE_REGION_LENGTH__)?__FUSE_REGION_LENGTH__:0x400
                0x00000400                __LOCK_REGION_LENGTH__ = DEFINED (__LOCK_REGION_LENGTH__)?__LOCK_REGION_LENGTH__:0x400
                0x00000400                __SIGNATURE_REGION_LENGTH__ = DEFINED (__SIGNATURE_REGION_LENGTH__)?__SIGNATURE_REGION_LENGTH__:0x400
                0x00000400                __USER_SIGNATURE_REGION_LENGTH__ = DEFINED (__USER_SIGNATURE_REGION_LENGTH__)?__USER_SIGNATURE_REGION_LENGTH__:0x400

.hash
 *(.hash)

.dynsym
 *(.dynsym)

.dynstr
 *(.dynstr)

.gnu.version
 *(.gnu.version)

.gnu.version_d
 *(.gnu.version_d)

.gnu.version_r
 *(.gnu.version_r)

.rel.init
 *(.rel.init)

.rela.init
 *(.rela.init)

.rel.text
 *(.rel.text)
 *(.rel.text.*)
 *(.rel.gnu.linkonce.t*)

.rela.text
 *(.rela.text)
 *(.rela.text.*)
 *(.rela.gnu.linkonce.t*)

.rel.fini
 *(.rel.fini)

.rela.fini
 *(.rela.fini)

.rel.rodata
 *(.rel.rodata)
 *(.rel.rodata.*)
 *(.rel.gnu.linkonce.r*)

.rela.rodata
 *(.rela.rodata)
 *(.rela.rodata.*)
 *(.rela.gnu.linkonce.r*)

.rel.data
 *(.rel.data)
 *(.rel.data.*)
 *(.rel.gnu.linkonce.d*)

.rela.data
 *(.rela.data)
 *(.rela.data.*)
 *(.rela.gnu.linkonce.d*)

.rel.ctors
 *(.rel.ctors)

.rela.ctors
 *(.rela.ctors)

.rel.dtors
 *(.rel.dtors)

.rela.dtors
 *(.rela.dtors)

.rel.got
 *(.rel.got)

.rela.got
 *(.rela.got)

.rel.bss
 *(.rel.bss)

.rela.bss
 *(.rela.bss)

.rel.plt
 *(.rel.plt)

.rela.plt
 *(.rela.plt)

.text           0x00000000      0xa44
 *(.vectors)
 .vectors       0x00000000       0x68 C:/Program Files (x86)/Atmel/Studio/7.0/Packs/atmel/ATmega_DFP/1.1.130/gcc/dev/atmega328/avr5/crtatmega328.o
                0x00000000                __vector_default
                0x00000000                __vectors
 *(.vectors)
 *(.progmem.gcc*)
                0x00000068                . = ALIGN (0x2)
                0x00000068                __trampolines_start = .
 *(.trampolines)
 .trampolines   0x00000068        0x0 linker stubs
 *(.trampolines*)
                0x00000068                __trampolines_end = .
 *libprintf_flt.a:*(.progmem.data)
 *libc.a:*(.progmem.data)
 *(.progmem*)
                0x00000068                . = ALIGN (0x2)
 *(.jumptables)
 *(.jumptables*)
 *(.lowtext)
 *(.lowtext*)
                0x00000068                __ctors_start = .
 *(.ctors)
 .ctors         0x00000068        0x2 main.o
                0x0000006a                __ctors_end = .
                0x0000006a                __dtors_start = .
 *(.dtors)
 .dtors         0x0000006a        0x2 main.o
                0x0000006c                __dtors_end = .
 SORT(*)(.ctors)
 SORT(*)(.dtors)
 *(.init0)
 .init0         0x0000006c        0x0 C:/Program Files (x86)/Atmel/Studio/7.0/Packs/atmel/ATmega_DFP/1.1.130/gcc/dev/atmega328/avr5/crtatmega328.o
                0x0000006c                __init
 *(.init0)
 *(.init1)
 *(.init1)
 *(.init2)
 .init2         0x0000006c        0xc C:/Program Files (x86)/Atmel/Studio/7.0/Packs/atmel/ATmega_DFP/1.1.130/gcc/dev/atmega328/avr5/crtatmega328.o
 *(.init2)
 *(.init3)
 *(.init3)
 *(.init4)
 .init4         0x00000078       0x16 c:/program files (x86)/atmel/studio/7.0/toolchain/avr8/avr8-gnu-toolchain/bin/../lib/gcc/avr/4.9.2/avr5\libgcc.a(_copy_data.o)
                0x00000078                __do_copy_data
 .init4         0x0000008e       0x10 c:/program files (x86)/atmel/studio/7.0/toolchain/avr8/avr8-gnu-toolchain/bin/../lib/gcc/avr/4.9.2/avr5\libgcc.a(_clear_bss.o)
                0x0000008e                __do_clear_bss
 *(.init4)
 *(.init5)
 *(.init5)
 *(.init6)
 .init6         0x0000009e       0x16 c:/program files (x86)/atmel/studio/7.0/toolchain/avr8/avr8-gnu-toolchain/bin/../lib/gcc/avr/4.9.2/avr5\libgcc.a(_ctors.o)
                0x0000009e                __do_global_ctors
 *(.init6)
 *(.init7)
 *(.init7)
 *(.init8)
 *(.init8)
 *(.init9)
 .init9         0x000000b4        0x8 C:/Program Files (x86)/Atmel/Studio/7.0/Packs/atmel/ATmega_DFP/1.1.130/gcc/dev/atmega328/avr5/crtatmega328.o
 *(.init9)
 *(.text)
 .text          0x000000bc        0x4 C:/Program Files (x86)/Atmel/Studio/7.0/Packs/atmel/ATmega_DFP/1.1.130/gcc/dev/atmega328/avr5/crtatmega328.o
                0x000000bc                __vector_22
                0x000000bc                __vector_1
                0x000000bc                __vector_24
                0x000000bc                __bad_interrupt
                0x000000bc                __vector_6
                0x000000bc                __vector_3
                0x000000bc                __vector_23
                0x000000bc                __vector_25
                0x000000bc                __vector_13
                0x000000bc                __vector_17
                0x000000bc                __vector_19
                0x000000bc                __vector_7
                0x000000bc                __vector_5
                0x000000bc                __vector_4
                0x000000bc                __vector_9
                0x000000bc                __vector_2
                0x000000bc                __vector_21
                0x000000bc                __vector_15
                0x000000bc                __vector_8
                0x000000bc                __vector_10
                0x000000bc                __vector_16
                0x000000bc                __vector_18
                0x000000bc                __vector_20
                0x000000c0                . = ALIGN (0x2)
 *(.text.*)
 .text.__vector_14
                0x000000c0       0x4c interrupts.o
                0x000000c0                __vector_14
 .text.__vector_12
                0x0000010c       0x16 interrupts.o
                0x0000010c                __vector_12
 .text._Z20setUpTimerInterruptsv
                0x00000122       0x52 interrupts.o
                0x00000122                _Z20setUpTimerInterruptsv
 .text._Z25disableTimerOneInterruptsv
                0x00000174        0xc interrupts.o
                0x00000174                _Z25disableTimerOneInterruptsv
 .text.__vector_11
                0x00000180       0x4a interrupts.o
                0x00000180                __vector_11
 .text._Z9latchTaskv
                0x000001ca        0xa main.o
                0x000001ca                _Z9latchTaskv
 .text._Z23sevenSegmentDisplayTaskv
                0x000001d4        0xa main.o
                0x000001d4                _Z23sevenSegmentDisplayTaskv
 .text._Z11triggerTaskv
                0x000001de        0xa main.o
                0x000001de                _Z11triggerTaskv
 .text._Z11counterTaskv
                0x000001e8        0xa main.o
                0x000001e8                _Z11counterTaskv
 .text._Z10blinkyTaskv
                0x000001f2        0xa main.o
                0x000001f2                _Z10blinkyTaskv
 .text._Z10setupTasksv
                0x000001fc       0x48 main.o
                0x000001fc                _Z10setupTasksv
 .text.main     0x00000244       0x74 main.o
                0x00000244                main
 .text._GLOBAL__sub_I_sevenSegmentDisplay
                0x000002b8       0x32 main.o
 .text._GLOBAL__sub_D_sevenSegmentDisplay
                0x000002ea       0x32 main.o
 .text._ZN13ShiftRegisterC2Ev
                0x0000031c        0x2 Shift_Register/ShiftRegister.o
                0x0000031c                _ZN13ShiftRegisterC1Ev
                0x0000031c                _ZN13ShiftRegisterC2Ev
 .text._ZN13ShiftRegister9getPinoutEPVhS1_hhh
                0x0000031e       0x5a Shift_Register/ShiftRegister.o
                0x0000031e                _ZN13ShiftRegister9getPinoutEPVhS1_hhh
 .text._ZN13ShiftRegisterC2EPVhS1_hhh
                0x00000378        0xe Shift_Register/ShiftRegister.o
                0x00000378                _ZN13ShiftRegisterC1EPVhS1_hhh
                0x00000378                _ZN13ShiftRegisterC2EPVhS1_hhh
 .text._ZN13ShiftRegister11singleShiftEv
                0x00000386       0x5a Shift_Register/ShiftRegister.o
                0x00000386                _ZN13ShiftRegister11singleShiftEv
 .text._ZN13ShiftRegister11latchOutputEv
                0x000003e0       0x64 Shift_Register/ShiftRegister.o
                0x000003e0                _ZN13ShiftRegister11latchOutputEv
 .text._ZN13ShiftRegister17getTimerReferenceEP5Timer
                0x00000444        0x8 Shift_Register/ShiftRegister.o
                0x00000444                _ZN13ShiftRegister17getTimerReferenceEP5Timer
 .text._ZN13ShiftRegisterD2Ev
                0x0000044c        0x2 Shift_Register/ShiftRegister.o
                0x0000044c                _ZN13ShiftRegisterD1Ev
                0x0000044c                _ZN13ShiftRegisterD2Ev
 .text._ZN18ShiftRegister_SIPOC2Ev
                0x0000044e       0x48 Shift_Register/ShiftRegister_SIPO.o
                0x0000044e                _ZN18ShiftRegister_SIPOC1Ev
                0x0000044e                _ZN18ShiftRegister_SIPOC2Ev
 .text._ZN18ShiftRegister_SIPOC2EPVhS1_hhh
                0x00000496       0x62 Shift_Register/ShiftRegister_SIPO.o
                0x00000496                _ZN18ShiftRegister_SIPOC1EPVhS1_hhh
                0x00000496                _ZN18ShiftRegister_SIPOC2EPVhS1_hhh
 .text._ZN18ShiftRegister_SIPO9shiftBitsEv
                0x000004f8       0x9e Shift_Register/ShiftRegister_SIPO.o
                0x000004f8                _ZN18ShiftRegister_SIPO9shiftBitsEv
 .text._ZN18ShiftRegister_SIPO8loadByteEh
                0x00000596        0x6 Shift_Register/ShiftRegister_SIPO.o
                0x00000596                _ZN18ShiftRegister_SIPO8loadByteEh
 .text._ZN18ShiftRegister_SIPOD2Ev
                0x0000059c        0x6 Shift_Register/ShiftRegister_SIPO.o
                0x0000059c                _ZN18ShiftRegister_SIPOD1Ev
                0x0000059c                _ZN18ShiftRegister_SIPOD2Ev
 .text._ZN6BlinkyC2Ev
                0x000005a2       0x14 Tasks/Blinky.o
                0x000005a2                _ZN6BlinkyC1Ev
                0x000005a2                _ZN6BlinkyC2Ev
 .text._ZN6Blinky11getTimerRefEP5Timer
                0x000005b6        0x8 Tasks/Blinky.o
                0x000005b6                _ZN6Blinky11getTimerRefEP5Timer
 .text._ZN6Blinky3runEv
                0x000005be       0x48 Tasks/Blinky.o
                0x000005be                _ZN6Blinky3runEv
 .text._ZN6BlinkyD2Ev
                0x00000606        0x2 Tasks/Blinky.o
                0x00000606                _ZN6BlinkyD2Ev
                0x00000606                _ZN6BlinkyD1Ev
 .text._ZN7CounterC2Ev
                0x00000608        0xe Tasks/Counter.o
                0x00000608                _ZN7CounterC2Ev
                0x00000608                _ZN7CounterC1Ev
 .text._ZN7Counter4initEP5TimerP8SevenSeg
                0x00000616        0xc Tasks/Counter.o
                0x00000616                _ZN7Counter4initEP5TimerP8SevenSeg
 .text._ZN7Counter3runEv
                0x00000622       0x54 Tasks/Counter.o
                0x00000622                _ZN7Counter3runEv
 .text._ZN7CounterD2Ev
                0x00000676        0x2 Tasks/Counter.o
                0x00000676                _ZN7CounterD2Ev
                0x00000676                _ZN7CounterD1Ev
 .text._ZN5LatchC2Ev
                0x00000678        0x2 Tasks/Latch.o
                0x00000678                _ZN5LatchC1Ev
                0x00000678                _ZN5LatchC2Ev
 .text._ZN5Latch14getSevenSegRefEP8SevenSeg
                0x0000067a        0x8 Tasks/Latch.o
                0x0000067a                _ZN5Latch14getSevenSegRefEP8SevenSeg
 .text._ZN5Latch3runEv
                0x00000682       0x1a Tasks/Latch.o
                0x00000682                _ZN5Latch3runEv
 .text._ZN5LatchD2Ev
                0x0000069c        0x2 Tasks/Latch.o
                0x0000069c                _ZN5LatchD1Ev
                0x0000069c                _ZN5LatchD2Ev
 .text._ZN8SevenSegC2Ev
                0x0000069e       0x70 Tasks/SevenSeg.o
                0x0000069e                _ZN8SevenSegC2Ev
                0x0000069e                _ZN8SevenSegC1Ev
 .text._ZN8SevenSeg12sevenSegInitEhP5Timer
                0x0000070e       0x1e Tasks/SevenSeg.o
                0x0000070e                _ZN8SevenSeg12sevenSegInitEhP5Timer
 .text._ZN8SevenSeg12shiftInBytesEPh
                0x0000072c       0x6c Tasks/SevenSeg.o
                0x0000072c                _ZN8SevenSeg12shiftInBytesEPh
 .text._ZN8SevenSeg3runEv
                0x00000798       0x52 Tasks/SevenSeg.o
                0x00000798                _ZN8SevenSeg3runEv
 .text._ZN8SevenSegD2Ev
                0x000007ea        0x6 Tasks/SevenSeg.o
                0x000007ea                _ZN8SevenSegD2Ev
                0x000007ea                _ZN8SevenSegD1Ev
 .text._ZN11TaskManagerC2EP5Timer
                0x000007f0        0xe Tasks/TaskManager.o
                0x000007f0                _ZN11TaskManagerC2EP5Timer
                0x000007f0                _ZN11TaskManagerC1EP5Timer
 .text._ZN11TaskManager7addTaskEPFvvEh
                0x000007fe       0x28 Tasks/TaskManager.o
                0x000007fe                _ZN11TaskManager7addTaskEPFvvEh
 .text._ZN11TaskManager20generateRandomNumberEv
                0x00000826       0x1e Tasks/TaskManager.o
                0x00000826                _ZN11TaskManager20generateRandomNumberEv
 .text._ZN11TaskManager8runTasksEv
                0x00000844       0x68 Tasks/TaskManager.o
                0x00000844                _ZN11TaskManager8runTasksEv
 .text._ZN7TriggerC2Ev
                0x000008ac        0xe Tasks/Trigger.o
                0x000008ac                _ZN7TriggerC2Ev
                0x000008ac                _ZN7TriggerC1Ev
 .text._ZN7Trigger11getTimerRefEP5Timer
                0x000008ba       0x1e Tasks/Trigger.o
                0x000008ba                _ZN7Trigger11getTimerRefEP5Timer
 .text._ZN7Trigger9conditionEv
                0x000008d8       0x4a Tasks/Trigger.o
                0x000008d8                _ZN7Trigger9conditionEv
 .text._ZN7Trigger3runEv
                0x00000922       0x36 Tasks/Trigger.o
                0x00000922                _ZN7Trigger3runEv
 .text._ZN7TriggerD2Ev
                0x00000958        0x2 Tasks/Trigger.o
                0x00000958                _ZN7TriggerD2Ev
                0x00000958                _ZN7TriggerD1Ev
 .text._ZN5TimerC2Ev
                0x0000095a       0x14 timer.o
                0x0000095a                _ZN5TimerC2Ev
                0x0000095a                _ZN5TimerC1Ev
 .text._ZN5Timer14incrementTimerEv
                0x0000096e       0x1c timer.o
                0x0000096e                _ZN5Timer14incrementTimerEv
 .text._ZN5Timer14elapsed_millisEm
                0x0000098a       0x24 timer.o
                0x0000098a                _ZN5Timer14elapsed_millisEm
 .text._ZN5Timer6millisEv
                0x000009ae        0xc timer.o
                0x000009ae                _ZN5Timer6millisEv
 .text._ZN5Timer8wait_1usEv
                0x000009ba       0x12 timer.o
                0x000009ba                _ZN5Timer8wait_1usEv
 .text._ZN5TimerD2Ev
                0x000009cc        0x2 timer.o
                0x000009cc                _ZN5TimerD2Ev
                0x000009cc                _ZN5TimerD1Ev
 .text.libgcc.div
                0x000009ce       0x28 c:/program files (x86)/atmel/studio/7.0/toolchain/avr8/avr8-gnu-toolchain/bin/../lib/gcc/avr/4.9.2/avr5\libgcc.a(_divmodhi4.o)
                0x000009ce                _div
                0x000009ce                __divmodhi4
 .text.libgcc.div
                0x000009f6       0x28 c:/program files (x86)/atmel/studio/7.0/toolchain/avr8/avr8-gnu-toolchain/bin/../lib/gcc/avr/4.9.2/avr5\libgcc.a(_udivmodhi4.o)
                0x000009f6                __udivmodhi4
 .text.libgcc   0x00000a1e        0xc c:/program files (x86)/atmel/studio/7.0/toolchain/avr8/avr8-gnu-toolchain/bin/../lib/gcc/avr/4.9.2/avr5\libgcc.a(_tablejump2.o)
                0x00000a1e                __tablejump2__
                0x00000a2a                . = ALIGN (0x2)
 *(.fini9)
 .fini9         0x00000a2a        0x0 c:/program files (x86)/atmel/studio/7.0/toolchain/avr8/avr8-gnu-toolchain/bin/../lib/gcc/avr/4.9.2/avr5\libgcc.a(_exit.o)
                0x00000a2a                _exit
                0x00000a2a                exit
 *(.fini9)
 *(.fini8)
 *(.fini8)
 *(.fini7)
 *(.fini7)
 *(.fini6)
 .fini6         0x00000a2a       0x16 c:/program files (x86)/atmel/studio/7.0/toolchain/avr8/avr8-gnu-toolchain/bin/../lib/gcc/avr/4.9.2/avr5\libgcc.a(_dtors.o)
                0x00000a2a                __do_global_dtors
 *(.fini6)
 *(.fini5)
 *(.fini5)
 *(.fini4)
 *(.fini4)
 *(.fini3)
 *(.fini3)
 *(.fini2)
 *(.fini2)
 *(.fini1)
 *(.fini1)
 *(.fini0)
 .fini0         0x00000a40        0x4 c:/program files (x86)/atmel/studio/7.0/toolchain/avr8/avr8-gnu-toolchain/bin/../lib/gcc/avr/4.9.2/avr5\libgcc.a(_exit.o)
 *(.fini0)
                0x00000a44                _etext = .

.data           0x00800100        0xc load address 0x00000a44
                0x00800100                PROVIDE (__data_start, .)
 *(.data)
 *(.data*)
 *(.rodata)
 .rodata        0x00800100        0xb Tasks/SevenSeg.o
 *(.rodata*)
 *(.gnu.linkonce.d*)
                0x0080010c                . = ALIGN (0x2)
 *fill*         0x0080010b        0x1 
                0x0080010c                _edata = .
                0x0080010c                PROVIDE (__data_end, .)

.bss            0x0080010c       0x3d
                0x0080010c                PROVIDE (__bss_start, .)
 *(.bss)
 *(.bss*)
 .bss.latch     0x0080010c        0x2 main.o
                0x0080010c                latch
 .bss.counter   0x0080010e        0x9 main.o
                0x0080010e                counter
 .bss.trigger   0x00800117        0x7 main.o
                0x00800117                trigger
 .bss.blinky    0x0080011e        0x7 main.o
                0x0080011e                blinky
 .bss.timer     0x00800125        0x8 main.o
                0x00800125                timer
 .bss.sevenSegmentDisplay
                0x0080012d       0x1c main.o
                0x0080012d                sevenSegmentDisplay
 *(COMMON)
                0x00800149                PROVIDE (__bss_end, .)
                0x00000a44                __data_load_start = LOADADDR (.data)
                0x00000a50                __data_load_end = (__data_load_start + SIZEOF (.data))

.noinit         0x00800149        0x0
                [!provide]                PROVIDE (__noinit_start, .)
 *(.noinit*)
                [!provide]                PROVIDE (__noinit_end, .)
                0x00800149                _end = .
                [!provide]                PROVIDE (__heap_start, .)

.eeprom         0x00810000        0x0
 *(.eeprom*)
                0x00810000                __eeprom_end = .

.fuse
 *(.fuse)
 *(.lfuse)
 *(.hfuse)
 *(.efuse)

.lock
 *(.lock*)

.signature
 *(.signature*)

.user_signatures
 *(.user_signatures*)

.stab
 *(.stab)

.stabstr
 *(.stabstr)

.stab.excl
 *(.stab.excl)

.stab.exclstr
 *(.stab.exclstr)

.stab.index
 *(.stab.index)

.stab.indexstr
 *(.stab.indexstr)

.comment        0x00000000       0x30
 *(.comment)
 .comment       0x00000000       0x30 interrupts.o
                                 0x31 (size before relaxing)
 .comment       0x00000030       0x31 main.o
 .comment       0x00000030       0x31 Shift_Register/ShiftRegister.o
 .comment       0x00000030       0x31 Shift_Register/ShiftRegister_SIPO.o
 .comment       0x00000030       0x31 Tasks/Blinky.o
 .comment       0x00000030       0x31 Tasks/Counter.o
 .comment       0x00000030       0x31 Tasks/Latch.o
 .comment       0x00000030       0x31 Tasks/SevenSeg.o
 .comment       0x00000030       0x31 Tasks/TaskManager.o
 .comment       0x00000030       0x31 Tasks/Trigger.o
 .comment       0x00000030       0x31 timer.o

.note.gnu.avr.deviceinfo
                0x00000000       0x3c
 .note.gnu.avr.deviceinfo
                0x00000000       0x3c C:/Program Files (x86)/Atmel/Studio/7.0/Packs/atmel/ATmega_DFP/1.1.130/gcc/dev/atmega328/avr5/crtatmega328.o

.note.gnu.build-id
 *(.note.gnu.build-id)

.debug
 *(.debug)

.line
 *(.line)

.debug_srcinfo
 *(.debug_srcinfo)

.debug_sfnames
 *(.debug_sfnames)

.debug_aranges  0x00000000      0x328
 *(.debug_aranges)
 .debug_aranges
                0x00000000       0x58 interrupts.o
 .debug_aranges
                0x00000058       0x60 main.o
 .debug_aranges
                0x000000b8       0x50 Shift_Register/ShiftRegister.o
 .debug_aranges
                0x00000108       0x40 Shift_Register/ShiftRegister_SIPO.o
 .debug_aranges
                0x00000148       0x38 Tasks/Blinky.o
 .debug_aranges
                0x00000180       0x38 Tasks/Counter.o
 .debug_aranges
                0x000001b8       0x38 Tasks/Latch.o
 .debug_aranges
                0x000001f0       0x58 Tasks/SevenSeg.o
 .debug_aranges
                0x00000248       0x40 Tasks/TaskManager.o
 .debug_aranges
                0x00000288       0x40 Tasks/Trigger.o
 .debug_aranges
                0x000002c8       0x60 timer.o

.debug_pubnames
 *(.debug_pubnames)

.debug_info     0x00000000     0x5085
 *(.debug_info .gnu.linkonce.wi.*)
 .debug_info    0x00000000      0x5f4 C:/Program Files (x86)/Atmel/Studio/7.0/Packs/atmel/ATmega_DFP/1.1.130/gcc/dev/atmega328/avr5/crtatmega328.o
 .debug_info    0x000005f4      0x2f5 interrupts.o
 .debug_info    0x000008e9      0xf8f main.o
 .debug_info    0x00001878      0x629 Shift_Register/ShiftRegister.o
 .debug_info    0x00001ea1      0x717 Shift_Register/ShiftRegister_SIPO.o
 .debug_info    0x000025b8      0x3cd Tasks/Blinky.o
 .debug_info    0x00002985      0x807 Tasks/Counter.o
 .debug_info    0x0000318c      0x7bb Tasks/Latch.o
 .debug_info    0x00003947      0xa03 Tasks/SevenSeg.o
 .debug_info    0x0000434a      0x4a3 Tasks/TaskManager.o
 .debug_info    0x000047ed      0x449 Tasks/Trigger.o
 .debug_info    0x00004c36      0x44f timer.o

.debug_abbrev   0x00000000     0x1c42
 *(.debug_abbrev)
 .debug_abbrev  0x00000000      0x5a2 C:/Program Files (x86)/Atmel/Studio/7.0/Packs/atmel/ATmega_DFP/1.1.130/gcc/dev/atmega328/avr5/crtatmega328.o
 .debug_abbrev  0x000005a2      0x169 interrupts.o
 .debug_abbrev  0x0000070b      0x267 main.o
 .debug_abbrev  0x00000972      0x22e Shift_Register/ShiftRegister.o
 .debug_abbrev  0x00000ba0      0x23f Shift_Register/ShiftRegister_SIPO.o
 .debug_abbrev  0x00000ddf      0x1e2 Tasks/Blinky.o
 .debug_abbrev  0x00000fc1      0x215 Tasks/Counter.o
 .debug_abbrev  0x000011d6      0x1fd Tasks/Latch.o
 .debug_abbrev  0x000013d3      0x273 Tasks/SevenSeg.o
 .debug_abbrev  0x00001646      0x21d Tasks/TaskManager.o
 .debug_abbrev  0x00001863      0x1f9 Tasks/Trigger.o
 .debug_abbrev  0x00001a5c      0x1e6 timer.o

.debug_line     0x00000000     0x147a
 *(.debug_line .debug_line.* .debug_line_end)
 .debug_line    0x00000000      0x133 C:/Program Files (x86)/Atmel/Studio/7.0/Packs/atmel/ATmega_DFP/1.1.130/gcc/dev/atmega328/avr5/crtatmega328.o
 .debug_line    0x00000133      0x1b0 interrupts.o
 .debug_line    0x000002e3      0x2e5 main.o
 .debug_line    0x000005c8      0x1cc Shift_Register/ShiftRegister.o
 .debug_line    0x00000794      0x1c8 Shift_Register/ShiftRegister_SIPO.o
 .debug_line    0x0000095c      0x144 Tasks/Blinky.o
 .debug_line    0x00000aa0      0x19a Tasks/Counter.o
 .debug_line    0x00000c3a      0x172 Tasks/Latch.o
 .debug_line    0x00000dac      0x27a Tasks/SevenSeg.o
 .debug_line    0x00001026      0x162 Tasks/TaskManager.o
 .debug_line    0x00001188      0x16f Tasks/Trigger.o
 .debug_line    0x000012f7      0x183 timer.o

.debug_frame    0x00000000      0x758
 *(.debug_frame)
 .debug_frame   0x00000000      0x130 interrupts.o
 .debug_frame   0x00000130       0xb4 main.o
 .debug_frame   0x000001e4       0xc4 Shift_Register/ShiftRegister.o
 .debug_frame   0x000002a8       0xd4 Shift_Register/ShiftRegister_SIPO.o
 .debug_frame   0x0000037c       0x60 Tasks/Blinky.o
 .debug_frame   0x000003dc       0x60 Tasks/Counter.o
 .debug_frame   0x0000043c       0x54 Tasks/Latch.o
 .debug_frame   0x00000490      0x110 Tasks/SevenSeg.o
 .debug_frame   0x000005a0       0x8c Tasks/TaskManager.o
 .debug_frame   0x0000062c       0x7c Tasks/Trigger.o
 .debug_frame   0x000006a8       0xb0 timer.o

.debug_str      0x00000000      0xfdb
 *(.debug_str)
 .debug_str     0x00000000      0x208 C:/Program Files (x86)/Atmel/Studio/7.0/Packs/atmel/ATmega_DFP/1.1.130/gcc/dev/atmega328/avr5/crtatmega328.o
 .debug_str     0x00000208      0x3eb interrupts.o
                                0x42c (size before relaxing)
 .debug_str     0x000005f3      0x6fb main.o
                                0xa95 (size before relaxing)
 .debug_str     0x00000cee       0x9a Shift_Register/ShiftRegister.o
                                0x4dd (size before relaxing)
 .debug_str     0x00000d88       0x90 Shift_Register/ShiftRegister_SIPO.o
                                0x5dd (size before relaxing)
 .debug_str     0x00000e18       0x3b Tasks/Blinky.o
                                0x3b1 (size before relaxing)
 .debug_str     0x00000e53       0x41 Tasks/Counter.o
                                0x742 (size before relaxing)
 .debug_str     0x00000e94       0x2f Tasks/Latch.o
                                0x72d (size before relaxing)
 .debug_str     0x00000ec3       0x49 Tasks/SevenSeg.o
                                0x6ea (size before relaxing)
 .debug_str     0x00000f0c       0x4e Tasks/TaskManager.o
                                0x447 (size before relaxing)
 .debug_str     0x00000f5a       0x35 Tasks/Trigger.o
                                0x3d8 (size before relaxing)
 .debug_str     0x00000f8f       0x4c timer.o
                                0x359 (size before relaxing)

.debug_loc      0x00000000     0x10c9
 *(.debug_loc)
 .debug_loc     0x00000000      0x1c5 interrupts.o
 .debug_loc     0x000001c5       0x47 main.o
 .debug_loc     0x0000020c      0x2cf Shift_Register/ShiftRegister.o
 .debug_loc     0x000004db      0x31e Shift_Register/ShiftRegister_SIPO.o
 .debug_loc     0x000007f9       0x65 Tasks/Blinky.o
 .debug_loc     0x0000085e       0x65 Tasks/Counter.o
 .debug_loc     0x000008c3       0x36 Tasks/Latch.o
 .debug_loc     0x000008f9      0x4b9 Tasks/SevenSeg.o
 .debug_loc     0x00000db2      0x127 Tasks/TaskManager.o
 .debug_loc     0x00000ed9      0x144 Tasks/Trigger.o
 .debug_loc     0x0000101d       0xac timer.o

.debug_macinfo
 *(.debug_macinfo)

.debug_weaknames
 *(.debug_weaknames)

.debug_funcnames
 *(.debug_funcnames)

.debug_typenames
 *(.debug_typenames)

.debug_varnames
 *(.debug_varnames)

.debug_pubtypes
 *(.debug_pubtypes)

.debug_ranges   0x00000000      0x278
 *(.debug_ranges)
 .debug_ranges  0x00000000       0x48 interrupts.o
 .debug_ranges  0x00000048       0x50 main.o
 .debug_ranges  0x00000098       0x40 Shift_Register/ShiftRegister.o
 .debug_ranges  0x000000d8       0x30 Shift_Register/ShiftRegister_SIPO.o
 .debug_ranges  0x00000108       0x28 Tasks/Blinky.o
 .debug_ranges  0x00000130       0x28 Tasks/Counter.o
 .debug_ranges  0x00000158       0x28 Tasks/Latch.o
 .debug_ranges  0x00000180       0x48 Tasks/SevenSeg.o
 .debug_ranges  0x000001c8       0x30 Tasks/TaskManager.o
 .debug_ranges  0x000001f8       0x30 Tasks/Trigger.o
 .debug_ranges  0x00000228       0x50 timer.o

.debug_macro
 *(.debug_macro)
OUTPUT(Sequencer-micro.elf elf32-avr)
LOAD linker stubs
