Archive member included to satisfy reference by file (symbol)

c:/program files (x86)/atmel/studio/7.0/toolchain/avr8/avr8-gnu-toolchain/bin/../lib/gcc/avr/4.9.2/avr5\libgcc.a(_udivmodhi4.o)
                              Interface/SevenSeg.o (__udivmodhi4)
c:/program files (x86)/atmel/studio/7.0/toolchain/avr8/avr8-gnu-toolchain/bin/../lib/gcc/avr/4.9.2/avr5\libgcc.a(_divmodhi4.o)
                              Tasks/TaskManager.o (__divmodhi4)
c:/program files (x86)/atmel/studio/7.0/toolchain/avr8/avr8-gnu-toolchain/bin/../lib/gcc/avr/4.9.2/avr5\libgcc.a(_divmodsi4.o)
                              Tasks/Blinky.o (__divmodsi4)
c:/program files (x86)/atmel/studio/7.0/toolchain/avr8/avr8-gnu-toolchain/bin/../lib/gcc/avr/4.9.2/avr5\libgcc.a(_negsi2.o)
                              c:/program files (x86)/atmel/studio/7.0/toolchain/avr8/avr8-gnu-toolchain/bin/../lib/gcc/avr/4.9.2/avr5\libgcc.a(_divmodsi4.o) (__negsi2)
c:/program files (x86)/atmel/studio/7.0/toolchain/avr8/avr8-gnu-toolchain/bin/../lib/gcc/avr/4.9.2/avr5\libgcc.a(_exit.o)
                              C:/Program Files (x86)/Atmel/Studio/7.0/Packs/atmel/ATmega_DFP/1.1.130/gcc/dev/atmega328p/avr5/crtatmega328p.o (exit)
c:/program files (x86)/atmel/studio/7.0/toolchain/avr8/avr8-gnu-toolchain/bin/../lib/gcc/avr/4.9.2/avr5\libgcc.a(_copy_data.o)
                              main.o (__do_copy_data)
c:/program files (x86)/atmel/studio/7.0/toolchain/avr8/avr8-gnu-toolchain/bin/../lib/gcc/avr/4.9.2/avr5\libgcc.a(_clear_bss.o)
                              main.o (__do_clear_bss)
c:/program files (x86)/atmel/studio/7.0/toolchain/avr8/avr8-gnu-toolchain/bin/../lib/gcc/avr/4.9.2/avr5\libgcc.a(_ctors.o)
                              main.o (__do_global_ctors)
c:/program files (x86)/atmel/studio/7.0/toolchain/avr8/avr8-gnu-toolchain/bin/../lib/gcc/avr/4.9.2/avr5\libgcc.a(_dtors.o)
                              main.o (__do_global_dtors)
c:/program files (x86)/atmel/studio/7.0/toolchain/avr8/avr8-gnu-toolchain/bin/../lib/gcc/avr/4.9.2/avr5\libgcc.a(_umulhisi3.o)
                              Interface/SevenSeg.o (__umulhisi3)
c:/program files (x86)/atmel/studio/7.0/toolchain/avr8/avr8-gnu-toolchain/bin/../lib/gcc/avr/4.9.2/avr5\libgcc.a(_udivmodsi4.o)
                              c:/program files (x86)/atmel/studio/7.0/toolchain/avr8/avr8-gnu-toolchain/bin/../lib/gcc/avr/4.9.2/avr5\libgcc.a(_divmodsi4.o) (__udivmodsi4)
c:/program files (x86)/atmel/studio/7.0/toolchain/avr8/avr8-gnu-toolchain/bin/../lib/gcc/avr/4.9.2/avr5\libgcc.a(_tablejump2.o)
                              c:/program files (x86)/atmel/studio/7.0/toolchain/avr8/avr8-gnu-toolchain/bin/../lib/gcc/avr/4.9.2/avr5\libgcc.a(_ctors.o) (__tablejump2__)
c:/program files (x86)/atmel/studio/7.0/toolchain/avr8/avr8-gnu-toolchain/bin/../lib/gcc/avr/4.9.2/../../../../avr/lib/avr5\libc.a(malloc.o)
                              helperFunctions.o (malloc)

Allocating common symbols
Common symbol       size              file

__brkval            0x2               c:/program files (x86)/atmel/studio/7.0/toolchain/avr8/avr8-gnu-toolchain/bin/../lib/gcc/avr/4.9.2/../../../../avr/lib/avr5\libc.a(malloc.o)
__flp               0x2               c:/program files (x86)/atmel/studio/7.0/toolchain/avr8/avr8-gnu-toolchain/bin/../lib/gcc/avr/4.9.2/../../../../avr/lib/avr5\libc.a(malloc.o)

Discarded input sections

 .data          0x00000000        0x0 C:/Program Files (x86)/Atmel/Studio/7.0/Packs/atmel/ATmega_DFP/1.1.130/gcc/dev/atmega328p/avr5/crtatmega328p.o
 .bss           0x00000000        0x0 C:/Program Files (x86)/Atmel/Studio/7.0/Packs/atmel/ATmega_DFP/1.1.130/gcc/dev/atmega328p/avr5/crtatmega328p.o
 .text          0x00000000        0x0 Interface/BPM.o
 .data          0x00000000        0x0 Interface/BPM.o
 .bss           0x00000000        0x0 Interface/BPM.o
 .text._ZN3BPMC2Ev
                0x00000000        0x2 Interface/BPM.o
 .text._ZN3BPMD2Ev
                0x00000000        0x2 Interface/BPM.o
 .debug_info    0x00000000      0x18f Interface/BPM.o
 .debug_abbrev  0x00000000      0x102 Interface/BPM.o
 .debug_aranges
                0x00000000       0x28 Interface/BPM.o
 .debug_ranges  0x00000000       0x18 Interface/BPM.o
 .debug_line    0x00000000       0xbd Interface/BPM.o
 .debug_str     0x00000000      0x25c Interface/BPM.o
 .comment       0x00000000       0x31 Interface/BPM.o
 .debug_frame   0x00000000       0x34 Interface/BPM.o
 .text          0x00000000        0x0 Interface/Buttons.o
 .data          0x00000000        0x0 Interface/Buttons.o
 .bss           0x00000000        0x0 Interface/Buttons.o
 .text._ZN7Buttons12loadRawInputEj
                0x00000000       0x1c Interface/Buttons.o
 .text._ZN7ButtonsD2Ev
                0x00000000        0x2 Interface/Buttons.o
 .text          0x00000000        0x0 Interface/LEDs.o
 .data          0x00000000        0x0 Interface/LEDs.o
 .bss           0x00000000        0x0 Interface/LEDs.o
 .text._ZN4LEDsC2Ev
                0x00000000        0xe Interface/LEDs.o
 .text._ZN4LEDs13load16BitDataEj
                0x00000000        0x8 Interface/LEDs.o
 .text._ZN4LEDsD2Ev
                0x00000000        0x2 Interface/LEDs.o
 .text          0x00000000        0x0 Interface/RotarySwitch.o
 .data          0x00000000        0x0 Interface/RotarySwitch.o
 .bss           0x00000000        0x0 Interface/RotarySwitch.o
 .text._ZN12RotarySwitch12loadRawInputEj
                0x00000000        0x2 Interface/RotarySwitch.o
 .text._ZN12RotarySwitchD2Ev
                0x00000000        0x2 Interface/RotarySwitch.o
 .text          0x00000000        0x0 Interface/SevenSeg.o
 .data          0x00000000        0x0 Interface/SevenSeg.o
 .bss           0x00000000        0x0 Interface/SevenSeg.o
 .text._ZN8SevenSeg9loadValueEj
                0x00000000       0xce Interface/SevenSeg.o
 .progmem.data._ZL5pow10
                0x00000000        0x8 Interface/SevenSeg.o
 .progmem.data._ZL14sevenSegBitMap
                0x00000000        0xb Interface/SevenSeg.o
 .text          0x00000000        0x0 interrupts.o
 .data          0x00000000        0x0 interrupts.o
 .bss           0x00000000        0x0 interrupts.o
 .text._Z14enableShiftingv
                0x00000000        0xc interrupts.o
 .text._Z15disableShiftingv
                0x00000000        0xc interrupts.o
 .text._Z24enableTimerOneInterruptsv
                0x00000000        0xc interrupts.o
 .text          0x00000000        0x0 main.o
 .data          0x00000000        0x0 main.o
 .bss           0x00000000        0x0 main.o
 .text          0x00000000        0x0 helperFunctions.o
 .data          0x00000000        0x0 helperFunctions.o
 .bss           0x00000000        0x0 helperFunctions.o
 .text._ZdaPv   0x00000000        0x6 helperFunctions.o
 .text._Z5pow10h
                0x00000000       0x46 helperFunctions.o
 .text          0x00000000        0x0 Pins/AnalogPin.o
 .data          0x00000000        0x0 Pins/AnalogPin.o
 .bss           0x00000000        0x0 Pins/AnalogPin.o
 .text._ZN9AnalogPinC2Eh
                0x00000000       0x38 Pins/AnalogPin.o
 .text._ZN9AnalogPin10conv_beginEv
                0x00000000       0x20 Pins/AnalogPin.o
 .text._ZN9AnalogPin12if_done_convEv
                0x00000000       0x10 Pins/AnalogPin.o
 .text._ZN9AnalogPin4readEv
                0x00000000       0x24 Pins/AnalogPin.o
 .text._ZN9AnalogPin10read_10BitEv
                0x00000000       0x28 Pins/AnalogPin.o
 .debug_info    0x00000000      0x25a Pins/AnalogPin.o
 .debug_abbrev  0x00000000      0x18a Pins/AnalogPin.o
 .debug_loc     0x00000000      0x13e Pins/AnalogPin.o
 .debug_aranges
                0x00000000       0x40 Pins/AnalogPin.o
 .debug_ranges  0x00000000       0x30 Pins/AnalogPin.o
 .debug_line    0x00000000      0x168 Pins/AnalogPin.o
 .debug_str     0x00000000      0x2b2 Pins/AnalogPin.o
 .comment       0x00000000       0x31 Pins/AnalogPin.o
 .debug_frame   0x00000000       0x7c Pins/AnalogPin.o
 .text          0x00000000        0x0 Pins/Pin.o
 .data          0x00000000        0x0 Pins/Pin.o
 .bss           0x00000000        0x0 Pins/Pin.o
 .text._ZN3Pin4readEv
                0x00000000        0xe Pins/Pin.o
 .text._ZN3Pin5writeEh
                0x00000000       0x10 Pins/Pin.o
 .text          0x00000000        0x0 Shift_Register/ShiftRegister.o
 .data          0x00000000        0x0 Shift_Register/ShiftRegister.o
 .bss           0x00000000        0x0 Shift_Register/ShiftRegister.o
 .text._ZN13ShiftRegisterC2EP3PinS1_S1_
                0x00000000       0x10 Shift_Register/ShiftRegister.o
 .text._ZN13ShiftRegister17getTimerReferenceER5Timer
                0x00000000        0x8 Shift_Register/ShiftRegister.o
 .text          0x00000000        0x0 Shift_Register/ShiftRegister_PISO.o
 .data          0x00000000        0x0 Shift_Register/ShiftRegister_PISO.o
 .bss           0x00000000        0x0 Shift_Register/ShiftRegister_PISO.o
 .text._ZN18ShiftRegister_PISOC2EP3PinS1_S1_
                0x00000000       0x12 Shift_Register/ShiftRegister_PISO.o
 .text._ZN18ShiftRegister_PISO9shiftBitsEh
                0x00000000       0xa0 Shift_Register/ShiftRegister_PISO.o
 .text._ZN18ShiftRegister_PISO9shiftBitsEv
                0x00000000        0x8 Shift_Register/ShiftRegister_PISO.o
 .text._ZN18ShiftRegister_PISO8readByteEv
                0x00000000        0x6 Shift_Register/ShiftRegister_PISO.o
 .text          0x00000000        0x0 Shift_Register/ShiftRegister_SIPO.o
 .data          0x00000000        0x0 Shift_Register/ShiftRegister_SIPO.o
 .bss           0x00000000        0x0 Shift_Register/ShiftRegister_SIPO.o
 .text._ZN18ShiftRegister_SIPO8loadByteEh
                0x00000000        0x6 Shift_Register/ShiftRegister_SIPO.o
 .text          0x00000000        0x0 Tasks/Blinky.o
 .data          0x00000000        0x0 Tasks/Blinky.o
 .bss           0x00000000        0x0 Tasks/Blinky.o
 .text._ZN6BlinkyC2ER5TimerR9Sequencer
                0x00000000       0x50 Tasks/Blinky.o
 .text._ZN6Blinky3runEv
                0x00000000       0x98 Tasks/Blinky.o
 .text._ZN6BlinkyD2Ev
                0x00000000        0x2 Tasks/Blinky.o
 .debug_info    0x00000000     0x10d6 Tasks/Blinky.o
 .debug_abbrev  0x00000000      0x284 Tasks/Blinky.o
 .debug_loc     0x00000000      0x14a Tasks/Blinky.o
 .debug_aranges
                0x00000000       0x30 Tasks/Blinky.o
 .debug_ranges  0x00000000       0x20 Tasks/Blinky.o
 .debug_line    0x00000000      0x25e Tasks/Blinky.o
 .debug_str     0x00000000      0xdf3 Tasks/Blinky.o
 .comment       0x00000000       0x31 Tasks/Blinky.o
 .debug_frame   0x00000000       0x6c Tasks/Blinky.o
 .text          0x00000000        0x0 Tasks/DigitalInput.o
 .data          0x00000000        0x0 Tasks/DigitalInput.o
 .bss           0x00000000        0x0 Tasks/DigitalInput.o
 .text._ZN12DigitalInput3runEv
                0x00000000       0x70 Tasks/DigitalInput.o
 .text          0x00000000        0x0 Tasks/InputPoll.o
 .data          0x00000000        0x0 Tasks/InputPoll.o
 .bss           0x00000000        0x0 Tasks/InputPoll.o
 .text._ZN9InputPoll3runEv
                0x00000000       0x46 Tasks/InputPoll.o
 .text          0x00000000        0x0 Tasks/InstrumentTrigger.o
 .data          0x00000000        0x0 Tasks/InstrumentTrigger.o
 .bss           0x00000000        0x0 Tasks/InstrumentTrigger.o
 .text._ZN17InstrumentTrigger17buildOutputBufferEv
                0x00000000        0x2 Tasks/InstrumentTrigger.o
 .text          0x00000000        0x0 Tasks/PrintOutput.o
 .data          0x00000000        0x0 Tasks/PrintOutput.o
 .bss           0x00000000        0x0 Tasks/PrintOutput.o
 .text._ZN11PrintOutput17buildOutputBufferEv
                0x00000000       0xaa Tasks/PrintOutput.o
 .text._ZN11PrintOutput5printEv
                0x00000000       0x2a Tasks/PrintOutput.o
 .text          0x00000000        0x0 Tasks/RotaryEncoder.o
 .data          0x00000000        0x0 Tasks/RotaryEncoder.o
 .bss           0x00000000        0x0 Tasks/RotaryEncoder.o
 .text._ZN13RotaryEncoder3runEv
                0x00000000       0x84 Tasks/RotaryEncoder.o
 .text          0x00000000        0x0 Tasks/Sequencer.o
 .data          0x00000000        0x0 Tasks/Sequencer.o
 .bss           0x00000000        0x0 Tasks/Sequencer.o
 .text._ZN9Sequencer12checkButtonsEv
                0x00000000       0x6e Tasks/Sequencer.o
 .text._ZN9Sequencer21checkInstrumentSelectEv
                0x00000000        0x2 Tasks/Sequencer.o
 .text._ZN9Sequencer18checkMeasureSelectEv
                0x00000000        0x2 Tasks/Sequencer.o
 .text          0x00000000        0x0 Tasks/TaskManager.o
 .data          0x00000000        0x0 Tasks/TaskManager.o
 .bss           0x00000000        0x0 Tasks/TaskManager.o
 .text._ZN11TaskManagerD2Ev
                0x00000000        0x2 Tasks/TaskManager.o
 .text          0x00000000        0x0 timer.o
 .data          0x00000000        0x0 timer.o
 .bss           0x00000000        0x0 timer.o
 .text._ZN5Timer8fixTimerEv
                0x00000000       0x14 timer.o
 .text._ZN5Timer11resumeTimerEv
                0x00000000       0x14 timer.o
 .text          0x00000000        0x0 c:/program files (x86)/atmel/studio/7.0/toolchain/avr8/avr8-gnu-toolchain/bin/../lib/gcc/avr/4.9.2/avr5\libgcc.a(_udivmodhi4.o)
 .data          0x00000000        0x0 c:/program files (x86)/atmel/studio/7.0/toolchain/avr8/avr8-gnu-toolchain/bin/../lib/gcc/avr/4.9.2/avr5\libgcc.a(_udivmodhi4.o)
 .bss           0x00000000        0x0 c:/program files (x86)/atmel/studio/7.0/toolchain/avr8/avr8-gnu-toolchain/bin/../lib/gcc/avr/4.9.2/avr5\libgcc.a(_udivmodhi4.o)
 .text.libgcc.mul
                0x00000000        0x0 c:/program files (x86)/atmel/studio/7.0/toolchain/avr8/avr8-gnu-toolchain/bin/../lib/gcc/avr/4.9.2/avr5\libgcc.a(_udivmodhi4.o)
 .text.libgcc   0x00000000        0x0 c:/program files (x86)/atmel/studio/7.0/toolchain/avr8/avr8-gnu-toolchain/bin/../lib/gcc/avr/4.9.2/avr5\libgcc.a(_udivmodhi4.o)
 .text.libgcc.prologue
                0x00000000        0x0 c:/program files (x86)/atmel/studio/7.0/toolchain/avr8/avr8-gnu-toolchain/bin/../lib/gcc/avr/4.9.2/avr5\libgcc.a(_udivmodhi4.o)
 .text.libgcc.builtins
                0x00000000        0x0 c:/program files (x86)/atmel/studio/7.0/toolchain/avr8/avr8-gnu-toolchain/bin/../lib/gcc/avr/4.9.2/avr5\libgcc.a(_udivmodhi4.o)
 .text.libgcc.fmul
                0x00000000        0x0 c:/program files (x86)/atmel/studio/7.0/toolchain/avr8/avr8-gnu-toolchain/bin/../lib/gcc/avr/4.9.2/avr5\libgcc.a(_udivmodhi4.o)
 .text.libgcc.fixed
                0x00000000        0x0 c:/program files (x86)/atmel/studio/7.0/toolchain/avr8/avr8-gnu-toolchain/bin/../lib/gcc/avr/4.9.2/avr5\libgcc.a(_udivmodhi4.o)
 .text          0x00000000        0x0 c:/program files (x86)/atmel/studio/7.0/toolchain/avr8/avr8-gnu-toolchain/bin/../lib/gcc/avr/4.9.2/avr5\libgcc.a(_divmodhi4.o)
 .data          0x00000000        0x0 c:/program files (x86)/atmel/studio/7.0/toolchain/avr8/avr8-gnu-toolchain/bin/../lib/gcc/avr/4.9.2/avr5\libgcc.a(_divmodhi4.o)
 .bss           0x00000000        0x0 c:/program files (x86)/atmel/studio/7.0/toolchain/avr8/avr8-gnu-toolchain/bin/../lib/gcc/avr/4.9.2/avr5\libgcc.a(_divmodhi4.o)
 .text.libgcc.mul
                0x00000000        0x0 c:/program files (x86)/atmel/studio/7.0/toolchain/avr8/avr8-gnu-toolchain/bin/../lib/gcc/avr/4.9.2/avr5\libgcc.a(_divmodhi4.o)
 .text.libgcc   0x00000000        0x0 c:/program files (x86)/atmel/studio/7.0/toolchain/avr8/avr8-gnu-toolchain/bin/../lib/gcc/avr/4.9.2/avr5\libgcc.a(_divmodhi4.o)
 .text.libgcc.prologue
                0x00000000        0x0 c:/program files (x86)/atmel/studio/7.0/toolchain/avr8/avr8-gnu-toolchain/bin/../lib/gcc/avr/4.9.2/avr5\libgcc.a(_divmodhi4.o)
 .text.libgcc.builtins
                0x00000000        0x0 c:/program files (x86)/atmel/studio/7.0/toolchain/avr8/avr8-gnu-toolchain/bin/../lib/gcc/avr/4.9.2/avr5\libgcc.a(_divmodhi4.o)
 .text.libgcc.fmul
                0x00000000        0x0 c:/program files (x86)/atmel/studio/7.0/toolchain/avr8/avr8-gnu-toolchain/bin/../lib/gcc/avr/4.9.2/avr5\libgcc.a(_divmodhi4.o)
 .text.libgcc.fixed
                0x00000000        0x0 c:/program files (x86)/atmel/studio/7.0/toolchain/avr8/avr8-gnu-toolchain/bin/../lib/gcc/avr/4.9.2/avr5\libgcc.a(_divmodhi4.o)
 .text          0x00000000        0x0 c:/program files (x86)/atmel/studio/7.0/toolchain/avr8/avr8-gnu-toolchain/bin/../lib/gcc/avr/4.9.2/avr5\libgcc.a(_divmodsi4.o)
 .data          0x00000000        0x0 c:/program files (x86)/atmel/studio/7.0/toolchain/avr8/avr8-gnu-toolchain/bin/../lib/gcc/avr/4.9.2/avr5\libgcc.a(_divmodsi4.o)
 .bss           0x00000000        0x0 c:/program files (x86)/atmel/studio/7.0/toolchain/avr8/avr8-gnu-toolchain/bin/../lib/gcc/avr/4.9.2/avr5\libgcc.a(_divmodsi4.o)
 .text.libgcc.mul
                0x00000000        0x0 c:/program files (x86)/atmel/studio/7.0/toolchain/avr8/avr8-gnu-toolchain/bin/../lib/gcc/avr/4.9.2/avr5\libgcc.a(_divmodsi4.o)
 .text.libgcc.div
                0x00000000       0x2e c:/program files (x86)/atmel/studio/7.0/toolchain/avr8/avr8-gnu-toolchain/bin/../lib/gcc/avr/4.9.2/avr5\libgcc.a(_divmodsi4.o)
 .text.libgcc   0x00000000        0x0 c:/program files (x86)/atmel/studio/7.0/toolchain/avr8/avr8-gnu-toolchain/bin/../lib/gcc/avr/4.9.2/avr5\libgcc.a(_divmodsi4.o)
 .text.libgcc.prologue
                0x00000000        0x0 c:/program files (x86)/atmel/studio/7.0/toolchain/avr8/avr8-gnu-toolchain/bin/../lib/gcc/avr/4.9.2/avr5\libgcc.a(_divmodsi4.o)
 .text.libgcc.builtins
                0x00000000        0x0 c:/program files (x86)/atmel/studio/7.0/toolchain/avr8/avr8-gnu-toolchain/bin/../lib/gcc/avr/4.9.2/avr5\libgcc.a(_divmodsi4.o)
 .text.libgcc.fmul
                0x00000000        0x0 c:/program files (x86)/atmel/studio/7.0/toolchain/avr8/avr8-gnu-toolchain/bin/../lib/gcc/avr/4.9.2/avr5\libgcc.a(_divmodsi4.o)
 .text.libgcc.fixed
                0x00000000        0x0 c:/program files (x86)/atmel/studio/7.0/toolchain/avr8/avr8-gnu-toolchain/bin/../lib/gcc/avr/4.9.2/avr5\libgcc.a(_divmodsi4.o)
 .text          0x00000000        0x0 c:/program files (x86)/atmel/studio/7.0/toolchain/avr8/avr8-gnu-toolchain/bin/../lib/gcc/avr/4.9.2/avr5\libgcc.a(_negsi2.o)
 .data          0x00000000        0x0 c:/program files (x86)/atmel/studio/7.0/toolchain/avr8/avr8-gnu-toolchain/bin/../lib/gcc/avr/4.9.2/avr5\libgcc.a(_negsi2.o)
 .bss           0x00000000        0x0 c:/program files (x86)/atmel/studio/7.0/toolchain/avr8/avr8-gnu-toolchain/bin/../lib/gcc/avr/4.9.2/avr5\libgcc.a(_negsi2.o)
 .text.libgcc.mul
                0x00000000        0x0 c:/program files (x86)/atmel/studio/7.0/toolchain/avr8/avr8-gnu-toolchain/bin/../lib/gcc/avr/4.9.2/avr5\libgcc.a(_negsi2.o)
 .text.libgcc.div
                0x00000000       0x10 c:/program files (x86)/atmel/studio/7.0/toolchain/avr8/avr8-gnu-toolchain/bin/../lib/gcc/avr/4.9.2/avr5\libgcc.a(_negsi2.o)
 .text.libgcc   0x00000000        0x0 c:/program files (x86)/atmel/studio/7.0/toolchain/avr8/avr8-gnu-toolchain/bin/../lib/gcc/avr/4.9.2/avr5\libgcc.a(_negsi2.o)
 .text.libgcc.prologue
                0x00000000        0x0 c:/program files (x86)/atmel/studio/7.0/toolchain/avr8/avr8-gnu-toolchain/bin/../lib/gcc/avr/4.9.2/avr5\libgcc.a(_negsi2.o)
 .text.libgcc.builtins
                0x00000000        0x0 c:/program files (x86)/atmel/studio/7.0/toolchain/avr8/avr8-gnu-toolchain/bin/../lib/gcc/avr/4.9.2/avr5\libgcc.a(_negsi2.o)
 .text.libgcc.fmul
                0x00000000        0x0 c:/program files (x86)/atmel/studio/7.0/toolchain/avr8/avr8-gnu-toolchain/bin/../lib/gcc/avr/4.9.2/avr5\libgcc.a(_negsi2.o)
 .text.libgcc.fixed
                0x00000000        0x0 c:/program files (x86)/atmel/studio/7.0/toolchain/avr8/avr8-gnu-toolchain/bin/../lib/gcc/avr/4.9.2/avr5\libgcc.a(_negsi2.o)
 .text          0x00000000        0x0 c:/program files (x86)/atmel/studio/7.0/toolchain/avr8/avr8-gnu-toolchain/bin/../lib/gcc/avr/4.9.2/avr5\libgcc.a(_exit.o)
 .data          0x00000000        0x0 c:/program files (x86)/atmel/studio/7.0/toolchain/avr8/avr8-gnu-toolchain/bin/../lib/gcc/avr/4.9.2/avr5\libgcc.a(_exit.o)
 .bss           0x00000000        0x0 c:/program files (x86)/atmel/studio/7.0/toolchain/avr8/avr8-gnu-toolchain/bin/../lib/gcc/avr/4.9.2/avr5\libgcc.a(_exit.o)
 .text.libgcc.mul
                0x00000000        0x0 c:/program files (x86)/atmel/studio/7.0/toolchain/avr8/avr8-gnu-toolchain/bin/../lib/gcc/avr/4.9.2/avr5\libgcc.a(_exit.o)
 .text.libgcc.div
                0x00000000        0x0 c:/program files (x86)/atmel/studio/7.0/toolchain/avr8/avr8-gnu-toolchain/bin/../lib/gcc/avr/4.9.2/avr5\libgcc.a(_exit.o)
 .text.libgcc   0x00000000        0x0 c:/program files (x86)/atmel/studio/7.0/toolchain/avr8/avr8-gnu-toolchain/bin/../lib/gcc/avr/4.9.2/avr5\libgcc.a(_exit.o)
 .text.libgcc.prologue
                0x00000000        0x0 c:/program files (x86)/atmel/studio/7.0/toolchain/avr8/avr8-gnu-toolchain/bin/../lib/gcc/avr/4.9.2/avr5\libgcc.a(_exit.o)
 .text.libgcc.builtins
                0x00000000        0x0 c:/program files (x86)/atmel/studio/7.0/toolchain/avr8/avr8-gnu-toolchain/bin/../lib/gcc/avr/4.9.2/avr5\libgcc.a(_exit.o)
 .text.libgcc.fmul
                0x00000000        0x0 c:/program files (x86)/atmel/studio/7.0/toolchain/avr8/avr8-gnu-toolchain/bin/../lib/gcc/avr/4.9.2/avr5\libgcc.a(_exit.o)
 .text.libgcc.fixed
                0x00000000        0x0 c:/program files (x86)/atmel/studio/7.0/toolchain/avr8/avr8-gnu-toolchain/bin/../lib/gcc/avr/4.9.2/avr5\libgcc.a(_exit.o)
 .text          0x00000000        0x0 c:/program files (x86)/atmel/studio/7.0/toolchain/avr8/avr8-gnu-toolchain/bin/../lib/gcc/avr/4.9.2/avr5\libgcc.a(_copy_data.o)
 .data          0x00000000        0x0 c:/program files (x86)/atmel/studio/7.0/toolchain/avr8/avr8-gnu-toolchain/bin/../lib/gcc/avr/4.9.2/avr5\libgcc.a(_copy_data.o)
 .bss           0x00000000        0x0 c:/program files (x86)/atmel/studio/7.0/toolchain/avr8/avr8-gnu-toolchain/bin/../lib/gcc/avr/4.9.2/avr5\libgcc.a(_copy_data.o)
 .text.libgcc.mul
                0x00000000        0x0 c:/program files (x86)/atmel/studio/7.0/toolchain/avr8/avr8-gnu-toolchain/bin/../lib/gcc/avr/4.9.2/avr5\libgcc.a(_copy_data.o)
 .text.libgcc.div
                0x00000000        0x0 c:/program files (x86)/atmel/studio/7.0/toolchain/avr8/avr8-gnu-toolchain/bin/../lib/gcc/avr/4.9.2/avr5\libgcc.a(_copy_data.o)
 .text.libgcc   0x00000000        0x0 c:/program files (x86)/atmel/studio/7.0/toolchain/avr8/avr8-gnu-toolchain/bin/../lib/gcc/avr/4.9.2/avr5\libgcc.a(_copy_data.o)
 .text.libgcc.prologue
                0x00000000        0x0 c:/program files (x86)/atmel/studio/7.0/toolchain/avr8/avr8-gnu-toolchain/bin/../lib/gcc/avr/4.9.2/avr5\libgcc.a(_copy_data.o)
 .text.libgcc.builtins
                0x00000000        0x0 c:/program files (x86)/atmel/studio/7.0/toolchain/avr8/avr8-gnu-toolchain/bin/../lib/gcc/avr/4.9.2/avr5\libgcc.a(_copy_data.o)
 .text.libgcc.fmul
                0x00000000        0x0 c:/program files (x86)/atmel/studio/7.0/toolchain/avr8/avr8-gnu-toolchain/bin/../lib/gcc/avr/4.9.2/avr5\libgcc.a(_copy_data.o)
 .text.libgcc.fixed
                0x00000000        0x0 c:/program files (x86)/atmel/studio/7.0/toolchain/avr8/avr8-gnu-toolchain/bin/../lib/gcc/avr/4.9.2/avr5\libgcc.a(_copy_data.o)
 .text          0x00000000        0x0 c:/program files (x86)/atmel/studio/7.0/toolchain/avr8/avr8-gnu-toolchain/bin/../lib/gcc/avr/4.9.2/avr5\libgcc.a(_clear_bss.o)
 .data          0x00000000        0x0 c:/program files (x86)/atmel/studio/7.0/toolchain/avr8/avr8-gnu-toolchain/bin/../lib/gcc/avr/4.9.2/avr5\libgcc.a(_clear_bss.o)
 .bss           0x00000000        0x0 c:/program files (x86)/atmel/studio/7.0/toolchain/avr8/avr8-gnu-toolchain/bin/../lib/gcc/avr/4.9.2/avr5\libgcc.a(_clear_bss.o)
 .text.libgcc.mul
                0x00000000        0x0 c:/program files (x86)/atmel/studio/7.0/toolchain/avr8/avr8-gnu-toolchain/bin/../lib/gcc/avr/4.9.2/avr5\libgcc.a(_clear_bss.o)
 .text.libgcc.div
                0x00000000        0x0 c:/program files (x86)/atmel/studio/7.0/toolchain/avr8/avr8-gnu-toolchain/bin/../lib/gcc/avr/4.9.2/avr5\libgcc.a(_clear_bss.o)
 .text.libgcc   0x00000000        0x0 c:/program files (x86)/atmel/studio/7.0/toolchain/avr8/avr8-gnu-toolchain/bin/../lib/gcc/avr/4.9.2/avr5\libgcc.a(_clear_bss.o)
 .text.libgcc.prologue
                0x00000000        0x0 c:/program files (x86)/atmel/studio/7.0/toolchain/avr8/avr8-gnu-toolchain/bin/../lib/gcc/avr/4.9.2/avr5\libgcc.a(_clear_bss.o)
 .text.libgcc.builtins
                0x00000000        0x0 c:/program files (x86)/atmel/studio/7.0/toolchain/avr8/avr8-gnu-toolchain/bin/../lib/gcc/avr/4.9.2/avr5\libgcc.a(_clear_bss.o)
 .text.libgcc.fmul
                0x00000000        0x0 c:/program files (x86)/atmel/studio/7.0/toolchain/avr8/avr8-gnu-toolchain/bin/../lib/gcc/avr/4.9.2/avr5\libgcc.a(_clear_bss.o)
 .text.libgcc.fixed
                0x00000000        0x0 c:/program files (x86)/atmel/studio/7.0/toolchain/avr8/avr8-gnu-toolchain/bin/../lib/gcc/avr/4.9.2/avr5\libgcc.a(_clear_bss.o)
 .text          0x00000000        0x0 c:/program files (x86)/atmel/studio/7.0/toolchain/avr8/avr8-gnu-toolchain/bin/../lib/gcc/avr/4.9.2/avr5\libgcc.a(_ctors.o)
 .data          0x00000000        0x0 c:/program files (x86)/atmel/studio/7.0/toolchain/avr8/avr8-gnu-toolchain/bin/../lib/gcc/avr/4.9.2/avr5\libgcc.a(_ctors.o)
 .bss           0x00000000        0x0 c:/program files (x86)/atmel/studio/7.0/toolchain/avr8/avr8-gnu-toolchain/bin/../lib/gcc/avr/4.9.2/avr5\libgcc.a(_ctors.o)
 .text.libgcc.mul
                0x00000000        0x0 c:/program files (x86)/atmel/studio/7.0/toolchain/avr8/avr8-gnu-toolchain/bin/../lib/gcc/avr/4.9.2/avr5\libgcc.a(_ctors.o)
 .text.libgcc.div
                0x00000000        0x0 c:/program files (x86)/atmel/studio/7.0/toolchain/avr8/avr8-gnu-toolchain/bin/../lib/gcc/avr/4.9.2/avr5\libgcc.a(_ctors.o)
 .text.libgcc   0x00000000        0x0 c:/program files (x86)/atmel/studio/7.0/toolchain/avr8/avr8-gnu-toolchain/bin/../lib/gcc/avr/4.9.2/avr5\libgcc.a(_ctors.o)
 .text.libgcc.prologue
                0x00000000        0x0 c:/program files (x86)/atmel/studio/7.0/toolchain/avr8/avr8-gnu-toolchain/bin/../lib/gcc/avr/4.9.2/avr5\libgcc.a(_ctors.o)
 .text.libgcc.builtins
                0x00000000        0x0 c:/program files (x86)/atmel/studio/7.0/toolchain/avr8/avr8-gnu-toolchain/bin/../lib/gcc/avr/4.9.2/avr5\libgcc.a(_ctors.o)
 .text.libgcc.fmul
                0x00000000        0x0 c:/program files (x86)/atmel/studio/7.0/toolchain/avr8/avr8-gnu-toolchain/bin/../lib/gcc/avr/4.9.2/avr5\libgcc.a(_ctors.o)
 .text.libgcc.fixed
                0x00000000        0x0 c:/program files (x86)/atmel/studio/7.0/toolchain/avr8/avr8-gnu-toolchain/bin/../lib/gcc/avr/4.9.2/avr5\libgcc.a(_ctors.o)
 .text          0x00000000        0x0 c:/program files (x86)/atmel/studio/7.0/toolchain/avr8/avr8-gnu-toolchain/bin/../lib/gcc/avr/4.9.2/avr5\libgcc.a(_dtors.o)
 .data          0x00000000        0x0 c:/program files (x86)/atmel/studio/7.0/toolchain/avr8/avr8-gnu-toolchain/bin/../lib/gcc/avr/4.9.2/avr5\libgcc.a(_dtors.o)
 .bss           0x00000000        0x0 c:/program files (x86)/atmel/studio/7.0/toolchain/avr8/avr8-gnu-toolchain/bin/../lib/gcc/avr/4.9.2/avr5\libgcc.a(_dtors.o)
 .text.libgcc.mul
                0x00000000        0x0 c:/program files (x86)/atmel/studio/7.0/toolchain/avr8/avr8-gnu-toolchain/bin/../lib/gcc/avr/4.9.2/avr5\libgcc.a(_dtors.o)
 .text.libgcc.div
                0x00000000        0x0 c:/program files (x86)/atmel/studio/7.0/toolchain/avr8/avr8-gnu-toolchain/bin/../lib/gcc/avr/4.9.2/avr5\libgcc.a(_dtors.o)
 .text.libgcc   0x00000000        0x0 c:/program files (x86)/atmel/studio/7.0/toolchain/avr8/avr8-gnu-toolchain/bin/../lib/gcc/avr/4.9.2/avr5\libgcc.a(_dtors.o)
 .text.libgcc.prologue
                0x00000000        0x0 c:/program files (x86)/atmel/studio/7.0/toolchain/avr8/avr8-gnu-toolchain/bin/../lib/gcc/avr/4.9.2/avr5\libgcc.a(_dtors.o)
 .text.libgcc.builtins
                0x00000000        0x0 c:/program files (x86)/atmel/studio/7.0/toolchain/avr8/avr8-gnu-toolchain/bin/../lib/gcc/avr/4.9.2/avr5\libgcc.a(_dtors.o)
 .text.libgcc.fmul
                0x00000000        0x0 c:/program files (x86)/atmel/studio/7.0/toolchain/avr8/avr8-gnu-toolchain/bin/../lib/gcc/avr/4.9.2/avr5\libgcc.a(_dtors.o)
 .text.libgcc.fixed
                0x00000000        0x0 c:/program files (x86)/atmel/studio/7.0/toolchain/avr8/avr8-gnu-toolchain/bin/../lib/gcc/avr/4.9.2/avr5\libgcc.a(_dtors.o)
 .text          0x00000000        0x0 c:/program files (x86)/atmel/studio/7.0/toolchain/avr8/avr8-gnu-toolchain/bin/../lib/gcc/avr/4.9.2/avr5\libgcc.a(_umulhisi3.o)
 .data          0x00000000        0x0 c:/program files (x86)/atmel/studio/7.0/toolchain/avr8/avr8-gnu-toolchain/bin/../lib/gcc/avr/4.9.2/avr5\libgcc.a(_umulhisi3.o)
 .bss           0x00000000        0x0 c:/program files (x86)/atmel/studio/7.0/toolchain/avr8/avr8-gnu-toolchain/bin/../lib/gcc/avr/4.9.2/avr5\libgcc.a(_umulhisi3.o)
 .text.libgcc.mul
                0x00000000       0x1e c:/program files (x86)/atmel/studio/7.0/toolchain/avr8/avr8-gnu-toolchain/bin/../lib/gcc/avr/4.9.2/avr5\libgcc.a(_umulhisi3.o)
 .text.libgcc.div
                0x00000000        0x0 c:/program files (x86)/atmel/studio/7.0/toolchain/avr8/avr8-gnu-toolchain/bin/../lib/gcc/avr/4.9.2/avr5\libgcc.a(_umulhisi3.o)
 .text.libgcc   0x00000000        0x0 c:/program files (x86)/atmel/studio/7.0/toolchain/avr8/avr8-gnu-toolchain/bin/../lib/gcc/avr/4.9.2/avr5\libgcc.a(_umulhisi3.o)
 .text.libgcc.prologue
                0x00000000        0x0 c:/program files (x86)/atmel/studio/7.0/toolchain/avr8/avr8-gnu-toolchain/bin/../lib/gcc/avr/4.9.2/avr5\libgcc.a(_umulhisi3.o)
 .text.libgcc.builtins
                0x00000000        0x0 c:/program files (x86)/atmel/studio/7.0/toolchain/avr8/avr8-gnu-toolchain/bin/../lib/gcc/avr/4.9.2/avr5\libgcc.a(_umulhisi3.o)
 .text.libgcc.fmul
                0x00000000        0x0 c:/program files (x86)/atmel/studio/7.0/toolchain/avr8/avr8-gnu-toolchain/bin/../lib/gcc/avr/4.9.2/avr5\libgcc.a(_umulhisi3.o)
 .text.libgcc.fixed
                0x00000000        0x0 c:/program files (x86)/atmel/studio/7.0/toolchain/avr8/avr8-gnu-toolchain/bin/../lib/gcc/avr/4.9.2/avr5\libgcc.a(_umulhisi3.o)
 .text          0x00000000        0x0 c:/program files (x86)/atmel/studio/7.0/toolchain/avr8/avr8-gnu-toolchain/bin/../lib/gcc/avr/4.9.2/avr5\libgcc.a(_udivmodsi4.o)
 .data          0x00000000        0x0 c:/program files (x86)/atmel/studio/7.0/toolchain/avr8/avr8-gnu-toolchain/bin/../lib/gcc/avr/4.9.2/avr5\libgcc.a(_udivmodsi4.o)
 .bss           0x00000000        0x0 c:/program files (x86)/atmel/studio/7.0/toolchain/avr8/avr8-gnu-toolchain/bin/../lib/gcc/avr/4.9.2/avr5\libgcc.a(_udivmodsi4.o)
 .text.libgcc.mul
                0x00000000        0x0 c:/program files (x86)/atmel/studio/7.0/toolchain/avr8/avr8-gnu-toolchain/bin/../lib/gcc/avr/4.9.2/avr5\libgcc.a(_udivmodsi4.o)
 .text.libgcc.div
                0x00000000       0x44 c:/program files (x86)/atmel/studio/7.0/toolchain/avr8/avr8-gnu-toolchain/bin/../lib/gcc/avr/4.9.2/avr5\libgcc.a(_udivmodsi4.o)
 .text.libgcc   0x00000000        0x0 c:/program files (x86)/atmel/studio/7.0/toolchain/avr8/avr8-gnu-toolchain/bin/../lib/gcc/avr/4.9.2/avr5\libgcc.a(_udivmodsi4.o)
 .text.libgcc.prologue
                0x00000000        0x0 c:/program files (x86)/atmel/studio/7.0/toolchain/avr8/avr8-gnu-toolchain/bin/../lib/gcc/avr/4.9.2/avr5\libgcc.a(_udivmodsi4.o)
 .text.libgcc.builtins
                0x00000000        0x0 c:/program files (x86)/atmel/studio/7.0/toolchain/avr8/avr8-gnu-toolchain/bin/../lib/gcc/avr/4.9.2/avr5\libgcc.a(_udivmodsi4.o)
 .text.libgcc.fmul
                0x00000000        0x0 c:/program files (x86)/atmel/studio/7.0/toolchain/avr8/avr8-gnu-toolchain/bin/../lib/gcc/avr/4.9.2/avr5\libgcc.a(_udivmodsi4.o)
 .text.libgcc.fixed
                0x00000000        0x0 c:/program files (x86)/atmel/studio/7.0/toolchain/avr8/avr8-gnu-toolchain/bin/../lib/gcc/avr/4.9.2/avr5\libgcc.a(_udivmodsi4.o)
 .text          0x00000000        0x0 c:/program files (x86)/atmel/studio/7.0/toolchain/avr8/avr8-gnu-toolchain/bin/../lib/gcc/avr/4.9.2/avr5\libgcc.a(_tablejump2.o)
 .data          0x00000000        0x0 c:/program files (x86)/atmel/studio/7.0/toolchain/avr8/avr8-gnu-toolchain/bin/../lib/gcc/avr/4.9.2/avr5\libgcc.a(_tablejump2.o)
 .bss           0x00000000        0x0 c:/program files (x86)/atmel/studio/7.0/toolchain/avr8/avr8-gnu-toolchain/bin/../lib/gcc/avr/4.9.2/avr5\libgcc.a(_tablejump2.o)
 .text.libgcc.mul
                0x00000000        0x0 c:/program files (x86)/atmel/studio/7.0/toolchain/avr8/avr8-gnu-toolchain/bin/../lib/gcc/avr/4.9.2/avr5\libgcc.a(_tablejump2.o)
 .text.libgcc.div
                0x00000000        0x0 c:/program files (x86)/atmel/studio/7.0/toolchain/avr8/avr8-gnu-toolchain/bin/../lib/gcc/avr/4.9.2/avr5\libgcc.a(_tablejump2.o)
 .text.libgcc.prologue
                0x00000000        0x0 c:/program files (x86)/atmel/studio/7.0/toolchain/avr8/avr8-gnu-toolchain/bin/../lib/gcc/avr/4.9.2/avr5\libgcc.a(_tablejump2.o)
 .text.libgcc.builtins
                0x00000000        0x0 c:/program files (x86)/atmel/studio/7.0/toolchain/avr8/avr8-gnu-toolchain/bin/../lib/gcc/avr/4.9.2/avr5\libgcc.a(_tablejump2.o)
 .text.libgcc.fmul
                0x00000000        0x0 c:/program files (x86)/atmel/studio/7.0/toolchain/avr8/avr8-gnu-toolchain/bin/../lib/gcc/avr/4.9.2/avr5\libgcc.a(_tablejump2.o)
 .text.libgcc.fixed
                0x00000000        0x0 c:/program files (x86)/atmel/studio/7.0/toolchain/avr8/avr8-gnu-toolchain/bin/../lib/gcc/avr/4.9.2/avr5\libgcc.a(_tablejump2.o)
 .text          0x00000000        0x0 c:/program files (x86)/atmel/studio/7.0/toolchain/avr8/avr8-gnu-toolchain/bin/../lib/gcc/avr/4.9.2/../../../../avr/lib/avr5\libc.a(malloc.o)
 .bss           0x00000000        0x0 c:/program files (x86)/atmel/studio/7.0/toolchain/avr8/avr8-gnu-toolchain/bin/../lib/gcc/avr/4.9.2/../../../../avr/lib/avr5\libc.a(malloc.o)

Memory Configuration

Name             Origin             Length             Attributes
text             0x00000000         0x00020000         xr
data             0x00800060         0x0000ffa0         rw !x
eeprom           0x00810000         0x00010000         rw !x
fuse             0x00820000         0x00000003         rw !x
lock             0x00830000         0x00000400         rw !x
signature        0x00840000         0x00000400         rw !x
user_signatures  0x00850000         0x00000400         rw !x
*default*        0x00000000         0xffffffff

Linker script and memory map

Address of section .data set to 0x800100
LOAD C:/Program Files (x86)/Atmel/Studio/7.0/Packs/atmel/ATmega_DFP/1.1.130/gcc/dev/atmega328p/avr5/crtatmega328p.o
LOAD Interface/BPM.o
LOAD Interface/Buttons.o
LOAD Interface/LEDs.o
LOAD Interface/RotarySwitch.o
LOAD Interface/SevenSeg.o
LOAD interrupts.o
LOAD main.o
LOAD helperFunctions.o
LOAD Pins/AnalogPin.o
LOAD Pins/Pin.o
LOAD Shift_Register/ShiftRegister.o
LOAD Shift_Register/ShiftRegister_PISO.o
LOAD Shift_Register/ShiftRegister_SIPO.o
LOAD Tasks/Blinky.o
LOAD Tasks/DigitalInput.o
LOAD Tasks/InputPoll.o
LOAD Tasks/InstrumentTrigger.o
LOAD Tasks/PrintOutput.o
LOAD Tasks/RotaryEncoder.o
LOAD Tasks/Sequencer.o
LOAD Tasks/TaskManager.o
LOAD timer.o
START GROUP
LOAD c:/program files (x86)/atmel/studio/7.0/toolchain/avr8/avr8-gnu-toolchain/bin/../lib/gcc/avr/4.9.2/../../../../avr/lib/avr5\libm.a
END GROUP
LOAD c:/program files (x86)/atmel/studio/7.0/toolchain/avr8/avr8-gnu-toolchain/bin/../lib/gcc/avr/4.9.2/avr5\libgcc.a
LOAD c:/program files (x86)/atmel/studio/7.0/toolchain/avr8/avr8-gnu-toolchain/bin/../lib/gcc/avr/4.9.2/../../../../avr/lib/avr5\libm.a
START GROUP
LOAD c:/program files (x86)/atmel/studio/7.0/toolchain/avr8/avr8-gnu-toolchain/bin/../lib/gcc/avr/4.9.2/avr5\libgcc.a
LOAD c:/program files (x86)/atmel/studio/7.0/toolchain/avr8/avr8-gnu-toolchain/bin/../lib/gcc/avr/4.9.2/../../../../avr/lib/avr5\libm.a
LOAD c:/program files (x86)/atmel/studio/7.0/toolchain/avr8/avr8-gnu-toolchain/bin/../lib/gcc/avr/4.9.2/../../../../avr/lib/avr5\libc.a
LOAD C:/Program Files (x86)/Atmel/Studio/7.0/Packs/atmel/ATmega_DFP/1.1.130/gcc/dev/atmega328p/avr5\libatmega328p.a
END GROUP
                0x00020000                __TEXT_REGION_LENGTH__ = DEFINED (__TEXT_REGION_LENGTH__)?__TEXT_REGION_LENGTH__:0x20000
                0x0000ffa0                __DATA_REGION_LENGTH__ = DEFINED (__DATA_REGION_LENGTH__)?__DATA_REGION_LENGTH__:0xffa0
                0x00010000                __EEPROM_REGION_LENGTH__ = DEFINED (__EEPROM_REGION_LENGTH__)?__EEPROM_REGION_LENGTH__:0x10000
                [0x00000003]                __FUSE_REGION_LENGTH__ = DEFINED (__FUSE_REGION_LENGTH__)?__FUSE_REGION_LENGTH__:0x400
                0x00000400                __LOCK_REGION_LENGTH__ = DEFINED (__LOCK_REGION_LENGTH__)?__LOCK_REGION_LENGTH__:0x400
                0x00000400                __SIGNATURE_REGION_LENGTH__ = DEFINED (__SIGNATURE_REGION_LENGTH__)?__SIGNATURE_REGION_LENGTH__:0x400
                0x00000400                __USER_SIGNATURE_REGION_LENGTH__ = DEFINED (__USER_SIGNATURE_REGION_LENGTH__)?__USER_SIGNATURE_REGION_LENGTH__:0x400

.hash
 *(.hash)

.dynsym
 *(.dynsym)

.dynstr
 *(.dynstr)

.gnu.version
 *(.gnu.version)

.gnu.version_d
 *(.gnu.version_d)

.gnu.version_r
 *(.gnu.version_r)

.rel.init
 *(.rel.init)

.rela.init
 *(.rela.init)

.rel.text
 *(.rel.text)
 *(.rel.text.*)
 *(.rel.gnu.linkonce.t*)

.rela.text
 *(.rela.text)
 *(.rela.text.*)
 *(.rela.gnu.linkonce.t*)

.rel.fini
 *(.rel.fini)

.rela.fini
 *(.rela.fini)

.rel.rodata
 *(.rel.rodata)
 *(.rel.rodata.*)
 *(.rel.gnu.linkonce.r*)

.rela.rodata
 *(.rela.rodata)
 *(.rela.rodata.*)
 *(.rela.gnu.linkonce.r*)

.rel.data
 *(.rel.data)
 *(.rel.data.*)
 *(.rel.gnu.linkonce.d*)

.rela.data
 *(.rela.data)
 *(.rela.data.*)
 *(.rela.gnu.linkonce.d*)

.rel.ctors
 *(.rel.ctors)

.rela.ctors
 *(.rela.ctors)

.rel.dtors
 *(.rel.dtors)

.rela.dtors
 *(.rela.dtors)

.rel.got
 *(.rel.got)

.rela.got
 *(.rela.got)

.rel.bss
 *(.rel.bss)

.rela.bss
 *(.rela.bss)

.rel.plt
 *(.rel.plt)

.rela.plt
 *(.rela.plt)

.text           0x00000000     0x1046
 *(.vectors)
 .vectors       0x00000000       0x68 C:/Program Files (x86)/Atmel/Studio/7.0/Packs/atmel/ATmega_DFP/1.1.130/gcc/dev/atmega328p/avr5/crtatmega328p.o
                0x00000000                __vector_default
                0x00000000                __vectors
 *(.vectors)
 *(.progmem.gcc*)
                0x00000068                . = ALIGN (0x2)
                0x00000068                __trampolines_start = .
 *(.trampolines)
 .trampolines   0x00000068        0x0 linker stubs
 *(.trampolines*)
                0x00000068                __trampolines_end = .
 *libprintf_flt.a:*(.progmem.data)
 *libc.a:*(.progmem.data)
 *(.progmem*)
                0x00000068                . = ALIGN (0x2)
 *(.jumptables)
 *(.jumptables*)
 *(.lowtext)
 *(.lowtext*)
                0x00000068                __ctors_start = .
 *(.ctors)
 .ctors         0x00000068        0x2 main.o
                0x0000006a                __ctors_end = .
                0x0000006a                __dtors_start = .
 *(.dtors)
 .dtors         0x0000006a        0x2 main.o
                0x0000006c                __dtors_end = .
 SORT(*)(.ctors)
 SORT(*)(.dtors)
 *(.init0)
 .init0         0x0000006c        0x0 C:/Program Files (x86)/Atmel/Studio/7.0/Packs/atmel/ATmega_DFP/1.1.130/gcc/dev/atmega328p/avr5/crtatmega328p.o
                0x0000006c                __init
 *(.init0)
 *(.init1)
 *(.init1)
 *(.init2)
 .init2         0x0000006c        0xc C:/Program Files (x86)/Atmel/Studio/7.0/Packs/atmel/ATmega_DFP/1.1.130/gcc/dev/atmega328p/avr5/crtatmega328p.o
 *(.init2)
 *(.init3)
 *(.init3)
 *(.init4)
 .init4         0x00000078       0x16 c:/program files (x86)/atmel/studio/7.0/toolchain/avr8/avr8-gnu-toolchain/bin/../lib/gcc/avr/4.9.2/avr5\libgcc.a(_copy_data.o)
                0x00000078                __do_copy_data
 .init4         0x0000008e       0x10 c:/program files (x86)/atmel/studio/7.0/toolchain/avr8/avr8-gnu-toolchain/bin/../lib/gcc/avr/4.9.2/avr5\libgcc.a(_clear_bss.o)
                0x0000008e                __do_clear_bss
 *(.init4)
 *(.init5)
 *(.init5)
 *(.init6)
 .init6         0x0000009e       0x16 c:/program files (x86)/atmel/studio/7.0/toolchain/avr8/avr8-gnu-toolchain/bin/../lib/gcc/avr/4.9.2/avr5\libgcc.a(_ctors.o)
                0x0000009e                __do_global_ctors
 *(.init6)
 *(.init7)
 *(.init7)
 *(.init8)
 *(.init8)
 *(.init9)
 .init9         0x000000b4        0x8 C:/Program Files (x86)/Atmel/Studio/7.0/Packs/atmel/ATmega_DFP/1.1.130/gcc/dev/atmega328p/avr5/crtatmega328p.o
 *(.init9)
 *(.text)
 .text          0x000000bc        0x4 C:/Program Files (x86)/Atmel/Studio/7.0/Packs/atmel/ATmega_DFP/1.1.130/gcc/dev/atmega328p/avr5/crtatmega328p.o
                0x000000bc                __vector_22
                0x000000bc                __vector_1
                0x000000bc                __vector_24
                0x000000bc                __bad_interrupt
                0x000000bc                __vector_6
                0x000000bc                __vector_3
                0x000000bc                __vector_23
                0x000000bc                __vector_25
                0x000000bc                __vector_13
                0x000000bc                __vector_17
                0x000000bc                __vector_19
                0x000000bc                __vector_7
                0x000000bc                __vector_5
                0x000000bc                __vector_4
                0x000000bc                __vector_9
                0x000000bc                __vector_2
                0x000000bc                __vector_21
                0x000000bc                __vector_15
                0x000000bc                __vector_8
                0x000000bc                __vector_10
                0x000000bc                __vector_16
                0x000000bc                __vector_18
                0x000000bc                __vector_20
                0x000000c0                . = ALIGN (0x2)
 *(.text.*)
 .text._ZN7ButtonsC2Ev
                0x000000c0       0x10 Interface/Buttons.o
                0x000000c0                _ZN7ButtonsC2Ev
                0x000000c0                _ZN7ButtonsC1Ev
 .text._ZN4LEDs11loadMeasureEPPjhh
                0x000000d0        0xc Interface/LEDs.o
                0x000000d0                _ZN4LEDs11loadMeasureEPPjhh
 .text._ZN4LEDs13setInstrumentEj
                0x000000dc        0x6 Interface/LEDs.o
                0x000000dc                _ZN4LEDs13setInstrumentEj
 .text._ZN4LEDs14generateBitMapEv
                0x000000e2       0x7c Interface/LEDs.o
                0x000000e2                _ZN4LEDs14generateBitMapEv
 .text._ZN12RotarySwitchC2Ev
                0x0000015e        0x2 Interface/RotarySwitch.o
                0x0000015e                _ZN12RotarySwitchC2Ev
                0x0000015e                _ZN12RotarySwitchC1Ev
 .text._ZN8SevenSegC2Eh
                0x00000160       0x26 Interface/SevenSeg.o
                0x00000160                _ZN8SevenSegC1Eh
                0x00000160                _ZN8SevenSegC2Eh
 .text._ZN8SevenSegD2Ev
                0x00000186       0x1c Interface/SevenSeg.o
                0x00000186                _ZN8SevenSegD2Ev
                0x00000186                _ZN8SevenSegD1Ev
 .text.__vector_14
                0x000001a2       0x4c interrupts.o
                0x000001a2                __vector_14
 .text.__vector_12
                0x000001ee       0x16 interrupts.o
                0x000001ee                __vector_12
 .text._Z20setUpTimerInterruptsv
                0x00000204       0x52 interrupts.o
                0x00000204                _Z20setUpTimerInterruptsv
 .text._Z25disableTimerOneInterruptsv
                0x00000256        0xc interrupts.o
                0x00000256                _Z25disableTimerOneInterruptsv
 .text.__vector_11
                0x00000262       0x4a interrupts.o
                0x00000262                __vector_11
 .text._Z11triggerTaskv
                0x000002ac        0xa main.o
                0x000002ac                _Z11triggerTaskv
 .text._Z14triggerSetHighv
                0x000002b6        0xa main.o
                0x000002b6                _Z14triggerSetHighv
 .text._Z13triggerSetLowv
                0x000002c0        0xa main.o
                0x000002c0                _Z13triggerSetLowv
 .text._Z18sequencerTimerTaskv
                0x000002ca        0xa main.o
                0x000002ca                _Z18sequencerTimerTaskv
 .text._Z10updateLEDsv
                0x000002d4        0xa main.o
                0x000002d4                _Z10updateLEDsv
 .text._Z15printOutputTaskv
                0x000002de        0xa main.o
                0x000002de                _Z15printOutputTaskv
 .text.main     0x000002e8       0xba main.o
                0x000002e8                main
 .text._GLOBAL__sub_I_timer
                0x000003a2       0x66 main.o
 .text._GLOBAL__sub_D_timer
                0x00000408       0x3a main.o
 .text._Znwj    0x00000442        0x6 helperFunctions.o
                0x00000442                _Znwj
 .text._ZdlPv   0x00000448        0x6 helperFunctions.o
                0x00000448                _ZdlPv
 .text._Znaj    0x0000044e        0x6 helperFunctions.o
                0x0000044e                _Znaj
 .text._ZN3Pin17setDirectionInputEv
                0x00000454       0x16 Pins/Pin.o
                0x00000454                _ZN3Pin17setDirectionInputEv
 .text._ZN3Pin7setHighEv
                0x0000046a       0x16 Pins/Pin.o
                0x0000046a                _ZN3Pin7setHighEv
 .text._ZN3Pin6setLowEv
                0x00000480       0x18 Pins/Pin.o
                0x00000480                _ZN3Pin6setLowEv
 .text._ZN3Pin18setDirectionOutputEv
                0x00000498       0x1c Pins/Pin.o
                0x00000498                _ZN3Pin18setDirectionOutputEv
 .text._ZN3PinC2EhPVhh
                0x000004b4       0x34 Pins/Pin.o
                0x000004b4                _ZN3PinC2EhPVhh
                0x000004b4                _ZN3PinC1EhPVhh
 .text._ZN3PinD2Ev
                0x000004e8        0x2 Pins/Pin.o
                0x000004e8                _ZN3PinD2Ev
                0x000004e8                _ZN3PinD1Ev
 .text._ZN13ShiftRegisterC2Ev
                0x000004ea        0x2 Shift_Register/ShiftRegister.o
                0x000004ea                _ZN13ShiftRegisterC1Ev
                0x000004ea                _ZN13ShiftRegisterC2Ev
 .text._ZN13ShiftRegister11singleShiftEv
                0x000004ec       0x2c Shift_Register/ShiftRegister.o
                0x000004ec                _ZN13ShiftRegister11singleShiftEv
 .text._ZN13ShiftRegister5latchEv
                0x00000518       0x24 Shift_Register/ShiftRegister.o
                0x00000518                _ZN13ShiftRegister5latchEv
 .text._ZN13ShiftRegisterD2Ev
                0x0000053c        0x2 Shift_Register/ShiftRegister.o
                0x0000053c                _ZN13ShiftRegisterD1Ev
                0x0000053c                _ZN13ShiftRegisterD2Ev
 .text._ZN18ShiftRegister_PISOC2Ev
                0x0000053e       0x12 Shift_Register/ShiftRegister_PISO.o
                0x0000053e                _ZN18ShiftRegister_PISOC2Ev
                0x0000053e                _ZN18ShiftRegister_PISOC1Ev
 .text._ZN18ShiftRegister_PISOD2Ev
                0x00000550        0x6 Shift_Register/ShiftRegister_PISO.o
                0x00000550                _ZN18ShiftRegister_PISOD1Ev
                0x00000550                _ZN18ShiftRegister_PISOD2Ev
 .text._ZN18ShiftRegister_SIPOC2Eh
                0x00000556       0x2e Shift_Register/ShiftRegister_SIPO.o
                0x00000556                _ZN18ShiftRegister_SIPOC1Eh
                0x00000556                _ZN18ShiftRegister_SIPOC2Eh
 .text._ZN18ShiftRegister_SIPO9shiftBitsEv
                0x00000584       0x76 Shift_Register/ShiftRegister_SIPO.o
                0x00000584                _ZN18ShiftRegister_SIPO9shiftBitsEv
 .text._ZN18ShiftRegister_SIPO9shiftByteEv
                0x000005fa       0x38 Shift_Register/ShiftRegister_SIPO.o
                0x000005fa                _ZN18ShiftRegister_SIPO9shiftByteEv
 .text._ZN18ShiftRegister_SIPOD2Ev
                0x00000632        0x6 Shift_Register/ShiftRegister_SIPO.o
                0x00000632                _ZN18ShiftRegister_SIPOD1Ev
                0x00000632                _ZN18ShiftRegister_SIPOD2Ev
 .text._ZN12DigitalInputC2Ev
                0x00000638       0xa6 Tasks/DigitalInput.o
                0x00000638                _ZN12DigitalInputC2Ev
                0x00000638                _ZN12DigitalInputC1Ev
 .text._ZN12DigitalInputD2Ev
                0x000006de        0x6 Tasks/DigitalInput.o
                0x000006de                _ZN12DigitalInputD1Ev
                0x000006de                _ZN12DigitalInputD2Ev
 .text._ZN9InputPollC2ER5TimerR12DigitalInput
                0x000006e4       0x22 Tasks/InputPoll.o
                0x000006e4                _ZN9InputPollC1ER5TimerR12DigitalInput
                0x000006e4                _ZN9InputPollC2ER5TimerR12DigitalInput
 .text._ZN9InputPollD2Ev
                0x00000706        0x2 Tasks/InputPoll.o
                0x00000706                _ZN9InputPollD1Ev
                0x00000706                _ZN9InputPollD2Ev
 .text._ZN17InstrumentTriggerC2ER5TimerR9Sequencer
                0x00000708       0x98 Tasks/InstrumentTrigger.o
                0x00000708                _ZN17InstrumentTriggerC2ER5TimerR9Sequencer
                0x00000708                _ZN17InstrumentTriggerC1ER5TimerR9Sequencer
 .text._ZN17InstrumentTrigger3runEv
                0x000007a0       0x24 Tasks/InstrumentTrigger.o
                0x000007a0                _ZN17InstrumentTrigger3runEv
 .text._ZN17InstrumentTrigger7setHighEv
                0x000007c4       0xaa Tasks/InstrumentTrigger.o
                0x000007c4                _ZN17InstrumentTrigger7setHighEv
 .text._ZN17InstrumentTrigger6setLowEv
                0x0000086e       0x52 Tasks/InstrumentTrigger.o
                0x0000086e                _ZN17InstrumentTrigger6setLowEv
 .text._ZN17InstrumentTriggerD2Ev
                0x000008c0        0x6 Tasks/InstrumentTrigger.o
                0x000008c0                _ZN17InstrumentTriggerD1Ev
                0x000008c0                _ZN17InstrumentTriggerD2Ev
 .text._ZN11PrintOutputC2ER5TimerR9Sequencer
                0x000008c6       0xdc Tasks/PrintOutput.o
                0x000008c6                _ZN11PrintOutputC2ER5TimerR9Sequencer
                0x000008c6                _ZN11PrintOutputC1ER5TimerR9Sequencer
 .text._ZN11PrintOutput3runEv
                0x000009a2       0x2a Tasks/PrintOutput.o
                0x000009a2                _ZN11PrintOutput3runEv
 .text._ZN11PrintOutputD2Ev
                0x000009cc       0x9e Tasks/PrintOutput.o
                0x000009cc                _ZN11PrintOutputD1Ev
                0x000009cc                _ZN11PrintOutputD2Ev
 .text._ZN13RotaryEncoderC2ER5TimerR12DigitalInput
                0x00000a6a       0x20 Tasks/RotaryEncoder.o
                0x00000a6a                _ZN13RotaryEncoderC2ER5TimerR12DigitalInput
                0x00000a6a                _ZN13RotaryEncoderC1ER5TimerR12DigitalInput
 .text._ZN13RotaryEncoderD2Ev
                0x00000a8a        0x2 Tasks/RotaryEncoder.o
                0x00000a8a                _ZN13RotaryEncoderD1Ev
                0x00000a8a                _ZN13RotaryEncoderD2Ev
 .text._ZN9SequencerC2ER5TimerR12DigitalInputR13RotaryEncoder
                0x00000a8c       0x7a Tasks/Sequencer.o
                0x00000a8c                _ZN9SequencerC1ER5TimerR12DigitalInputR13RotaryEncoder
                0x00000a8c                _ZN9SequencerC2ER5TimerR12DigitalInputR13RotaryEncoder
 .text._ZN9Sequencer10updateLEDsEv
                0x00000b06       0x86 Tasks/Sequencer.o
                0x00000b06                _ZN9Sequencer10updateLEDsEv
 .text._ZN9Sequencer8runTimerEv
                0x00000b8c       0x66 Tasks/Sequencer.o
                0x00000b8c                _ZN9Sequencer8runTimerEv
 .text._ZN9Sequencer12loadSequenceEPjh
                0x00000bf2       0x30 Tasks/Sequencer.o
                0x00000bf2                _ZN9Sequencer12loadSequenceEPjh
 .text._ZN9Sequencer30loadInstrumentTriggerReferenceER17InstrumentTrigger
                0x00000c22        0xc Tasks/Sequencer.o
                0x00000c22                _ZN9Sequencer30loadInstrumentTriggerReferenceER17InstrumentTrigger
 .text._ZN9Sequencer17getPositionInTimeEv
                0x00000c2e        0xa Tasks/Sequencer.o
                0x00000c2e                _ZN9Sequencer17getPositionInTimeEv
 .text._ZN9SequencerD2Ev
                0x00000c38        0x2 Tasks/Sequencer.o
                0x00000c38                _ZN9SequencerD2Ev
                0x00000c38                _ZN9SequencerD1Ev
 .text._ZN11TaskManagerC2ER5Timer
                0x00000c3a        0xe Tasks/TaskManager.o
                0x00000c3a                _ZN11TaskManagerC2ER5Timer
                0x00000c3a                _ZN11TaskManagerC1ER5Timer
 .text._ZN11TaskManager7addTaskEPFvvEh
                0x00000c48       0x26 Tasks/TaskManager.o
                0x00000c48                _ZN11TaskManager7addTaskEPFvvEh
 .text._ZN11TaskManager20generateRandomNumberEv
                0x00000c6e       0x1e Tasks/TaskManager.o
                0x00000c6e                _ZN11TaskManager20generateRandomNumberEv
 .text._ZN11TaskManager8runTasksEv
                0x00000c8c       0x6a Tasks/TaskManager.o
                0x00000c8c                _ZN11TaskManager8runTasksEv
 .text._ZN5TimerC2Ev
                0x00000cf6       0x14 timer.o
                0x00000cf6                _ZN5TimerC2Ev
                0x00000cf6                _ZN5TimerC1Ev
 .text._ZN5Timer14incrementTimerEv
                0x00000d0a       0x1c timer.o
                0x00000d0a                _ZN5Timer14incrementTimerEv
 .text._ZN5Timer5resetEv
                0x00000d26        0xc timer.o
                0x00000d26                _ZN5Timer5resetEv
 .text._ZN5Timer14elapsed_millisEm
                0x00000d32       0x24 timer.o
                0x00000d32                _ZN5Timer14elapsed_millisEm
 .text._ZN5Timer6millisEv
                0x00000d56        0xc timer.o
                0x00000d56                _ZN5Timer6millisEv
 .text._ZN5Timer8wait_1usEv
                0x00000d62       0x12 timer.o
                0x00000d62                _ZN5Timer8wait_1usEv
 .text._ZN5TimerD2Ev
                0x00000d74        0x2 timer.o
                0x00000d74                _ZN5TimerD2Ev
                0x00000d74                _ZN5TimerD1Ev
 .text.libgcc.div
                0x00000d76       0x28 c:/program files (x86)/atmel/studio/7.0/toolchain/avr8/avr8-gnu-toolchain/bin/../lib/gcc/avr/4.9.2/avr5\libgcc.a(_udivmodhi4.o)
                0x00000d76                __udivmodhi4
 .text.libgcc.div
                0x00000d9e       0x28 c:/program files (x86)/atmel/studio/7.0/toolchain/avr8/avr8-gnu-toolchain/bin/../lib/gcc/avr/4.9.2/avr5\libgcc.a(_divmodhi4.o)
                0x00000d9e                _div
                0x00000d9e                __divmodhi4
 .text.libgcc   0x00000dc6        0xc c:/program files (x86)/atmel/studio/7.0/toolchain/avr8/avr8-gnu-toolchain/bin/../lib/gcc/avr/4.9.2/avr5\libgcc.a(_tablejump2.o)
                0x00000dc6                __tablejump2__
 .text.avr-libc
                0x00000dd2      0x25a c:/program files (x86)/atmel/studio/7.0/toolchain/avr8/avr8-gnu-toolchain/bin/../lib/gcc/avr/4.9.2/../../../../avr/lib/avr5\libc.a(malloc.o)
                0x00000dd2                malloc
                0x00000efc                free
                0x0000102c                . = ALIGN (0x2)
 *(.fini9)
 .fini9         0x0000102c        0x0 c:/program files (x86)/atmel/studio/7.0/toolchain/avr8/avr8-gnu-toolchain/bin/../lib/gcc/avr/4.9.2/avr5\libgcc.a(_exit.o)
                0x0000102c                _exit
                0x0000102c                exit
 *(.fini9)
 *(.fini8)
 *(.fini8)
 *(.fini7)
 *(.fini7)
 *(.fini6)
 .fini6         0x0000102c       0x16 c:/program files (x86)/atmel/studio/7.0/toolchain/avr8/avr8-gnu-toolchain/bin/../lib/gcc/avr/4.9.2/avr5\libgcc.a(_dtors.o)
                0x0000102c                __do_global_dtors
 *(.fini6)
 *(.fini5)
 *(.fini5)
 *(.fini4)
 *(.fini4)
 *(.fini3)
 *(.fini3)
 *(.fini2)
 *(.fini2)
 *(.fini1)
 *(.fini1)
 *(.fini0)
 .fini0         0x00001042        0x4 c:/program files (x86)/atmel/studio/7.0/toolchain/avr8/avr8-gnu-toolchain/bin/../lib/gcc/avr/4.9.2/avr5\libgcc.a(_exit.o)
 *(.fini0)
                0x00001046                _etext = .

.data           0x00800100       0x26 load address 0x00001046
                0x00800100                PROVIDE (__data_start, .)
 *(.data)
 .data          0x00800100        0x6 c:/program files (x86)/atmel/studio/7.0/toolchain/avr8/avr8-gnu-toolchain/bin/../lib/gcc/avr/4.9.2/../../../../avr/lib/avr5\libc.a(malloc.o)
                0x00800100                __malloc_heap_end
                0x00800102                __malloc_heap_start
                0x00800104                __malloc_margin
 *(.data*)
 *(.rodata)
 .rodata        0x00800106       0x20 main.o
 *(.rodata*)
 *(.gnu.linkonce.d*)
                0x00800126                . = ALIGN (0x2)
                0x00800126                _edata = .
                0x00800126                PROVIDE (__data_end, .)

.bss            0x00800126      0x15b
                0x00800126                PROVIDE (__bss_start, .)
 *(.bss)
 *(.bss*)
 .bss.instumentTrigger
                0x00800126       0x1f main.o
                0x00800126                instumentTrigger
 .bss.printOutput
                0x00800145       0x21 main.o
                0x00800145                printOutput
 .bss.sequencer
                0x00800166       0xdd main.o
                0x00800166                sequencer
 .bss.rotaryEncoders
                0x00800243       0x11 main.o
                0x00800243                rotaryEncoders
 .bss.inputPoll
                0x00800254        0x8 main.o
                0x00800254                inputPoll
 .bss.digitalInput
                0x0080025c       0x19 main.o
                0x0080025c                digitalInput
 .bss.timer     0x00800275        0x8 main.o
                0x00800275                timer
 *(COMMON)
 COMMON         0x0080027d        0x4 c:/program files (x86)/atmel/studio/7.0/toolchain/avr8/avr8-gnu-toolchain/bin/../lib/gcc/avr/4.9.2/../../../../avr/lib/avr5\libc.a(malloc.o)
                0x0080027d                __brkval
                0x0080027f                __flp
                0x00800281                PROVIDE (__bss_end, .)
                0x00001046                __data_load_start = LOADADDR (.data)
                0x0000106c                __data_load_end = (__data_load_start + SIZEOF (.data))

.noinit         0x00800281        0x0
                [!provide]                PROVIDE (__noinit_start, .)
 *(.noinit*)
                [!provide]                PROVIDE (__noinit_end, .)
                0x00800281                _end = .
                0x00800281                PROVIDE (__heap_start, .)

.eeprom         0x00810000        0x0
 *(.eeprom*)
                0x00810000                __eeprom_end = .

.fuse
 *(.fuse)
 *(.lfuse)
 *(.hfuse)
 *(.efuse)

.lock
 *(.lock*)

.signature
 *(.signature*)

.user_signatures
 *(.user_signatures*)

.stab
 *(.stab)

.stabstr
 *(.stabstr)

.stab.excl
 *(.stab.excl)

.stab.exclstr
 *(.stab.exclstr)

.stab.index
 *(.stab.index)

.stab.indexstr
 *(.stab.indexstr)

.comment        0x00000000       0x30
 *(.comment)
 .comment       0x00000000       0x30 Interface/Buttons.o
                                 0x31 (size before relaxing)
 .comment       0x00000030       0x31 Interface/LEDs.o
 .comment       0x00000030       0x31 Interface/RotarySwitch.o
 .comment       0x00000030       0x31 Interface/SevenSeg.o
 .comment       0x00000030       0x31 interrupts.o
 .comment       0x00000030       0x31 main.o
 .comment       0x00000030       0x31 helperFunctions.o
 .comment       0x00000030       0x31 Pins/Pin.o
 .comment       0x00000030       0x31 Shift_Register/ShiftRegister.o
 .comment       0x00000030       0x31 Shift_Register/ShiftRegister_PISO.o
 .comment       0x00000030       0x31 Shift_Register/ShiftRegister_SIPO.o
 .comment       0x00000030       0x31 Tasks/DigitalInput.o
 .comment       0x00000030       0x31 Tasks/InputPoll.o
 .comment       0x00000030       0x31 Tasks/InstrumentTrigger.o
 .comment       0x00000030       0x31 Tasks/PrintOutput.o
 .comment       0x00000030       0x31 Tasks/RotaryEncoder.o
 .comment       0x00000030       0x31 Tasks/Sequencer.o
 .comment       0x00000030       0x31 Tasks/TaskManager.o
 .comment       0x00000030       0x31 timer.o
 .comment       0x00000030       0x31 c:/program files (x86)/atmel/studio/7.0/toolchain/avr8/avr8-gnu-toolchain/bin/../lib/gcc/avr/4.9.2/../../../../avr/lib/avr5\libc.a(malloc.o)

.note.gnu.avr.deviceinfo
                0x00000000       0x40
 .note.gnu.avr.deviceinfo
                0x00000000       0x40 C:/Program Files (x86)/Atmel/Studio/7.0/Packs/atmel/ATmega_DFP/1.1.130/gcc/dev/atmega328p/avr5/crtatmega328p.o

.note.gnu.build-id
 *(.note.gnu.build-id)

.debug
 *(.debug)

.line
 *(.line)

.debug_srcinfo
 *(.debug_srcinfo)

.debug_sfnames
 *(.debug_sfnames)

.debug_aranges  0x00000000      0x518
 *(.debug_aranges)
 .debug_aranges
                0x00000000       0x30 Interface/Buttons.o
 .debug_aranges
                0x00000030       0x48 Interface/LEDs.o
 .debug_aranges
                0x00000078       0x30 Interface/RotarySwitch.o
 .debug_aranges
                0x000000a8       0x30 Interface/SevenSeg.o
 .debug_aranges
                0x000000d8       0x58 interrupts.o
 .debug_aranges
                0x00000130       0x60 main.o
 .debug_aranges
                0x00000190       0x40 helperFunctions.o
 .debug_aranges
                0x000001d0       0x58 Pins/Pin.o
 .debug_aranges
                0x00000228       0x48 Shift_Register/ShiftRegister.o
 .debug_aranges
                0x00000270       0x48 Shift_Register/ShiftRegister_PISO.o
 .debug_aranges
                0x000002b8       0x40 Shift_Register/ShiftRegister_SIPO.o
 .debug_aranges
                0x000002f8       0x30 Tasks/DigitalInput.o
 .debug_aranges
                0x00000328       0x30 Tasks/InputPoll.o
 .debug_aranges
                0x00000358       0x48 Tasks/InstrumentTrigger.o
 .debug_aranges
                0x000003a0       0x40 Tasks/PrintOutput.o
 .debug_aranges
                0x000003e0       0x30 Tasks/RotaryEncoder.o
 .debug_aranges
                0x00000410       0x68 Tasks/Sequencer.o
 .debug_aranges
                0x00000478       0x40 Tasks/TaskManager.o
 .debug_aranges
                0x000004b8       0x60 timer.o

.debug_pubnames
 *(.debug_pubnames)

.debug_info     0x00000000     0xa772
 *(.debug_info .gnu.linkonce.wi.*)
 .debug_info    0x00000000      0x5f4 C:/Program Files (x86)/Atmel/Studio/7.0/Packs/atmel/ATmega_DFP/1.1.130/gcc/dev/atmega328p/avr5/crtatmega328p.o
 .debug_info    0x000005f4      0x1d3 Interface/Buttons.o
 .debug_info    0x000007c7      0x3d7 Interface/LEDs.o
 .debug_info    0x00000b9e      0x1f2 Interface/RotarySwitch.o
 .debug_info    0x00000d90      0x2d9 Interface/SevenSeg.o
 .debug_info    0x00001069      0x2f5 interrupts.o
 .debug_info    0x0000135e     0x190a main.o
 .debug_info    0x00002c68      0x222 helperFunctions.o
 .debug_info    0x00002e8a      0x403 Pins/Pin.o
 .debug_info    0x0000328d      0x659 Shift_Register/ShiftRegister.o
 .debug_info    0x000038e6      0x7af Shift_Register/ShiftRegister_PISO.o
 .debug_info    0x00004095      0x7fc Shift_Register/ShiftRegister_SIPO.o
 .debug_info    0x00004891      0x9f2 Tasks/DigitalInput.o
 .debug_info    0x00005283      0x97f Tasks/InputPoll.o
 .debug_info    0x00005c02     0x1189 Tasks/InstrumentTrigger.o
 .debug_info    0x00006d8b     0x151c Tasks/PrintOutput.o
 .debug_info    0x000082a7      0x9da Tasks/RotaryEncoder.o
 .debug_info    0x00008c81     0x11fa Tasks/Sequencer.o
 .debug_info    0x00009e7b      0x4a8 Tasks/TaskManager.o
 .debug_info    0x0000a323      0x44f timer.o

.debug_abbrev   0x00000000     0x2c5e
 *(.debug_abbrev)
 .debug_abbrev  0x00000000      0x5a2 C:/Program Files (x86)/Atmel/Studio/7.0/Packs/atmel/ATmega_DFP/1.1.130/gcc/dev/atmega328p/avr5/crtatmega328p.o
 .debug_abbrev  0x000005a2      0x136 Interface/Buttons.o
 .debug_abbrev  0x000006d8      0x1b2 Interface/LEDs.o
 .debug_abbrev  0x0000088a      0x136 Interface/RotarySwitch.o
 .debug_abbrev  0x000009c0      0x1a2 Interface/SevenSeg.o
 .debug_abbrev  0x00000b62      0x169 interrupts.o
 .debug_abbrev  0x00000ccb      0x2d5 main.o
 .debug_abbrev  0x00000fa0       0xfd helperFunctions.o
 .debug_abbrev  0x0000109d      0x1b2 Pins/Pin.o
 .debug_abbrev  0x0000124f      0x20a Shift_Register/ShiftRegister.o
 .debug_abbrev  0x00001459      0x233 Shift_Register/ShiftRegister_PISO.o
 .debug_abbrev  0x0000168c      0x264 Shift_Register/ShiftRegister_SIPO.o
 .debug_abbrev  0x000018f0      0x235 Tasks/DigitalInput.o
 .debug_abbrev  0x00001b25      0x23d Tasks/InputPoll.o
 .debug_abbrev  0x00001d62      0x2c8 Tasks/InstrumentTrigger.o
 .debug_abbrev  0x0000202a      0x2c4 Tasks/PrintOutput.o
 .debug_abbrev  0x000022ee      0x27d Tasks/RotaryEncoder.o
 .debug_abbrev  0x0000256b      0x2f0 Tasks/Sequencer.o
 .debug_abbrev  0x0000285b      0x21d Tasks/TaskManager.o
 .debug_abbrev  0x00002a78      0x1e6 timer.o

.debug_line     0x00000000     0x27e4
 *(.debug_line .debug_line.* .debug_line_end)
 .debug_line    0x00000000      0x133 C:/Program Files (x86)/Atmel/Studio/7.0/Packs/atmel/ATmega_DFP/1.1.130/gcc/dev/atmega328p/avr5/crtatmega328p.o
 .debug_line    0x00000133       0xff Interface/Buttons.o
 .debug_line    0x00000232      0x187 Interface/LEDs.o
 .debug_line    0x000003b9       0xdf Interface/RotarySwitch.o
 .debug_line    0x00000498      0x139 Interface/SevenSeg.o
 .debug_line    0x000005d1      0x1a0 interrupts.o
 .debug_line    0x00000771      0x36f main.o
 .debug_line    0x00000ae0      0x1ce helperFunctions.o
 .debug_line    0x00000cae      0x186 Pins/Pin.o
 .debug_line    0x00000e34      0x1ad Shift_Register/ShiftRegister.o
 .debug_line    0x00000fe1      0x200 Shift_Register/ShiftRegister_PISO.o
 .debug_line    0x000011e1      0x23a Shift_Register/ShiftRegister_SIPO.o
 .debug_line    0x0000141b      0x26c Tasks/DigitalInput.o
 .debug_line    0x00001687      0x1ed Tasks/InputPoll.o
 .debug_line    0x00001874      0x319 Tasks/InstrumentTrigger.o
 .debug_line    0x00001b8d      0x3a1 Tasks/PrintOutput.o
 .debug_line    0x00001f2e      0x24f Tasks/RotaryEncoder.o
 .debug_line    0x0000217d      0x382 Tasks/Sequencer.o
 .debug_line    0x000024ff      0x162 Tasks/TaskManager.o
 .debug_line    0x00002661      0x183 timer.o

.debug_frame    0x00000000      0xaf8
 *(.debug_frame)
 .debug_frame   0x00000000       0x44 Interface/Buttons.o
 .debug_frame   0x00000044       0x88 Interface/LEDs.o
 .debug_frame   0x000000cc       0x44 Interface/RotarySwitch.o
 .debug_frame   0x00000110       0x90 Interface/SevenSeg.o
 .debug_frame   0x000001a0      0x130 interrupts.o
 .debug_frame   0x000002d0       0xb4 main.o
 .debug_frame   0x00000384       0x64 helperFunctions.o
 .debug_frame   0x000003e8       0xa0 Pins/Pin.o
 .debug_frame   0x00000488       0x8c Shift_Register/ShiftRegister.o
 .debug_frame   0x00000514       0xb4 Shift_Register/ShiftRegister_PISO.o
 .debug_frame   0x000005c8       0x94 Shift_Register/ShiftRegister_SIPO.o
 .debug_frame   0x0000065c       0x6c Tasks/DigitalInput.o
 .debug_frame   0x000006c8       0x5c Tasks/InputPoll.o
 .debug_frame   0x00000724       0xb8 Tasks/InstrumentTrigger.o
 .debug_frame   0x000007dc       0xbc Tasks/PrintOutput.o
 .debug_frame   0x00000898       0x50 Tasks/RotaryEncoder.o
 .debug_frame   0x000008e8       0xd4 Tasks/Sequencer.o
 .debug_frame   0x000009bc       0x8c Tasks/TaskManager.o
 .debug_frame   0x00000a48       0xb0 timer.o

.debug_str      0x00000000     0x1a72
 *(.debug_str)
 .debug_str     0x00000000      0x208 C:/Program Files (x86)/Atmel/Studio/7.0/Packs/atmel/ATmega_DFP/1.1.130/gcc/dev/atmega328p/avr5/crtatmega328p.o
 .debug_str     0x00000208      0x24b Interface/Buttons.o
                                0x287 (size before relaxing)
 .debug_str     0x00000453      0x169 Interface/LEDs.o
                                0x359 (size before relaxing)
 .debug_str     0x000005bc       0xb0 Interface/RotarySwitch.o
                                0x2bd (size before relaxing)
 .debug_str     0x0000066c      0x10d Interface/SevenSeg.o
                                0x308 (size before relaxing)
 .debug_str     0x00000779      0x23b interrupts.o
                                0x42c (size before relaxing)
 .debug_str     0x000009b4      0xb47 main.o
                               0x1115 (size before relaxing)
 .debug_str     0x000014fb       0x73 helperFunctions.o
                                0x289 (size before relaxing)
 .debug_str     0x0000156e       0x4e Pins/Pin.o
                                0x32b (size before relaxing)
 .debug_str     0x000015bc       0x80 Shift_Register/ShiftRegister.o
                                0x560 (size before relaxing)
 .debug_str     0x0000163c       0x8f Shift_Register/ShiftRegister_PISO.o
                                0x62c (size before relaxing)
 .debug_str     0x000016cb       0x7e Shift_Register/ShiftRegister_SIPO.o
                                0x6df (size before relaxing)
 .debug_str     0x00001749       0x46 Tasks/DigitalInput.o
                                0x76a (size before relaxing)
 .debug_str     0x0000178f       0x69 Tasks/InputPoll.o
                                0x7cf (size before relaxing)
 .debug_str     0x000017f8       0x73 Tasks/InstrumentTrigger.o
                                0xdde (size before relaxing)
 .debug_str     0x0000186b       0x54 Tasks/PrintOutput.o
                                0xefe (size before relaxing)
 .debug_str     0x000018bf       0x67 Tasks/RotaryEncoder.o
                                0x7ee (size before relaxing)
 .debug_str     0x00001926       0xa9 Tasks/Sequencer.o
                                0xdf0 (size before relaxing)
 .debug_str     0x000019cf       0x57 Tasks/TaskManager.o
                                0x447 (size before relaxing)
 .debug_str     0x00001a26       0x4c timer.o
                                0x359 (size before relaxing)

.debug_loc      0x00000000     0x1b3e
 *(.debug_loc)
 .debug_loc     0x00000000       0x4c Interface/Buttons.o
 .debug_loc     0x0000004c      0x10e Interface/LEDs.o
 .debug_loc     0x0000015a      0x20d Interface/SevenSeg.o
 .debug_loc     0x00000367      0x1c5 interrupts.o
 .debug_loc     0x0000052c       0x48 main.o
 .debug_loc     0x00000574      0x142 helperFunctions.o
 .debug_loc     0x000006b6      0x28f Pins/Pin.o
 .debug_loc     0x00000945       0xca Shift_Register/ShiftRegister.o
 .debug_loc     0x00000a0f      0x2b3 Shift_Register/ShiftRegister_PISO.o
 .debug_loc     0x00000cc2      0x212 Shift_Register/ShiftRegister_SIPO.o
 .debug_loc     0x00000ed4      0x124 Tasks/DigitalInput.o
 .debug_loc     0x00000ff8      0x116 Tasks/InputPoll.o
 .debug_loc     0x0000110e      0x25a Tasks/InstrumentTrigger.o
 .debug_loc     0x00001368      0x2d2 Tasks/PrintOutput.o
 .debug_loc     0x0000163a       0xa9 Tasks/RotaryEncoder.o
 .debug_loc     0x000016e3      0x288 Tasks/Sequencer.o
 .debug_loc     0x0000196b      0x127 Tasks/TaskManager.o
 .debug_loc     0x00001a92       0xac timer.o

.debug_macinfo
 *(.debug_macinfo)

.debug_weaknames
 *(.debug_weaknames)

.debug_funcnames
 *(.debug_funcnames)

.debug_typenames
 *(.debug_typenames)

.debug_varnames
 *(.debug_varnames)

.debug_pubtypes
 *(.debug_pubtypes)

.debug_ranges   0x00000000      0x3e8
 *(.debug_ranges)
 .debug_ranges  0x00000000       0x20 Interface/Buttons.o
 .debug_ranges  0x00000020       0x38 Interface/LEDs.o
 .debug_ranges  0x00000058       0x20 Interface/RotarySwitch.o
 .debug_ranges  0x00000078       0x20 Interface/SevenSeg.o
 .debug_ranges  0x00000098       0x48 interrupts.o
 .debug_ranges  0x000000e0       0x50 main.o
 .debug_ranges  0x00000130       0x30 helperFunctions.o
 .debug_ranges  0x00000160       0x48 Pins/Pin.o
 .debug_ranges  0x000001a8       0x38 Shift_Register/ShiftRegister.o
 .debug_ranges  0x000001e0       0x38 Shift_Register/ShiftRegister_PISO.o
 .debug_ranges  0x00000218       0x30 Shift_Register/ShiftRegister_SIPO.o
 .debug_ranges  0x00000248       0x20 Tasks/DigitalInput.o
 .debug_ranges  0x00000268       0x20 Tasks/InputPoll.o
 .debug_ranges  0x00000288       0x38 Tasks/InstrumentTrigger.o
 .debug_ranges  0x000002c0       0x30 Tasks/PrintOutput.o
 .debug_ranges  0x000002f0       0x20 Tasks/RotaryEncoder.o
 .debug_ranges  0x00000310       0x58 Tasks/Sequencer.o
 .debug_ranges  0x00000368       0x30 Tasks/TaskManager.o
 .debug_ranges  0x00000398       0x50 timer.o

.debug_macro
 *(.debug_macro)
OUTPUT(Sequencer-micro.elf elf32-avr)
LOAD linker stubs
