Archive member included to satisfy reference by file (symbol)

z:/atmel studio/7.0/toolchain/avr8/avr8-gnu-toolchain/bin/../lib/gcc/avr/5.4.0/avr5\libgcc.a(_divmodhi4.o)
                              SevenSeg.o (__divmodhi4)
z:/atmel studio/7.0/toolchain/avr8/avr8-gnu-toolchain/bin/../lib/gcc/avr/5.4.0/avr5\libgcc.a(_exit.o)
                              Z:/Atmel Studio/7.0/Packs/atmel/ATmega_DFP/1.1.130/gcc/dev/atmega328/avr5/crtatmega328.o (exit)
z:/atmel studio/7.0/toolchain/avr8/avr8-gnu-toolchain/bin/../lib/gcc/avr/5.4.0/avr5\libgcc.a(_copy_data.o)
                              SevenSeg.o (__do_copy_data)
z:/atmel studio/7.0/toolchain/avr8/avr8-gnu-toolchain/bin/../lib/gcc/avr/5.4.0/avr5\libgcc.a(_clear_bss.o)
                              main.o (__do_clear_bss)
z:/atmel studio/7.0/toolchain/avr8/avr8-gnu-toolchain/bin/../lib/gcc/avr/5.4.0/avr5\libgcc.a(_ctors.o)
                              main.o (__do_global_ctors)
z:/atmel studio/7.0/toolchain/avr8/avr8-gnu-toolchain/bin/../lib/gcc/avr/5.4.0/avr5\libgcc.a(_dtors.o)
                              main.o (__do_global_dtors)
z:/atmel studio/7.0/toolchain/avr8/avr8-gnu-toolchain/bin/../lib/gcc/avr/5.4.0/avr5\libgcc.a(_udivmodhi4.o)
                              z:/atmel studio/7.0/toolchain/avr8/avr8-gnu-toolchain/bin/../lib/gcc/avr/5.4.0/avr5\libgcc.a(_divmodhi4.o) (__udivmodhi4)
z:/atmel studio/7.0/toolchain/avr8/avr8-gnu-toolchain/bin/../lib/gcc/avr/5.4.0/avr5\libgcc.a(_tablejump2.o)
                              z:/atmel studio/7.0/toolchain/avr8/avr8-gnu-toolchain/bin/../lib/gcc/avr/5.4.0/avr5\libgcc.a(_ctors.o) (__tablejump2__)

Discarded input sections

 .data          0x00000000        0x0 Z:/Atmel Studio/7.0/Packs/atmel/ATmega_DFP/1.1.130/gcc/dev/atmega328/avr5/crtatmega328.o
 .bss           0x00000000        0x0 Z:/Atmel Studio/7.0/Packs/atmel/ATmega_DFP/1.1.130/gcc/dev/atmega328/avr5/crtatmega328.o
 .text          0x00000000        0x0 Blinky.o
 .data          0x00000000        0x0 Blinky.o
 .bss           0x00000000        0x0 Blinky.o
 .text._ZN6Blinky11getTimerRefEP5Timer
                0x00000000        0x8 Blinky.o
 .text._ZN6Blinky3runEv
                0x00000000       0x48 Blinky.o
 .text          0x00000000        0x0 Counter.o
 .data          0x00000000        0x0 Counter.o
 .bss           0x00000000        0x0 Counter.o
 .text          0x00000000        0x0 interrupts.o
 .data          0x00000000        0x0 interrupts.o
 .bss           0x00000000        0x0 interrupts.o
 .text._Z14enableShiftingv
                0x00000000        0xc interrupts.o
 .text._Z15disableShiftingv
                0x00000000        0xc interrupts.o
 .text._Z24enableTimerOneInterruptsv
                0x00000000        0xc interrupts.o
 .text          0x00000000        0x0 Latch.o
 .data          0x00000000        0x0 Latch.o
 .bss           0x00000000        0x0 Latch.o
 .text          0x00000000        0x0 main.o
 .data          0x00000000        0x0 main.o
 .bss           0x00000000        0x0 main.o
 .text          0x00000000        0x0 setupHelper.o
 .data          0x00000000        0x0 setupHelper.o
 .bss           0x00000000        0x0 setupHelper.o
 .text          0x00000000        0x0 SevenSeg.o
 .data          0x00000000        0x0 SevenSeg.o
 .bss           0x00000000        0x0 SevenSeg.o
 .text._ZN8SevenSeg12printNumbersEPh
                0x00000000       0x16 SevenSeg.o
 .text._ZN8SevenSeg20printNumbers_NOLATCHEPh
                0x00000000        0x6 SevenSeg.o
 .text._ZN8SevenSeg12printNumbersEh
                0x00000000       0x2c SevenSeg.o
 .text          0x00000000        0x0 ShiftRegister_PISO.o
 .data          0x00000000        0x0 ShiftRegister_PISO.o
 .bss           0x00000000        0x0 ShiftRegister_PISO.o
 .text._ZN18ShiftRegister_PISOC2Ev
                0x00000000        0x2 ShiftRegister_PISO.o
 .text._ZN18ShiftRegister_PISOD2Ev
                0x00000000        0x2 ShiftRegister_PISO.o
 .debug_info    0x00000000      0x1bd ShiftRegister_PISO.o
 .debug_abbrev  0x00000000      0x117 ShiftRegister_PISO.o
 .debug_aranges
                0x00000000       0x28 ShiftRegister_PISO.o
 .debug_ranges  0x00000000       0x18 ShiftRegister_PISO.o
 .debug_line    0x00000000       0xbf ShiftRegister_PISO.o
 .debug_str     0x00000000      0x2de ShiftRegister_PISO.o
 .comment       0x00000000       0x31 ShiftRegister_PISO.o
 .debug_frame   0x00000000       0x34 ShiftRegister_PISO.o
 .text          0x00000000        0x0 ShiftRegister_SIPO.o
 .data          0x00000000        0x0 ShiftRegister_SIPO.o
 .bss           0x00000000        0x0 ShiftRegister_SIPO.o
 .text          0x00000000        0x0 TaskManager.o
 .data          0x00000000        0x0 TaskManager.o
 .bss           0x00000000        0x0 TaskManager.o
 .text._ZN11TaskManagerD2Ev
                0x00000000        0x2 TaskManager.o
 .text          0x00000000        0x0 tasks.o
 .data          0x00000000        0x0 tasks.o
 .bss           0x00000000        0x0 tasks.o
 .debug_line    0x00000000        0x0 tasks.o
 .debug_str     0x00000000      0x169 tasks.o
 .comment       0x00000000       0x31 tasks.o
 .text          0x00000000        0x0 timer.o
 .data          0x00000000        0x0 timer.o
 .bss           0x00000000        0x0 timer.o
 .text._ZN5Timer5resetEv
                0x00000000        0xc timer.o
 .text._ZN5Timer8fixTimerEv
                0x00000000       0x14 timer.o
 .text._ZN5Timer11resumeTimerEv
                0x00000000       0x14 timer.o
 .text          0x00000000        0x0 Trigger.o
 .data          0x00000000        0x0 Trigger.o
 .bss           0x00000000        0x0 Trigger.o
 .text          0x00000000        0x0 z:/atmel studio/7.0/toolchain/avr8/avr8-gnu-toolchain/bin/../lib/gcc/avr/5.4.0/avr5\libgcc.a(_divmodhi4.o)
 .data          0x00000000        0x0 z:/atmel studio/7.0/toolchain/avr8/avr8-gnu-toolchain/bin/../lib/gcc/avr/5.4.0/avr5\libgcc.a(_divmodhi4.o)
 .bss           0x00000000        0x0 z:/atmel studio/7.0/toolchain/avr8/avr8-gnu-toolchain/bin/../lib/gcc/avr/5.4.0/avr5\libgcc.a(_divmodhi4.o)
 .text.libgcc.mul
                0x00000000        0x0 z:/atmel studio/7.0/toolchain/avr8/avr8-gnu-toolchain/bin/../lib/gcc/avr/5.4.0/avr5\libgcc.a(_divmodhi4.o)
 .text.libgcc   0x00000000        0x0 z:/atmel studio/7.0/toolchain/avr8/avr8-gnu-toolchain/bin/../lib/gcc/avr/5.4.0/avr5\libgcc.a(_divmodhi4.o)
 .text.libgcc.prologue
                0x00000000        0x0 z:/atmel studio/7.0/toolchain/avr8/avr8-gnu-toolchain/bin/../lib/gcc/avr/5.4.0/avr5\libgcc.a(_divmodhi4.o)
 .text.libgcc.builtins
                0x00000000        0x0 z:/atmel studio/7.0/toolchain/avr8/avr8-gnu-toolchain/bin/../lib/gcc/avr/5.4.0/avr5\libgcc.a(_divmodhi4.o)
 .text.libgcc.fmul
                0x00000000        0x0 z:/atmel studio/7.0/toolchain/avr8/avr8-gnu-toolchain/bin/../lib/gcc/avr/5.4.0/avr5\libgcc.a(_divmodhi4.o)
 .text.libgcc.fixed
                0x00000000        0x0 z:/atmel studio/7.0/toolchain/avr8/avr8-gnu-toolchain/bin/../lib/gcc/avr/5.4.0/avr5\libgcc.a(_divmodhi4.o)
 .text          0x00000000        0x0 z:/atmel studio/7.0/toolchain/avr8/avr8-gnu-toolchain/bin/../lib/gcc/avr/5.4.0/avr5\libgcc.a(_exit.o)
 .data          0x00000000        0x0 z:/atmel studio/7.0/toolchain/avr8/avr8-gnu-toolchain/bin/../lib/gcc/avr/5.4.0/avr5\libgcc.a(_exit.o)
 .bss           0x00000000        0x0 z:/atmel studio/7.0/toolchain/avr8/avr8-gnu-toolchain/bin/../lib/gcc/avr/5.4.0/avr5\libgcc.a(_exit.o)
 .text.libgcc.mul
                0x00000000        0x0 z:/atmel studio/7.0/toolchain/avr8/avr8-gnu-toolchain/bin/../lib/gcc/avr/5.4.0/avr5\libgcc.a(_exit.o)
 .text.libgcc.div
                0x00000000        0x0 z:/atmel studio/7.0/toolchain/avr8/avr8-gnu-toolchain/bin/../lib/gcc/avr/5.4.0/avr5\libgcc.a(_exit.o)
 .text.libgcc   0x00000000        0x0 z:/atmel studio/7.0/toolchain/avr8/avr8-gnu-toolchain/bin/../lib/gcc/avr/5.4.0/avr5\libgcc.a(_exit.o)
 .text.libgcc.prologue
                0x00000000        0x0 z:/atmel studio/7.0/toolchain/avr8/avr8-gnu-toolchain/bin/../lib/gcc/avr/5.4.0/avr5\libgcc.a(_exit.o)
 .text.libgcc.builtins
                0x00000000        0x0 z:/atmel studio/7.0/toolchain/avr8/avr8-gnu-toolchain/bin/../lib/gcc/avr/5.4.0/avr5\libgcc.a(_exit.o)
 .text.libgcc.fmul
                0x00000000        0x0 z:/atmel studio/7.0/toolchain/avr8/avr8-gnu-toolchain/bin/../lib/gcc/avr/5.4.0/avr5\libgcc.a(_exit.o)
 .text.libgcc.fixed
                0x00000000        0x0 z:/atmel studio/7.0/toolchain/avr8/avr8-gnu-toolchain/bin/../lib/gcc/avr/5.4.0/avr5\libgcc.a(_exit.o)
 .text          0x00000000        0x0 z:/atmel studio/7.0/toolchain/avr8/avr8-gnu-toolchain/bin/../lib/gcc/avr/5.4.0/avr5\libgcc.a(_copy_data.o)
 .data          0x00000000        0x0 z:/atmel studio/7.0/toolchain/avr8/avr8-gnu-toolchain/bin/../lib/gcc/avr/5.4.0/avr5\libgcc.a(_copy_data.o)
 .bss           0x00000000        0x0 z:/atmel studio/7.0/toolchain/avr8/avr8-gnu-toolchain/bin/../lib/gcc/avr/5.4.0/avr5\libgcc.a(_copy_data.o)
 .text.libgcc.mul
                0x00000000        0x0 z:/atmel studio/7.0/toolchain/avr8/avr8-gnu-toolchain/bin/../lib/gcc/avr/5.4.0/avr5\libgcc.a(_copy_data.o)
 .text.libgcc.div
                0x00000000        0x0 z:/atmel studio/7.0/toolchain/avr8/avr8-gnu-toolchain/bin/../lib/gcc/avr/5.4.0/avr5\libgcc.a(_copy_data.o)
 .text.libgcc   0x00000000        0x0 z:/atmel studio/7.0/toolchain/avr8/avr8-gnu-toolchain/bin/../lib/gcc/avr/5.4.0/avr5\libgcc.a(_copy_data.o)
 .text.libgcc.prologue
                0x00000000        0x0 z:/atmel studio/7.0/toolchain/avr8/avr8-gnu-toolchain/bin/../lib/gcc/avr/5.4.0/avr5\libgcc.a(_copy_data.o)
 .text.libgcc.builtins
                0x00000000        0x0 z:/atmel studio/7.0/toolchain/avr8/avr8-gnu-toolchain/bin/../lib/gcc/avr/5.4.0/avr5\libgcc.a(_copy_data.o)
 .text.libgcc.fmul
                0x00000000        0x0 z:/atmel studio/7.0/toolchain/avr8/avr8-gnu-toolchain/bin/../lib/gcc/avr/5.4.0/avr5\libgcc.a(_copy_data.o)
 .text.libgcc.fixed
                0x00000000        0x0 z:/atmel studio/7.0/toolchain/avr8/avr8-gnu-toolchain/bin/../lib/gcc/avr/5.4.0/avr5\libgcc.a(_copy_data.o)
 .text          0x00000000        0x0 z:/atmel studio/7.0/toolchain/avr8/avr8-gnu-toolchain/bin/../lib/gcc/avr/5.4.0/avr5\libgcc.a(_clear_bss.o)
 .data          0x00000000        0x0 z:/atmel studio/7.0/toolchain/avr8/avr8-gnu-toolchain/bin/../lib/gcc/avr/5.4.0/avr5\libgcc.a(_clear_bss.o)
 .bss           0x00000000        0x0 z:/atmel studio/7.0/toolchain/avr8/avr8-gnu-toolchain/bin/../lib/gcc/avr/5.4.0/avr5\libgcc.a(_clear_bss.o)
 .text.libgcc.mul
                0x00000000        0x0 z:/atmel studio/7.0/toolchain/avr8/avr8-gnu-toolchain/bin/../lib/gcc/avr/5.4.0/avr5\libgcc.a(_clear_bss.o)
 .text.libgcc.div
                0x00000000        0x0 z:/atmel studio/7.0/toolchain/avr8/avr8-gnu-toolchain/bin/../lib/gcc/avr/5.4.0/avr5\libgcc.a(_clear_bss.o)
 .text.libgcc   0x00000000        0x0 z:/atmel studio/7.0/toolchain/avr8/avr8-gnu-toolchain/bin/../lib/gcc/avr/5.4.0/avr5\libgcc.a(_clear_bss.o)
 .text.libgcc.prologue
                0x00000000        0x0 z:/atmel studio/7.0/toolchain/avr8/avr8-gnu-toolchain/bin/../lib/gcc/avr/5.4.0/avr5\libgcc.a(_clear_bss.o)
 .text.libgcc.builtins
                0x00000000        0x0 z:/atmel studio/7.0/toolchain/avr8/avr8-gnu-toolchain/bin/../lib/gcc/avr/5.4.0/avr5\libgcc.a(_clear_bss.o)
 .text.libgcc.fmul
                0x00000000        0x0 z:/atmel studio/7.0/toolchain/avr8/avr8-gnu-toolchain/bin/../lib/gcc/avr/5.4.0/avr5\libgcc.a(_clear_bss.o)
 .text.libgcc.fixed
                0x00000000        0x0 z:/atmel studio/7.0/toolchain/avr8/avr8-gnu-toolchain/bin/../lib/gcc/avr/5.4.0/avr5\libgcc.a(_clear_bss.o)
 .text          0x00000000        0x0 z:/atmel studio/7.0/toolchain/avr8/avr8-gnu-toolchain/bin/../lib/gcc/avr/5.4.0/avr5\libgcc.a(_ctors.o)
 .data          0x00000000        0x0 z:/atmel studio/7.0/toolchain/avr8/avr8-gnu-toolchain/bin/../lib/gcc/avr/5.4.0/avr5\libgcc.a(_ctors.o)
 .bss           0x00000000        0x0 z:/atmel studio/7.0/toolchain/avr8/avr8-gnu-toolchain/bin/../lib/gcc/avr/5.4.0/avr5\libgcc.a(_ctors.o)
 .text.libgcc.mul
                0x00000000        0x0 z:/atmel studio/7.0/toolchain/avr8/avr8-gnu-toolchain/bin/../lib/gcc/avr/5.4.0/avr5\libgcc.a(_ctors.o)
 .text.libgcc.div
                0x00000000        0x0 z:/atmel studio/7.0/toolchain/avr8/avr8-gnu-toolchain/bin/../lib/gcc/avr/5.4.0/avr5\libgcc.a(_ctors.o)
 .text.libgcc   0x00000000        0x0 z:/atmel studio/7.0/toolchain/avr8/avr8-gnu-toolchain/bin/../lib/gcc/avr/5.4.0/avr5\libgcc.a(_ctors.o)
 .text.libgcc.prologue
                0x00000000        0x0 z:/atmel studio/7.0/toolchain/avr8/avr8-gnu-toolchain/bin/../lib/gcc/avr/5.4.0/avr5\libgcc.a(_ctors.o)
 .text.libgcc.builtins
                0x00000000        0x0 z:/atmel studio/7.0/toolchain/avr8/avr8-gnu-toolchain/bin/../lib/gcc/avr/5.4.0/avr5\libgcc.a(_ctors.o)
 .text.libgcc.fmul
                0x00000000        0x0 z:/atmel studio/7.0/toolchain/avr8/avr8-gnu-toolchain/bin/../lib/gcc/avr/5.4.0/avr5\libgcc.a(_ctors.o)
 .text.libgcc.fixed
                0x00000000        0x0 z:/atmel studio/7.0/toolchain/avr8/avr8-gnu-toolchain/bin/../lib/gcc/avr/5.4.0/avr5\libgcc.a(_ctors.o)
 .text          0x00000000        0x0 z:/atmel studio/7.0/toolchain/avr8/avr8-gnu-toolchain/bin/../lib/gcc/avr/5.4.0/avr5\libgcc.a(_dtors.o)
 .data          0x00000000        0x0 z:/atmel studio/7.0/toolchain/avr8/avr8-gnu-toolchain/bin/../lib/gcc/avr/5.4.0/avr5\libgcc.a(_dtors.o)
 .bss           0x00000000        0x0 z:/atmel studio/7.0/toolchain/avr8/avr8-gnu-toolchain/bin/../lib/gcc/avr/5.4.0/avr5\libgcc.a(_dtors.o)
 .text.libgcc.mul
                0x00000000        0x0 z:/atmel studio/7.0/toolchain/avr8/avr8-gnu-toolchain/bin/../lib/gcc/avr/5.4.0/avr5\libgcc.a(_dtors.o)
 .text.libgcc.div
                0x00000000        0x0 z:/atmel studio/7.0/toolchain/avr8/avr8-gnu-toolchain/bin/../lib/gcc/avr/5.4.0/avr5\libgcc.a(_dtors.o)
 .text.libgcc   0x00000000        0x0 z:/atmel studio/7.0/toolchain/avr8/avr8-gnu-toolchain/bin/../lib/gcc/avr/5.4.0/avr5\libgcc.a(_dtors.o)
 .text.libgcc.prologue
                0x00000000        0x0 z:/atmel studio/7.0/toolchain/avr8/avr8-gnu-toolchain/bin/../lib/gcc/avr/5.4.0/avr5\libgcc.a(_dtors.o)
 .text.libgcc.builtins
                0x00000000        0x0 z:/atmel studio/7.0/toolchain/avr8/avr8-gnu-toolchain/bin/../lib/gcc/avr/5.4.0/avr5\libgcc.a(_dtors.o)
 .text.libgcc.fmul
                0x00000000        0x0 z:/atmel studio/7.0/toolchain/avr8/avr8-gnu-toolchain/bin/../lib/gcc/avr/5.4.0/avr5\libgcc.a(_dtors.o)
 .text.libgcc.fixed
                0x00000000        0x0 z:/atmel studio/7.0/toolchain/avr8/avr8-gnu-toolchain/bin/../lib/gcc/avr/5.4.0/avr5\libgcc.a(_dtors.o)
 .text          0x00000000        0x0 z:/atmel studio/7.0/toolchain/avr8/avr8-gnu-toolchain/bin/../lib/gcc/avr/5.4.0/avr5\libgcc.a(_udivmodhi4.o)
 .data          0x00000000        0x0 z:/atmel studio/7.0/toolchain/avr8/avr8-gnu-toolchain/bin/../lib/gcc/avr/5.4.0/avr5\libgcc.a(_udivmodhi4.o)
 .bss           0x00000000        0x0 z:/atmel studio/7.0/toolchain/avr8/avr8-gnu-toolchain/bin/../lib/gcc/avr/5.4.0/avr5\libgcc.a(_udivmodhi4.o)
 .text.libgcc.mul
                0x00000000        0x0 z:/atmel studio/7.0/toolchain/avr8/avr8-gnu-toolchain/bin/../lib/gcc/avr/5.4.0/avr5\libgcc.a(_udivmodhi4.o)
 .text.libgcc   0x00000000        0x0 z:/atmel studio/7.0/toolchain/avr8/avr8-gnu-toolchain/bin/../lib/gcc/avr/5.4.0/avr5\libgcc.a(_udivmodhi4.o)
 .text.libgcc.prologue
                0x00000000        0x0 z:/atmel studio/7.0/toolchain/avr8/avr8-gnu-toolchain/bin/../lib/gcc/avr/5.4.0/avr5\libgcc.a(_udivmodhi4.o)
 .text.libgcc.builtins
                0x00000000        0x0 z:/atmel studio/7.0/toolchain/avr8/avr8-gnu-toolchain/bin/../lib/gcc/avr/5.4.0/avr5\libgcc.a(_udivmodhi4.o)
 .text.libgcc.fmul
                0x00000000        0x0 z:/atmel studio/7.0/toolchain/avr8/avr8-gnu-toolchain/bin/../lib/gcc/avr/5.4.0/avr5\libgcc.a(_udivmodhi4.o)
 .text.libgcc.fixed
                0x00000000        0x0 z:/atmel studio/7.0/toolchain/avr8/avr8-gnu-toolchain/bin/../lib/gcc/avr/5.4.0/avr5\libgcc.a(_udivmodhi4.o)
 .text          0x00000000        0x0 z:/atmel studio/7.0/toolchain/avr8/avr8-gnu-toolchain/bin/../lib/gcc/avr/5.4.0/avr5\libgcc.a(_tablejump2.o)
 .data          0x00000000        0x0 z:/atmel studio/7.0/toolchain/avr8/avr8-gnu-toolchain/bin/../lib/gcc/avr/5.4.0/avr5\libgcc.a(_tablejump2.o)
 .bss           0x00000000        0x0 z:/atmel studio/7.0/toolchain/avr8/avr8-gnu-toolchain/bin/../lib/gcc/avr/5.4.0/avr5\libgcc.a(_tablejump2.o)
 .text.libgcc.mul
                0x00000000        0x0 z:/atmel studio/7.0/toolchain/avr8/avr8-gnu-toolchain/bin/../lib/gcc/avr/5.4.0/avr5\libgcc.a(_tablejump2.o)
 .text.libgcc.div
                0x00000000        0x0 z:/atmel studio/7.0/toolchain/avr8/avr8-gnu-toolchain/bin/../lib/gcc/avr/5.4.0/avr5\libgcc.a(_tablejump2.o)
 .text.libgcc.prologue
                0x00000000        0x0 z:/atmel studio/7.0/toolchain/avr8/avr8-gnu-toolchain/bin/../lib/gcc/avr/5.4.0/avr5\libgcc.a(_tablejump2.o)
 .text.libgcc.builtins
                0x00000000        0x0 z:/atmel studio/7.0/toolchain/avr8/avr8-gnu-toolchain/bin/../lib/gcc/avr/5.4.0/avr5\libgcc.a(_tablejump2.o)
 .text.libgcc.fmul
                0x00000000        0x0 z:/atmel studio/7.0/toolchain/avr8/avr8-gnu-toolchain/bin/../lib/gcc/avr/5.4.0/avr5\libgcc.a(_tablejump2.o)
 .text.libgcc.fixed
                0x00000000        0x0 z:/atmel studio/7.0/toolchain/avr8/avr8-gnu-toolchain/bin/../lib/gcc/avr/5.4.0/avr5\libgcc.a(_tablejump2.o)

Memory Configuration

Name             Origin             Length             Attributes
text             0x00000000         0x00020000         xr
data             0x00800060         0x0000ffa0         rw !x
eeprom           0x00810000         0x00010000         rw !x
fuse             0x00820000         0x00000003         rw !x
lock             0x00830000         0x00000400         rw !x
signature        0x00840000         0x00000400         rw !x
user_signatures  0x00850000         0x00000400         rw !x
*default*        0x00000000         0xffffffff

Linker script and memory map

Address of section .data set to 0x800100
LOAD Z:/Atmel Studio/7.0/Packs/atmel/ATmega_DFP/1.1.130/gcc/dev/atmega328/avr5/crtatmega328.o
LOAD Blinky.o
LOAD Counter.o
LOAD interrupts.o
LOAD Latch.o
LOAD main.o
LOAD setupHelper.o
LOAD SevenSeg.o
LOAD ShiftRegister_PISO.o
LOAD ShiftRegister_SIPO.o
LOAD TaskManager.o
LOAD tasks.o
LOAD timer.o
LOAD Trigger.o
START GROUP
LOAD z:/atmel studio/7.0/toolchain/avr8/avr8-gnu-toolchain/bin/../lib/gcc/avr/5.4.0/../../../../avr/lib/avr5\libm.a
END GROUP
LOAD z:/atmel studio/7.0/toolchain/avr8/avr8-gnu-toolchain/bin/../lib/gcc/avr/5.4.0/avr5\libgcc.a
LOAD z:/atmel studio/7.0/toolchain/avr8/avr8-gnu-toolchain/bin/../lib/gcc/avr/5.4.0/../../../../avr/lib/avr5\libm.a
START GROUP
LOAD z:/atmel studio/7.0/toolchain/avr8/avr8-gnu-toolchain/bin/../lib/gcc/avr/5.4.0/avr5\libgcc.a
LOAD z:/atmel studio/7.0/toolchain/avr8/avr8-gnu-toolchain/bin/../lib/gcc/avr/5.4.0/../../../../avr/lib/avr5\libm.a
LOAD z:/atmel studio/7.0/toolchain/avr8/avr8-gnu-toolchain/bin/../lib/gcc/avr/5.4.0/../../../../avr/lib/avr5\libc.a
LOAD Z:/Atmel Studio/7.0/Packs/atmel/ATmega_DFP/1.1.130/gcc/dev/atmega328/avr5\libatmega328.a
END GROUP
                0x00020000                __TEXT_REGION_LENGTH__ = DEFINED (__TEXT_REGION_LENGTH__)?__TEXT_REGION_LENGTH__:0x20000
                0x0000ffa0                __DATA_REGION_LENGTH__ = DEFINED (__DATA_REGION_LENGTH__)?__DATA_REGION_LENGTH__:0xffa0
                0x00010000                __EEPROM_REGION_LENGTH__ = DEFINED (__EEPROM_REGION_LENGTH__)?__EEPROM_REGION_LENGTH__:0x10000
                [0x00000003]                __FUSE_REGION_LENGTH__ = DEFINED (__FUSE_REGION_LENGTH__)?__FUSE_REGION_LENGTH__:0x400
                0x00000400                __LOCK_REGION_LENGTH__ = DEFINED (__LOCK_REGION_LENGTH__)?__LOCK_REGION_LENGTH__:0x400
                0x00000400                __SIGNATURE_REGION_LENGTH__ = DEFINED (__SIGNATURE_REGION_LENGTH__)?__SIGNATURE_REGION_LENGTH__:0x400
                0x00000400                __USER_SIGNATURE_REGION_LENGTH__ = DEFINED (__USER_SIGNATURE_REGION_LENGTH__)?__USER_SIGNATURE_REGION_LENGTH__:0x400

.hash
 *(.hash)

.dynsym
 *(.dynsym)

.dynstr
 *(.dynstr)

.gnu.version
 *(.gnu.version)

.gnu.version_d
 *(.gnu.version_d)

.gnu.version_r
 *(.gnu.version_r)

.rel.init
 *(.rel.init)

.rela.init
 *(.rela.init)

.rel.text
 *(.rel.text)
 *(.rel.text.*)
 *(.rel.gnu.linkonce.t*)

.rela.text
 *(.rela.text)
 *(.rela.text.*)
 *(.rela.gnu.linkonce.t*)

.rel.fini
 *(.rel.fini)

.rela.fini
 *(.rela.fini)

.rel.rodata
 *(.rel.rodata)
 *(.rel.rodata.*)
 *(.rel.gnu.linkonce.r*)

.rela.rodata
 *(.rela.rodata)
 *(.rela.rodata.*)
 *(.rela.gnu.linkonce.r*)

.rel.data
 *(.rel.data)
 *(.rel.data.*)
 *(.rel.gnu.linkonce.d*)

.rela.data
 *(.rela.data)
 *(.rela.data.*)
 *(.rela.gnu.linkonce.d*)

.rel.ctors
 *(.rel.ctors)

.rela.ctors
 *(.rela.ctors)

.rel.dtors
 *(.rel.dtors)

.rela.dtors
 *(.rela.dtors)

.rel.got
 *(.rel.got)

.rela.got
 *(.rela.got)

.rel.bss
 *(.rel.bss)

.rela.bss
 *(.rela.bss)

.rel.plt
 *(.rel.plt)

.rela.plt
 *(.rela.plt)

.text           0x00000000      0x960
 *(.vectors)
 .vectors       0x00000000       0x68 Z:/Atmel Studio/7.0/Packs/atmel/ATmega_DFP/1.1.130/gcc/dev/atmega328/avr5/crtatmega328.o
                0x00000000                __vector_default
                0x00000000                __vectors
 *(.vectors)
 *(.progmem.gcc*)
                0x00000068                . = ALIGN (0x2)
                0x00000068                __trampolines_start = .
 *(.trampolines)
 .trampolines   0x00000068        0x0 linker stubs
 *(.trampolines*)
                0x00000068                __trampolines_end = .
 *libprintf_flt.a:*(.progmem.data)
 *libc.a:*(.progmem.data)
 *(.progmem*)
                0x00000068                . = ALIGN (0x2)
 *(.jumptables)
 *(.jumptables*)
 *(.lowtext)
 *(.lowtext*)
                0x00000068                __ctors_start = .
 *(.ctors)
 .ctors         0x00000068        0x2 main.o
                0x0000006a                __ctors_end = .
                0x0000006a                __dtors_start = .
 *(.dtors)
 .dtors         0x0000006a        0x2 main.o
                0x0000006c                __dtors_end = .
 SORT(*)(.ctors)
 SORT(*)(.dtors)
 *(.init0)
 .init0         0x0000006c        0x0 Z:/Atmel Studio/7.0/Packs/atmel/ATmega_DFP/1.1.130/gcc/dev/atmega328/avr5/crtatmega328.o
                0x0000006c                __init
 *(.init0)
 *(.init1)
 *(.init1)
 *(.init2)
 .init2         0x0000006c        0xc Z:/Atmel Studio/7.0/Packs/atmel/ATmega_DFP/1.1.130/gcc/dev/atmega328/avr5/crtatmega328.o
 *(.init2)
 *(.init3)
 *(.init3)
 *(.init4)
 .init4         0x00000078       0x16 z:/atmel studio/7.0/toolchain/avr8/avr8-gnu-toolchain/bin/../lib/gcc/avr/5.4.0/avr5\libgcc.a(_copy_data.o)
                0x00000078                __do_copy_data
 .init4         0x0000008e       0x10 z:/atmel studio/7.0/toolchain/avr8/avr8-gnu-toolchain/bin/../lib/gcc/avr/5.4.0/avr5\libgcc.a(_clear_bss.o)
                0x0000008e                __do_clear_bss
 *(.init4)
 *(.init5)
 *(.init5)
 *(.init6)
 .init6         0x0000009e       0x16 z:/atmel studio/7.0/toolchain/avr8/avr8-gnu-toolchain/bin/../lib/gcc/avr/5.4.0/avr5\libgcc.a(_ctors.o)
                0x0000009e                __do_global_ctors
 *(.init6)
 *(.init7)
 *(.init7)
 *(.init8)
 *(.init8)
 *(.init9)
 .init9         0x000000b4        0x8 Z:/Atmel Studio/7.0/Packs/atmel/ATmega_DFP/1.1.130/gcc/dev/atmega328/avr5/crtatmega328.o
 *(.init9)
 *(.text)
 .text          0x000000bc        0x4 Z:/Atmel Studio/7.0/Packs/atmel/ATmega_DFP/1.1.130/gcc/dev/atmega328/avr5/crtatmega328.o
                0x000000bc                __vector_22
                0x000000bc                __vector_1
                0x000000bc                __vector_24
                0x000000bc                __bad_interrupt
                0x000000bc                __vector_6
                0x000000bc                __vector_3
                0x000000bc                __vector_23
                0x000000bc                __vector_25
                0x000000bc                __vector_13
                0x000000bc                __vector_17
                0x000000bc                __vector_19
                0x000000bc                __vector_7
                0x000000bc                __vector_5
                0x000000bc                __vector_4
                0x000000bc                __vector_9
                0x000000bc                __vector_2
                0x000000bc                __vector_21
                0x000000bc                __vector_15
                0x000000bc                __vector_8
                0x000000bc                __vector_10
                0x000000bc                __vector_16
                0x000000bc                __vector_18
                0x000000bc                __vector_20
                0x000000c0                . = ALIGN (0x2)
 *(.text.*)
 .text._ZN6BlinkyC2Ev
                0x000000c0       0x14 Blinky.o
                0x000000c0                _ZN6BlinkyC1Ev
                0x000000c0                _ZN6BlinkyC2Ev
 .text._ZN6BlinkyD2Ev
                0x000000d4        0x2 Blinky.o
                0x000000d4                _ZN6BlinkyD2Ev
                0x000000d4                _ZN6BlinkyD1Ev
 .text._ZN7CounterC2Ev
                0x000000d6       0x10 Counter.o
                0x000000d6                _ZN7CounterC2Ev
                0x000000d6                _ZN7CounterC1Ev
 .text._ZN7Counter11getTimerRefEP5Timer
                0x000000e6        0x8 Counter.o
                0x000000e6                _ZN7Counter11getTimerRefEP5Timer
 .text._ZN7Counter3runEv
                0x000000ee       0x48 Counter.o
                0x000000ee                _ZN7Counter3runEv
 .text._ZN7CounterD2Ev
                0x00000136        0x2 Counter.o
                0x00000136                _ZN7CounterD2Ev
                0x00000136                _ZN7CounterD1Ev
 .text.__vector_14
                0x00000138       0x4c interrupts.o
                0x00000138                __vector_14
 .text.__vector_12
                0x00000184       0x16 interrupts.o
                0x00000184                __vector_12
 .text._Z20setUpTimerInterruptsv
                0x0000019a       0x52 interrupts.o
                0x0000019a                _Z20setUpTimerInterruptsv
 .text._Z25disableTimerOneInterruptsv
                0x000001ec        0xc interrupts.o
                0x000001ec                _Z25disableTimerOneInterruptsv
 .text.__vector_11
                0x000001f8       0x4a interrupts.o
                0x000001f8                __vector_11
 .text._ZN5LatchC2Ev
                0x00000242        0x2 Latch.o
                0x00000242                _ZN5LatchC1Ev
                0x00000242                _ZN5LatchC2Ev
 .text._ZN5Latch14getSevenSegRefEP8SevenSeg
                0x00000244        0x8 Latch.o
                0x00000244                _ZN5Latch14getSevenSegRefEP8SevenSeg
 .text._ZN5Latch3runEv
                0x0000024c       0x1a Latch.o
                0x0000024c                _ZN5Latch3runEv
 .text._ZN5LatchD2Ev
                0x00000266        0x2 Latch.o
                0x00000266                _ZN5LatchD1Ev
                0x00000266                _ZN5LatchD2Ev
 .text._Z9latchTaskv
                0x00000268        0xa main.o
                0x00000268                _Z9latchTaskv
 .text._Z23sevenSegmentDisplayTaskv
                0x00000272        0xa main.o
                0x00000272                _Z23sevenSegmentDisplayTaskv
 .text._Z11triggerTaskv
                0x0000027c        0xa main.o
                0x0000027c                _Z11triggerTaskv
 .text._Z11counterTaskv
                0x00000286        0xa main.o
                0x00000286                _Z11counterTaskv
 .text.main     0x00000290       0x92 main.o
                0x00000290                main
 .text._GLOBAL__sub_I_sevenSegmentDisplay
                0x00000322       0x32 main.o
 .text._GLOBAL__sub_D_sevenSegmentDisplay
                0x00000354       0x32 main.o
 .text._ZN11SetupHelperC2ER5TimerR25ShiftRegister_SIPO_pinoutR8SevenSegR7TriggerR7CounterR5Latch
                0x00000386       0x76 setupHelper.o
                0x00000386                _ZN11SetupHelperC1ER5TimerR25ShiftRegister_SIPO_pinoutR8SevenSegR7TriggerR7CounterR5Latch
                0x00000386                _ZN11SetupHelperC2ER5TimerR25ShiftRegister_SIPO_pinoutR8SevenSegR7TriggerR7CounterR5Latch
 .text._ZN8SevenSegC2Ev
                0x000003fc       0x50 SevenSeg.o
                0x000003fc                _ZN8SevenSegC2Ev
                0x000003fc                _ZN8SevenSegC1Ev
 .text._ZN8SevenSeg12sevenSegInitEhP25ShiftRegister_SIPO_pinout
                0x0000044c       0x1c SevenSeg.o
                0x0000044c                _ZN8SevenSeg12sevenSegInitEhP25ShiftRegister_SIPO_pinout
 .text._ZN8SevenSeg13getCounterRefEP7Counter
                0x00000468        0x8 SevenSeg.o
                0x00000468                _ZN8SevenSeg13getCounterRefEP7Counter
 .text._ZN8SevenSeg12shiftInBytesEPh
                0x00000470       0x6c SevenSeg.o
                0x00000470                _ZN8SevenSeg12shiftInBytesEPh
 .text._ZN8SevenSeg3runEv
                0x000004dc       0x5e SevenSeg.o
                0x000004dc                _ZN8SevenSeg3runEv
 .text._ZN8SevenSegD2Ev
                0x0000053a        0x6 SevenSeg.o
                0x0000053a                _ZN8SevenSegD2Ev
                0x0000053a                _ZN8SevenSegD1Ev
 .text._ZN18ShiftRegister_SIPOC2Ev
                0x00000540       0x20 ShiftRegister_SIPO.o
                0x00000540                _ZN18ShiftRegister_SIPOC1Ev
                0x00000540                _ZN18ShiftRegister_SIPOC2Ev
 .text._ZN18ShiftRegister_SIPO9setupPinsEv
                0x00000560       0x4e ShiftRegister_SIPO.o
                0x00000560                _ZN18ShiftRegister_SIPO9setupPinsEv
 .text._ZN18ShiftRegister_SIPO17ShiftRegisterInitEP25ShiftRegister_SIPO_pinout
                0x000005ae        0xe ShiftRegister_SIPO.o
                0x000005ae                _ZN18ShiftRegister_SIPO17ShiftRegisterInitEP25ShiftRegister_SIPO_pinout
 .text._ZN18ShiftRegister_SIPO8loadByteEh
                0x000005bc        0x6 ShiftRegister_SIPO.o
                0x000005bc                _ZN18ShiftRegister_SIPO8loadByteEh
 .text._ZN18ShiftRegister_SIPO8wait_1usEv
                0x000005c2       0x12 ShiftRegister_SIPO.o
                0x000005c2                _ZN18ShiftRegister_SIPO8wait_1usEv
 .text._ZN18ShiftRegister_SIPO11latchOutputEv
                0x000005d4       0x54 ShiftRegister_SIPO.o
                0x000005d4                _ZN18ShiftRegister_SIPO11latchOutputEv
 .text._ZN18ShiftRegister_SIPO11singleShiftEv
                0x00000628       0x5a ShiftRegister_SIPO.o
                0x00000628                _ZN18ShiftRegister_SIPO11singleShiftEv
 .text._ZN18ShiftRegister_SIPO9shiftBitsEv
                0x00000682       0x96 ShiftRegister_SIPO.o
                0x00000682                _ZN18ShiftRegister_SIPO9shiftBitsEv
 .text._ZN18ShiftRegister_SIPO17getTimerReferenceEP5Timer
                0x00000718        0x8 ShiftRegister_SIPO.o
                0x00000718                _ZN18ShiftRegister_SIPO17getTimerReferenceEP5Timer
 .text._ZN18ShiftRegister_SIPOD2Ev
                0x00000720        0x2 ShiftRegister_SIPO.o
                0x00000720                _ZN18ShiftRegister_SIPOD1Ev
                0x00000720                _ZN18ShiftRegister_SIPOD2Ev
 .text._ZN11TaskManagerC2EP5Timer
                0x00000722        0xe TaskManager.o
                0x00000722                _ZN11TaskManagerC2EP5Timer
                0x00000722                _ZN11TaskManagerC1EP5Timer
 .text._ZN11TaskManager7addTaskEPFvvEh
                0x00000730       0x26 TaskManager.o
                0x00000730                _ZN11TaskManager7addTaskEPFvvEh
 .text._ZN11TaskManager20generateRandomNumberEv
                0x00000756       0x1c TaskManager.o
                0x00000756                _ZN11TaskManager20generateRandomNumberEv
 .text._ZN11TaskManager8runTasksEv
                0x00000772       0x68 TaskManager.o
                0x00000772                _ZN11TaskManager8runTasksEv
 .text._ZN5TimerC2Ev
                0x000007da       0x14 timer.o
                0x000007da                _ZN5TimerC2Ev
                0x000007da                _ZN5TimerC1Ev
 .text._ZN5Timer14incrementTimerEv
                0x000007ee       0x1c timer.o
                0x000007ee                _ZN5Timer14incrementTimerEv
 .text._ZN5Timer14elapsed_millisEm
                0x0000080a       0x24 timer.o
                0x0000080a                _ZN5Timer14elapsed_millisEm
 .text._ZN5Timer6millisEv
                0x0000082e        0xc timer.o
                0x0000082e                _ZN5Timer6millisEv
 .text._ZN5TimerD2Ev
                0x0000083a        0x2 timer.o
                0x0000083a                _ZN5TimerD2Ev
                0x0000083a                _ZN5TimerD1Ev
 .text._ZN7TriggerC2Ev
                0x0000083c        0xe Trigger.o
                0x0000083c                _ZN7TriggerC2Ev
                0x0000083c                _ZN7TriggerC1Ev
 .text._ZN7Trigger11getTimerRefEP5Timer
                0x0000084a       0x1e Trigger.o
                0x0000084a                _ZN7Trigger11getTimerRefEP5Timer
 .text._ZN7Trigger9conditionEv
                0x00000868       0x4a Trigger.o
                0x00000868                _ZN7Trigger9conditionEv
 .text._ZN7Trigger3runEv
                0x000008b2       0x36 Trigger.o
                0x000008b2                _ZN7Trigger3runEv
 .text._ZN7TriggerD2Ev
                0x000008e8        0x2 Trigger.o
                0x000008e8                _ZN7TriggerD2Ev
                0x000008e8                _ZN7TriggerD1Ev
 .text.libgcc.div
                0x000008ea       0x28 z:/atmel studio/7.0/toolchain/avr8/avr8-gnu-toolchain/bin/../lib/gcc/avr/5.4.0/avr5\libgcc.a(_divmodhi4.o)
                0x000008ea                _div
                0x000008ea                __divmodhi4
 .text.libgcc.div
                0x00000912       0x28 z:/atmel studio/7.0/toolchain/avr8/avr8-gnu-toolchain/bin/../lib/gcc/avr/5.4.0/avr5\libgcc.a(_udivmodhi4.o)
                0x00000912                __udivmodhi4
 .text.libgcc   0x0000093a        0xc z:/atmel studio/7.0/toolchain/avr8/avr8-gnu-toolchain/bin/../lib/gcc/avr/5.4.0/avr5\libgcc.a(_tablejump2.o)
                0x0000093a                __tablejump2__
                0x00000946                . = ALIGN (0x2)
 *(.fini9)
 .fini9         0x00000946        0x0 z:/atmel studio/7.0/toolchain/avr8/avr8-gnu-toolchain/bin/../lib/gcc/avr/5.4.0/avr5\libgcc.a(_exit.o)
                0x00000946                _exit
                0x00000946                exit
 *(.fini9)
 *(.fini8)
 *(.fini8)
 *(.fini7)
 *(.fini7)
 *(.fini6)
 .fini6         0x00000946       0x16 z:/atmel studio/7.0/toolchain/avr8/avr8-gnu-toolchain/bin/../lib/gcc/avr/5.4.0/avr5\libgcc.a(_dtors.o)
                0x00000946                __do_global_dtors
 *(.fini6)
 *(.fini5)
 *(.fini5)
 *(.fini4)
 *(.fini4)
 *(.fini3)
 *(.fini3)
 *(.fini2)
 *(.fini2)
 *(.fini1)
 *(.fini1)
 *(.fini0)
 .fini0         0x0000095c        0x4 z:/atmel studio/7.0/toolchain/avr8/avr8-gnu-toolchain/bin/../lib/gcc/avr/5.4.0/avr5\libgcc.a(_exit.o)
 *(.fini0)
                0x00000960                _etext = .

.data           0x00800100        0xc load address 0x00000960
                0x00800100                PROVIDE (__data_start, .)
 *(.data)
 *(.data*)
 *(.gnu.linkonce.d*)
 *(.rodata)
 .rodata        0x00800100        0xb SevenSeg.o
 *(.rodata*)
 *(.gnu.linkonce.r*)
                0x0080010c                . = ALIGN (0x2)
 *fill*         0x0080010b        0x1 
                0x0080010c                _edata = .
                0x0080010c                PROVIDE (__data_end, .)

.bss            0x0080010c       0x3a
                0x0080010c                PROVIDE (__bss_start, .)
 *(.bss)
 *(.bss*)
 .bss.latch     0x0080010c        0x2 main.o
                0x0080010c                latch
 .bss.counter   0x0080010e        0x8 main.o
                0x0080010e                counter
 .bss.trigger   0x00800116        0x7 main.o
                0x00800116                trigger
 .bss.blinky    0x0080011d        0x7 main.o
                0x0080011d                blinky
 .bss.timer     0x00800124        0x8 main.o
                0x00800124                timer
 .bss.outputSIPO_Pinout
                0x0080012c        0x3 main.o
                0x0080012c                outputSIPO_Pinout
 .bss.sevenSegmentDisplay
                0x0080012f       0x17 main.o
                0x0080012f                sevenSegmentDisplay
 *(COMMON)
                0x00800146                PROVIDE (__bss_end, .)
                0x00000960                __data_load_start = LOADADDR (.data)
                0x0000096c                __data_load_end = (__data_load_start + SIZEOF (.data))

.noinit         0x00800146        0x0
                [!provide]                PROVIDE (__noinit_start, .)
 *(.noinit*)
                [!provide]                PROVIDE (__noinit_end, .)
                0x00800146                _end = .
                [!provide]                PROVIDE (__heap_start, .)

.eeprom         0x00810000        0x0
 *(.eeprom*)
                0x00810000                __eeprom_end = .

.fuse
 *(.fuse)
 *(.lfuse)
 *(.hfuse)
 *(.efuse)

.lock
 *(.lock*)

.signature
 *(.signature*)

.user_signatures
 *(.user_signatures*)

.stab
 *(.stab)

.stabstr
 *(.stabstr)

.stab.excl
 *(.stab.excl)

.stab.exclstr
 *(.stab.exclstr)

.stab.index
 *(.stab.index)

.stab.indexstr
 *(.stab.indexstr)

.comment        0x00000000       0x30
 *(.comment)
 .comment       0x00000000       0x30 Blinky.o
                                 0x31 (size before relaxing)
 .comment       0x00000030       0x31 Counter.o
 .comment       0x00000030       0x31 interrupts.o
 .comment       0x00000030       0x31 Latch.o
 .comment       0x00000030       0x31 main.o
 .comment       0x00000030       0x31 setupHelper.o
 .comment       0x00000030       0x31 SevenSeg.o
 .comment       0x00000030       0x31 ShiftRegister_SIPO.o
 .comment       0x00000030       0x31 TaskManager.o
 .comment       0x00000030       0x31 timer.o
 .comment       0x00000030       0x31 Trigger.o

.note.gnu.avr.deviceinfo
                0x00000000       0x3c
 .note.gnu.avr.deviceinfo
                0x00000000       0x3c Z:/Atmel Studio/7.0/Packs/atmel/ATmega_DFP/1.1.130/gcc/dev/atmega328/avr5/crtatmega328.o

.note.gnu.build-id
 *(.note.gnu.build-id)

.debug
 *(.debug)

.line
 *(.line)

.debug_srcinfo
 *(.debug_srcinfo)

.debug_sfnames
 *(.debug_sfnames)

.debug_aranges  0x00000000      0x310
 *(.debug_aranges)
 .debug_aranges
                0x00000000       0x38 Blinky.o
 .debug_aranges
                0x00000038       0x38 Counter.o
 .debug_aranges
                0x00000070       0x58 interrupts.o
 .debug_aranges
                0x000000c8       0x38 Latch.o
 .debug_aranges
                0x00000100       0x50 main.o
 .debug_aranges
                0x00000150       0x20 setupHelper.o
 .debug_aranges
                0x00000170       0x60 SevenSeg.o
 .debug_aranges
                0x000001d0       0x68 ShiftRegister_SIPO.o
 .debug_aranges
                0x00000238       0x40 TaskManager.o
 .debug_aranges
                0x00000278       0x58 timer.o
 .debug_aranges
                0x000002d0       0x40 Trigger.o

.debug_pubnames
 *(.debug_pubnames)

.debug_info     0x00000000     0x50d5
 *(.debug_info .gnu.linkonce.wi.*)
 .debug_info    0x00000000      0x5f4 Z:/Atmel Studio/7.0/Packs/atmel/ATmega_DFP/1.1.130/gcc/dev/atmega328/avr5/crtatmega328.o
 .debug_info    0x000005f4      0x3c5 Blinky.o
 .debug_info    0x000009b9      0x3d2 Counter.o
 .debug_info    0x00000d8b      0x2ec interrupts.o
 .debug_info    0x00001077      0x861 Latch.o
 .debug_info    0x000018d8      0xeed main.o
 .debug_info    0x000027c5      0xa63 setupHelper.o
 .debug_info    0x00003228      0xaba SevenSeg.o
 .debug_info    0x00003ce2      0x737 ShiftRegister_SIPO.o
 .debug_info    0x00004419      0x49b TaskManager.o
 .debug_info    0x000048b4      0x3e0 timer.o
 .debug_info    0x00004c94      0x441 Trigger.o

.debug_abbrev   0x00000000     0x1bec
 *(.debug_abbrev)
 .debug_abbrev  0x00000000      0x5a2 Z:/Atmel Studio/7.0/Packs/atmel/ATmega_DFP/1.1.130/gcc/dev/atmega328/avr5/crtatmega328.o
 .debug_abbrev  0x000005a2      0x1d5 Blinky.o
 .debug_abbrev  0x00000777      0x1d5 Counter.o
 .debug_abbrev  0x0000094c      0x159 interrupts.o
 .debug_abbrev  0x00000aa5      0x219 Latch.o
 .debug_abbrev  0x00000cbe      0x257 main.o
 .debug_abbrev  0x00000f15      0x1fe setupHelper.o
 .debug_abbrev  0x00001113      0x2c3 SevenSeg.o
 .debug_abbrev  0x000013d6      0x262 ShiftRegister_SIPO.o
 .debug_abbrev  0x00001638      0x210 TaskManager.o
 .debug_abbrev  0x00001848      0x1b8 timer.o
 .debug_abbrev  0x00001a00      0x1ec Trigger.o

.debug_line     0x00000000     0x11a5
 *(.debug_line .debug_line.* .debug_line_end)
 .debug_line    0x00000000      0x133 Z:/Atmel Studio/7.0/Packs/atmel/ATmega_DFP/1.1.130/gcc/dev/atmega328/avr5/crtatmega328.o
 .debug_line    0x00000133      0x120 Blinky.o
 .debug_line    0x00000253      0x11c Counter.o
 .debug_line    0x0000036f      0x19d interrupts.o
 .debug_line    0x0000050c      0x11b Latch.o
 .debug_line    0x00000627      0x1fd main.o
 .debug_line    0x00000824      0x149 setupHelper.o
 .debug_line    0x0000096d      0x22c SevenSeg.o
 .debug_line    0x00000b99      0x22f ShiftRegister_SIPO.o
 .debug_line    0x00000dc8      0x13f TaskManager.o
 .debug_line    0x00000f07      0x147 timer.o
 .debug_line    0x0000104e      0x157 Trigger.o

.debug_frame    0x00000000      0x6f4
 *(.debug_frame)
 .debug_frame   0x00000000       0x60 Blinky.o
 .debug_frame   0x00000060       0x60 Counter.o
 .debug_frame   0x000000c0      0x130 interrupts.o
 .debug_frame   0x000001f0       0x54 Latch.o
 .debug_frame   0x00000244       0x94 main.o
 .debug_frame   0x000002d8       0x60 setupHelper.o
 .debug_frame   0x00000338      0x118 SevenSeg.o
 .debug_frame   0x00000450       0xfc ShiftRegister_SIPO.o
 .debug_frame   0x0000054c       0x8c TaskManager.o
 .debug_frame   0x000005d8       0xa0 timer.o
 .debug_frame   0x00000678       0x7c Trigger.o

.debug_str      0x00000000     0x11bf
 *(.debug_str)
 .debug_str     0x00000000      0x208 Z:/Atmel Studio/7.0/Packs/atmel/ATmega_DFP/1.1.130/gcc/dev/atmega328/avr5/crtatmega328.o
 .debug_str     0x00000208      0x386 Blinky.o
                                0x3ce (size before relaxing)
 .debug_str     0x0000058e       0xa9 Counter.o
                                0x3e6 (size before relaxing)
 .debug_str     0x00000637      0x131 interrupts.o
                                0x438 (size before relaxing)
 .debug_str     0x00000768      0x4ee Latch.o
                                0x8fa (size before relaxing)
 .debug_str     0x00000c56      0x33b main.o
                                0xc6e (size before relaxing)
 .debug_str     0x00000f91       0xb3 setupHelper.o
                                0xa92 (size before relaxing)
 .debug_str     0x00001044       0x50 SevenSeg.o
                                0x89d (size before relaxing)
 .debug_str     0x00001094       0x7a ShiftRegister_SIPO.o
                                0x674 (size before relaxing)
 .debug_str     0x0000110e       0x4a TaskManager.o
                                0x476 (size before relaxing)
 .debug_str     0x00001158       0x36 timer.o
                                0x33e (size before relaxing)
 .debug_str     0x0000118e       0x31 Trigger.o
                                0x3f7 (size before relaxing)

.debug_loc      0x00000000      0xf8d
 *(.debug_loc)
 .debug_loc     0x00000000       0x65 Blinky.o
 .debug_loc     0x00000065       0x65 Counter.o
 .debug_loc     0x000000ca      0x1c5 interrupts.o
 .debug_loc     0x0000028f       0x36 Latch.o
 .debug_loc     0x000002c5       0x99 main.o
 .debug_loc     0x0000035e      0x1eb setupHelper.o
 .debug_loc     0x00000549      0x4ae SevenSeg.o
 .debug_loc     0x000009f7      0x2bc ShiftRegister_SIPO.o
 .debug_loc     0x00000cb3      0x127 TaskManager.o
 .debug_loc     0x00000dda       0x6f timer.o
 .debug_loc     0x00000e49      0x144 Trigger.o

.debug_macinfo
 *(.debug_macinfo)

.debug_weaknames
 *(.debug_weaknames)

.debug_funcnames
 *(.debug_funcnames)

.debug_typenames
 *(.debug_typenames)

.debug_varnames
 *(.debug_varnames)

.debug_pubtypes
 *(.debug_pubtypes)

.debug_ranges   0x00000000      0x260
 *(.debug_ranges)
 .debug_ranges  0x00000000       0x28 Blinky.o
 .debug_ranges  0x00000028       0x28 Counter.o
 .debug_ranges  0x00000050       0x48 interrupts.o
 .debug_ranges  0x00000098       0x28 Latch.o
 .debug_ranges  0x000000c0       0x40 main.o
 .debug_ranges  0x00000100       0x10 setupHelper.o
 .debug_ranges  0x00000110       0x50 SevenSeg.o
 .debug_ranges  0x00000160       0x58 ShiftRegister_SIPO.o
 .debug_ranges  0x000001b8       0x30 TaskManager.o
 .debug_ranges  0x000001e8       0x48 timer.o
 .debug_ranges  0x00000230       0x30 Trigger.o

.debug_macro
 *(.debug_macro)
OUTPUT(Sequencer-micro.elf elf32-avr)
LOAD linker stubs
