Archive member included to satisfy reference by file (symbol)

z:/atmel studio/7.0/toolchain/avr8/avr8-gnu-toolchain/bin/../lib/gcc/avr/5.4.0/avr5\libgcc.a(_divmodhi4.o)
                              SevenSeg.o (__divmodhi4)
z:/atmel studio/7.0/toolchain/avr8/avr8-gnu-toolchain/bin/../lib/gcc/avr/5.4.0/avr5\libgcc.a(_exit.o)
                              Z:/Atmel Studio/7.0/Packs/atmel/ATmega_DFP/1.1.130/gcc/dev/atmega328/avr5/crtatmega328.o (exit)
z:/atmel studio/7.0/toolchain/avr8/avr8-gnu-toolchain/bin/../lib/gcc/avr/5.4.0/avr5\libgcc.a(_copy_data.o)
                              SevenSeg.o (__do_copy_data)
z:/atmel studio/7.0/toolchain/avr8/avr8-gnu-toolchain/bin/../lib/gcc/avr/5.4.0/avr5\libgcc.a(_clear_bss.o)
                              main.o (__do_clear_bss)
z:/atmel studio/7.0/toolchain/avr8/avr8-gnu-toolchain/bin/../lib/gcc/avr/5.4.0/avr5\libgcc.a(_ctors.o)
                              main.o (__do_global_ctors)
z:/atmel studio/7.0/toolchain/avr8/avr8-gnu-toolchain/bin/../lib/gcc/avr/5.4.0/avr5\libgcc.a(_dtors.o)
                              main.o (__do_global_dtors)
z:/atmel studio/7.0/toolchain/avr8/avr8-gnu-toolchain/bin/../lib/gcc/avr/5.4.0/avr5\libgcc.a(_udivmodhi4.o)
                              z:/atmel studio/7.0/toolchain/avr8/avr8-gnu-toolchain/bin/../lib/gcc/avr/5.4.0/avr5\libgcc.a(_divmodhi4.o) (__udivmodhi4)
z:/atmel studio/7.0/toolchain/avr8/avr8-gnu-toolchain/bin/../lib/gcc/avr/5.4.0/avr5\libgcc.a(_tablejump2.o)
                              z:/atmel studio/7.0/toolchain/avr8/avr8-gnu-toolchain/bin/../lib/gcc/avr/5.4.0/avr5\libgcc.a(_ctors.o) (__tablejump2__)

Discarded input sections

 .data          0x00000000        0x0 Z:/Atmel Studio/7.0/Packs/atmel/ATmega_DFP/1.1.130/gcc/dev/atmega328/avr5/crtatmega328.o
 .bss           0x00000000        0x0 Z:/Atmel Studio/7.0/Packs/atmel/ATmega_DFP/1.1.130/gcc/dev/atmega328/avr5/crtatmega328.o
 .text          0x00000000        0x0 Blinky.o
 .data          0x00000000        0x0 Blinky.o
 .bss           0x00000000        0x0 Blinky.o
 .text          0x00000000        0x0 Counter.o
 .data          0x00000000        0x0 Counter.o
 .bss           0x00000000        0x0 Counter.o
 .text          0x00000000        0x0 interrupts.o
 .data          0x00000000        0x0 interrupts.o
 .bss           0x00000000        0x0 interrupts.o
 .text._Z14enableShiftingv
                0x00000000        0xc interrupts.o
 .text._Z15disableShiftingv
                0x00000000        0xc interrupts.o
 .text._Z24enableTimerOneInterruptsv
                0x00000000        0xc interrupts.o
 .text          0x00000000        0x0 Latch.o
 .data          0x00000000        0x0 Latch.o
 .bss           0x00000000        0x0 Latch.o
 .text          0x00000000        0x0 main.o
 .data          0x00000000        0x0 main.o
 .bss           0x00000000        0x0 main.o
 .text          0x00000000        0x0 SevenSeg.o
 .data          0x00000000        0x0 SevenSeg.o
 .bss           0x00000000        0x0 SevenSeg.o
 .text._ZN8SevenSeg12printNumbersEPh
                0x00000000       0x16 SevenSeg.o
 .text._ZN8SevenSeg20printNumbers_NOLATCHEPh
                0x00000000        0x6 SevenSeg.o
 .text._ZN8SevenSeg12printNumbersEh
                0x00000000       0x2c SevenSeg.o
 .text          0x00000000        0x0 ShiftRegister_PISO.o
 .data          0x00000000        0x0 ShiftRegister_PISO.o
 .bss           0x00000000        0x0 ShiftRegister_PISO.o
 .text._ZN18ShiftRegister_PISOC2Ev
                0x00000000        0x2 ShiftRegister_PISO.o
 .text._ZN18ShiftRegister_PISOD2Ev
                0x00000000        0x2 ShiftRegister_PISO.o
 .debug_info    0x00000000      0x342 ShiftRegister_PISO.o
 .debug_abbrev  0x00000000      0x15b ShiftRegister_PISO.o
 .debug_aranges
                0x00000000       0x28 ShiftRegister_PISO.o
 .debug_ranges  0x00000000       0x18 ShiftRegister_PISO.o
 .debug_line    0x00000000       0xca ShiftRegister_PISO.o
 .debug_str     0x00000000      0x40e ShiftRegister_PISO.o
 .comment       0x00000000       0x31 ShiftRegister_PISO.o
 .debug_frame   0x00000000       0x34 ShiftRegister_PISO.o
 .text          0x00000000        0x0 ShiftRegister_SIPO.o
 .data          0x00000000        0x0 ShiftRegister_SIPO.o
 .bss           0x00000000        0x0 ShiftRegister_SIPO.o
 .text          0x00000000        0x0 TaskManager.o
 .data          0x00000000        0x0 TaskManager.o
 .bss           0x00000000        0x0 TaskManager.o
 .text._ZN11TaskManagerD2Ev
                0x00000000        0x2 TaskManager.o
 .text          0x00000000        0x0 tasks.o
 .data          0x00000000        0x0 tasks.o
 .bss           0x00000000        0x0 tasks.o
 .debug_line    0x00000000        0x0 tasks.o
 .debug_str     0x00000000      0x169 tasks.o
 .comment       0x00000000       0x31 tasks.o
 .text          0x00000000        0x0 timer.o
 .data          0x00000000        0x0 timer.o
 .bss           0x00000000        0x0 timer.o
 .text._ZN5Timer5resetEv
                0x00000000        0xc timer.o
 .text._ZN5Timer8fixTimerEv
                0x00000000       0x14 timer.o
 .text._ZN5Timer11resumeTimerEv
                0x00000000       0x14 timer.o
 .text          0x00000000        0x0 Trigger.o
 .data          0x00000000        0x0 Trigger.o
 .bss           0x00000000        0x0 Trigger.o
 .text          0x00000000        0x0 z:/atmel studio/7.0/toolchain/avr8/avr8-gnu-toolchain/bin/../lib/gcc/avr/5.4.0/avr5\libgcc.a(_divmodhi4.o)
 .data          0x00000000        0x0 z:/atmel studio/7.0/toolchain/avr8/avr8-gnu-toolchain/bin/../lib/gcc/avr/5.4.0/avr5\libgcc.a(_divmodhi4.o)
 .bss           0x00000000        0x0 z:/atmel studio/7.0/toolchain/avr8/avr8-gnu-toolchain/bin/../lib/gcc/avr/5.4.0/avr5\libgcc.a(_divmodhi4.o)
 .text.libgcc.mul
                0x00000000        0x0 z:/atmel studio/7.0/toolchain/avr8/avr8-gnu-toolchain/bin/../lib/gcc/avr/5.4.0/avr5\libgcc.a(_divmodhi4.o)
 .text.libgcc   0x00000000        0x0 z:/atmel studio/7.0/toolchain/avr8/avr8-gnu-toolchain/bin/../lib/gcc/avr/5.4.0/avr5\libgcc.a(_divmodhi4.o)
 .text.libgcc.prologue
                0x00000000        0x0 z:/atmel studio/7.0/toolchain/avr8/avr8-gnu-toolchain/bin/../lib/gcc/avr/5.4.0/avr5\libgcc.a(_divmodhi4.o)
 .text.libgcc.builtins
                0x00000000        0x0 z:/atmel studio/7.0/toolchain/avr8/avr8-gnu-toolchain/bin/../lib/gcc/avr/5.4.0/avr5\libgcc.a(_divmodhi4.o)
 .text.libgcc.fmul
                0x00000000        0x0 z:/atmel studio/7.0/toolchain/avr8/avr8-gnu-toolchain/bin/../lib/gcc/avr/5.4.0/avr5\libgcc.a(_divmodhi4.o)
 .text.libgcc.fixed
                0x00000000        0x0 z:/atmel studio/7.0/toolchain/avr8/avr8-gnu-toolchain/bin/../lib/gcc/avr/5.4.0/avr5\libgcc.a(_divmodhi4.o)
 .text          0x00000000        0x0 z:/atmel studio/7.0/toolchain/avr8/avr8-gnu-toolchain/bin/../lib/gcc/avr/5.4.0/avr5\libgcc.a(_exit.o)
 .data          0x00000000        0x0 z:/atmel studio/7.0/toolchain/avr8/avr8-gnu-toolchain/bin/../lib/gcc/avr/5.4.0/avr5\libgcc.a(_exit.o)
 .bss           0x00000000        0x0 z:/atmel studio/7.0/toolchain/avr8/avr8-gnu-toolchain/bin/../lib/gcc/avr/5.4.0/avr5\libgcc.a(_exit.o)
 .text.libgcc.mul
                0x00000000        0x0 z:/atmel studio/7.0/toolchain/avr8/avr8-gnu-toolchain/bin/../lib/gcc/avr/5.4.0/avr5\libgcc.a(_exit.o)
 .text.libgcc.div
                0x00000000        0x0 z:/atmel studio/7.0/toolchain/avr8/avr8-gnu-toolchain/bin/../lib/gcc/avr/5.4.0/avr5\libgcc.a(_exit.o)
 .text.libgcc   0x00000000        0x0 z:/atmel studio/7.0/toolchain/avr8/avr8-gnu-toolchain/bin/../lib/gcc/avr/5.4.0/avr5\libgcc.a(_exit.o)
 .text.libgcc.prologue
                0x00000000        0x0 z:/atmel studio/7.0/toolchain/avr8/avr8-gnu-toolchain/bin/../lib/gcc/avr/5.4.0/avr5\libgcc.a(_exit.o)
 .text.libgcc.builtins
                0x00000000        0x0 z:/atmel studio/7.0/toolchain/avr8/avr8-gnu-toolchain/bin/../lib/gcc/avr/5.4.0/avr5\libgcc.a(_exit.o)
 .text.libgcc.fmul
                0x00000000        0x0 z:/atmel studio/7.0/toolchain/avr8/avr8-gnu-toolchain/bin/../lib/gcc/avr/5.4.0/avr5\libgcc.a(_exit.o)
 .text.libgcc.fixed
                0x00000000        0x0 z:/atmel studio/7.0/toolchain/avr8/avr8-gnu-toolchain/bin/../lib/gcc/avr/5.4.0/avr5\libgcc.a(_exit.o)
 .text          0x00000000        0x0 z:/atmel studio/7.0/toolchain/avr8/avr8-gnu-toolchain/bin/../lib/gcc/avr/5.4.0/avr5\libgcc.a(_copy_data.o)
 .data          0x00000000        0x0 z:/atmel studio/7.0/toolchain/avr8/avr8-gnu-toolchain/bin/../lib/gcc/avr/5.4.0/avr5\libgcc.a(_copy_data.o)
 .bss           0x00000000        0x0 z:/atmel studio/7.0/toolchain/avr8/avr8-gnu-toolchain/bin/../lib/gcc/avr/5.4.0/avr5\libgcc.a(_copy_data.o)
 .text.libgcc.mul
                0x00000000        0x0 z:/atmel studio/7.0/toolchain/avr8/avr8-gnu-toolchain/bin/../lib/gcc/avr/5.4.0/avr5\libgcc.a(_copy_data.o)
 .text.libgcc.div
                0x00000000        0x0 z:/atmel studio/7.0/toolchain/avr8/avr8-gnu-toolchain/bin/../lib/gcc/avr/5.4.0/avr5\libgcc.a(_copy_data.o)
 .text.libgcc   0x00000000        0x0 z:/atmel studio/7.0/toolchain/avr8/avr8-gnu-toolchain/bin/../lib/gcc/avr/5.4.0/avr5\libgcc.a(_copy_data.o)
 .text.libgcc.prologue
                0x00000000        0x0 z:/atmel studio/7.0/toolchain/avr8/avr8-gnu-toolchain/bin/../lib/gcc/avr/5.4.0/avr5\libgcc.a(_copy_data.o)
 .text.libgcc.builtins
                0x00000000        0x0 z:/atmel studio/7.0/toolchain/avr8/avr8-gnu-toolchain/bin/../lib/gcc/avr/5.4.0/avr5\libgcc.a(_copy_data.o)
 .text.libgcc.fmul
                0x00000000        0x0 z:/atmel studio/7.0/toolchain/avr8/avr8-gnu-toolchain/bin/../lib/gcc/avr/5.4.0/avr5\libgcc.a(_copy_data.o)
 .text.libgcc.fixed
                0x00000000        0x0 z:/atmel studio/7.0/toolchain/avr8/avr8-gnu-toolchain/bin/../lib/gcc/avr/5.4.0/avr5\libgcc.a(_copy_data.o)
 .text          0x00000000        0x0 z:/atmel studio/7.0/toolchain/avr8/avr8-gnu-toolchain/bin/../lib/gcc/avr/5.4.0/avr5\libgcc.a(_clear_bss.o)
 .data          0x00000000        0x0 z:/atmel studio/7.0/toolchain/avr8/avr8-gnu-toolchain/bin/../lib/gcc/avr/5.4.0/avr5\libgcc.a(_clear_bss.o)
 .bss           0x00000000        0x0 z:/atmel studio/7.0/toolchain/avr8/avr8-gnu-toolchain/bin/../lib/gcc/avr/5.4.0/avr5\libgcc.a(_clear_bss.o)
 .text.libgcc.mul
                0x00000000        0x0 z:/atmel studio/7.0/toolchain/avr8/avr8-gnu-toolchain/bin/../lib/gcc/avr/5.4.0/avr5\libgcc.a(_clear_bss.o)
 .text.libgcc.div
                0x00000000        0x0 z:/atmel studio/7.0/toolchain/avr8/avr8-gnu-toolchain/bin/../lib/gcc/avr/5.4.0/avr5\libgcc.a(_clear_bss.o)
 .text.libgcc   0x00000000        0x0 z:/atmel studio/7.0/toolchain/avr8/avr8-gnu-toolchain/bin/../lib/gcc/avr/5.4.0/avr5\libgcc.a(_clear_bss.o)
 .text.libgcc.prologue
                0x00000000        0x0 z:/atmel studio/7.0/toolchain/avr8/avr8-gnu-toolchain/bin/../lib/gcc/avr/5.4.0/avr5\libgcc.a(_clear_bss.o)
 .text.libgcc.builtins
                0x00000000        0x0 z:/atmel studio/7.0/toolchain/avr8/avr8-gnu-toolchain/bin/../lib/gcc/avr/5.4.0/avr5\libgcc.a(_clear_bss.o)
 .text.libgcc.fmul
                0x00000000        0x0 z:/atmel studio/7.0/toolchain/avr8/avr8-gnu-toolchain/bin/../lib/gcc/avr/5.4.0/avr5\libgcc.a(_clear_bss.o)
 .text.libgcc.fixed
                0x00000000        0x0 z:/atmel studio/7.0/toolchain/avr8/avr8-gnu-toolchain/bin/../lib/gcc/avr/5.4.0/avr5\libgcc.a(_clear_bss.o)
 .text          0x00000000        0x0 z:/atmel studio/7.0/toolchain/avr8/avr8-gnu-toolchain/bin/../lib/gcc/avr/5.4.0/avr5\libgcc.a(_ctors.o)
 .data          0x00000000        0x0 z:/atmel studio/7.0/toolchain/avr8/avr8-gnu-toolchain/bin/../lib/gcc/avr/5.4.0/avr5\libgcc.a(_ctors.o)
 .bss           0x00000000        0x0 z:/atmel studio/7.0/toolchain/avr8/avr8-gnu-toolchain/bin/../lib/gcc/avr/5.4.0/avr5\libgcc.a(_ctors.o)
 .text.libgcc.mul
                0x00000000        0x0 z:/atmel studio/7.0/toolchain/avr8/avr8-gnu-toolchain/bin/../lib/gcc/avr/5.4.0/avr5\libgcc.a(_ctors.o)
 .text.libgcc.div
                0x00000000        0x0 z:/atmel studio/7.0/toolchain/avr8/avr8-gnu-toolchain/bin/../lib/gcc/avr/5.4.0/avr5\libgcc.a(_ctors.o)
 .text.libgcc   0x00000000        0x0 z:/atmel studio/7.0/toolchain/avr8/avr8-gnu-toolchain/bin/../lib/gcc/avr/5.4.0/avr5\libgcc.a(_ctors.o)
 .text.libgcc.prologue
                0x00000000        0x0 z:/atmel studio/7.0/toolchain/avr8/avr8-gnu-toolchain/bin/../lib/gcc/avr/5.4.0/avr5\libgcc.a(_ctors.o)
 .text.libgcc.builtins
                0x00000000        0x0 z:/atmel studio/7.0/toolchain/avr8/avr8-gnu-toolchain/bin/../lib/gcc/avr/5.4.0/avr5\libgcc.a(_ctors.o)
 .text.libgcc.fmul
                0x00000000        0x0 z:/atmel studio/7.0/toolchain/avr8/avr8-gnu-toolchain/bin/../lib/gcc/avr/5.4.0/avr5\libgcc.a(_ctors.o)
 .text.libgcc.fixed
                0x00000000        0x0 z:/atmel studio/7.0/toolchain/avr8/avr8-gnu-toolchain/bin/../lib/gcc/avr/5.4.0/avr5\libgcc.a(_ctors.o)
 .text          0x00000000        0x0 z:/atmel studio/7.0/toolchain/avr8/avr8-gnu-toolchain/bin/../lib/gcc/avr/5.4.0/avr5\libgcc.a(_dtors.o)
 .data          0x00000000        0x0 z:/atmel studio/7.0/toolchain/avr8/avr8-gnu-toolchain/bin/../lib/gcc/avr/5.4.0/avr5\libgcc.a(_dtors.o)
 .bss           0x00000000        0x0 z:/atmel studio/7.0/toolchain/avr8/avr8-gnu-toolchain/bin/../lib/gcc/avr/5.4.0/avr5\libgcc.a(_dtors.o)
 .text.libgcc.mul
                0x00000000        0x0 z:/atmel studio/7.0/toolchain/avr8/avr8-gnu-toolchain/bin/../lib/gcc/avr/5.4.0/avr5\libgcc.a(_dtors.o)
 .text.libgcc.div
                0x00000000        0x0 z:/atmel studio/7.0/toolchain/avr8/avr8-gnu-toolchain/bin/../lib/gcc/avr/5.4.0/avr5\libgcc.a(_dtors.o)
 .text.libgcc   0x00000000        0x0 z:/atmel studio/7.0/toolchain/avr8/avr8-gnu-toolchain/bin/../lib/gcc/avr/5.4.0/avr5\libgcc.a(_dtors.o)
 .text.libgcc.prologue
                0x00000000        0x0 z:/atmel studio/7.0/toolchain/avr8/avr8-gnu-toolchain/bin/../lib/gcc/avr/5.4.0/avr5\libgcc.a(_dtors.o)
 .text.libgcc.builtins
                0x00000000        0x0 z:/atmel studio/7.0/toolchain/avr8/avr8-gnu-toolchain/bin/../lib/gcc/avr/5.4.0/avr5\libgcc.a(_dtors.o)
 .text.libgcc.fmul
                0x00000000        0x0 z:/atmel studio/7.0/toolchain/avr8/avr8-gnu-toolchain/bin/../lib/gcc/avr/5.4.0/avr5\libgcc.a(_dtors.o)
 .text.libgcc.fixed
                0x00000000        0x0 z:/atmel studio/7.0/toolchain/avr8/avr8-gnu-toolchain/bin/../lib/gcc/avr/5.4.0/avr5\libgcc.a(_dtors.o)
 .text          0x00000000        0x0 z:/atmel studio/7.0/toolchain/avr8/avr8-gnu-toolchain/bin/../lib/gcc/avr/5.4.0/avr5\libgcc.a(_udivmodhi4.o)
 .data          0x00000000        0x0 z:/atmel studio/7.0/toolchain/avr8/avr8-gnu-toolchain/bin/../lib/gcc/avr/5.4.0/avr5\libgcc.a(_udivmodhi4.o)
 .bss           0x00000000        0x0 z:/atmel studio/7.0/toolchain/avr8/avr8-gnu-toolchain/bin/../lib/gcc/avr/5.4.0/avr5\libgcc.a(_udivmodhi4.o)
 .text.libgcc.mul
                0x00000000        0x0 z:/atmel studio/7.0/toolchain/avr8/avr8-gnu-toolchain/bin/../lib/gcc/avr/5.4.0/avr5\libgcc.a(_udivmodhi4.o)
 .text.libgcc   0x00000000        0x0 z:/atmel studio/7.0/toolchain/avr8/avr8-gnu-toolchain/bin/../lib/gcc/avr/5.4.0/avr5\libgcc.a(_udivmodhi4.o)
 .text.libgcc.prologue
                0x00000000        0x0 z:/atmel studio/7.0/toolchain/avr8/avr8-gnu-toolchain/bin/../lib/gcc/avr/5.4.0/avr5\libgcc.a(_udivmodhi4.o)
 .text.libgcc.builtins
                0x00000000        0x0 z:/atmel studio/7.0/toolchain/avr8/avr8-gnu-toolchain/bin/../lib/gcc/avr/5.4.0/avr5\libgcc.a(_udivmodhi4.o)
 .text.libgcc.fmul
                0x00000000        0x0 z:/atmel studio/7.0/toolchain/avr8/avr8-gnu-toolchain/bin/../lib/gcc/avr/5.4.0/avr5\libgcc.a(_udivmodhi4.o)
 .text.libgcc.fixed
                0x00000000        0x0 z:/atmel studio/7.0/toolchain/avr8/avr8-gnu-toolchain/bin/../lib/gcc/avr/5.4.0/avr5\libgcc.a(_udivmodhi4.o)
 .text          0x00000000        0x0 z:/atmel studio/7.0/toolchain/avr8/avr8-gnu-toolchain/bin/../lib/gcc/avr/5.4.0/avr5\libgcc.a(_tablejump2.o)
 .data          0x00000000        0x0 z:/atmel studio/7.0/toolchain/avr8/avr8-gnu-toolchain/bin/../lib/gcc/avr/5.4.0/avr5\libgcc.a(_tablejump2.o)
 .bss           0x00000000        0x0 z:/atmel studio/7.0/toolchain/avr8/avr8-gnu-toolchain/bin/../lib/gcc/avr/5.4.0/avr5\libgcc.a(_tablejump2.o)
 .text.libgcc.mul
                0x00000000        0x0 z:/atmel studio/7.0/toolchain/avr8/avr8-gnu-toolchain/bin/../lib/gcc/avr/5.4.0/avr5\libgcc.a(_tablejump2.o)
 .text.libgcc.div
                0x00000000        0x0 z:/atmel studio/7.0/toolchain/avr8/avr8-gnu-toolchain/bin/../lib/gcc/avr/5.4.0/avr5\libgcc.a(_tablejump2.o)
 .text.libgcc.prologue
                0x00000000        0x0 z:/atmel studio/7.0/toolchain/avr8/avr8-gnu-toolchain/bin/../lib/gcc/avr/5.4.0/avr5\libgcc.a(_tablejump2.o)
 .text.libgcc.builtins
                0x00000000        0x0 z:/atmel studio/7.0/toolchain/avr8/avr8-gnu-toolchain/bin/../lib/gcc/avr/5.4.0/avr5\libgcc.a(_tablejump2.o)
 .text.libgcc.fmul
                0x00000000        0x0 z:/atmel studio/7.0/toolchain/avr8/avr8-gnu-toolchain/bin/../lib/gcc/avr/5.4.0/avr5\libgcc.a(_tablejump2.o)
 .text.libgcc.fixed
                0x00000000        0x0 z:/atmel studio/7.0/toolchain/avr8/avr8-gnu-toolchain/bin/../lib/gcc/avr/5.4.0/avr5\libgcc.a(_tablejump2.o)

Memory Configuration

Name             Origin             Length             Attributes
text             0x00000000         0x00020000         xr
data             0x00800060         0x0000ffa0         rw !x
eeprom           0x00810000         0x00010000         rw !x
fuse             0x00820000         0x00000003         rw !x
lock             0x00830000         0x00000400         rw !x
signature        0x00840000         0x00000400         rw !x
user_signatures  0x00850000         0x00000400         rw !x
*default*        0x00000000         0xffffffff

Linker script and memory map

Address of section .data set to 0x800100
LOAD Z:/Atmel Studio/7.0/Packs/atmel/ATmega_DFP/1.1.130/gcc/dev/atmega328/avr5/crtatmega328.o
LOAD Blinky.o
LOAD Counter.o
LOAD interrupts.o
LOAD Latch.o
LOAD main.o
LOAD SevenSeg.o
LOAD ShiftRegister_PISO.o
LOAD ShiftRegister_SIPO.o
LOAD TaskManager.o
LOAD tasks.o
LOAD timer.o
LOAD Trigger.o
START GROUP
LOAD z:/atmel studio/7.0/toolchain/avr8/avr8-gnu-toolchain/bin/../lib/gcc/avr/5.4.0/../../../../avr/lib/avr5\libm.a
END GROUP
LOAD z:/atmel studio/7.0/toolchain/avr8/avr8-gnu-toolchain/bin/../lib/gcc/avr/5.4.0/avr5\libgcc.a
LOAD z:/atmel studio/7.0/toolchain/avr8/avr8-gnu-toolchain/bin/../lib/gcc/avr/5.4.0/../../../../avr/lib/avr5\libm.a
START GROUP
LOAD z:/atmel studio/7.0/toolchain/avr8/avr8-gnu-toolchain/bin/../lib/gcc/avr/5.4.0/avr5\libgcc.a
LOAD z:/atmel studio/7.0/toolchain/avr8/avr8-gnu-toolchain/bin/../lib/gcc/avr/5.4.0/../../../../avr/lib/avr5\libm.a
LOAD z:/atmel studio/7.0/toolchain/avr8/avr8-gnu-toolchain/bin/../lib/gcc/avr/5.4.0/../../../../avr/lib/avr5\libc.a
LOAD Z:/Atmel Studio/7.0/Packs/atmel/ATmega_DFP/1.1.130/gcc/dev/atmega328/avr5\libatmega328.a
END GROUP
                0x00020000                __TEXT_REGION_LENGTH__ = DEFINED (__TEXT_REGION_LENGTH__)?__TEXT_REGION_LENGTH__:0x20000
                0x0000ffa0                __DATA_REGION_LENGTH__ = DEFINED (__DATA_REGION_LENGTH__)?__DATA_REGION_LENGTH__:0xffa0
                0x00010000                __EEPROM_REGION_LENGTH__ = DEFINED (__EEPROM_REGION_LENGTH__)?__EEPROM_REGION_LENGTH__:0x10000
                [0x00000003]                __FUSE_REGION_LENGTH__ = DEFINED (__FUSE_REGION_LENGTH__)?__FUSE_REGION_LENGTH__:0x400
                0x00000400                __LOCK_REGION_LENGTH__ = DEFINED (__LOCK_REGION_LENGTH__)?__LOCK_REGION_LENGTH__:0x400
                0x00000400                __SIGNATURE_REGION_LENGTH__ = DEFINED (__SIGNATURE_REGION_LENGTH__)?__SIGNATURE_REGION_LENGTH__:0x400
                0x00000400                __USER_SIGNATURE_REGION_LENGTH__ = DEFINED (__USER_SIGNATURE_REGION_LENGTH__)?__USER_SIGNATURE_REGION_LENGTH__:0x400

.hash
 *(.hash)

.dynsym
 *(.dynsym)

.dynstr
 *(.dynstr)

.gnu.version
 *(.gnu.version)

.gnu.version_d
 *(.gnu.version_d)

.gnu.version_r
 *(.gnu.version_r)

.rel.init
 *(.rel.init)

.rela.init
 *(.rela.init)

.rel.text
 *(.rel.text)
 *(.rel.text.*)
 *(.rel.gnu.linkonce.t*)

.rela.text
 *(.rela.text)
 *(.rela.text.*)
 *(.rela.gnu.linkonce.t*)

.rel.fini
 *(.rel.fini)

.rela.fini
 *(.rela.fini)

.rel.rodata
 *(.rel.rodata)
 *(.rel.rodata.*)
 *(.rel.gnu.linkonce.r*)

.rela.rodata
 *(.rela.rodata)
 *(.rela.rodata.*)
 *(.rela.gnu.linkonce.r*)

.rel.data
 *(.rel.data)
 *(.rel.data.*)
 *(.rel.gnu.linkonce.d*)

.rela.data
 *(.rela.data)
 *(.rela.data.*)
 *(.rela.gnu.linkonce.d*)

.rel.ctors
 *(.rel.ctors)

.rela.ctors
 *(.rela.ctors)

.rel.dtors
 *(.rel.dtors)

.rela.dtors
 *(.rela.dtors)

.rel.got
 *(.rel.got)

.rela.got
 *(.rela.got)

.rel.bss
 *(.rel.bss)

.rela.bss
 *(.rela.bss)

.rel.plt
 *(.rel.plt)

.rela.plt
 *(.rela.plt)

.text           0x00000000      0x944
 *(.vectors)
 .vectors       0x00000000       0x68 Z:/Atmel Studio/7.0/Packs/atmel/ATmega_DFP/1.1.130/gcc/dev/atmega328/avr5/crtatmega328.o
                0x00000000                __vector_default
                0x00000000                __vectors
 *(.vectors)
 *(.progmem.gcc*)
                0x00000068                . = ALIGN (0x2)
                0x00000068                __trampolines_start = .
 *(.trampolines)
 .trampolines   0x00000068        0x0 linker stubs
 *(.trampolines*)
                0x00000068                __trampolines_end = .
 *libprintf_flt.a:*(.progmem.data)
 *libc.a:*(.progmem.data)
 *(.progmem*)
                0x00000068                . = ALIGN (0x2)
 *(.jumptables)
 *(.jumptables*)
 *(.lowtext)
 *(.lowtext*)
                0x00000068                __ctors_start = .
 *(.ctors)
 .ctors         0x00000068        0x2 main.o
                0x0000006a                __ctors_end = .
                0x0000006a                __dtors_start = .
 *(.dtors)
 .dtors         0x0000006a        0x2 main.o
                0x0000006c                __dtors_end = .
 SORT(*)(.ctors)
 SORT(*)(.dtors)
 *(.init0)
 .init0         0x0000006c        0x0 Z:/Atmel Studio/7.0/Packs/atmel/ATmega_DFP/1.1.130/gcc/dev/atmega328/avr5/crtatmega328.o
                0x0000006c                __init
 *(.init0)
 *(.init1)
 *(.init1)
 *(.init2)
 .init2         0x0000006c        0xc Z:/Atmel Studio/7.0/Packs/atmel/ATmega_DFP/1.1.130/gcc/dev/atmega328/avr5/crtatmega328.o
 *(.init2)
 *(.init3)
 *(.init3)
 *(.init4)
 .init4         0x00000078       0x16 z:/atmel studio/7.0/toolchain/avr8/avr8-gnu-toolchain/bin/../lib/gcc/avr/5.4.0/avr5\libgcc.a(_copy_data.o)
                0x00000078                __do_copy_data
 .init4         0x0000008e       0x10 z:/atmel studio/7.0/toolchain/avr8/avr8-gnu-toolchain/bin/../lib/gcc/avr/5.4.0/avr5\libgcc.a(_clear_bss.o)
                0x0000008e                __do_clear_bss
 *(.init4)
 *(.init5)
 *(.init5)
 *(.init6)
 .init6         0x0000009e       0x16 z:/atmel studio/7.0/toolchain/avr8/avr8-gnu-toolchain/bin/../lib/gcc/avr/5.4.0/avr5\libgcc.a(_ctors.o)
                0x0000009e                __do_global_ctors
 *(.init6)
 *(.init7)
 *(.init7)
 *(.init8)
 *(.init8)
 *(.init9)
 .init9         0x000000b4        0x8 Z:/Atmel Studio/7.0/Packs/atmel/ATmega_DFP/1.1.130/gcc/dev/atmega328/avr5/crtatmega328.o
 *(.init9)
 *(.text)
 .text          0x000000bc        0x4 Z:/Atmel Studio/7.0/Packs/atmel/ATmega_DFP/1.1.130/gcc/dev/atmega328/avr5/crtatmega328.o
                0x000000bc                __vector_22
                0x000000bc                __vector_1
                0x000000bc                __vector_24
                0x000000bc                __bad_interrupt
                0x000000bc                __vector_6
                0x000000bc                __vector_3
                0x000000bc                __vector_23
                0x000000bc                __vector_25
                0x000000bc                __vector_13
                0x000000bc                __vector_17
                0x000000bc                __vector_19
                0x000000bc                __vector_7
                0x000000bc                __vector_5
                0x000000bc                __vector_4
                0x000000bc                __vector_9
                0x000000bc                __vector_2
                0x000000bc                __vector_21
                0x000000bc                __vector_15
                0x000000bc                __vector_8
                0x000000bc                __vector_10
                0x000000bc                __vector_16
                0x000000bc                __vector_18
                0x000000bc                __vector_20
                0x000000c0                . = ALIGN (0x2)
 *(.text.*)
 .text._ZN6BlinkyC2Ev
                0x000000c0       0x14 Blinky.o
                0x000000c0                _ZN6BlinkyC1Ev
                0x000000c0                _ZN6BlinkyC2Ev
 .text._ZN6Blinky11getTimerRefEP5Timer
                0x000000d4        0x8 Blinky.o
                0x000000d4                _ZN6Blinky11getTimerRefEP5Timer
 .text._ZN6Blinky3runEv
                0x000000dc       0x48 Blinky.o
                0x000000dc                _ZN6Blinky3runEv
 .text._ZN6BlinkyD2Ev
                0x00000124        0x2 Blinky.o
                0x00000124                _ZN6BlinkyD2Ev
                0x00000124                _ZN6BlinkyD1Ev
 .text._ZN7CounterC2Ev
                0x00000126        0xe Counter.o
                0x00000126                _ZN7CounterC2Ev
                0x00000126                _ZN7CounterC1Ev
 .text._ZN7Counter4initEP5TimerP8SevenSeg
                0x00000134        0xc Counter.o
                0x00000134                _ZN7Counter4initEP5TimerP8SevenSeg
 .text._ZN7Counter3runEv
                0x00000140       0x54 Counter.o
                0x00000140                _ZN7Counter3runEv
 .text._ZN7CounterD2Ev
                0x00000194        0x2 Counter.o
                0x00000194                _ZN7CounterD2Ev
                0x00000194                _ZN7CounterD1Ev
 .text.__vector_14
                0x00000196       0x4c interrupts.o
                0x00000196                __vector_14
 .text.__vector_12
                0x000001e2       0x16 interrupts.o
                0x000001e2                __vector_12
 .text._Z20setUpTimerInterruptsv
                0x000001f8       0x52 interrupts.o
                0x000001f8                _Z20setUpTimerInterruptsv
 .text._Z25disableTimerOneInterruptsv
                0x0000024a        0xc interrupts.o
                0x0000024a                _Z25disableTimerOneInterruptsv
 .text.__vector_11
                0x00000256       0x4a interrupts.o
                0x00000256                __vector_11
 .text._ZN5LatchC2Ev
                0x000002a0        0x2 Latch.o
                0x000002a0                _ZN5LatchC1Ev
                0x000002a0                _ZN5LatchC2Ev
 .text._ZN5Latch14getSevenSegRefEP8SevenSeg
                0x000002a2        0x8 Latch.o
                0x000002a2                _ZN5Latch14getSevenSegRefEP8SevenSeg
 .text._ZN5Latch3runEv
                0x000002aa       0x1a Latch.o
                0x000002aa                _ZN5Latch3runEv
 .text._ZN5LatchD2Ev
                0x000002c4        0x2 Latch.o
                0x000002c4                _ZN5LatchD1Ev
                0x000002c4                _ZN5LatchD2Ev
 .text._Z9latchTaskv
                0x000002c6        0xa main.o
                0x000002c6                _Z9latchTaskv
 .text._Z23sevenSegmentDisplayTaskv
                0x000002d0        0xa main.o
                0x000002d0                _Z23sevenSegmentDisplayTaskv
 .text._Z11triggerTaskv
                0x000002da        0xa main.o
                0x000002da                _Z11triggerTaskv
 .text._Z11counterTaskv
                0x000002e4        0xa main.o
                0x000002e4                _Z11counterTaskv
 .text._Z10blinkyTaskv
                0x000002ee        0xa main.o
                0x000002ee                _Z10blinkyTaskv
 .text._Z10setupTasksv
                0x000002f8       0x48 main.o
                0x000002f8                _Z10setupTasksv
 .text.main     0x00000340       0x74 main.o
                0x00000340                main
 .text._GLOBAL__sub_I_sevenSegmentDisplay
                0x000003b4       0x32 main.o
 .text._GLOBAL__sub_D_sevenSegmentDisplay
                0x000003e6       0x32 main.o
 .text._ZN8SevenSegC2Ev
                0x00000418       0x5a SevenSeg.o
                0x00000418                _ZN8SevenSegC2Ev
                0x00000418                _ZN8SevenSegC1Ev
 .text._ZN8SevenSeg12sevenSegInitEhP5Timer
                0x00000472       0x1e SevenSeg.o
                0x00000472                _ZN8SevenSeg12sevenSegInitEhP5Timer
 .text._ZN8SevenSeg12shiftInBytesEPh
                0x00000490       0x6c SevenSeg.o
                0x00000490                _ZN8SevenSeg12shiftInBytesEPh
 .text._ZN8SevenSeg3runEv
                0x000004fc       0x52 SevenSeg.o
                0x000004fc                _ZN8SevenSeg3runEv
 .text._ZN8SevenSegD2Ev
                0x0000054e        0x6 SevenSeg.o
                0x0000054e                _ZN8SevenSegD2Ev
                0x0000054e                _ZN8SevenSegD1Ev
 .text._ZN18ShiftRegister_SIPO9setupPinsEv
                0x00000554       0x44 ShiftRegister_SIPO.o
                0x00000554                _ZN18ShiftRegister_SIPO9setupPinsEv
 .text._ZN18ShiftRegister_SIPOC2Ev
                0x00000598       0x14 ShiftRegister_SIPO.o
                0x00000598                _ZN18ShiftRegister_SIPOC1Ev
                0x00000598                _ZN18ShiftRegister_SIPOC2Ev
 .text._ZN18ShiftRegister_SIPO11latchOutputEv
                0x000005ac       0x4e ShiftRegister_SIPO.o
                0x000005ac                _ZN18ShiftRegister_SIPO11latchOutputEv
 .text._ZN18ShiftRegister_SIPO11singleShiftEv
                0x000005fa       0x56 ShiftRegister_SIPO.o
                0x000005fa                _ZN18ShiftRegister_SIPO11singleShiftEv
 .text._ZN18ShiftRegister_SIPO9shiftBitsEv
                0x00000650       0x92 ShiftRegister_SIPO.o
                0x00000650                _ZN18ShiftRegister_SIPO9shiftBitsEv
 .text._ZN18ShiftRegister_SIPO8loadByteEh
                0x000006e2        0x6 ShiftRegister_SIPO.o
                0x000006e2                _ZN18ShiftRegister_SIPO8loadByteEh
 .text._ZN18ShiftRegister_SIPO17getTimerReferenceEP5Timer
                0x000006e8        0x8 ShiftRegister_SIPO.o
                0x000006e8                _ZN18ShiftRegister_SIPO17getTimerReferenceEP5Timer
 .text._ZN18ShiftRegister_SIPOD2Ev
                0x000006f0        0x2 ShiftRegister_SIPO.o
                0x000006f0                _ZN18ShiftRegister_SIPOD1Ev
                0x000006f0                _ZN18ShiftRegister_SIPOD2Ev
 .text._ZN11TaskManagerC2EP5Timer
                0x000006f2        0xe TaskManager.o
                0x000006f2                _ZN11TaskManagerC2EP5Timer
                0x000006f2                _ZN11TaskManagerC1EP5Timer
 .text._ZN11TaskManager7addTaskEPFvvEh
                0x00000700       0x28 TaskManager.o
                0x00000700                _ZN11TaskManager7addTaskEPFvvEh
 .text._ZN11TaskManager20generateRandomNumberEv
                0x00000728       0x1c TaskManager.o
                0x00000728                _ZN11TaskManager20generateRandomNumberEv
 .text._ZN11TaskManager8runTasksEv
                0x00000744       0x68 TaskManager.o
                0x00000744                _ZN11TaskManager8runTasksEv
 .text._ZN5TimerC2Ev
                0x000007ac       0x14 timer.o
                0x000007ac                _ZN5TimerC2Ev
                0x000007ac                _ZN5TimerC1Ev
 .text._ZN5Timer14incrementTimerEv
                0x000007c0       0x1c timer.o
                0x000007c0                _ZN5Timer14incrementTimerEv
 .text._ZN5Timer14elapsed_millisEm
                0x000007dc       0x24 timer.o
                0x000007dc                _ZN5Timer14elapsed_millisEm
 .text._ZN5Timer6millisEv
                0x00000800        0xc timer.o
                0x00000800                _ZN5Timer6millisEv
 .text._ZN5Timer8wait_1usEv
                0x0000080c       0x12 timer.o
                0x0000080c                _ZN5Timer8wait_1usEv
 .text._ZN5TimerD2Ev
                0x0000081e        0x2 timer.o
                0x0000081e                _ZN5TimerD2Ev
                0x0000081e                _ZN5TimerD1Ev
 .text._ZN7TriggerC2Ev
                0x00000820        0xe Trigger.o
                0x00000820                _ZN7TriggerC2Ev
                0x00000820                _ZN7TriggerC1Ev
 .text._ZN7Trigger11getTimerRefEP5Timer
                0x0000082e       0x1e Trigger.o
                0x0000082e                _ZN7Trigger11getTimerRefEP5Timer
 .text._ZN7Trigger9conditionEv
                0x0000084c       0x4a Trigger.o
                0x0000084c                _ZN7Trigger9conditionEv
 .text._ZN7Trigger3runEv
                0x00000896       0x36 Trigger.o
                0x00000896                _ZN7Trigger3runEv
 .text._ZN7TriggerD2Ev
                0x000008cc        0x2 Trigger.o
                0x000008cc                _ZN7TriggerD2Ev
                0x000008cc                _ZN7TriggerD1Ev
 .text.libgcc.div
                0x000008ce       0x28 z:/atmel studio/7.0/toolchain/avr8/avr8-gnu-toolchain/bin/../lib/gcc/avr/5.4.0/avr5\libgcc.a(_divmodhi4.o)
                0x000008ce                _div
                0x000008ce                __divmodhi4
 .text.libgcc.div
                0x000008f6       0x28 z:/atmel studio/7.0/toolchain/avr8/avr8-gnu-toolchain/bin/../lib/gcc/avr/5.4.0/avr5\libgcc.a(_udivmodhi4.o)
                0x000008f6                __udivmodhi4
 .text.libgcc   0x0000091e        0xc z:/atmel studio/7.0/toolchain/avr8/avr8-gnu-toolchain/bin/../lib/gcc/avr/5.4.0/avr5\libgcc.a(_tablejump2.o)
                0x0000091e                __tablejump2__
                0x0000092a                . = ALIGN (0x2)
 *(.fini9)
 .fini9         0x0000092a        0x0 z:/atmel studio/7.0/toolchain/avr8/avr8-gnu-toolchain/bin/../lib/gcc/avr/5.4.0/avr5\libgcc.a(_exit.o)
                0x0000092a                _exit
                0x0000092a                exit
 *(.fini9)
 *(.fini8)
 *(.fini8)
 *(.fini7)
 *(.fini7)
 *(.fini6)
 .fini6         0x0000092a       0x16 z:/atmel studio/7.0/toolchain/avr8/avr8-gnu-toolchain/bin/../lib/gcc/avr/5.4.0/avr5\libgcc.a(_dtors.o)
                0x0000092a                __do_global_dtors
 *(.fini6)
 *(.fini5)
 *(.fini5)
 *(.fini4)
 *(.fini4)
 *(.fini3)
 *(.fini3)
 *(.fini2)
 *(.fini2)
 *(.fini1)
 *(.fini1)
 *(.fini0)
 .fini0         0x00000940        0x4 z:/atmel studio/7.0/toolchain/avr8/avr8-gnu-toolchain/bin/../lib/gcc/avr/5.4.0/avr5\libgcc.a(_exit.o)
 *(.fini0)
                0x00000944                _etext = .

.data           0x00800100        0xc load address 0x00000944
                0x00800100                PROVIDE (__data_start, .)
 *(.data)
 *(.data*)
 *(.gnu.linkonce.d*)
 *(.rodata)
 .rodata        0x00800100        0xb SevenSeg.o
 *(.rodata*)
 *(.gnu.linkonce.r*)
                0x0080010c                . = ALIGN (0x2)
 *fill*         0x0080010b        0x1 
                0x0080010c                _edata = .
                0x0080010c                PROVIDE (__data_end, .)

.bss            0x0080010c       0x39
                0x0080010c                PROVIDE (__bss_start, .)
 *(.bss)
 *(.bss*)
 .bss.latch     0x0080010c        0x2 main.o
                0x0080010c                latch
 .bss.counter   0x0080010e        0x9 main.o
                0x0080010e                counter
 .bss.trigger   0x00800117        0x7 main.o
                0x00800117                trigger
 .bss.blinky    0x0080011e        0x7 main.o
                0x0080011e                blinky
 .bss.timer     0x00800125        0x8 main.o
                0x00800125                timer
 .bss.sevenSegmentDisplay
                0x0080012d       0x18 main.o
                0x0080012d                sevenSegmentDisplay
 *(COMMON)
                0x00800145                PROVIDE (__bss_end, .)
                0x00000944                __data_load_start = LOADADDR (.data)
                0x00000950                __data_load_end = (__data_load_start + SIZEOF (.data))

.noinit         0x00800145        0x0
                [!provide]                PROVIDE (__noinit_start, .)
 *(.noinit*)
                [!provide]                PROVIDE (__noinit_end, .)
                0x00800145                _end = .
                [!provide]                PROVIDE (__heap_start, .)

.eeprom         0x00810000        0x0
 *(.eeprom*)
                0x00810000                __eeprom_end = .

.fuse
 *(.fuse)
 *(.lfuse)
 *(.hfuse)
 *(.efuse)

.lock
 *(.lock*)

.signature
 *(.signature*)

.user_signatures
 *(.user_signatures*)

.stab
 *(.stab)

.stabstr
 *(.stabstr)

.stab.excl
 *(.stab.excl)

.stab.exclstr
 *(.stab.exclstr)

.stab.index
 *(.stab.index)

.stab.indexstr
 *(.stab.indexstr)

.comment        0x00000000       0x30
 *(.comment)
 .comment       0x00000000       0x30 Blinky.o
                                 0x31 (size before relaxing)
 .comment       0x00000030       0x31 Counter.o
 .comment       0x00000030       0x31 interrupts.o
 .comment       0x00000030       0x31 Latch.o
 .comment       0x00000030       0x31 main.o
 .comment       0x00000030       0x31 SevenSeg.o
 .comment       0x00000030       0x31 ShiftRegister_SIPO.o
 .comment       0x00000030       0x31 TaskManager.o
 .comment       0x00000030       0x31 timer.o
 .comment       0x00000030       0x31 Trigger.o

.note.gnu.avr.deviceinfo
                0x00000000       0x3c
 .note.gnu.avr.deviceinfo
                0x00000000       0x3c Z:/Atmel Studio/7.0/Packs/atmel/ATmega_DFP/1.1.130/gcc/dev/atmega328/avr5/crtatmega328.o

.note.gnu.build-id
 *(.note.gnu.build-id)

.debug
 *(.debug)

.line
 *(.line)

.debug_srcinfo
 *(.debug_srcinfo)

.debug_sfnames
 *(.debug_sfnames)

.debug_aranges  0x00000000      0x2f0
 *(.debug_aranges)
 .debug_aranges
                0x00000000       0x38 Blinky.o
 .debug_aranges
                0x00000038       0x38 Counter.o
 .debug_aranges
                0x00000070       0x58 interrupts.o
 .debug_aranges
                0x000000c8       0x38 Latch.o
 .debug_aranges
                0x00000100       0x60 main.o
 .debug_aranges
                0x00000160       0x58 SevenSeg.o
 .debug_aranges
                0x000001b8       0x58 ShiftRegister_SIPO.o
 .debug_aranges
                0x00000210       0x40 TaskManager.o
 .debug_aranges
                0x00000250       0x60 timer.o
 .debug_aranges
                0x000002b0       0x40 Trigger.o

.debug_pubnames
 *(.debug_pubnames)

.debug_info     0x00000000     0x47e4
 *(.debug_info .gnu.linkonce.wi.*)
 .debug_info    0x00000000      0x5f4 Z:/Atmel Studio/7.0/Packs/atmel/ATmega_DFP/1.1.130/gcc/dev/atmega328/avr5/crtatmega328.o
 .debug_info    0x000005f4      0x3e1 Blinky.o
 .debug_info    0x000009d5      0x793 Counter.o
 .debug_info    0x00001168      0x301 interrupts.o
 .debug_info    0x00001469      0x747 Latch.o
 .debug_info    0x00001bb0      0xf42 main.o
 .debug_info    0x00002af2      0x960 SevenSeg.o
 .debug_info    0x00003452      0x630 ShiftRegister_SIPO.o
 .debug_info    0x00003a82      0x4b7 TaskManager.o
 .debug_info    0x00003f39      0x44e timer.o
 .debug_info    0x00004387      0x45d Trigger.o

.debug_abbrev   0x00000000     0x19c6
 *(.debug_abbrev)
 .debug_abbrev  0x00000000      0x5a2 Z:/Atmel Studio/7.0/Packs/atmel/ATmega_DFP/1.1.130/gcc/dev/atmega328/avr5/crtatmega328.o
 .debug_abbrev  0x000005a2      0x1d5 Blinky.o
 .debug_abbrev  0x00000777      0x222 Counter.o
 .debug_abbrev  0x00000999      0x159 interrupts.o
 .debug_abbrev  0x00000af2      0x20a Latch.o
 .debug_abbrev  0x00000cfc      0x268 main.o
 .debug_abbrev  0x00000f64      0x26c SevenSeg.o
 .debug_abbrev  0x000011d0      0x224 ShiftRegister_SIPO.o
 .debug_abbrev  0x000013f4      0x210 TaskManager.o
 .debug_abbrev  0x00001604      0x1d6 timer.o
 .debug_abbrev  0x000017da      0x1ec Trigger.o

.debug_line     0x00000000     0x10b6
 *(.debug_line .debug_line.* .debug_line_end)
 .debug_line    0x00000000      0x133 Z:/Atmel Studio/7.0/Packs/atmel/ATmega_DFP/1.1.130/gcc/dev/atmega328/avr5/crtatmega328.o
 .debug_line    0x00000133      0x120 Blinky.o
 .debug_line    0x00000253      0x148 Counter.o
 .debug_line    0x0000039b      0x19c interrupts.o
 .debug_line    0x00000537      0x10e Latch.o
 .debug_line    0x00000645      0x268 main.o
 .debug_line    0x000008ad      0x216 SevenSeg.o
 .debug_line    0x00000ac3      0x1ef ShiftRegister_SIPO.o
 .debug_line    0x00000cb2      0x13e TaskManager.o
 .debug_line    0x00000df0      0x16f timer.o
 .debug_line    0x00000f5f      0x157 Trigger.o

.debug_frame    0x00000000      0x694
 *(.debug_frame)
 .debug_frame   0x00000000       0x60 Blinky.o
 .debug_frame   0x00000060       0x60 Counter.o
 .debug_frame   0x000000c0      0x130 interrupts.o
 .debug_frame   0x000001f0       0x54 Latch.o
 .debug_frame   0x00000244       0xb4 main.o
 .debug_frame   0x000002f8      0x108 SevenSeg.o
 .debug_frame   0x00000400       0xdc ShiftRegister_SIPO.o
 .debug_frame   0x000004dc       0x8c TaskManager.o
 .debug_frame   0x00000568       0xb0 timer.o
 .debug_frame   0x00000618       0x7c Trigger.o

.debug_str      0x00000000     0x102e
 *(.debug_str)
 .debug_str     0x00000000      0x208 Z:/Atmel Studio/7.0/Packs/atmel/ATmega_DFP/1.1.130/gcc/dev/atmega328/avr5/crtatmega328.o
 .debug_str     0x00000208      0x3a4 Blinky.o
                                0x3ec (size before relaxing)
 .debug_str     0x000005ac      0x462 Counter.o
                                0x7cd (size before relaxing)
 .debug_str     0x00000a0e      0x128 interrupts.o
                                0x44d (size before relaxing)
 .debug_str     0x00000b36       0x92 Latch.o
                                0x7b4 (size before relaxing)
 .debug_str     0x00000bc8      0x2fb main.o
                                0xbae (size before relaxing)
 .debug_str     0x00000ec3       0x45 SevenSeg.o
                                0x755 (size before relaxing)
 .debug_str     0x00000f08       0x5f ShiftRegister_SIPO.o
                                0x5d9 (size before relaxing)
 .debug_str     0x00000f67       0x4a TaskManager.o
                                0x494 (size before relaxing)
 .debug_str     0x00000fb1       0x4c timer.o
                                0x37a (size before relaxing)
 .debug_str     0x00000ffd       0x31 Trigger.o
                                0x415 (size before relaxing)

.debug_loc      0x00000000      0xd37
 *(.debug_loc)
 .debug_loc     0x00000000       0x65 Blinky.o
 .debug_loc     0x00000065       0x65 Counter.o
 .debug_loc     0x000000ca      0x1c5 interrupts.o
 .debug_loc     0x0000028f       0x36 Latch.o
 .debug_loc     0x000002c5       0x99 main.o
 .debug_loc     0x0000035e      0x49f SevenSeg.o
 .debug_loc     0x000007fd      0x20b ShiftRegister_SIPO.o
 .debug_loc     0x00000a08      0x127 TaskManager.o
 .debug_loc     0x00000b2f       0xc4 timer.o
 .debug_loc     0x00000bf3      0x144 Trigger.o

.debug_macinfo
 *(.debug_macinfo)

.debug_weaknames
 *(.debug_weaknames)

.debug_funcnames
 *(.debug_funcnames)

.debug_typenames
 *(.debug_typenames)

.debug_varnames
 *(.debug_varnames)

.debug_pubtypes
 *(.debug_pubtypes)

.debug_ranges   0x00000000      0x250
 *(.debug_ranges)
 .debug_ranges  0x00000000       0x28 Blinky.o
 .debug_ranges  0x00000028       0x28 Counter.o
 .debug_ranges  0x00000050       0x48 interrupts.o
 .debug_ranges  0x00000098       0x28 Latch.o
 .debug_ranges  0x000000c0       0x50 main.o
 .debug_ranges  0x00000110       0x48 SevenSeg.o
 .debug_ranges  0x00000158       0x48 ShiftRegister_SIPO.o
 .debug_ranges  0x000001a0       0x30 TaskManager.o
 .debug_ranges  0x000001d0       0x50 timer.o
 .debug_ranges  0x00000220       0x30 Trigger.o

.debug_macro
 *(.debug_macro)
OUTPUT(Sequencer-micro.elf elf32-avr)
LOAD linker stubs
