Archive member included to satisfy reference by file (symbol)

C:\Users\KOLTIN~2\DOCUME~1\GitHub\ANALOG~1\SEQUEN~1\MICROC~1\ATMELN~1\SEQUEN~1\ARDUIN~1\Debug\libArduinoCore.a(HardwareSerial.o)
                              Sequencer.o (_ZN14HardwareSerial5beginEmh)
C:\Users\KOLTIN~2\DOCUME~1\GitHub\ANALOG~1\SEQUEN~1\MICROC~1\ATMELN~1\SEQUEN~1\ARDUIN~1\Debug\libArduinoCore.a(HardwareSerial0.o)
                              Sequencer.o (Serial)
C:\Users\KOLTIN~2\DOCUME~1\GitHub\ANALOG~1\SEQUEN~1\MICROC~1\ATMELN~1\SEQUEN~1\ARDUIN~1\Debug\libArduinoCore.a(main.o)
                              C:/Program Files (x86)/Atmel/Studio/7.0/Packs/atmel/ATmega_DFP/1.1.130/gcc/dev/atmega328p/avr5/crtatmega328p.o (main)
C:\Users\KOLTIN~2\DOCUME~1\GitHub\ANALOG~1\SEQUEN~1\MICROC~1\ATMELN~1\SEQUEN~1\ARDUIN~1\Debug\libArduinoCore.a(Print.o)
                              C:\Users\KOLTIN~2\DOCUME~1\GitHub\ANALOG~1\SEQUEN~1\MICROC~1\ATMELN~1\SEQUEN~1\ARDUIN~1\Debug\libArduinoCore.a(HardwareSerial.o) (_ZN5Print5writeEPKhj)
C:\Users\KOLTIN~2\DOCUME~1\GitHub\ANALOG~1\SEQUEN~1\MICROC~1\ATMELN~1\SEQUEN~1\ARDUIN~1\Debug\libArduinoCore.a(wiring.o)
                              trigger.o (millis)
C:\Users\KOLTIN~2\DOCUME~1\GitHub\ANALOG~1\SEQUEN~1\MICROC~1\ATMELN~1\SEQUEN~1\ARDUIN~1\Debug\libArduinoCore.a(wiring_digital.o)
                              Sequencer.o (pinMode)
C:\Users\KOLTIN~2\DOCUME~1\GitHub\ANALOG~1\SEQUEN~1\MICROC~1\ATMELN~1\SEQUEN~1\ARDUIN~1\Debug\libArduinoCore.a(wiring_shift.o)
                              ShiftRegister/ShiftRegister74HC595.o (shiftOut)
C:\Users\KOLTIN~2\DOCUME~1\GitHub\ANALOG~1\SEQUEN~1\MICROC~1\ATMELN~1\SEQUEN~1\ARDUIN~1\Debug\libArduinoCore.a(abi.o)
                              C:\Users\KOLTIN~2\DOCUME~1\GitHub\ANALOG~1\SEQUEN~1\MICROC~1\ATMELN~1\SEQUEN~1\ARDUIN~1\Debug\libArduinoCore.a(Print.o) (__cxa_pure_virtual)
C:\Users\KOLTIN~2\DOCUME~1\GitHub\ANALOG~1\SEQUEN~1\MICROC~1\ATMELN~1\SEQUEN~1\ARDUIN~1\Debug\libArduinoCore.a(hooks.o)
                              C:\Users\KOLTIN~2\DOCUME~1\GitHub\ANALOG~1\SEQUEN~1\MICROC~1\ATMELN~1\SEQUEN~1\ARDUIN~1\Debug\libArduinoCore.a(wiring.o) (yield)
c:/program files (x86)/atmel/studio/7.0/toolchain/avr8/avr8-gnu-toolchain/bin/../lib/gcc/avr/4.9.2/../../../../avr/lib/avr5\libm.a(addsf3.o)
                              C:\Users\KOLTIN~2\DOCUME~1\GitHub\ANALOG~1\SEQUEN~1\MICROC~1\ATMELN~1\SEQUEN~1\ARDUIN~1\Debug\libArduinoCore.a(Print.o) (__subsf3)
c:/program files (x86)/atmel/studio/7.0/toolchain/avr8/avr8-gnu-toolchain/bin/../lib/gcc/avr/4.9.2/../../../../avr/lib/avr5\libm.a(addsf3x.o)
                              c:/program files (x86)/atmel/studio/7.0/toolchain/avr8/avr8-gnu-toolchain/bin/../lib/gcc/avr/4.9.2/../../../../avr/lib/avr5\libm.a(addsf3.o) (__addsf3x)
c:/program files (x86)/atmel/studio/7.0/toolchain/avr8/avr8-gnu-toolchain/bin/../lib/gcc/avr/4.9.2/../../../../avr/lib/avr5\libm.a(cmpsf2.o)
                              C:\Users\KOLTIN~2\DOCUME~1\GitHub\ANALOG~1\SEQUEN~1\MICROC~1\ATMELN~1\SEQUEN~1\ARDUIN~1\Debug\libArduinoCore.a(Print.o) (__ltsf2)
c:/program files (x86)/atmel/studio/7.0/toolchain/avr8/avr8-gnu-toolchain/bin/../lib/gcc/avr/4.9.2/../../../../avr/lib/avr5\libm.a(divsf3.o)
                              C:\Users\KOLTIN~2\DOCUME~1\GitHub\ANALOG~1\SEQUEN~1\MICROC~1\ATMELN~1\SEQUEN~1\ARDUIN~1\Debug\libArduinoCore.a(Print.o) (__divsf3)
c:/program files (x86)/atmel/studio/7.0/toolchain/avr8/avr8-gnu-toolchain/bin/../lib/gcc/avr/4.9.2/../../../../avr/lib/avr5\libm.a(divsf3x.o)
                              c:/program files (x86)/atmel/studio/7.0/toolchain/avr8/avr8-gnu-toolchain/bin/../lib/gcc/avr/4.9.2/../../../../avr/lib/avr5\libm.a(divsf3.o) (__divsf3x)
c:/program files (x86)/atmel/studio/7.0/toolchain/avr8/avr8-gnu-toolchain/bin/../lib/gcc/avr/4.9.2/../../../../avr/lib/avr5\libm.a(fixunssfsi.o)
                              C:\Users\KOLTIN~2\DOCUME~1\GitHub\ANALOG~1\SEQUEN~1\MICROC~1\ATMELN~1\SEQUEN~1\ARDUIN~1\Debug\libArduinoCore.a(Print.o) (__fixunssfsi)
c:/program files (x86)/atmel/studio/7.0/toolchain/avr8/avr8-gnu-toolchain/bin/../lib/gcc/avr/4.9.2/../../../../avr/lib/avr5\libm.a(floatsisf.o)
                              C:\Users\KOLTIN~2\DOCUME~1\GitHub\ANALOG~1\SEQUEN~1\MICROC~1\ATMELN~1\SEQUEN~1\ARDUIN~1\Debug\libArduinoCore.a(Print.o) (__floatunsisf)
c:/program files (x86)/atmel/studio/7.0/toolchain/avr8/avr8-gnu-toolchain/bin/../lib/gcc/avr/4.9.2/../../../../avr/lib/avr5\libm.a(fp_cmp.o)
                              c:/program files (x86)/atmel/studio/7.0/toolchain/avr8/avr8-gnu-toolchain/bin/../lib/gcc/avr/4.9.2/../../../../avr/lib/avr5\libm.a(cmpsf2.o) (__fp_cmp)
c:/program files (x86)/atmel/studio/7.0/toolchain/avr8/avr8-gnu-toolchain/bin/../lib/gcc/avr/4.9.2/../../../../avr/lib/avr5\libm.a(fp_inf.o)
                              c:/program files (x86)/atmel/studio/7.0/toolchain/avr8/avr8-gnu-toolchain/bin/../lib/gcc/avr/4.9.2/../../../../avr/lib/avr5\libm.a(addsf3x.o) (__fp_inf)
c:/program files (x86)/atmel/studio/7.0/toolchain/avr8/avr8-gnu-toolchain/bin/../lib/gcc/avr/4.9.2/../../../../avr/lib/avr5\libm.a(fp_nan.o)
                              c:/program files (x86)/atmel/studio/7.0/toolchain/avr8/avr8-gnu-toolchain/bin/../lib/gcc/avr/4.9.2/../../../../avr/lib/avr5\libm.a(addsf3x.o) (__fp_nan)
c:/program files (x86)/atmel/studio/7.0/toolchain/avr8/avr8-gnu-toolchain/bin/../lib/gcc/avr/4.9.2/../../../../avr/lib/avr5\libm.a(fp_pscA.o)
                              c:/program files (x86)/atmel/studio/7.0/toolchain/avr8/avr8-gnu-toolchain/bin/../lib/gcc/avr/4.9.2/../../../../avr/lib/avr5\libm.a(addsf3x.o) (__fp_pscA)
c:/program files (x86)/atmel/studio/7.0/toolchain/avr8/avr8-gnu-toolchain/bin/../lib/gcc/avr/4.9.2/../../../../avr/lib/avr5\libm.a(fp_pscB.o)
                              c:/program files (x86)/atmel/studio/7.0/toolchain/avr8/avr8-gnu-toolchain/bin/../lib/gcc/avr/4.9.2/../../../../avr/lib/avr5\libm.a(addsf3x.o) (__fp_pscB)
c:/program files (x86)/atmel/studio/7.0/toolchain/avr8/avr8-gnu-toolchain/bin/../lib/gcc/avr/4.9.2/../../../../avr/lib/avr5\libm.a(fp_round.o)
                              c:/program files (x86)/atmel/studio/7.0/toolchain/avr8/avr8-gnu-toolchain/bin/../lib/gcc/avr/4.9.2/../../../../avr/lib/avr5\libm.a(addsf3.o) (__fp_round)
c:/program files (x86)/atmel/studio/7.0/toolchain/avr8/avr8-gnu-toolchain/bin/../lib/gcc/avr/4.9.2/../../../../avr/lib/avr5\libm.a(fp_split3.o)
                              c:/program files (x86)/atmel/studio/7.0/toolchain/avr8/avr8-gnu-toolchain/bin/../lib/gcc/avr/4.9.2/../../../../avr/lib/avr5\libm.a(addsf3x.o) (__fp_split3)
c:/program files (x86)/atmel/studio/7.0/toolchain/avr8/avr8-gnu-toolchain/bin/../lib/gcc/avr/4.9.2/../../../../avr/lib/avr5\libm.a(fp_zero.o)
                              c:/program files (x86)/atmel/studio/7.0/toolchain/avr8/avr8-gnu-toolchain/bin/../lib/gcc/avr/4.9.2/../../../../avr/lib/avr5\libm.a(addsf3x.o) (__fp_zero)
c:/program files (x86)/atmel/studio/7.0/toolchain/avr8/avr8-gnu-toolchain/bin/../lib/gcc/avr/4.9.2/../../../../avr/lib/avr5\libm.a(gesf2.o)
                              C:\Users\KOLTIN~2\DOCUME~1\GitHub\ANALOG~1\SEQUEN~1\MICROC~1\ATMELN~1\SEQUEN~1\ARDUIN~1\Debug\libArduinoCore.a(Print.o) (__gtsf2)
c:/program files (x86)/atmel/studio/7.0/toolchain/avr8/avr8-gnu-toolchain/bin/../lib/gcc/avr/4.9.2/../../../../avr/lib/avr5\libm.a(mulsf3.o)
                              C:\Users\KOLTIN~2\DOCUME~1\GitHub\ANALOG~1\SEQUEN~1\MICROC~1\ATMELN~1\SEQUEN~1\ARDUIN~1\Debug\libArduinoCore.a(Print.o) (__mulsf3)
c:/program files (x86)/atmel/studio/7.0/toolchain/avr8/avr8-gnu-toolchain/bin/../lib/gcc/avr/4.9.2/../../../../avr/lib/avr5\libm.a(mulsf3x.o)
                              c:/program files (x86)/atmel/studio/7.0/toolchain/avr8/avr8-gnu-toolchain/bin/../lib/gcc/avr/4.9.2/../../../../avr/lib/avr5\libm.a(mulsf3.o) (__mulsf3x)
c:/program files (x86)/atmel/studio/7.0/toolchain/avr8/avr8-gnu-toolchain/bin/../lib/gcc/avr/4.9.2/../../../../avr/lib/avr5\libm.a(unordsf2.o)
                              C:\Users\KOLTIN~2\DOCUME~1\GitHub\ANALOG~1\SEQUEN~1\MICROC~1\ATMELN~1\SEQUEN~1\ARDUIN~1\Debug\libArduinoCore.a(Print.o) (__unordsf2)
c:/program files (x86)/atmel/studio/7.0/toolchain/avr8/avr8-gnu-toolchain/bin/../lib/gcc/avr/4.9.2/avr5\libgcc.a(_divmodhi4.o)
                              ShiftRegister/ShiftRegister74HC595.o (__divmodhi4)
c:/program files (x86)/atmel/studio/7.0/toolchain/avr8/avr8-gnu-toolchain/bin/../lib/gcc/avr/4.9.2/avr5\libgcc.a(_udivmodsi4.o)
                              C:\Users\KOLTIN~2\DOCUME~1\GitHub\ANALOG~1\SEQUEN~1\MICROC~1\ATMELN~1\SEQUEN~1\ARDUIN~1\Debug\libArduinoCore.a(HardwareSerial.o) (__udivmodsi4)
c:/program files (x86)/atmel/studio/7.0/toolchain/avr8/avr8-gnu-toolchain/bin/../lib/gcc/avr/4.9.2/avr5\libgcc.a(_exit.o)
                              C:/Program Files (x86)/Atmel/Studio/7.0/Packs/atmel/ATmega_DFP/1.1.130/gcc/dev/atmega328p/avr5/crtatmega328p.o (exit)
c:/program files (x86)/atmel/studio/7.0/toolchain/avr8/avr8-gnu-toolchain/bin/../lib/gcc/avr/4.9.2/avr5\libgcc.a(_copy_data.o)
                              C:\Users\KOLTIN~2\DOCUME~1\GitHub\ANALOG~1\SEQUEN~1\MICROC~1\ATMELN~1\SEQUEN~1\ARDUIN~1\Debug\libArduinoCore.a(HardwareSerial.o) (__do_copy_data)
c:/program files (x86)/atmel/studio/7.0/toolchain/avr8/avr8-gnu-toolchain/bin/../lib/gcc/avr/4.9.2/avr5\libgcc.a(_clear_bss.o)
                              Sequencer.o (__do_clear_bss)
c:/program files (x86)/atmel/studio/7.0/toolchain/avr8/avr8-gnu-toolchain/bin/../lib/gcc/avr/4.9.2/avr5\libgcc.a(_ctors.o)
                              Sequencer.o (__do_global_ctors)
c:/program files (x86)/atmel/studio/7.0/toolchain/avr8/avr8-gnu-toolchain/bin/../lib/gcc/avr/4.9.2/avr5\libgcc.a(_dtors.o)
                              Sequencer.o (__do_global_dtors)
c:/program files (x86)/atmel/studio/7.0/toolchain/avr8/avr8-gnu-toolchain/bin/../lib/gcc/avr/4.9.2/avr5\libgcc.a(_udivmodhi4.o)
                              c:/program files (x86)/atmel/studio/7.0/toolchain/avr8/avr8-gnu-toolchain/bin/../lib/gcc/avr/4.9.2/avr5\libgcc.a(_divmodhi4.o) (__udivmodhi4)
c:/program files (x86)/atmel/studio/7.0/toolchain/avr8/avr8-gnu-toolchain/bin/../lib/gcc/avr/4.9.2/avr5\libgcc.a(_tablejump2.o)
                              c:/program files (x86)/atmel/studio/7.0/toolchain/avr8/avr8-gnu-toolchain/bin/../lib/gcc/avr/4.9.2/avr5\libgcc.a(_ctors.o) (__tablejump2__)
c:/program files (x86)/atmel/studio/7.0/toolchain/avr8/avr8-gnu-toolchain/bin/../lib/gcc/avr/4.9.2/../../../../avr/lib/avr5\libc.a(malloc.o)
                              ShiftRegister/ShiftRegister74HC595.o (malloc)
c:/program files (x86)/atmel/studio/7.0/toolchain/avr8/avr8-gnu-toolchain/bin/../lib/gcc/avr/4.9.2/../../../../avr/lib/avr5\libc.a(abort.o)
                              C:\Users\KOLTIN~2\DOCUME~1\GitHub\ANALOG~1\SEQUEN~1\MICROC~1\ATMELN~1\SEQUEN~1\ARDUIN~1\Debug\libArduinoCore.a(abi.o) (abort)
c:/program files (x86)/atmel/studio/7.0/toolchain/avr8/avr8-gnu-toolchain/bin/../lib/gcc/avr/4.9.2/../../../../avr/lib/avr5\libc.a(memcpy_P.o)
                              ShiftRegister/ShiftRegister74HC595.o (memcpy_P)
c:/program files (x86)/atmel/studio/7.0/toolchain/avr8/avr8-gnu-toolchain/bin/../lib/gcc/avr/4.9.2/../../../../avr/lib/avr5\libc.a(memcpy.o)
                              ShiftRegister/ShiftRegister74HC595.o (memcpy)
c:/program files (x86)/atmel/studio/7.0/toolchain/avr8/avr8-gnu-toolchain/bin/../lib/gcc/avr/4.9.2/../../../../avr/lib/avr5\libc.a(memset.o)
                              ShiftRegister/ShiftRegister74HC595.o (memset)

Allocating common symbols
Common symbol       size              file

__brkval            0x2               c:/program files (x86)/atmel/studio/7.0/toolchain/avr8/avr8-gnu-toolchain/bin/../lib/gcc/avr/4.9.2/../../../../avr/lib/avr5\libc.a(malloc.o)
__flp               0x2               c:/program files (x86)/atmel/studio/7.0/toolchain/avr8/avr8-gnu-toolchain/bin/../lib/gcc/avr/4.9.2/../../../../avr/lib/avr5\libc.a(malloc.o)

Discarded input sections

 .data          0x00000000        0x0 C:/Program Files (x86)/Atmel/Studio/7.0/Packs/atmel/ATmega_DFP/1.1.130/gcc/dev/atmega328p/avr5/crtatmega328p.o
 .bss           0x00000000        0x0 C:/Program Files (x86)/Atmel/Studio/7.0/Packs/atmel/ATmega_DFP/1.1.130/gcc/dev/atmega328p/avr5/crtatmega328p.o
 .text          0x00000000        0x0 Sequencer.o
 .data          0x00000000        0x0 Sequencer.o
 .bss           0x00000000        0x0 Sequencer.o
 .text          0x00000000        0x0 ShiftRegister/ShiftRegister74HC595.o
 .data          0x00000000        0x0 ShiftRegister/ShiftRegister74HC595.o
 .bss           0x00000000        0x0 ShiftRegister/ShiftRegister74HC595.o
 .text._ZN20ShiftRegister74HC5956getAllEv
                0x00000000        0x8 ShiftRegister/ShiftRegister74HC595.o
 .text._ZN20ShiftRegister74HC5958setAll_PEPKh
                0x00000000       0x1c ShiftRegister/ShiftRegister74HC595.o
 .text._ZN20ShiftRegister74HC59511setNoUpdateEih
                0x00000000       0x7c ShiftRegister/ShiftRegister74HC595.o
 .text._ZN20ShiftRegister74HC5953setEih
                0x00000000       0x14 ShiftRegister/ShiftRegister74HC595.o
 .text._ZN20ShiftRegister74HC5953getEi
                0x00000000       0x42 ShiftRegister/ShiftRegister74HC595.o
 .text._ZN20ShiftRegister74HC59510setAllHighEv
                0x00000000       0x2c ShiftRegister/ShiftRegister74HC595.o
 .text._ZN20ShiftRegister74HC5959setAllLowEv
                0x00000000       0x2a ShiftRegister/ShiftRegister74HC595.o
 .text          0x00000000        0x0 trigger.o
 .data          0x00000000        0x0 trigger.o
 .bss           0x00000000        0x0 trigger.o
 .text._Z14elapsed_millisRm
                0x00000000       0x28 trigger.o
 .text._Z12Trigger_initP7Trigger
                0x00000000       0x10 trigger.o
 .text._Z11genPlayNextP7Trigger
                0x00000000       0x1a trigger.o
 .text._Z10checkTimerP7Trigger
                0x00000000       0x34 trigger.o
 .text._Z18triggerInstrumentsP7Trigger
                0x00000000       0x4c trigger.o
 .debug_info    0x00000000      0x703 trigger.o
 .debug_abbrev  0x00000000      0x25c trigger.o
 .debug_loc     0x00000000      0x190 trigger.o
 .debug_aranges
                0x00000000       0x40 trigger.o
 .debug_ranges  0x00000000       0x30 trigger.o
 .debug_line    0x00000000      0x22f trigger.o
 .debug_str     0x00000000      0x6a4 trigger.o
 .comment       0x00000000       0x31 trigger.o
 .debug_frame   0x00000000       0x94 trigger.o
 .group         0x00000000        0x8 C:\Users\KOLTIN~2\DOCUME~1\GitHub\ANALOG~1\SEQUEN~1\MICROC~1\ATMELN~1\SEQUEN~1\ARDUIN~1\Debug\libArduinoCore.a(HardwareSerial.o)
 .text          0x00000000        0x0 C:\Users\KOLTIN~2\DOCUME~1\GitHub\ANALOG~1\SEQUEN~1\MICROC~1\ATMELN~1\SEQUEN~1\ARDUIN~1\Debug\libArduinoCore.a(HardwareSerial.o)
 .data          0x00000000        0x0 C:\Users\KOLTIN~2\DOCUME~1\GitHub\ANALOG~1\SEQUEN~1\MICROC~1\ATMELN~1\SEQUEN~1\ARDUIN~1\Debug\libArduinoCore.a(HardwareSerial.o)
 .bss           0x00000000        0x0 C:\Users\KOLTIN~2\DOCUME~1\GitHub\ANALOG~1\SEQUEN~1\MICROC~1\ATMELN~1\SEQUEN~1\ARDUIN~1\Debug\libArduinoCore.a(HardwareSerial.o)
 .text._ZN14HardwareSerial3endEv
                0x00000000       0x44 C:\Users\KOLTIN~2\DOCUME~1\GitHub\ANALOG~1\SEQUEN~1\MICROC~1\ATMELN~1\SEQUEN~1\ARDUIN~1\Debug\libArduinoCore.a(HardwareSerial.o)
 .group         0x00000000        0x8 C:\Users\KOLTIN~2\DOCUME~1\GitHub\ANALOG~1\SEQUEN~1\MICROC~1\ATMELN~1\SEQUEN~1\ARDUIN~1\Debug\libArduinoCore.a(HardwareSerial0.o)
 .group         0x00000000        0x8 C:\Users\KOLTIN~2\DOCUME~1\GitHub\ANALOG~1\SEQUEN~1\MICROC~1\ATMELN~1\SEQUEN~1\ARDUIN~1\Debug\libArduinoCore.a(HardwareSerial0.o)
 .text          0x00000000        0x0 C:\Users\KOLTIN~2\DOCUME~1\GitHub\ANALOG~1\SEQUEN~1\MICROC~1\ATMELN~1\SEQUEN~1\ARDUIN~1\Debug\libArduinoCore.a(HardwareSerial0.o)
 .data          0x00000000        0x0 C:\Users\KOLTIN~2\DOCUME~1\GitHub\ANALOG~1\SEQUEN~1\MICROC~1\ATMELN~1\SEQUEN~1\ARDUIN~1\Debug\libArduinoCore.a(HardwareSerial0.o)
 .bss           0x00000000        0x0 C:\Users\KOLTIN~2\DOCUME~1\GitHub\ANALOG~1\SEQUEN~1\MICROC~1\ATMELN~1\SEQUEN~1\ARDUIN~1\Debug\libArduinoCore.a(HardwareSerial0.o)
 .text._ZN5Print17availableForWriteEv
                0x00000000        0x6 C:\Users\KOLTIN~2\DOCUME~1\GitHub\ANALOG~1\SEQUEN~1\MICROC~1\ATMELN~1\SEQUEN~1\ARDUIN~1\Debug\libArduinoCore.a(HardwareSerial0.o)
 .text._ZN5Print5flushEv
                0x00000000        0x2 C:\Users\KOLTIN~2\DOCUME~1\GitHub\ANALOG~1\SEQUEN~1\MICROC~1\ATMELN~1\SEQUEN~1\ARDUIN~1\Debug\libArduinoCore.a(HardwareSerial0.o)
 .text          0x00000000        0x0 C:\Users\KOLTIN~2\DOCUME~1\GitHub\ANALOG~1\SEQUEN~1\MICROC~1\ATMELN~1\SEQUEN~1\ARDUIN~1\Debug\libArduinoCore.a(main.o)
 .data          0x00000000        0x0 C:\Users\KOLTIN~2\DOCUME~1\GitHub\ANALOG~1\SEQUEN~1\MICROC~1\ATMELN~1\SEQUEN~1\ARDUIN~1\Debug\libArduinoCore.a(main.o)
 .bss           0x00000000        0x0 C:\Users\KOLTIN~2\DOCUME~1\GitHub\ANALOG~1\SEQUEN~1\MICROC~1\ATMELN~1\SEQUEN~1\ARDUIN~1\Debug\libArduinoCore.a(main.o)
 .text.atexit   0x00000000        0x6 C:\Users\KOLTIN~2\DOCUME~1\GitHub\ANALOG~1\SEQUEN~1\MICROC~1\ATMELN~1\SEQUEN~1\ARDUIN~1\Debug\libArduinoCore.a(main.o)
 .text._Z8setupUSBv
                0x00000000        0x2 C:\Users\KOLTIN~2\DOCUME~1\GitHub\ANALOG~1\SEQUEN~1\MICROC~1\ATMELN~1\SEQUEN~1\ARDUIN~1\Debug\libArduinoCore.a(main.o)
 .group         0x00000000        0x8 C:\Users\KOLTIN~2\DOCUME~1\GitHub\ANALOG~1\SEQUEN~1\MICROC~1\ATMELN~1\SEQUEN~1\ARDUIN~1\Debug\libArduinoCore.a(Print.o)
 .group         0x00000000        0x8 C:\Users\KOLTIN~2\DOCUME~1\GitHub\ANALOG~1\SEQUEN~1\MICROC~1\ATMELN~1\SEQUEN~1\ARDUIN~1\Debug\libArduinoCore.a(Print.o)
 .group         0x00000000        0x8 C:\Users\KOLTIN~2\DOCUME~1\GitHub\ANALOG~1\SEQUEN~1\MICROC~1\ATMELN~1\SEQUEN~1\ARDUIN~1\Debug\libArduinoCore.a(Print.o)
 .group         0x00000000        0x8 C:\Users\KOLTIN~2\DOCUME~1\GitHub\ANALOG~1\SEQUEN~1\MICROC~1\ATMELN~1\SEQUEN~1\ARDUIN~1\Debug\libArduinoCore.a(Print.o)
 .text          0x00000000        0x0 C:\Users\KOLTIN~2\DOCUME~1\GitHub\ANALOG~1\SEQUEN~1\MICROC~1\ATMELN~1\SEQUEN~1\ARDUIN~1\Debug\libArduinoCore.a(Print.o)
 .data          0x00000000        0x0 C:\Users\KOLTIN~2\DOCUME~1\GitHub\ANALOG~1\SEQUEN~1\MICROC~1\ATMELN~1\SEQUEN~1\ARDUIN~1\Debug\libArduinoCore.a(Print.o)
 .bss           0x00000000        0x0 C:\Users\KOLTIN~2\DOCUME~1\GitHub\ANALOG~1\SEQUEN~1\MICROC~1\ATMELN~1\SEQUEN~1\ARDUIN~1\Debug\libArduinoCore.a(Print.o)
 .text._ZN5Print17availableForWriteEv
                0x00000000        0x6 C:\Users\KOLTIN~2\DOCUME~1\GitHub\ANALOG~1\SEQUEN~1\MICROC~1\ATMELN~1\SEQUEN~1\ARDUIN~1\Debug\libArduinoCore.a(Print.o)
 .text._ZN5Print5flushEv
                0x00000000        0x2 C:\Users\KOLTIN~2\DOCUME~1\GitHub\ANALOG~1\SEQUEN~1\MICROC~1\ATMELN~1\SEQUEN~1\ARDUIN~1\Debug\libArduinoCore.a(Print.o)
 .text._ZN5Print5writeEPKc
                0x00000000       0x2a C:\Users\KOLTIN~2\DOCUME~1\GitHub\ANALOG~1\SEQUEN~1\MICROC~1\ATMELN~1\SEQUEN~1\ARDUIN~1\Debug\libArduinoCore.a(Print.o)
 .text._ZN5Print5printEPK19__FlashStringHelper
                0x00000000       0x48 C:\Users\KOLTIN~2\DOCUME~1\GitHub\ANALOG~1\SEQUEN~1\MICROC~1\ATMELN~1\SEQUEN~1\ARDUIN~1\Debug\libArduinoCore.a(Print.o)
 .text._ZN5Print5printERK6String
                0x00000000       0x1c C:\Users\KOLTIN~2\DOCUME~1\GitHub\ANALOG~1\SEQUEN~1\MICROC~1\ATMELN~1\SEQUEN~1\ARDUIN~1\Debug\libArduinoCore.a(Print.o)
 .text._ZN5Print5printEPKc
                0x00000000        0x4 C:\Users\KOLTIN~2\DOCUME~1\GitHub\ANALOG~1\SEQUEN~1\MICROC~1\ATMELN~1\SEQUEN~1\ARDUIN~1\Debug\libArduinoCore.a(Print.o)
 .text._ZN5Print5printEc
                0x00000000        0xe C:\Users\KOLTIN~2\DOCUME~1\GitHub\ANALOG~1\SEQUEN~1\MICROC~1\ATMELN~1\SEQUEN~1\ARDUIN~1\Debug\libArduinoCore.a(Print.o)
 .text._ZN5Print5printERK9Printable
                0x00000000       0x14 C:\Users\KOLTIN~2\DOCUME~1\GitHub\ANALOG~1\SEQUEN~1\MICROC~1\ATMELN~1\SEQUEN~1\ARDUIN~1\Debug\libArduinoCore.a(Print.o)
 .rodata.str1.1
                0x00000000        0xf C:\Users\KOLTIN~2\DOCUME~1\GitHub\ANALOG~1\SEQUEN~1\MICROC~1\ATMELN~1\SEQUEN~1\ARDUIN~1\Debug\libArduinoCore.a(Print.o)
 .text._ZN5Print7printlnEv
                0x00000000        0x8 C:\Users\KOLTIN~2\DOCUME~1\GitHub\ANALOG~1\SEQUEN~1\MICROC~1\ATMELN~1\SEQUEN~1\ARDUIN~1\Debug\libArduinoCore.a(Print.o)
 .text._ZN5Print7printlnEPK19__FlashStringHelper
                0x00000000       0x24 C:\Users\KOLTIN~2\DOCUME~1\GitHub\ANALOG~1\SEQUEN~1\MICROC~1\ATMELN~1\SEQUEN~1\ARDUIN~1\Debug\libArduinoCore.a(Print.o)
 .text._ZN5Print7printlnERK6String
                0x00000000       0x24 C:\Users\KOLTIN~2\DOCUME~1\GitHub\ANALOG~1\SEQUEN~1\MICROC~1\ATMELN~1\SEQUEN~1\ARDUIN~1\Debug\libArduinoCore.a(Print.o)
 .text._ZN5Print7printlnEPKc
                0x00000000       0x24 C:\Users\KOLTIN~2\DOCUME~1\GitHub\ANALOG~1\SEQUEN~1\MICROC~1\ATMELN~1\SEQUEN~1\ARDUIN~1\Debug\libArduinoCore.a(Print.o)
 .text._ZN5Print7printlnEc
                0x00000000       0x24 C:\Users\KOLTIN~2\DOCUME~1\GitHub\ANALOG~1\SEQUEN~1\MICROC~1\ATMELN~1\SEQUEN~1\ARDUIN~1\Debug\libArduinoCore.a(Print.o)
 .text._ZN5Print7printlnERK9Printable
                0x00000000       0x24 C:\Users\KOLTIN~2\DOCUME~1\GitHub\ANALOG~1\SEQUEN~1\MICROC~1\ATMELN~1\SEQUEN~1\ARDUIN~1\Debug\libArduinoCore.a(Print.o)
 .text._ZN5Print11printNumberEmh
                0x00000000       0xa8 C:\Users\KOLTIN~2\DOCUME~1\GitHub\ANALOG~1\SEQUEN~1\MICROC~1\ATMELN~1\SEQUEN~1\ARDUIN~1\Debug\libArduinoCore.a(Print.o)
 .text._ZN5Print5printEli
                0x00000000       0x94 C:\Users\KOLTIN~2\DOCUME~1\GitHub\ANALOG~1\SEQUEN~1\MICROC~1\ATMELN~1\SEQUEN~1\ARDUIN~1\Debug\libArduinoCore.a(Print.o)
 .text._ZN5Print5printEii
                0x00000000        0xe C:\Users\KOLTIN~2\DOCUME~1\GitHub\ANALOG~1\SEQUEN~1\MICROC~1\ATMELN~1\SEQUEN~1\ARDUIN~1\Debug\libArduinoCore.a(Print.o)
 .text._ZN5Print7printlnEii
                0x00000000       0x2e C:\Users\KOLTIN~2\DOCUME~1\GitHub\ANALOG~1\SEQUEN~1\MICROC~1\ATMELN~1\SEQUEN~1\ARDUIN~1\Debug\libArduinoCore.a(Print.o)
 .text._ZN5Print7printlnEli
                0x00000000       0x24 C:\Users\KOLTIN~2\DOCUME~1\GitHub\ANALOG~1\SEQUEN~1\MICROC~1\ATMELN~1\SEQUEN~1\ARDUIN~1\Debug\libArduinoCore.a(Print.o)
 .text._ZN5Print5printEmi
                0x00000000       0x1a C:\Users\KOLTIN~2\DOCUME~1\GitHub\ANALOG~1\SEQUEN~1\MICROC~1\ATMELN~1\SEQUEN~1\ARDUIN~1\Debug\libArduinoCore.a(Print.o)
 .text._ZN5Print5printEhi
                0x00000000        0xe C:\Users\KOLTIN~2\DOCUME~1\GitHub\ANALOG~1\SEQUEN~1\MICROC~1\ATMELN~1\SEQUEN~1\ARDUIN~1\Debug\libArduinoCore.a(Print.o)
 .text._ZN5Print7printlnEhi
                0x00000000       0x2e C:\Users\KOLTIN~2\DOCUME~1\GitHub\ANALOG~1\SEQUEN~1\MICROC~1\ATMELN~1\SEQUEN~1\ARDUIN~1\Debug\libArduinoCore.a(Print.o)
 .text._ZN5Print5printEji
                0x00000000        0xc C:\Users\KOLTIN~2\DOCUME~1\GitHub\ANALOG~1\SEQUEN~1\MICROC~1\ATMELN~1\SEQUEN~1\ARDUIN~1\Debug\libArduinoCore.a(Print.o)
 .text._ZN5Print7printlnEji
                0x00000000       0x2c C:\Users\KOLTIN~2\DOCUME~1\GitHub\ANALOG~1\SEQUEN~1\MICROC~1\ATMELN~1\SEQUEN~1\ARDUIN~1\Debug\libArduinoCore.a(Print.o)
 .text._ZN5Print7printlnEmi
                0x00000000       0x24 C:\Users\KOLTIN~2\DOCUME~1\GitHub\ANALOG~1\SEQUEN~1\MICROC~1\ATMELN~1\SEQUEN~1\ARDUIN~1\Debug\libArduinoCore.a(Print.o)
 .text._ZN5Print10printFloatEdh
                0x00000000      0x1c4 C:\Users\KOLTIN~2\DOCUME~1\GitHub\ANALOG~1\SEQUEN~1\MICROC~1\ATMELN~1\SEQUEN~1\ARDUIN~1\Debug\libArduinoCore.a(Print.o)
 .text._ZN5Print5printEdi
                0x00000000        0x4 C:\Users\KOLTIN~2\DOCUME~1\GitHub\ANALOG~1\SEQUEN~1\MICROC~1\ATMELN~1\SEQUEN~1\ARDUIN~1\Debug\libArduinoCore.a(Print.o)
 .text._ZN5Print7printlnEdi
                0x00000000       0x24 C:\Users\KOLTIN~2\DOCUME~1\GitHub\ANALOG~1\SEQUEN~1\MICROC~1\ATMELN~1\SEQUEN~1\ARDUIN~1\Debug\libArduinoCore.a(Print.o)
 .rodata._ZTV5Print
                0x00000000        0xc C:\Users\KOLTIN~2\DOCUME~1\GitHub\ANALOG~1\SEQUEN~1\MICROC~1\ATMELN~1\SEQUEN~1\ARDUIN~1\Debug\libArduinoCore.a(Print.o)
 .text          0x00000000        0x0 C:\Users\KOLTIN~2\DOCUME~1\GitHub\ANALOG~1\SEQUEN~1\MICROC~1\ATMELN~1\SEQUEN~1\ARDUIN~1\Debug\libArduinoCore.a(wiring.o)
 .data          0x00000000        0x0 C:\Users\KOLTIN~2\DOCUME~1\GitHub\ANALOG~1\SEQUEN~1\MICROC~1\ATMELN~1\SEQUEN~1\ARDUIN~1\Debug\libArduinoCore.a(wiring.o)
 .bss           0x00000000        0x0 C:\Users\KOLTIN~2\DOCUME~1\GitHub\ANALOG~1\SEQUEN~1\MICROC~1\ATMELN~1\SEQUEN~1\ARDUIN~1\Debug\libArduinoCore.a(wiring.o)
 .text.millis   0x00000000       0x18 C:\Users\KOLTIN~2\DOCUME~1\GitHub\ANALOG~1\SEQUEN~1\MICROC~1\ATMELN~1\SEQUEN~1\ARDUIN~1\Debug\libArduinoCore.a(wiring.o)
 .text.micros   0x00000000       0x4a C:\Users\KOLTIN~2\DOCUME~1\GitHub\ANALOG~1\SEQUEN~1\MICROC~1\ATMELN~1\SEQUEN~1\ARDUIN~1\Debug\libArduinoCore.a(wiring.o)
 .text.delay    0x00000000       0x78 C:\Users\KOLTIN~2\DOCUME~1\GitHub\ANALOG~1\SEQUEN~1\MICROC~1\ATMELN~1\SEQUEN~1\ARDUIN~1\Debug\libArduinoCore.a(wiring.o)
 .text          0x00000000        0x0 C:\Users\KOLTIN~2\DOCUME~1\GitHub\ANALOG~1\SEQUEN~1\MICROC~1\ATMELN~1\SEQUEN~1\ARDUIN~1\Debug\libArduinoCore.a(wiring_digital.o)
 .data          0x00000000        0x0 C:\Users\KOLTIN~2\DOCUME~1\GitHub\ANALOG~1\SEQUEN~1\MICROC~1\ATMELN~1\SEQUEN~1\ARDUIN~1\Debug\libArduinoCore.a(wiring_digital.o)
 .bss           0x00000000        0x0 C:\Users\KOLTIN~2\DOCUME~1\GitHub\ANALOG~1\SEQUEN~1\MICROC~1\ATMELN~1\SEQUEN~1\ARDUIN~1\Debug\libArduinoCore.a(wiring_digital.o)
 .text.digitalRead
                0x00000000       0x52 C:\Users\KOLTIN~2\DOCUME~1\GitHub\ANALOG~1\SEQUEN~1\MICROC~1\ATMELN~1\SEQUEN~1\ARDUIN~1\Debug\libArduinoCore.a(wiring_digital.o)
 .progmem.data.port_to_input_PGM
                0x00000000        0xa C:\Users\KOLTIN~2\DOCUME~1\GitHub\ANALOG~1\SEQUEN~1\MICROC~1\ATMELN~1\SEQUEN~1\ARDUIN~1\Debug\libArduinoCore.a(wiring_digital.o)
 .text          0x00000000        0x0 C:\Users\KOLTIN~2\DOCUME~1\GitHub\ANALOG~1\SEQUEN~1\MICROC~1\ATMELN~1\SEQUEN~1\ARDUIN~1\Debug\libArduinoCore.a(wiring_shift.o)
 .data          0x00000000        0x0 C:\Users\KOLTIN~2\DOCUME~1\GitHub\ANALOG~1\SEQUEN~1\MICROC~1\ATMELN~1\SEQUEN~1\ARDUIN~1\Debug\libArduinoCore.a(wiring_shift.o)
 .bss           0x00000000        0x0 C:\Users\KOLTIN~2\DOCUME~1\GitHub\ANALOG~1\SEQUEN~1\MICROC~1\ATMELN~1\SEQUEN~1\ARDUIN~1\Debug\libArduinoCore.a(wiring_shift.o)
 .text.shiftIn  0x00000000       0x76 C:\Users\KOLTIN~2\DOCUME~1\GitHub\ANALOG~1\SEQUEN~1\MICROC~1\ATMELN~1\SEQUEN~1\ARDUIN~1\Debug\libArduinoCore.a(wiring_shift.o)
 .text          0x00000000        0x0 C:\Users\KOLTIN~2\DOCUME~1\GitHub\ANALOG~1\SEQUEN~1\MICROC~1\ATMELN~1\SEQUEN~1\ARDUIN~1\Debug\libArduinoCore.a(abi.o)
 .data          0x00000000        0x0 C:\Users\KOLTIN~2\DOCUME~1\GitHub\ANALOG~1\SEQUEN~1\MICROC~1\ATMELN~1\SEQUEN~1\ARDUIN~1\Debug\libArduinoCore.a(abi.o)
 .bss           0x00000000        0x0 C:\Users\KOLTIN~2\DOCUME~1\GitHub\ANALOG~1\SEQUEN~1\MICROC~1\ATMELN~1\SEQUEN~1\ARDUIN~1\Debug\libArduinoCore.a(abi.o)
 .text.__cxa_pure_virtual
                0x00000000        0x4 C:\Users\KOLTIN~2\DOCUME~1\GitHub\ANALOG~1\SEQUEN~1\MICROC~1\ATMELN~1\SEQUEN~1\ARDUIN~1\Debug\libArduinoCore.a(abi.o)
 .text.__cxa_deleted_virtual
                0x00000000        0x4 C:\Users\KOLTIN~2\DOCUME~1\GitHub\ANALOG~1\SEQUEN~1\MICROC~1\ATMELN~1\SEQUEN~1\ARDUIN~1\Debug\libArduinoCore.a(abi.o)
 .debug_info    0x00000000       0x8e C:\Users\KOLTIN~2\DOCUME~1\GitHub\ANALOG~1\SEQUEN~1\MICROC~1\ATMELN~1\SEQUEN~1\ARDUIN~1\Debug\libArduinoCore.a(abi.o)
 .debug_abbrev  0x00000000       0x5e C:\Users\KOLTIN~2\DOCUME~1\GitHub\ANALOG~1\SEQUEN~1\MICROC~1\ATMELN~1\SEQUEN~1\ARDUIN~1\Debug\libArduinoCore.a(abi.o)
 .debug_aranges
                0x00000000       0x28 C:\Users\KOLTIN~2\DOCUME~1\GitHub\ANALOG~1\SEQUEN~1\MICROC~1\ATMELN~1\SEQUEN~1\ARDUIN~1\Debug\libArduinoCore.a(abi.o)
 .debug_ranges  0x00000000       0x18 C:\Users\KOLTIN~2\DOCUME~1\GitHub\ANALOG~1\SEQUEN~1\MICROC~1\ATMELN~1\SEQUEN~1\ARDUIN~1\Debug\libArduinoCore.a(abi.o)
 .debug_line    0x00000000       0xbf C:\Users\KOLTIN~2\DOCUME~1\GitHub\ANALOG~1\SEQUEN~1\MICROC~1\ATMELN~1\SEQUEN~1\ARDUIN~1\Debug\libArduinoCore.a(abi.o)
 .debug_str     0x00000000      0x1e8 C:\Users\KOLTIN~2\DOCUME~1\GitHub\ANALOG~1\SEQUEN~1\MICROC~1\ATMELN~1\SEQUEN~1\ARDUIN~1\Debug\libArduinoCore.a(abi.o)
 .comment       0x00000000       0x31 C:\Users\KOLTIN~2\DOCUME~1\GitHub\ANALOG~1\SEQUEN~1\MICROC~1\ATMELN~1\SEQUEN~1\ARDUIN~1\Debug\libArduinoCore.a(abi.o)
 .debug_frame   0x00000000       0x34 C:\Users\KOLTIN~2\DOCUME~1\GitHub\ANALOG~1\SEQUEN~1\MICROC~1\ATMELN~1\SEQUEN~1\ARDUIN~1\Debug\libArduinoCore.a(abi.o)
 .text          0x00000000        0x0 C:\Users\KOLTIN~2\DOCUME~1\GitHub\ANALOG~1\SEQUEN~1\MICROC~1\ATMELN~1\SEQUEN~1\ARDUIN~1\Debug\libArduinoCore.a(hooks.o)
 .data          0x00000000        0x0 C:\Users\KOLTIN~2\DOCUME~1\GitHub\ANALOG~1\SEQUEN~1\MICROC~1\ATMELN~1\SEQUEN~1\ARDUIN~1\Debug\libArduinoCore.a(hooks.o)
 .bss           0x00000000        0x0 C:\Users\KOLTIN~2\DOCUME~1\GitHub\ANALOG~1\SEQUEN~1\MICROC~1\ATMELN~1\SEQUEN~1\ARDUIN~1\Debug\libArduinoCore.a(hooks.o)
 .text.__empty  0x00000000        0x2 C:\Users\KOLTIN~2\DOCUME~1\GitHub\ANALOG~1\SEQUEN~1\MICROC~1\ATMELN~1\SEQUEN~1\ARDUIN~1\Debug\libArduinoCore.a(hooks.o)
 .debug_info    0x00000000       0x3e C:\Users\KOLTIN~2\DOCUME~1\GitHub\ANALOG~1\SEQUEN~1\MICROC~1\ATMELN~1\SEQUEN~1\ARDUIN~1\Debug\libArduinoCore.a(hooks.o)
 .debug_abbrev  0x00000000       0x2a C:\Users\KOLTIN~2\DOCUME~1\GitHub\ANALOG~1\SEQUEN~1\MICROC~1\ATMELN~1\SEQUEN~1\ARDUIN~1\Debug\libArduinoCore.a(hooks.o)
 .debug_aranges
                0x00000000       0x20 C:\Users\KOLTIN~2\DOCUME~1\GitHub\ANALOG~1\SEQUEN~1\MICROC~1\ATMELN~1\SEQUEN~1\ARDUIN~1\Debug\libArduinoCore.a(hooks.o)
 .debug_ranges  0x00000000       0x10 C:\Users\KOLTIN~2\DOCUME~1\GitHub\ANALOG~1\SEQUEN~1\MICROC~1\ATMELN~1\SEQUEN~1\ARDUIN~1\Debug\libArduinoCore.a(hooks.o)
 .debug_line    0x00000000       0x41 C:\Users\KOLTIN~2\DOCUME~1\GitHub\ANALOG~1\SEQUEN~1\MICROC~1\ATMELN~1\SEQUEN~1\ARDUIN~1\Debug\libArduinoCore.a(hooks.o)
 .debug_str     0x00000000      0x176 C:\Users\KOLTIN~2\DOCUME~1\GitHub\ANALOG~1\SEQUEN~1\MICROC~1\ATMELN~1\SEQUEN~1\ARDUIN~1\Debug\libArduinoCore.a(hooks.o)
 .comment       0x00000000       0x31 C:\Users\KOLTIN~2\DOCUME~1\GitHub\ANALOG~1\SEQUEN~1\MICROC~1\ATMELN~1\SEQUEN~1\ARDUIN~1\Debug\libArduinoCore.a(hooks.o)
 .debug_frame   0x00000000       0x24 C:\Users\KOLTIN~2\DOCUME~1\GitHub\ANALOG~1\SEQUEN~1\MICROC~1\ATMELN~1\SEQUEN~1\ARDUIN~1\Debug\libArduinoCore.a(hooks.o)
 .text          0x00000000        0x0 c:/program files (x86)/atmel/studio/7.0/toolchain/avr8/avr8-gnu-toolchain/bin/../lib/gcc/avr/4.9.2/../../../../avr/lib/avr5\libm.a(addsf3.o)
 .data          0x00000000        0x0 c:/program files (x86)/atmel/studio/7.0/toolchain/avr8/avr8-gnu-toolchain/bin/../lib/gcc/avr/4.9.2/../../../../avr/lib/avr5\libm.a(addsf3.o)
 .bss           0x00000000        0x0 c:/program files (x86)/atmel/studio/7.0/toolchain/avr8/avr8-gnu-toolchain/bin/../lib/gcc/avr/4.9.2/../../../../avr/lib/avr5\libm.a(addsf3.o)
 .text.avr-libc.fplib
                0x00000000        0xe c:/program files (x86)/atmel/studio/7.0/toolchain/avr8/avr8-gnu-toolchain/bin/../lib/gcc/avr/4.9.2/../../../../avr/lib/avr5\libm.a(addsf3.o)
 .text          0x00000000        0x0 c:/program files (x86)/atmel/studio/7.0/toolchain/avr8/avr8-gnu-toolchain/bin/../lib/gcc/avr/4.9.2/../../../../avr/lib/avr5\libm.a(addsf3x.o)
 .data          0x00000000        0x0 c:/program files (x86)/atmel/studio/7.0/toolchain/avr8/avr8-gnu-toolchain/bin/../lib/gcc/avr/4.9.2/../../../../avr/lib/avr5\libm.a(addsf3x.o)
 .bss           0x00000000        0x0 c:/program files (x86)/atmel/studio/7.0/toolchain/avr8/avr8-gnu-toolchain/bin/../lib/gcc/avr/4.9.2/../../../../avr/lib/avr5\libm.a(addsf3x.o)
 .text.avr-libc.fplib
                0x00000000       0xcc c:/program files (x86)/atmel/studio/7.0/toolchain/avr8/avr8-gnu-toolchain/bin/../lib/gcc/avr/4.9.2/../../../../avr/lib/avr5\libm.a(addsf3x.o)
 .text          0x00000000        0x0 c:/program files (x86)/atmel/studio/7.0/toolchain/avr8/avr8-gnu-toolchain/bin/../lib/gcc/avr/4.9.2/../../../../avr/lib/avr5\libm.a(cmpsf2.o)
 .data          0x00000000        0x0 c:/program files (x86)/atmel/studio/7.0/toolchain/avr8/avr8-gnu-toolchain/bin/../lib/gcc/avr/4.9.2/../../../../avr/lib/avr5\libm.a(cmpsf2.o)
 .bss           0x00000000        0x0 c:/program files (x86)/atmel/studio/7.0/toolchain/avr8/avr8-gnu-toolchain/bin/../lib/gcc/avr/4.9.2/../../../../avr/lib/avr5\libm.a(cmpsf2.o)
 .text.avr-libc.fplib
                0x00000000        0xa c:/program files (x86)/atmel/studio/7.0/toolchain/avr8/avr8-gnu-toolchain/bin/../lib/gcc/avr/4.9.2/../../../../avr/lib/avr5\libm.a(cmpsf2.o)
 .text          0x00000000        0x0 c:/program files (x86)/atmel/studio/7.0/toolchain/avr8/avr8-gnu-toolchain/bin/../lib/gcc/avr/4.9.2/../../../../avr/lib/avr5\libm.a(divsf3.o)
 .data          0x00000000        0x0 c:/program files (x86)/atmel/studio/7.0/toolchain/avr8/avr8-gnu-toolchain/bin/../lib/gcc/avr/4.9.2/../../../../avr/lib/avr5\libm.a(divsf3.o)
 .bss           0x00000000        0x0 c:/program files (x86)/atmel/studio/7.0/toolchain/avr8/avr8-gnu-toolchain/bin/../lib/gcc/avr/4.9.2/../../../../avr/lib/avr5\libm.a(divsf3.o)
 .text.avr-libc.fplib
                0x00000000        0x8 c:/program files (x86)/atmel/studio/7.0/toolchain/avr8/avr8-gnu-toolchain/bin/../lib/gcc/avr/4.9.2/../../../../avr/lib/avr5\libm.a(divsf3.o)
 .text          0x00000000        0x0 c:/program files (x86)/atmel/studio/7.0/toolchain/avr8/avr8-gnu-toolchain/bin/../lib/gcc/avr/4.9.2/../../../../avr/lib/avr5\libm.a(divsf3x.o)
 .data          0x00000000        0x0 c:/program files (x86)/atmel/studio/7.0/toolchain/avr8/avr8-gnu-toolchain/bin/../lib/gcc/avr/4.9.2/../../../../avr/lib/avr5\libm.a(divsf3x.o)
 .bss           0x00000000        0x0 c:/program files (x86)/atmel/studio/7.0/toolchain/avr8/avr8-gnu-toolchain/bin/../lib/gcc/avr/4.9.2/../../../../avr/lib/avr5\libm.a(divsf3x.o)
 .text.avr-libc.fplib
                0x00000000       0xdc c:/program files (x86)/atmel/studio/7.0/toolchain/avr8/avr8-gnu-toolchain/bin/../lib/gcc/avr/4.9.2/../../../../avr/lib/avr5\libm.a(divsf3x.o)
 .text          0x00000000        0x0 c:/program files (x86)/atmel/studio/7.0/toolchain/avr8/avr8-gnu-toolchain/bin/../lib/gcc/avr/4.9.2/../../../../avr/lib/avr5\libm.a(fixunssfsi.o)
 .data          0x00000000        0x0 c:/program files (x86)/atmel/studio/7.0/toolchain/avr8/avr8-gnu-toolchain/bin/../lib/gcc/avr/4.9.2/../../../../avr/lib/avr5\libm.a(fixunssfsi.o)
 .bss           0x00000000        0x0 c:/program files (x86)/atmel/studio/7.0/toolchain/avr8/avr8-gnu-toolchain/bin/../lib/gcc/avr/4.9.2/../../../../avr/lib/avr5\libm.a(fixunssfsi.o)
 .text.avr-libc.fplib
                0x00000000       0x5e c:/program files (x86)/atmel/studio/7.0/toolchain/avr8/avr8-gnu-toolchain/bin/../lib/gcc/avr/4.9.2/../../../../avr/lib/avr5\libm.a(fixunssfsi.o)
 .text          0x00000000        0x0 c:/program files (x86)/atmel/studio/7.0/toolchain/avr8/avr8-gnu-toolchain/bin/../lib/gcc/avr/4.9.2/../../../../avr/lib/avr5\libm.a(floatsisf.o)
 .data          0x00000000        0x0 c:/program files (x86)/atmel/studio/7.0/toolchain/avr8/avr8-gnu-toolchain/bin/../lib/gcc/avr/4.9.2/../../../../avr/lib/avr5\libm.a(floatsisf.o)
 .bss           0x00000000        0x0 c:/program files (x86)/atmel/studio/7.0/toolchain/avr8/avr8-gnu-toolchain/bin/../lib/gcc/avr/4.9.2/../../../../avr/lib/avr5\libm.a(floatsisf.o)
 .text.avr-libc.fplib
                0x00000000       0x7a c:/program files (x86)/atmel/studio/7.0/toolchain/avr8/avr8-gnu-toolchain/bin/../lib/gcc/avr/4.9.2/../../../../avr/lib/avr5\libm.a(floatsisf.o)
 .text          0x00000000        0x0 c:/program files (x86)/atmel/studio/7.0/toolchain/avr8/avr8-gnu-toolchain/bin/../lib/gcc/avr/4.9.2/../../../../avr/lib/avr5\libm.a(fp_cmp.o)
 .data          0x00000000        0x0 c:/program files (x86)/atmel/studio/7.0/toolchain/avr8/avr8-gnu-toolchain/bin/../lib/gcc/avr/4.9.2/../../../../avr/lib/avr5\libm.a(fp_cmp.o)
 .bss           0x00000000        0x0 c:/program files (x86)/atmel/studio/7.0/toolchain/avr8/avr8-gnu-toolchain/bin/../lib/gcc/avr/4.9.2/../../../../avr/lib/avr5\libm.a(fp_cmp.o)
 .text.avr-libc.fplib
                0x00000000       0x48 c:/program files (x86)/atmel/studio/7.0/toolchain/avr8/avr8-gnu-toolchain/bin/../lib/gcc/avr/4.9.2/../../../../avr/lib/avr5\libm.a(fp_cmp.o)
 .text          0x00000000        0x0 c:/program files (x86)/atmel/studio/7.0/toolchain/avr8/avr8-gnu-toolchain/bin/../lib/gcc/avr/4.9.2/../../../../avr/lib/avr5\libm.a(fp_inf.o)
 .data          0x00000000        0x0 c:/program files (x86)/atmel/studio/7.0/toolchain/avr8/avr8-gnu-toolchain/bin/../lib/gcc/avr/4.9.2/../../../../avr/lib/avr5\libm.a(fp_inf.o)
 .bss           0x00000000        0x0 c:/program files (x86)/atmel/studio/7.0/toolchain/avr8/avr8-gnu-toolchain/bin/../lib/gcc/avr/4.9.2/../../../../avr/lib/avr5\libm.a(fp_inf.o)
 .text.avr-libc.fplib
                0x00000000        0xc c:/program files (x86)/atmel/studio/7.0/toolchain/avr8/avr8-gnu-toolchain/bin/../lib/gcc/avr/4.9.2/../../../../avr/lib/avr5\libm.a(fp_inf.o)
 .text          0x00000000        0x0 c:/program files (x86)/atmel/studio/7.0/toolchain/avr8/avr8-gnu-toolchain/bin/../lib/gcc/avr/4.9.2/../../../../avr/lib/avr5\libm.a(fp_nan.o)
 .data          0x00000000        0x0 c:/program files (x86)/atmel/studio/7.0/toolchain/avr8/avr8-gnu-toolchain/bin/../lib/gcc/avr/4.9.2/../../../../avr/lib/avr5\libm.a(fp_nan.o)
 .bss           0x00000000        0x0 c:/program files (x86)/atmel/studio/7.0/toolchain/avr8/avr8-gnu-toolchain/bin/../lib/gcc/avr/4.9.2/../../../../avr/lib/avr5\libm.a(fp_nan.o)
 .text.avr-libc.fplib
                0x00000000        0x6 c:/program files (x86)/atmel/studio/7.0/toolchain/avr8/avr8-gnu-toolchain/bin/../lib/gcc/avr/4.9.2/../../../../avr/lib/avr5\libm.a(fp_nan.o)
 .text          0x00000000        0x0 c:/program files (x86)/atmel/studio/7.0/toolchain/avr8/avr8-gnu-toolchain/bin/../lib/gcc/avr/4.9.2/../../../../avr/lib/avr5\libm.a(fp_pscA.o)
 .data          0x00000000        0x0 c:/program files (x86)/atmel/studio/7.0/toolchain/avr8/avr8-gnu-toolchain/bin/../lib/gcc/avr/4.9.2/../../../../avr/lib/avr5\libm.a(fp_pscA.o)
 .bss           0x00000000        0x0 c:/program files (x86)/atmel/studio/7.0/toolchain/avr8/avr8-gnu-toolchain/bin/../lib/gcc/avr/4.9.2/../../../../avr/lib/avr5\libm.a(fp_pscA.o)
 .text.avr-libc.fplib
                0x00000000        0xe c:/program files (x86)/atmel/studio/7.0/toolchain/avr8/avr8-gnu-toolchain/bin/../lib/gcc/avr/4.9.2/../../../../avr/lib/avr5\libm.a(fp_pscA.o)
 .text          0x00000000        0x0 c:/program files (x86)/atmel/studio/7.0/toolchain/avr8/avr8-gnu-toolchain/bin/../lib/gcc/avr/4.9.2/../../../../avr/lib/avr5\libm.a(fp_pscB.o)
 .data          0x00000000        0x0 c:/program files (x86)/atmel/studio/7.0/toolchain/avr8/avr8-gnu-toolchain/bin/../lib/gcc/avr/4.9.2/../../../../avr/lib/avr5\libm.a(fp_pscB.o)
 .bss           0x00000000        0x0 c:/program files (x86)/atmel/studio/7.0/toolchain/avr8/avr8-gnu-toolchain/bin/../lib/gcc/avr/4.9.2/../../../../avr/lib/avr5\libm.a(fp_pscB.o)
 .text.avr-libc.fplib
                0x00000000        0xe c:/program files (x86)/atmel/studio/7.0/toolchain/avr8/avr8-gnu-toolchain/bin/../lib/gcc/avr/4.9.2/../../../../avr/lib/avr5\libm.a(fp_pscB.o)
 .text          0x00000000        0x0 c:/program files (x86)/atmel/studio/7.0/toolchain/avr8/avr8-gnu-toolchain/bin/../lib/gcc/avr/4.9.2/../../../../avr/lib/avr5\libm.a(fp_round.o)
 .data          0x00000000        0x0 c:/program files (x86)/atmel/studio/7.0/toolchain/avr8/avr8-gnu-toolchain/bin/../lib/gcc/avr/4.9.2/../../../../avr/lib/avr5\libm.a(fp_round.o)
 .bss           0x00000000        0x0 c:/program files (x86)/atmel/studio/7.0/toolchain/avr8/avr8-gnu-toolchain/bin/../lib/gcc/avr/4.9.2/../../../../avr/lib/avr5\libm.a(fp_round.o)
 .text.avr-libc.fplib
                0x00000000       0x22 c:/program files (x86)/atmel/studio/7.0/toolchain/avr8/avr8-gnu-toolchain/bin/../lib/gcc/avr/4.9.2/../../../../avr/lib/avr5\libm.a(fp_round.o)
 .text          0x00000000        0x0 c:/program files (x86)/atmel/studio/7.0/toolchain/avr8/avr8-gnu-toolchain/bin/../lib/gcc/avr/4.9.2/../../../../avr/lib/avr5\libm.a(fp_split3.o)
 .data          0x00000000        0x0 c:/program files (x86)/atmel/studio/7.0/toolchain/avr8/avr8-gnu-toolchain/bin/../lib/gcc/avr/4.9.2/../../../../avr/lib/avr5\libm.a(fp_split3.o)
 .bss           0x00000000        0x0 c:/program files (x86)/atmel/studio/7.0/toolchain/avr8/avr8-gnu-toolchain/bin/../lib/gcc/avr/4.9.2/../../../../avr/lib/avr5\libm.a(fp_split3.o)
 .text.avr-libc.fplib
                0x00000000       0x44 c:/program files (x86)/atmel/studio/7.0/toolchain/avr8/avr8-gnu-toolchain/bin/../lib/gcc/avr/4.9.2/../../../../avr/lib/avr5\libm.a(fp_split3.o)
 .text          0x00000000        0x0 c:/program files (x86)/atmel/studio/7.0/toolchain/avr8/avr8-gnu-toolchain/bin/../lib/gcc/avr/4.9.2/../../../../avr/lib/avr5\libm.a(fp_zero.o)
 .data          0x00000000        0x0 c:/program files (x86)/atmel/studio/7.0/toolchain/avr8/avr8-gnu-toolchain/bin/../lib/gcc/avr/4.9.2/../../../../avr/lib/avr5\libm.a(fp_zero.o)
 .bss           0x00000000        0x0 c:/program files (x86)/atmel/studio/7.0/toolchain/avr8/avr8-gnu-toolchain/bin/../lib/gcc/avr/4.9.2/../../../../avr/lib/avr5\libm.a(fp_zero.o)
 .text.avr-libc.fplib
                0x00000000        0xe c:/program files (x86)/atmel/studio/7.0/toolchain/avr8/avr8-gnu-toolchain/bin/../lib/gcc/avr/4.9.2/../../../../avr/lib/avr5\libm.a(fp_zero.o)
 .text          0x00000000        0x0 c:/program files (x86)/atmel/studio/7.0/toolchain/avr8/avr8-gnu-toolchain/bin/../lib/gcc/avr/4.9.2/../../../../avr/lib/avr5\libm.a(gesf2.o)
 .data          0x00000000        0x0 c:/program files (x86)/atmel/studio/7.0/toolchain/avr8/avr8-gnu-toolchain/bin/../lib/gcc/avr/4.9.2/../../../../avr/lib/avr5\libm.a(gesf2.o)
 .bss           0x00000000        0x0 c:/program files (x86)/atmel/studio/7.0/toolchain/avr8/avr8-gnu-toolchain/bin/../lib/gcc/avr/4.9.2/../../../../avr/lib/avr5\libm.a(gesf2.o)
 .text.avr-libc.fplib
                0x00000000        0xa c:/program files (x86)/atmel/studio/7.0/toolchain/avr8/avr8-gnu-toolchain/bin/../lib/gcc/avr/4.9.2/../../../../avr/lib/avr5\libm.a(gesf2.o)
 .text          0x00000000        0x0 c:/program files (x86)/atmel/studio/7.0/toolchain/avr8/avr8-gnu-toolchain/bin/../lib/gcc/avr/4.9.2/../../../../avr/lib/avr5\libm.a(mulsf3.o)
 .data          0x00000000        0x0 c:/program files (x86)/atmel/studio/7.0/toolchain/avr8/avr8-gnu-toolchain/bin/../lib/gcc/avr/4.9.2/../../../../avr/lib/avr5\libm.a(mulsf3.o)
 .bss           0x00000000        0x0 c:/program files (x86)/atmel/studio/7.0/toolchain/avr8/avr8-gnu-toolchain/bin/../lib/gcc/avr/4.9.2/../../../../avr/lib/avr5\libm.a(mulsf3.o)
 .text.avr-libc.fplib
                0x00000000        0x8 c:/program files (x86)/atmel/studio/7.0/toolchain/avr8/avr8-gnu-toolchain/bin/../lib/gcc/avr/4.9.2/../../../../avr/lib/avr5\libm.a(mulsf3.o)
 .text          0x00000000        0x0 c:/program files (x86)/atmel/studio/7.0/toolchain/avr8/avr8-gnu-toolchain/bin/../lib/gcc/avr/4.9.2/../../../../avr/lib/avr5\libm.a(mulsf3x.o)
 .data          0x00000000        0x0 c:/program files (x86)/atmel/studio/7.0/toolchain/avr8/avr8-gnu-toolchain/bin/../lib/gcc/avr/4.9.2/../../../../avr/lib/avr5\libm.a(mulsf3x.o)
 .bss           0x00000000        0x0 c:/program files (x86)/atmel/studio/7.0/toolchain/avr8/avr8-gnu-toolchain/bin/../lib/gcc/avr/4.9.2/../../../../avr/lib/avr5\libm.a(mulsf3x.o)
 .text.avr-libc.fplib
                0x00000000       0xd2 c:/program files (x86)/atmel/studio/7.0/toolchain/avr8/avr8-gnu-toolchain/bin/../lib/gcc/avr/4.9.2/../../../../avr/lib/avr5\libm.a(mulsf3x.o)
 .text          0x00000000        0x0 c:/program files (x86)/atmel/studio/7.0/toolchain/avr8/avr8-gnu-toolchain/bin/../lib/gcc/avr/4.9.2/../../../../avr/lib/avr5\libm.a(unordsf2.o)
 .data          0x00000000        0x0 c:/program files (x86)/atmel/studio/7.0/toolchain/avr8/avr8-gnu-toolchain/bin/../lib/gcc/avr/4.9.2/../../../../avr/lib/avr5\libm.a(unordsf2.o)
 .bss           0x00000000        0x0 c:/program files (x86)/atmel/studio/7.0/toolchain/avr8/avr8-gnu-toolchain/bin/../lib/gcc/avr/4.9.2/../../../../avr/lib/avr5\libm.a(unordsf2.o)
 .text.avr-libc.fplib
                0x00000000        0xa c:/program files (x86)/atmel/studio/7.0/toolchain/avr8/avr8-gnu-toolchain/bin/../lib/gcc/avr/4.9.2/../../../../avr/lib/avr5\libm.a(unordsf2.o)
 .text          0x00000000        0x0 c:/program files (x86)/atmel/studio/7.0/toolchain/avr8/avr8-gnu-toolchain/bin/../lib/gcc/avr/4.9.2/avr5\libgcc.a(_divmodhi4.o)
 .data          0x00000000        0x0 c:/program files (x86)/atmel/studio/7.0/toolchain/avr8/avr8-gnu-toolchain/bin/../lib/gcc/avr/4.9.2/avr5\libgcc.a(_divmodhi4.o)
 .bss           0x00000000        0x0 c:/program files (x86)/atmel/studio/7.0/toolchain/avr8/avr8-gnu-toolchain/bin/../lib/gcc/avr/4.9.2/avr5\libgcc.a(_divmodhi4.o)
 .text.libgcc.mul
                0x00000000        0x0 c:/program files (x86)/atmel/studio/7.0/toolchain/avr8/avr8-gnu-toolchain/bin/../lib/gcc/avr/4.9.2/avr5\libgcc.a(_divmodhi4.o)
 .text.libgcc.div
                0x00000000       0x28 c:/program files (x86)/atmel/studio/7.0/toolchain/avr8/avr8-gnu-toolchain/bin/../lib/gcc/avr/4.9.2/avr5\libgcc.a(_divmodhi4.o)
 .text.libgcc   0x00000000        0x0 c:/program files (x86)/atmel/studio/7.0/toolchain/avr8/avr8-gnu-toolchain/bin/../lib/gcc/avr/4.9.2/avr5\libgcc.a(_divmodhi4.o)
 .text.libgcc.prologue
                0x00000000        0x0 c:/program files (x86)/atmel/studio/7.0/toolchain/avr8/avr8-gnu-toolchain/bin/../lib/gcc/avr/4.9.2/avr5\libgcc.a(_divmodhi4.o)
 .text.libgcc.builtins
                0x00000000        0x0 c:/program files (x86)/atmel/studio/7.0/toolchain/avr8/avr8-gnu-toolchain/bin/../lib/gcc/avr/4.9.2/avr5\libgcc.a(_divmodhi4.o)
 .text.libgcc.fmul
                0x00000000        0x0 c:/program files (x86)/atmel/studio/7.0/toolchain/avr8/avr8-gnu-toolchain/bin/../lib/gcc/avr/4.9.2/avr5\libgcc.a(_divmodhi4.o)
 .text.libgcc.fixed
                0x00000000        0x0 c:/program files (x86)/atmel/studio/7.0/toolchain/avr8/avr8-gnu-toolchain/bin/../lib/gcc/avr/4.9.2/avr5\libgcc.a(_divmodhi4.o)
 .text          0x00000000        0x0 c:/program files (x86)/atmel/studio/7.0/toolchain/avr8/avr8-gnu-toolchain/bin/../lib/gcc/avr/4.9.2/avr5\libgcc.a(_udivmodsi4.o)
 .data          0x00000000        0x0 c:/program files (x86)/atmel/studio/7.0/toolchain/avr8/avr8-gnu-toolchain/bin/../lib/gcc/avr/4.9.2/avr5\libgcc.a(_udivmodsi4.o)
 .bss           0x00000000        0x0 c:/program files (x86)/atmel/studio/7.0/toolchain/avr8/avr8-gnu-toolchain/bin/../lib/gcc/avr/4.9.2/avr5\libgcc.a(_udivmodsi4.o)
 .text.libgcc.mul
                0x00000000        0x0 c:/program files (x86)/atmel/studio/7.0/toolchain/avr8/avr8-gnu-toolchain/bin/../lib/gcc/avr/4.9.2/avr5\libgcc.a(_udivmodsi4.o)
 .text.libgcc   0x00000000        0x0 c:/program files (x86)/atmel/studio/7.0/toolchain/avr8/avr8-gnu-toolchain/bin/../lib/gcc/avr/4.9.2/avr5\libgcc.a(_udivmodsi4.o)
 .text.libgcc.prologue
                0x00000000        0x0 c:/program files (x86)/atmel/studio/7.0/toolchain/avr8/avr8-gnu-toolchain/bin/../lib/gcc/avr/4.9.2/avr5\libgcc.a(_udivmodsi4.o)
 .text.libgcc.builtins
                0x00000000        0x0 c:/program files (x86)/atmel/studio/7.0/toolchain/avr8/avr8-gnu-toolchain/bin/../lib/gcc/avr/4.9.2/avr5\libgcc.a(_udivmodsi4.o)
 .text.libgcc.fmul
                0x00000000        0x0 c:/program files (x86)/atmel/studio/7.0/toolchain/avr8/avr8-gnu-toolchain/bin/../lib/gcc/avr/4.9.2/avr5\libgcc.a(_udivmodsi4.o)
 .text.libgcc.fixed
                0x00000000        0x0 c:/program files (x86)/atmel/studio/7.0/toolchain/avr8/avr8-gnu-toolchain/bin/../lib/gcc/avr/4.9.2/avr5\libgcc.a(_udivmodsi4.o)
 .text          0x00000000        0x0 c:/program files (x86)/atmel/studio/7.0/toolchain/avr8/avr8-gnu-toolchain/bin/../lib/gcc/avr/4.9.2/avr5\libgcc.a(_exit.o)
 .data          0x00000000        0x0 c:/program files (x86)/atmel/studio/7.0/toolchain/avr8/avr8-gnu-toolchain/bin/../lib/gcc/avr/4.9.2/avr5\libgcc.a(_exit.o)
 .bss           0x00000000        0x0 c:/program files (x86)/atmel/studio/7.0/toolchain/avr8/avr8-gnu-toolchain/bin/../lib/gcc/avr/4.9.2/avr5\libgcc.a(_exit.o)
 .text.libgcc.mul
                0x00000000        0x0 c:/program files (x86)/atmel/studio/7.0/toolchain/avr8/avr8-gnu-toolchain/bin/../lib/gcc/avr/4.9.2/avr5\libgcc.a(_exit.o)
 .text.libgcc.div
                0x00000000        0x0 c:/program files (x86)/atmel/studio/7.0/toolchain/avr8/avr8-gnu-toolchain/bin/../lib/gcc/avr/4.9.2/avr5\libgcc.a(_exit.o)
 .text.libgcc   0x00000000        0x0 c:/program files (x86)/atmel/studio/7.0/toolchain/avr8/avr8-gnu-toolchain/bin/../lib/gcc/avr/4.9.2/avr5\libgcc.a(_exit.o)
 .text.libgcc.prologue
                0x00000000        0x0 c:/program files (x86)/atmel/studio/7.0/toolchain/avr8/avr8-gnu-toolchain/bin/../lib/gcc/avr/4.9.2/avr5\libgcc.a(_exit.o)
 .text.libgcc.builtins
                0x00000000        0x0 c:/program files (x86)/atmel/studio/7.0/toolchain/avr8/avr8-gnu-toolchain/bin/../lib/gcc/avr/4.9.2/avr5\libgcc.a(_exit.o)
 .text.libgcc.fmul
                0x00000000        0x0 c:/program files (x86)/atmel/studio/7.0/toolchain/avr8/avr8-gnu-toolchain/bin/../lib/gcc/avr/4.9.2/avr5\libgcc.a(_exit.o)
 .text.libgcc.fixed
                0x00000000        0x0 c:/program files (x86)/atmel/studio/7.0/toolchain/avr8/avr8-gnu-toolchain/bin/../lib/gcc/avr/4.9.2/avr5\libgcc.a(_exit.o)
 .text          0x00000000        0x0 c:/program files (x86)/atmel/studio/7.0/toolchain/avr8/avr8-gnu-toolchain/bin/../lib/gcc/avr/4.9.2/avr5\libgcc.a(_copy_data.o)
 .data          0x00000000        0x0 c:/program files (x86)/atmel/studio/7.0/toolchain/avr8/avr8-gnu-toolchain/bin/../lib/gcc/avr/4.9.2/avr5\libgcc.a(_copy_data.o)
 .bss           0x00000000        0x0 c:/program files (x86)/atmel/studio/7.0/toolchain/avr8/avr8-gnu-toolchain/bin/../lib/gcc/avr/4.9.2/avr5\libgcc.a(_copy_data.o)
 .text.libgcc.mul
                0x00000000        0x0 c:/program files (x86)/atmel/studio/7.0/toolchain/avr8/avr8-gnu-toolchain/bin/../lib/gcc/avr/4.9.2/avr5\libgcc.a(_copy_data.o)
 .text.libgcc.div
                0x00000000        0x0 c:/program files (x86)/atmel/studio/7.0/toolchain/avr8/avr8-gnu-toolchain/bin/../lib/gcc/avr/4.9.2/avr5\libgcc.a(_copy_data.o)
 .text.libgcc   0x00000000        0x0 c:/program files (x86)/atmel/studio/7.0/toolchain/avr8/avr8-gnu-toolchain/bin/../lib/gcc/avr/4.9.2/avr5\libgcc.a(_copy_data.o)
 .text.libgcc.prologue
                0x00000000        0x0 c:/program files (x86)/atmel/studio/7.0/toolchain/avr8/avr8-gnu-toolchain/bin/../lib/gcc/avr/4.9.2/avr5\libgcc.a(_copy_data.o)
 .text.libgcc.builtins
                0x00000000        0x0 c:/program files (x86)/atmel/studio/7.0/toolchain/avr8/avr8-gnu-toolchain/bin/../lib/gcc/avr/4.9.2/avr5\libgcc.a(_copy_data.o)
 .text.libgcc.fmul
                0x00000000        0x0 c:/program files (x86)/atmel/studio/7.0/toolchain/avr8/avr8-gnu-toolchain/bin/../lib/gcc/avr/4.9.2/avr5\libgcc.a(_copy_data.o)
 .text.libgcc.fixed
                0x00000000        0x0 c:/program files (x86)/atmel/studio/7.0/toolchain/avr8/avr8-gnu-toolchain/bin/../lib/gcc/avr/4.9.2/avr5\libgcc.a(_copy_data.o)
 .text          0x00000000        0x0 c:/program files (x86)/atmel/studio/7.0/toolchain/avr8/avr8-gnu-toolchain/bin/../lib/gcc/avr/4.9.2/avr5\libgcc.a(_clear_bss.o)
 .data          0x00000000        0x0 c:/program files (x86)/atmel/studio/7.0/toolchain/avr8/avr8-gnu-toolchain/bin/../lib/gcc/avr/4.9.2/avr5\libgcc.a(_clear_bss.o)
 .bss           0x00000000        0x0 c:/program files (x86)/atmel/studio/7.0/toolchain/avr8/avr8-gnu-toolchain/bin/../lib/gcc/avr/4.9.2/avr5\libgcc.a(_clear_bss.o)
 .text.libgcc.mul
                0x00000000        0x0 c:/program files (x86)/atmel/studio/7.0/toolchain/avr8/avr8-gnu-toolchain/bin/../lib/gcc/avr/4.9.2/avr5\libgcc.a(_clear_bss.o)
 .text.libgcc.div
                0x00000000        0x0 c:/program files (x86)/atmel/studio/7.0/toolchain/avr8/avr8-gnu-toolchain/bin/../lib/gcc/avr/4.9.2/avr5\libgcc.a(_clear_bss.o)
 .text.libgcc   0x00000000        0x0 c:/program files (x86)/atmel/studio/7.0/toolchain/avr8/avr8-gnu-toolchain/bin/../lib/gcc/avr/4.9.2/avr5\libgcc.a(_clear_bss.o)
 .text.libgcc.prologue
                0x00000000        0x0 c:/program files (x86)/atmel/studio/7.0/toolchain/avr8/avr8-gnu-toolchain/bin/../lib/gcc/avr/4.9.2/avr5\libgcc.a(_clear_bss.o)
 .text.libgcc.builtins
                0x00000000        0x0 c:/program files (x86)/atmel/studio/7.0/toolchain/avr8/avr8-gnu-toolchain/bin/../lib/gcc/avr/4.9.2/avr5\libgcc.a(_clear_bss.o)
 .text.libgcc.fmul
                0x00000000        0x0 c:/program files (x86)/atmel/studio/7.0/toolchain/avr8/avr8-gnu-toolchain/bin/../lib/gcc/avr/4.9.2/avr5\libgcc.a(_clear_bss.o)
 .text.libgcc.fixed
                0x00000000        0x0 c:/program files (x86)/atmel/studio/7.0/toolchain/avr8/avr8-gnu-toolchain/bin/../lib/gcc/avr/4.9.2/avr5\libgcc.a(_clear_bss.o)
 .text          0x00000000        0x0 c:/program files (x86)/atmel/studio/7.0/toolchain/avr8/avr8-gnu-toolchain/bin/../lib/gcc/avr/4.9.2/avr5\libgcc.a(_ctors.o)
 .data          0x00000000        0x0 c:/program files (x86)/atmel/studio/7.0/toolchain/avr8/avr8-gnu-toolchain/bin/../lib/gcc/avr/4.9.2/avr5\libgcc.a(_ctors.o)
 .bss           0x00000000        0x0 c:/program files (x86)/atmel/studio/7.0/toolchain/avr8/avr8-gnu-toolchain/bin/../lib/gcc/avr/4.9.2/avr5\libgcc.a(_ctors.o)
 .text.libgcc.mul
                0x00000000        0x0 c:/program files (x86)/atmel/studio/7.0/toolchain/avr8/avr8-gnu-toolchain/bin/../lib/gcc/avr/4.9.2/avr5\libgcc.a(_ctors.o)
 .text.libgcc.div
                0x00000000        0x0 c:/program files (x86)/atmel/studio/7.0/toolchain/avr8/avr8-gnu-toolchain/bin/../lib/gcc/avr/4.9.2/avr5\libgcc.a(_ctors.o)
 .text.libgcc   0x00000000        0x0 c:/program files (x86)/atmel/studio/7.0/toolchain/avr8/avr8-gnu-toolchain/bin/../lib/gcc/avr/4.9.2/avr5\libgcc.a(_ctors.o)
 .text.libgcc.prologue
                0x00000000        0x0 c:/program files (x86)/atmel/studio/7.0/toolchain/avr8/avr8-gnu-toolchain/bin/../lib/gcc/avr/4.9.2/avr5\libgcc.a(_ctors.o)
 .text.libgcc.builtins
                0x00000000        0x0 c:/program files (x86)/atmel/studio/7.0/toolchain/avr8/avr8-gnu-toolchain/bin/../lib/gcc/avr/4.9.2/avr5\libgcc.a(_ctors.o)
 .text.libgcc.fmul
                0x00000000        0x0 c:/program files (x86)/atmel/studio/7.0/toolchain/avr8/avr8-gnu-toolchain/bin/../lib/gcc/avr/4.9.2/avr5\libgcc.a(_ctors.o)
 .text.libgcc.fixed
                0x00000000        0x0 c:/program files (x86)/atmel/studio/7.0/toolchain/avr8/avr8-gnu-toolchain/bin/../lib/gcc/avr/4.9.2/avr5\libgcc.a(_ctors.o)
 .text          0x00000000        0x0 c:/program files (x86)/atmel/studio/7.0/toolchain/avr8/avr8-gnu-toolchain/bin/../lib/gcc/avr/4.9.2/avr5\libgcc.a(_dtors.o)
 .data          0x00000000        0x0 c:/program files (x86)/atmel/studio/7.0/toolchain/avr8/avr8-gnu-toolchain/bin/../lib/gcc/avr/4.9.2/avr5\libgcc.a(_dtors.o)
 .bss           0x00000000        0x0 c:/program files (x86)/atmel/studio/7.0/toolchain/avr8/avr8-gnu-toolchain/bin/../lib/gcc/avr/4.9.2/avr5\libgcc.a(_dtors.o)
 .text.libgcc.mul
                0x00000000        0x0 c:/program files (x86)/atmel/studio/7.0/toolchain/avr8/avr8-gnu-toolchain/bin/../lib/gcc/avr/4.9.2/avr5\libgcc.a(_dtors.o)
 .text.libgcc.div
                0x00000000        0x0 c:/program files (x86)/atmel/studio/7.0/toolchain/avr8/avr8-gnu-toolchain/bin/../lib/gcc/avr/4.9.2/avr5\libgcc.a(_dtors.o)
 .text.libgcc   0x00000000        0x0 c:/program files (x86)/atmel/studio/7.0/toolchain/avr8/avr8-gnu-toolchain/bin/../lib/gcc/avr/4.9.2/avr5\libgcc.a(_dtors.o)
 .text.libgcc.prologue
                0x00000000        0x0 c:/program files (x86)/atmel/studio/7.0/toolchain/avr8/avr8-gnu-toolchain/bin/../lib/gcc/avr/4.9.2/avr5\libgcc.a(_dtors.o)
 .text.libgcc.builtins
                0x00000000        0x0 c:/program files (x86)/atmel/studio/7.0/toolchain/avr8/avr8-gnu-toolchain/bin/../lib/gcc/avr/4.9.2/avr5\libgcc.a(_dtors.o)
 .text.libgcc.fmul
                0x00000000        0x0 c:/program files (x86)/atmel/studio/7.0/toolchain/avr8/avr8-gnu-toolchain/bin/../lib/gcc/avr/4.9.2/avr5\libgcc.a(_dtors.o)
 .text.libgcc.fixed
                0x00000000        0x0 c:/program files (x86)/atmel/studio/7.0/toolchain/avr8/avr8-gnu-toolchain/bin/../lib/gcc/avr/4.9.2/avr5\libgcc.a(_dtors.o)
 .text          0x00000000        0x0 c:/program files (x86)/atmel/studio/7.0/toolchain/avr8/avr8-gnu-toolchain/bin/../lib/gcc/avr/4.9.2/avr5\libgcc.a(_udivmodhi4.o)
 .data          0x00000000        0x0 c:/program files (x86)/atmel/studio/7.0/toolchain/avr8/avr8-gnu-toolchain/bin/../lib/gcc/avr/4.9.2/avr5\libgcc.a(_udivmodhi4.o)
 .bss           0x00000000        0x0 c:/program files (x86)/atmel/studio/7.0/toolchain/avr8/avr8-gnu-toolchain/bin/../lib/gcc/avr/4.9.2/avr5\libgcc.a(_udivmodhi4.o)
 .text.libgcc.mul
                0x00000000        0x0 c:/program files (x86)/atmel/studio/7.0/toolchain/avr8/avr8-gnu-toolchain/bin/../lib/gcc/avr/4.9.2/avr5\libgcc.a(_udivmodhi4.o)
 .text.libgcc.div
                0x00000000       0x28 c:/program files (x86)/atmel/studio/7.0/toolchain/avr8/avr8-gnu-toolchain/bin/../lib/gcc/avr/4.9.2/avr5\libgcc.a(_udivmodhi4.o)
 .text.libgcc   0x00000000        0x0 c:/program files (x86)/atmel/studio/7.0/toolchain/avr8/avr8-gnu-toolchain/bin/../lib/gcc/avr/4.9.2/avr5\libgcc.a(_udivmodhi4.o)
 .text.libgcc.prologue
                0x00000000        0x0 c:/program files (x86)/atmel/studio/7.0/toolchain/avr8/avr8-gnu-toolchain/bin/../lib/gcc/avr/4.9.2/avr5\libgcc.a(_udivmodhi4.o)
 .text.libgcc.builtins
                0x00000000        0x0 c:/program files (x86)/atmel/studio/7.0/toolchain/avr8/avr8-gnu-toolchain/bin/../lib/gcc/avr/4.9.2/avr5\libgcc.a(_udivmodhi4.o)
 .text.libgcc.fmul
                0x00000000        0x0 c:/program files (x86)/atmel/studio/7.0/toolchain/avr8/avr8-gnu-toolchain/bin/../lib/gcc/avr/4.9.2/avr5\libgcc.a(_udivmodhi4.o)
 .text.libgcc.fixed
                0x00000000        0x0 c:/program files (x86)/atmel/studio/7.0/toolchain/avr8/avr8-gnu-toolchain/bin/../lib/gcc/avr/4.9.2/avr5\libgcc.a(_udivmodhi4.o)
 .text          0x00000000        0x0 c:/program files (x86)/atmel/studio/7.0/toolchain/avr8/avr8-gnu-toolchain/bin/../lib/gcc/avr/4.9.2/avr5\libgcc.a(_tablejump2.o)
 .data          0x00000000        0x0 c:/program files (x86)/atmel/studio/7.0/toolchain/avr8/avr8-gnu-toolchain/bin/../lib/gcc/avr/4.9.2/avr5\libgcc.a(_tablejump2.o)
 .bss           0x00000000        0x0 c:/program files (x86)/atmel/studio/7.0/toolchain/avr8/avr8-gnu-toolchain/bin/../lib/gcc/avr/4.9.2/avr5\libgcc.a(_tablejump2.o)
 .text.libgcc.mul
                0x00000000        0x0 c:/program files (x86)/atmel/studio/7.0/toolchain/avr8/avr8-gnu-toolchain/bin/../lib/gcc/avr/4.9.2/avr5\libgcc.a(_tablejump2.o)
 .text.libgcc.div
                0x00000000        0x0 c:/program files (x86)/atmel/studio/7.0/toolchain/avr8/avr8-gnu-toolchain/bin/../lib/gcc/avr/4.9.2/avr5\libgcc.a(_tablejump2.o)
 .text.libgcc.prologue
                0x00000000        0x0 c:/program files (x86)/atmel/studio/7.0/toolchain/avr8/avr8-gnu-toolchain/bin/../lib/gcc/avr/4.9.2/avr5\libgcc.a(_tablejump2.o)
 .text.libgcc.builtins
                0x00000000        0x0 c:/program files (x86)/atmel/studio/7.0/toolchain/avr8/avr8-gnu-toolchain/bin/../lib/gcc/avr/4.9.2/avr5\libgcc.a(_tablejump2.o)
 .text.libgcc.fmul
                0x00000000        0x0 c:/program files (x86)/atmel/studio/7.0/toolchain/avr8/avr8-gnu-toolchain/bin/../lib/gcc/avr/4.9.2/avr5\libgcc.a(_tablejump2.o)
 .text.libgcc.fixed
                0x00000000        0x0 c:/program files (x86)/atmel/studio/7.0/toolchain/avr8/avr8-gnu-toolchain/bin/../lib/gcc/avr/4.9.2/avr5\libgcc.a(_tablejump2.o)
 .text          0x00000000        0x0 c:/program files (x86)/atmel/studio/7.0/toolchain/avr8/avr8-gnu-toolchain/bin/../lib/gcc/avr/4.9.2/../../../../avr/lib/avr5\libc.a(malloc.o)
 .bss           0x00000000        0x0 c:/program files (x86)/atmel/studio/7.0/toolchain/avr8/avr8-gnu-toolchain/bin/../lib/gcc/avr/4.9.2/../../../../avr/lib/avr5\libc.a(malloc.o)
 .text          0x00000000        0x0 c:/program files (x86)/atmel/studio/7.0/toolchain/avr8/avr8-gnu-toolchain/bin/../lib/gcc/avr/4.9.2/../../../../avr/lib/avr5\libc.a(abort.o)
 .data          0x00000000        0x0 c:/program files (x86)/atmel/studio/7.0/toolchain/avr8/avr8-gnu-toolchain/bin/../lib/gcc/avr/4.9.2/../../../../avr/lib/avr5\libc.a(abort.o)
 .bss           0x00000000        0x0 c:/program files (x86)/atmel/studio/7.0/toolchain/avr8/avr8-gnu-toolchain/bin/../lib/gcc/avr/4.9.2/../../../../avr/lib/avr5\libc.a(abort.o)
 .text.avr-libc
                0x00000000        0xa c:/program files (x86)/atmel/studio/7.0/toolchain/avr8/avr8-gnu-toolchain/bin/../lib/gcc/avr/4.9.2/../../../../avr/lib/avr5\libc.a(abort.o)
 .text          0x00000000        0x0 c:/program files (x86)/atmel/studio/7.0/toolchain/avr8/avr8-gnu-toolchain/bin/../lib/gcc/avr/4.9.2/../../../../avr/lib/avr5\libc.a(memcpy_P.o)
 .data          0x00000000        0x0 c:/program files (x86)/atmel/studio/7.0/toolchain/avr8/avr8-gnu-toolchain/bin/../lib/gcc/avr/4.9.2/../../../../avr/lib/avr5\libc.a(memcpy_P.o)
 .bss           0x00000000        0x0 c:/program files (x86)/atmel/studio/7.0/toolchain/avr8/avr8-gnu-toolchain/bin/../lib/gcc/avr/4.9.2/../../../../avr/lib/avr5\libc.a(memcpy_P.o)
 .text.avr-libc
                0x00000000       0x12 c:/program files (x86)/atmel/studio/7.0/toolchain/avr8/avr8-gnu-toolchain/bin/../lib/gcc/avr/4.9.2/../../../../avr/lib/avr5\libc.a(memcpy_P.o)
 .text          0x00000000        0x0 c:/program files (x86)/atmel/studio/7.0/toolchain/avr8/avr8-gnu-toolchain/bin/../lib/gcc/avr/4.9.2/../../../../avr/lib/avr5\libc.a(memcpy.o)
 .data          0x00000000        0x0 c:/program files (x86)/atmel/studio/7.0/toolchain/avr8/avr8-gnu-toolchain/bin/../lib/gcc/avr/4.9.2/../../../../avr/lib/avr5\libc.a(memcpy.o)
 .bss           0x00000000        0x0 c:/program files (x86)/atmel/studio/7.0/toolchain/avr8/avr8-gnu-toolchain/bin/../lib/gcc/avr/4.9.2/../../../../avr/lib/avr5\libc.a(memcpy.o)
 .text          0x00000000        0x0 c:/program files (x86)/atmel/studio/7.0/toolchain/avr8/avr8-gnu-toolchain/bin/../lib/gcc/avr/4.9.2/../../../../avr/lib/avr5\libc.a(memset.o)
 .data          0x00000000        0x0 c:/program files (x86)/atmel/studio/7.0/toolchain/avr8/avr8-gnu-toolchain/bin/../lib/gcc/avr/4.9.2/../../../../avr/lib/avr5\libc.a(memset.o)
 .bss           0x00000000        0x0 c:/program files (x86)/atmel/studio/7.0/toolchain/avr8/avr8-gnu-toolchain/bin/../lib/gcc/avr/4.9.2/../../../../avr/lib/avr5\libc.a(memset.o)

Memory Configuration

Name             Origin             Length             Attributes
text             0x00000000         0x00020000         xr
data             0x00800060         0x0000ffa0         rw !x
eeprom           0x00810000         0x00010000         rw !x
fuse             0x00820000         0x00000003         rw !x
lock             0x00830000         0x00000400         rw !x
signature        0x00840000         0x00000400         rw !x
user_signatures  0x00850000         0x00000400         rw !x
*default*        0x00000000         0xffffffff

Linker script and memory map

Address of section .data set to 0x800100
LOAD C:/Program Files (x86)/Atmel/Studio/7.0/Packs/atmel/ATmega_DFP/1.1.130/gcc/dev/atmega328p/avr5/crtatmega328p.o
LOAD Sequencer.o
LOAD ShiftRegister/ShiftRegister74HC595.o
LOAD trigger.o
START GROUP
LOAD c:/program files (x86)/atmel/studio/7.0/toolchain/avr8/avr8-gnu-toolchain/bin/../lib/gcc/avr/4.9.2/../../../../avr/lib/avr5\libm.a
LOAD C:\Users\KOLTIN~2\DOCUME~1\GitHub\ANALOG~1\SEQUEN~1\MICROC~1\ATMELN~1\SEQUEN~1\ARDUIN~1\Debug\libArduinoCore.a
END GROUP
LOAD c:/program files (x86)/atmel/studio/7.0/toolchain/avr8/avr8-gnu-toolchain/bin/../lib/gcc/avr/4.9.2/avr5\libgcc.a
LOAD c:/program files (x86)/atmel/studio/7.0/toolchain/avr8/avr8-gnu-toolchain/bin/../lib/gcc/avr/4.9.2/../../../../avr/lib/avr5\libm.a
START GROUP
LOAD c:/program files (x86)/atmel/studio/7.0/toolchain/avr8/avr8-gnu-toolchain/bin/../lib/gcc/avr/4.9.2/avr5\libgcc.a
LOAD c:/program files (x86)/atmel/studio/7.0/toolchain/avr8/avr8-gnu-toolchain/bin/../lib/gcc/avr/4.9.2/../../../../avr/lib/avr5\libm.a
LOAD c:/program files (x86)/atmel/studio/7.0/toolchain/avr8/avr8-gnu-toolchain/bin/../lib/gcc/avr/4.9.2/../../../../avr/lib/avr5\libc.a
LOAD C:/Program Files (x86)/Atmel/Studio/7.0/Packs/atmel/ATmega_DFP/1.1.130/gcc/dev/atmega328p/avr5\libatmega328p.a
END GROUP
                0x00020000                __TEXT_REGION_LENGTH__ = DEFINED (__TEXT_REGION_LENGTH__)?__TEXT_REGION_LENGTH__:0x20000
                0x0000ffa0                __DATA_REGION_LENGTH__ = DEFINED (__DATA_REGION_LENGTH__)?__DATA_REGION_LENGTH__:0xffa0
                0x00010000                __EEPROM_REGION_LENGTH__ = DEFINED (__EEPROM_REGION_LENGTH__)?__EEPROM_REGION_LENGTH__:0x10000
                [0x00000003]                __FUSE_REGION_LENGTH__ = DEFINED (__FUSE_REGION_LENGTH__)?__FUSE_REGION_LENGTH__:0x400
                0x00000400                __LOCK_REGION_LENGTH__ = DEFINED (__LOCK_REGION_LENGTH__)?__LOCK_REGION_LENGTH__:0x400
                0x00000400                __SIGNATURE_REGION_LENGTH__ = DEFINED (__SIGNATURE_REGION_LENGTH__)?__SIGNATURE_REGION_LENGTH__:0x400
                0x00000400                __USER_SIGNATURE_REGION_LENGTH__ = DEFINED (__USER_SIGNATURE_REGION_LENGTH__)?__USER_SIGNATURE_REGION_LENGTH__:0x400

.hash
 *(.hash)

.dynsym
 *(.dynsym)

.dynstr
 *(.dynstr)

.gnu.version
 *(.gnu.version)

.gnu.version_d
 *(.gnu.version_d)

.gnu.version_r
 *(.gnu.version_r)

.rel.init
 *(.rel.init)

.rela.init
 *(.rela.init)

.rel.text
 *(.rel.text)
 *(.rel.text.*)
 *(.rel.gnu.linkonce.t*)

.rela.text
 *(.rela.text)
 *(.rela.text.*)
 *(.rela.gnu.linkonce.t*)

.rel.fini
 *(.rel.fini)

.rela.fini
 *(.rela.fini)

.rel.rodata
 *(.rel.rodata)
 *(.rel.rodata.*)
 *(.rel.gnu.linkonce.r*)

.rela.rodata
 *(.rela.rodata)
 *(.rela.rodata.*)
 *(.rela.gnu.linkonce.r*)

.rel.data
 *(.rel.data)
 *(.rel.data.*)
 *(.rel.gnu.linkonce.d*)

.rela.data
 *(.rela.data)
 *(.rela.data.*)
 *(.rela.gnu.linkonce.d*)

.rel.ctors
 *(.rel.ctors)

.rela.ctors
 *(.rela.ctors)

.rel.dtors
 *(.rel.dtors)

.rela.dtors
 *(.rela.dtors)

.rel.got
 *(.rel.got)

.rela.got
 *(.rela.got)

.rel.bss
 *(.rel.bss)

.rela.bss
 *(.rela.bss)

.rel.plt
 *(.rel.plt)

.rela.plt
 *(.rela.plt)

.text           0x00000000      0xc92
 *(.vectors)
 .vectors       0x00000000       0x68 C:/Program Files (x86)/Atmel/Studio/7.0/Packs/atmel/ATmega_DFP/1.1.130/gcc/dev/atmega328p/avr5/crtatmega328p.o
                0x00000000                __vector_default
                0x00000000                __vectors
 *(.vectors)
 *(.progmem.gcc*)
                0x00000068                . = ALIGN (0x2)
                0x00000068                __trampolines_start = .
 *(.trampolines)
 .trampolines   0x00000068        0x0 linker stubs
 *(.trampolines*)
                0x00000068                __trampolines_end = .
 *libprintf_flt.a:*(.progmem.data)
 *libc.a:*(.progmem.data)
 *(.progmem*)
 .progmem.data.digital_pin_to_timer_PGM
                0x00000068       0x14 C:\Users\KOLTIN~2\DOCUME~1\GitHub\ANALOG~1\SEQUEN~1\MICROC~1\ATMELN~1\SEQUEN~1\ARDUIN~1\Debug\libArduinoCore.a(wiring_digital.o)
                0x00000068                digital_pin_to_timer_PGM
 .progmem.data.digital_pin_to_bit_mask_PGM
                0x0000007c       0x14 C:\Users\KOLTIN~2\DOCUME~1\GitHub\ANALOG~1\SEQUEN~1\MICROC~1\ATMELN~1\SEQUEN~1\ARDUIN~1\Debug\libArduinoCore.a(wiring_digital.o)
                0x0000007c                digital_pin_to_bit_mask_PGM
 .progmem.data.digital_pin_to_port_PGM
                0x00000090       0x14 C:\Users\KOLTIN~2\DOCUME~1\GitHub\ANALOG~1\SEQUEN~1\MICROC~1\ATMELN~1\SEQUEN~1\ARDUIN~1\Debug\libArduinoCore.a(wiring_digital.o)
                0x00000090                digital_pin_to_port_PGM
 .progmem.data.port_to_output_PGM
                0x000000a4        0xa C:\Users\KOLTIN~2\DOCUME~1\GitHub\ANALOG~1\SEQUEN~1\MICROC~1\ATMELN~1\SEQUEN~1\ARDUIN~1\Debug\libArduinoCore.a(wiring_digital.o)
                0x000000a4                port_to_output_PGM
 .progmem.data.port_to_mode_PGM
                0x000000ae        0xa C:\Users\KOLTIN~2\DOCUME~1\GitHub\ANALOG~1\SEQUEN~1\MICROC~1\ATMELN~1\SEQUEN~1\ARDUIN~1\Debug\libArduinoCore.a(wiring_digital.o)
                0x000000ae                port_to_mode_PGM
                0x000000b8                . = ALIGN (0x2)
 *(.jumptables)
 *(.jumptables*)
 *(.lowtext)
 *(.lowtext*)
                0x000000b8                __ctors_start = .
 *(.ctors)
 .ctors         0x000000b8        0x2 Sequencer.o
 .ctors         0x000000ba        0x2 C:\Users\KOLTIN~2\DOCUME~1\GitHub\ANALOG~1\SEQUEN~1\MICROC~1\ATMELN~1\SEQUEN~1\ARDUIN~1\Debug\libArduinoCore.a(HardwareSerial0.o)
                0x000000bc                __ctors_end = .
                0x000000bc                __dtors_start = .
 *(.dtors)
 .dtors         0x000000bc        0x2 Sequencer.o
                0x000000be                __dtors_end = .
 SORT(*)(.ctors)
 SORT(*)(.dtors)
 *(.init0)
 .init0         0x000000be        0x0 C:/Program Files (x86)/Atmel/Studio/7.0/Packs/atmel/ATmega_DFP/1.1.130/gcc/dev/atmega328p/avr5/crtatmega328p.o
                0x000000be                __init
 *(.init0)
 *(.init1)
 *(.init1)
 *(.init2)
 .init2         0x000000be        0xc C:/Program Files (x86)/Atmel/Studio/7.0/Packs/atmel/ATmega_DFP/1.1.130/gcc/dev/atmega328p/avr5/crtatmega328p.o
 *(.init2)
 *(.init3)
 *(.init3)
 *(.init4)
 .init4         0x000000ca       0x16 c:/program files (x86)/atmel/studio/7.0/toolchain/avr8/avr8-gnu-toolchain/bin/../lib/gcc/avr/4.9.2/avr5\libgcc.a(_copy_data.o)
                0x000000ca                __do_copy_data
 .init4         0x000000e0       0x10 c:/program files (x86)/atmel/studio/7.0/toolchain/avr8/avr8-gnu-toolchain/bin/../lib/gcc/avr/4.9.2/avr5\libgcc.a(_clear_bss.o)
                0x000000e0                __do_clear_bss
 *(.init4)
 *(.init5)
 *(.init5)
 *(.init6)
 .init6         0x000000f0       0x16 c:/program files (x86)/atmel/studio/7.0/toolchain/avr8/avr8-gnu-toolchain/bin/../lib/gcc/avr/4.9.2/avr5\libgcc.a(_ctors.o)
                0x000000f0                __do_global_ctors
 *(.init6)
 *(.init7)
 *(.init7)
 *(.init8)
 *(.init8)
 *(.init9)
 .init9         0x00000106        0x8 C:/Program Files (x86)/Atmel/Studio/7.0/Packs/atmel/ATmega_DFP/1.1.130/gcc/dev/atmega328p/avr5/crtatmega328p.o
 *(.init9)
 *(.text)
 .text          0x0000010e        0x4 C:/Program Files (x86)/Atmel/Studio/7.0/Packs/atmel/ATmega_DFP/1.1.130/gcc/dev/atmega328p/avr5/crtatmega328p.o
                0x0000010e                __vector_22
                0x0000010e                __vector_1
                0x0000010e                __vector_24
                0x0000010e                __vector_12
                0x0000010e                __bad_interrupt
                0x0000010e                __vector_6
                0x0000010e                __vector_3
                0x0000010e                __vector_23
                0x0000010e                __vector_25
                0x0000010e                __vector_11
                0x0000010e                __vector_13
                0x0000010e                __vector_17
                0x0000010e                __vector_7
                0x0000010e                __vector_5
                0x0000010e                __vector_4
                0x0000010e                __vector_9
                0x0000010e                __vector_2
                0x0000010e                __vector_21
                0x0000010e                __vector_15
                0x0000010e                __vector_8
                0x0000010e                __vector_14
                0x0000010e                __vector_10
                0x0000010e                __vector_20
                0x00000112                . = ALIGN (0x2)
 *(.text.*)
 .text.setup    0x00000112       0x48 Sequencer.o
                0x00000112                setup
 .text.loop     0x0000015a       0x14 Sequencer.o
                0x0000015a                loop
 .text.startup._GLOBAL__sub_I_OutputSR
                0x0000016e       0x5a Sequencer.o
 .text.exit._GLOBAL__sub_D_OutputSR
                0x000001c8       0x10 Sequencer.o
 .text._ZN20ShiftRegister74HC595D2Ev
                0x000001d8        0xa ShiftRegister/ShiftRegister74HC595.o
                0x000001d8                _ZN20ShiftRegister74HC595D1Ev
                0x000001d8                _ZN20ShiftRegister74HC595D2Ev
 .text._ZN20ShiftRegister74HC59515updateRegistersEv
                0x000001e2       0x44 ShiftRegister/ShiftRegister74HC595.o
                0x000001e2                _ZN20ShiftRegister74HC59515updateRegistersEv
 .text._ZN20ShiftRegister74HC595C2Eiiii
                0x00000226       0x94 ShiftRegister/ShiftRegister74HC595.o
                0x00000226                _ZN20ShiftRegister74HC595C1Eiiii
                0x00000226                _ZN20ShiftRegister74HC595C2Eiiii
 .text._ZN20ShiftRegister74HC5956setAllEPKh
                0x000002ba       0x1c ShiftRegister/ShiftRegister74HC595.o
                0x000002ba                _ZN20ShiftRegister74HC5956setAllEPKh
 .text._ZN14HardwareSerial9availableEv
                0x000002d6       0x18 C:\Users\KOLTIN~2\DOCUME~1\GitHub\ANALOG~1\SEQUEN~1\MICROC~1\ATMELN~1\SEQUEN~1\ARDUIN~1\Debug\libArduinoCore.a(HardwareSerial.o)
                0x000002d6                _ZN14HardwareSerial9availableEv
 .text._ZN14HardwareSerial4peekEv
                0x000002ee       0x1c C:\Users\KOLTIN~2\DOCUME~1\GitHub\ANALOG~1\SEQUEN~1\MICROC~1\ATMELN~1\SEQUEN~1\ARDUIN~1\Debug\libArduinoCore.a(HardwareSerial.o)
                0x000002ee                _ZN14HardwareSerial4peekEv
 .text._ZN14HardwareSerial4readEv
                0x0000030a       0x28 C:\Users\KOLTIN~2\DOCUME~1\GitHub\ANALOG~1\SEQUEN~1\MICROC~1\ATMELN~1\SEQUEN~1\ARDUIN~1\Debug\libArduinoCore.a(HardwareSerial.o)
                0x0000030a                _ZN14HardwareSerial4readEv
 .text._ZN14HardwareSerial17availableForWriteEv
                0x00000332       0x1e C:\Users\KOLTIN~2\DOCUME~1\GitHub\ANALOG~1\SEQUEN~1\MICROC~1\ATMELN~1\SEQUEN~1\ARDUIN~1\Debug\libArduinoCore.a(HardwareSerial.o)
                0x00000332                _ZN14HardwareSerial17availableForWriteEv
 .text._Z14serialEventRunv
                0x00000350       0x1c C:\Users\KOLTIN~2\DOCUME~1\GitHub\ANALOG~1\SEQUEN~1\MICROC~1\ATMELN~1\SEQUEN~1\ARDUIN~1\Debug\libArduinoCore.a(HardwareSerial.o)
                0x00000350                _Z14serialEventRunv
 .text._ZN14HardwareSerial17_tx_udr_empty_irqEv
                0x0000036c       0x42 C:\Users\KOLTIN~2\DOCUME~1\GitHub\ANALOG~1\SEQUEN~1\MICROC~1\ATMELN~1\SEQUEN~1\ARDUIN~1\Debug\libArduinoCore.a(HardwareSerial.o)
                0x0000036c                _ZN14HardwareSerial17_tx_udr_empty_irqEv
 .text._ZN14HardwareSerial5flushEv
                0x000003ae       0x44 C:\Users\KOLTIN~2\DOCUME~1\GitHub\ANALOG~1\SEQUEN~1\MICROC~1\ATMELN~1\SEQUEN~1\ARDUIN~1\Debug\libArduinoCore.a(HardwareSerial.o)
                0x000003ae                _ZN14HardwareSerial5flushEv
 .text._ZN14HardwareSerial5writeEh
                0x000003f2       0x8e C:\Users\KOLTIN~2\DOCUME~1\GitHub\ANALOG~1\SEQUEN~1\MICROC~1\ATMELN~1\SEQUEN~1\ARDUIN~1\Debug\libArduinoCore.a(HardwareSerial.o)
                0x000003f2                _ZN14HardwareSerial5writeEh
 .text._ZN14HardwareSerial5beginEmh
                0x00000480       0xca C:\Users\KOLTIN~2\DOCUME~1\GitHub\ANALOG~1\SEQUEN~1\MICROC~1\ATMELN~1\SEQUEN~1\ARDUIN~1\Debug\libArduinoCore.a(HardwareSerial.o)
                0x00000480                _ZN14HardwareSerial5beginEmh
 .text.__vector_18
                0x0000054a       0x64 C:\Users\KOLTIN~2\DOCUME~1\GitHub\ANALOG~1\SEQUEN~1\MICROC~1\ATMELN~1\SEQUEN~1\ARDUIN~1\Debug\libArduinoCore.a(HardwareSerial0.o)
                0x0000054a                __vector_18
 .text.__vector_19
                0x000005ae       0x4c C:\Users\KOLTIN~2\DOCUME~1\GitHub\ANALOG~1\SEQUEN~1\MICROC~1\ATMELN~1\SEQUEN~1\ARDUIN~1\Debug\libArduinoCore.a(HardwareSerial0.o)
                0x000005ae                __vector_19
 .text._Z17Serial0_availablev
                0x000005fa       0x14 C:\Users\KOLTIN~2\DOCUME~1\GitHub\ANALOG~1\SEQUEN~1\MICROC~1\ATMELN~1\SEQUEN~1\ARDUIN~1\Debug\libArduinoCore.a(HardwareSerial0.o)
                0x000005fa                _Z17Serial0_availablev
 .text.startup._GLOBAL__sub_I___vector_18
                0x0000060e       0x5a C:\Users\KOLTIN~2\DOCUME~1\GitHub\ANALOG~1\SEQUEN~1\MICROC~1\ATMELN~1\SEQUEN~1\ARDUIN~1\Debug\libArduinoCore.a(HardwareSerial0.o)
 .text.initVariant
                0x00000668        0x2 C:\Users\KOLTIN~2\DOCUME~1\GitHub\ANALOG~1\SEQUEN~1\MICROC~1\ATMELN~1\SEQUEN~1\ARDUIN~1\Debug\libArduinoCore.a(main.o)
                0x00000668                initVariant
 .text.startup.main
                0x0000066a       0x1e C:\Users\KOLTIN~2\DOCUME~1\GitHub\ANALOG~1\SEQUEN~1\MICROC~1\ATMELN~1\SEQUEN~1\ARDUIN~1\Debug\libArduinoCore.a(main.o)
                0x0000066a                main
 .text._ZN5Print5writeEPKhj
                0x00000688       0x56 C:\Users\KOLTIN~2\DOCUME~1\GitHub\ANALOG~1\SEQUEN~1\MICROC~1\ATMELN~1\SEQUEN~1\ARDUIN~1\Debug\libArduinoCore.a(Print.o)
                0x00000688                _ZN5Print5writeEPKhj
 .text.__vector_16
                0x000006de       0x94 C:\Users\KOLTIN~2\DOCUME~1\GitHub\ANALOG~1\SEQUEN~1\MICROC~1\ATMELN~1\SEQUEN~1\ARDUIN~1\Debug\libArduinoCore.a(wiring.o)
                0x000006de                __vector_16
 .text.delayMicroseconds
                0x00000772       0x16 C:\Users\KOLTIN~2\DOCUME~1\GitHub\ANALOG~1\SEQUEN~1\MICROC~1\ATMELN~1\SEQUEN~1\ARDUIN~1\Debug\libArduinoCore.a(wiring.o)
                0x00000772                delayMicroseconds
 .text.init     0x00000788       0x76 C:\Users\KOLTIN~2\DOCUME~1\GitHub\ANALOG~1\SEQUEN~1\MICROC~1\ATMELN~1\SEQUEN~1\ARDUIN~1\Debug\libArduinoCore.a(wiring.o)
                0x00000788                init
 .text.turnOffPWM
                0x000007fe       0x52 C:\Users\KOLTIN~2\DOCUME~1\GitHub\ANALOG~1\SEQUEN~1\MICROC~1\ATMELN~1\SEQUEN~1\ARDUIN~1\Debug\libArduinoCore.a(wiring_digital.o)
 .text.pinMode  0x00000850       0x78 C:\Users\KOLTIN~2\DOCUME~1\GitHub\ANALOG~1\SEQUEN~1\MICROC~1\ATMELN~1\SEQUEN~1\ARDUIN~1\Debug\libArduinoCore.a(wiring_digital.o)
                0x00000850                pinMode
 .text.digitalWrite
                0x000008c8       0x60 C:\Users\KOLTIN~2\DOCUME~1\GitHub\ANALOG~1\SEQUEN~1\MICROC~1\ATMELN~1\SEQUEN~1\ARDUIN~1\Debug\libArduinoCore.a(wiring_digital.o)
                0x000008c8                digitalWrite
 .text.shiftOut
                0x00000928       0x86 C:\Users\KOLTIN~2\DOCUME~1\GitHub\ANALOG~1\SEQUEN~1\MICROC~1\ATMELN~1\SEQUEN~1\ARDUIN~1\Debug\libArduinoCore.a(wiring_shift.o)
                0x00000928                shiftOut
 .text.libgcc.div
                0x000009ae       0x44 c:/program files (x86)/atmel/studio/7.0/toolchain/avr8/avr8-gnu-toolchain/bin/../lib/gcc/avr/4.9.2/avr5\libgcc.a(_udivmodsi4.o)
                0x000009ae                __udivmodsi4
 .text.libgcc   0x000009f2        0xc c:/program files (x86)/atmel/studio/7.0/toolchain/avr8/avr8-gnu-toolchain/bin/../lib/gcc/avr/4.9.2/avr5\libgcc.a(_tablejump2.o)
                0x000009f2                __tablejump2__
 .text.avr-libc
                0x000009fe      0x25a c:/program files (x86)/atmel/studio/7.0/toolchain/avr8/avr8-gnu-toolchain/bin/../lib/gcc/avr/4.9.2/../../../../avr/lib/avr5\libc.a(malloc.o)
                0x000009fe                malloc
                0x00000b28                free
 .text.avr-libc
                0x00000c58       0x12 c:/program files (x86)/atmel/studio/7.0/toolchain/avr8/avr8-gnu-toolchain/bin/../lib/gcc/avr/4.9.2/../../../../avr/lib/avr5\libc.a(memcpy.o)
                0x00000c58                memcpy
 .text.avr-libc
                0x00000c6a        0xe c:/program files (x86)/atmel/studio/7.0/toolchain/avr8/avr8-gnu-toolchain/bin/../lib/gcc/avr/4.9.2/../../../../avr/lib/avr5\libc.a(memset.o)
                0x00000c6a                memset
                0x00000c78                . = ALIGN (0x2)
 *(.fini9)
 .fini9         0x00000c78        0x0 c:/program files (x86)/atmel/studio/7.0/toolchain/avr8/avr8-gnu-toolchain/bin/../lib/gcc/avr/4.9.2/avr5\libgcc.a(_exit.o)
                0x00000c78                _exit
                0x00000c78                exit
 *(.fini9)
 *(.fini8)
 *(.fini8)
 *(.fini7)
 *(.fini7)
 *(.fini6)
 .fini6         0x00000c78       0x16 c:/program files (x86)/atmel/studio/7.0/toolchain/avr8/avr8-gnu-toolchain/bin/../lib/gcc/avr/4.9.2/avr5\libgcc.a(_dtors.o)
                0x00000c78                __do_global_dtors
 *(.fini6)
 *(.fini5)
 *(.fini5)
 *(.fini4)
 *(.fini4)
 *(.fini3)
 *(.fini3)
 *(.fini2)
 *(.fini2)
 *(.fini1)
 *(.fini1)
 *(.fini0)
 .fini0         0x00000c8e        0x4 c:/program files (x86)/atmel/studio/7.0/toolchain/avr8/avr8-gnu-toolchain/bin/../lib/gcc/avr/4.9.2/avr5\libgcc.a(_exit.o)
 *(.fini0)
                0x00000c92                _etext = .

.data           0x00800100       0x18 load address 0x00000c92
                0x00800100                PROVIDE (__data_start, .)
 *(.data)
 .data          0x00800100        0x6 c:/program files (x86)/atmel/studio/7.0/toolchain/avr8/avr8-gnu-toolchain/bin/../lib/gcc/avr/4.9.2/../../../../avr/lib/avr5\libc.a(malloc.o)
                0x00800100                __malloc_heap_end
                0x00800102                __malloc_heap_start
                0x00800104                __malloc_margin
 *(.data*)
 *(.rodata)
 *(.rodata*)
 .rodata._ZTV14HardwareSerial
                0x00800106       0x12 C:\Users\KOLTIN~2\DOCUME~1\GitHub\ANALOG~1\SEQUEN~1\MICROC~1\ATMELN~1\SEQUEN~1\ARDUIN~1\Debug\libArduinoCore.a(HardwareSerial.o)
                0x00800106                _ZTV14HardwareSerial
 *(.gnu.linkonce.d*)
                0x00800118                . = ALIGN (0x2)
                0x00800118                _edata = .
                0x00800118                PROVIDE (__data_end, .)

.bss            0x00800118      0x10b
                0x00800118                PROVIDE (__bss_start, .)
 *(.bss)
 *(.bss*)
 .bss.seqIO     0x00800118       0x3f Sequencer.o
                0x00800118                seqIO
 .bss.InputSR   0x00800157        0xe Sequencer.o
                0x00800157                InputSR
 .bss.InstrumentTrigger
                0x00800165        0xa Sequencer.o
                0x00800165                InstrumentTrigger
 .bss.OutputSR  0x0080016f        0xa Sequencer.o
                0x0080016f                OutputSR
 .bss.Serial    0x00800179       0x9d C:\Users\KOLTIN~2\DOCUME~1\GitHub\ANALOG~1\SEQUEN~1\MICROC~1\ATMELN~1\SEQUEN~1\ARDUIN~1\Debug\libArduinoCore.a(HardwareSerial0.o)
                0x00800179                Serial
 .bss.timer0_fract
                0x00800216        0x1 C:\Users\KOLTIN~2\DOCUME~1\GitHub\ANALOG~1\SEQUEN~1\MICROC~1\ATMELN~1\SEQUEN~1\ARDUIN~1\Debug\libArduinoCore.a(wiring.o)
 .bss.timer0_millis
                0x00800217        0x4 C:\Users\KOLTIN~2\DOCUME~1\GitHub\ANALOG~1\SEQUEN~1\MICROC~1\ATMELN~1\SEQUEN~1\ARDUIN~1\Debug\libArduinoCore.a(wiring.o)
                0x00800217                timer0_millis
 .bss.timer0_overflow_count
                0x0080021b        0x4 C:\Users\KOLTIN~2\DOCUME~1\GitHub\ANALOG~1\SEQUEN~1\MICROC~1\ATMELN~1\SEQUEN~1\ARDUIN~1\Debug\libArduinoCore.a(wiring.o)
                0x0080021b                timer0_overflow_count
 *(COMMON)
 COMMON         0x0080021f        0x4 c:/program files (x86)/atmel/studio/7.0/toolchain/avr8/avr8-gnu-toolchain/bin/../lib/gcc/avr/4.9.2/../../../../avr/lib/avr5\libc.a(malloc.o)
                0x0080021f                __brkval
                0x00800221                __flp
                0x00800223                PROVIDE (__bss_end, .)
                0x00000c92                __data_load_start = LOADADDR (.data)
                0x00000caa                __data_load_end = (__data_load_start + SIZEOF (.data))

.noinit         0x00800223        0x0
                [!provide]                PROVIDE (__noinit_start, .)
 *(.noinit*)
                [!provide]                PROVIDE (__noinit_end, .)
                0x00800223                _end = .
                0x00800223                PROVIDE (__heap_start, .)

.eeprom         0x00810000        0x0
 *(.eeprom*)
                0x00810000                __eeprom_end = .

.fuse
 *(.fuse)
 *(.lfuse)
 *(.hfuse)
 *(.efuse)

.lock
 *(.lock*)

.signature
 *(.signature*)

.user_signatures
 *(.user_signatures*)

.stab
 *(.stab)

.stabstr
 *(.stabstr)

.stab.excl
 *(.stab.excl)

.stab.exclstr
 *(.stab.exclstr)

.stab.index
 *(.stab.index)

.stab.indexstr
 *(.stab.indexstr)

.comment        0x00000000       0x30
 *(.comment)
 .comment       0x00000000       0x30 Sequencer.o
                                 0x31 (size before relaxing)
 .comment       0x00000030       0x31 ShiftRegister/ShiftRegister74HC595.o
 .comment       0x00000030       0x31 C:\Users\KOLTIN~2\DOCUME~1\GitHub\ANALOG~1\SEQUEN~1\MICROC~1\ATMELN~1\SEQUEN~1\ARDUIN~1\Debug\libArduinoCore.a(HardwareSerial.o)
 .comment       0x00000030       0x31 C:\Users\KOLTIN~2\DOCUME~1\GitHub\ANALOG~1\SEQUEN~1\MICROC~1\ATMELN~1\SEQUEN~1\ARDUIN~1\Debug\libArduinoCore.a(HardwareSerial0.o)
 .comment       0x00000030       0x31 C:\Users\KOLTIN~2\DOCUME~1\GitHub\ANALOG~1\SEQUEN~1\MICROC~1\ATMELN~1\SEQUEN~1\ARDUIN~1\Debug\libArduinoCore.a(main.o)
 .comment       0x00000030       0x31 C:\Users\KOLTIN~2\DOCUME~1\GitHub\ANALOG~1\SEQUEN~1\MICROC~1\ATMELN~1\SEQUEN~1\ARDUIN~1\Debug\libArduinoCore.a(Print.o)
 .comment       0x00000030       0x31 C:\Users\KOLTIN~2\DOCUME~1\GitHub\ANALOG~1\SEQUEN~1\MICROC~1\ATMELN~1\SEQUEN~1\ARDUIN~1\Debug\libArduinoCore.a(wiring.o)
 .comment       0x00000030       0x31 C:\Users\KOLTIN~2\DOCUME~1\GitHub\ANALOG~1\SEQUEN~1\MICROC~1\ATMELN~1\SEQUEN~1\ARDUIN~1\Debug\libArduinoCore.a(wiring_digital.o)
 .comment       0x00000030       0x31 C:\Users\KOLTIN~2\DOCUME~1\GitHub\ANALOG~1\SEQUEN~1\MICROC~1\ATMELN~1\SEQUEN~1\ARDUIN~1\Debug\libArduinoCore.a(wiring_shift.o)
 .comment       0x00000030       0x31 c:/program files (x86)/atmel/studio/7.0/toolchain/avr8/avr8-gnu-toolchain/bin/../lib/gcc/avr/4.9.2/../../../../avr/lib/avr5\libc.a(malloc.o)

.note.gnu.avr.deviceinfo
                0x00000000       0x40
 .note.gnu.avr.deviceinfo
                0x00000000       0x40 C:/Program Files (x86)/Atmel/Studio/7.0/Packs/atmel/ATmega_DFP/1.1.130/gcc/dev/atmega328p/avr5/crtatmega328p.o

.note.gnu.build-id
 *(.note.gnu.build-id)

.debug
 *(.debug)

.line
 *(.line)

.debug_srcinfo
 *(.debug_srcinfo)

.debug_sfnames
 *(.debug_sfnames)

.debug_aranges  0x00000000      0x338
 *(.debug_aranges)
 .debug_aranges
                0x00000000       0x38 Sequencer.o
 .debug_aranges
                0x00000038       0x70 ShiftRegister/ShiftRegister74HC595.o
 .debug_aranges
                0x000000a8       0x68 C:\Users\KOLTIN~2\DOCUME~1\GitHub\ANALOG~1\SEQUEN~1\MICROC~1\ATMELN~1\SEQUEN~1\ARDUIN~1\Debug\libArduinoCore.a(HardwareSerial.o)
 .debug_aranges
                0x00000110       0x48 C:\Users\KOLTIN~2\DOCUME~1\GitHub\ANALOG~1\SEQUEN~1\MICROC~1\ATMELN~1\SEQUEN~1\ARDUIN~1\Debug\libArduinoCore.a(HardwareSerial0.o)
 .debug_aranges
                0x00000158       0x38 C:\Users\KOLTIN~2\DOCUME~1\GitHub\ANALOG~1\SEQUEN~1\MICROC~1\ATMELN~1\SEQUEN~1\ARDUIN~1\Debug\libArduinoCore.a(main.o)
 .debug_aranges
                0x00000190      0x100 C:\Users\KOLTIN~2\DOCUME~1\GitHub\ANALOG~1\SEQUEN~1\MICROC~1\ATMELN~1\SEQUEN~1\ARDUIN~1\Debug\libArduinoCore.a(Print.o)
 .debug_aranges
                0x00000290       0x48 C:\Users\KOLTIN~2\DOCUME~1\GitHub\ANALOG~1\SEQUEN~1\MICROC~1\ATMELN~1\SEQUEN~1\ARDUIN~1\Debug\libArduinoCore.a(wiring.o)
 .debug_aranges
                0x000002d8       0x38 C:\Users\KOLTIN~2\DOCUME~1\GitHub\ANALOG~1\SEQUEN~1\MICROC~1\ATMELN~1\SEQUEN~1\ARDUIN~1\Debug\libArduinoCore.a(wiring_digital.o)
 .debug_aranges
                0x00000310       0x28 C:\Users\KOLTIN~2\DOCUME~1\GitHub\ANALOG~1\SEQUEN~1\MICROC~1\ATMELN~1\SEQUEN~1\ARDUIN~1\Debug\libArduinoCore.a(wiring_shift.o)

.debug_pubnames
 *(.debug_pubnames)

.debug_info     0x00000000     0x8cb7
 *(.debug_info .gnu.linkonce.wi.*)
 .debug_info    0x00000000      0x5f4 C:/Program Files (x86)/Atmel/Studio/7.0/Packs/atmel/ATmega_DFP/1.1.130/gcc/dev/atmega328p/avr5/crtatmega328p.o
 .debug_info    0x000005f4      0xbf3 Sequencer.o
 .debug_info    0x000011e7      0x97c ShiftRegister/ShiftRegister74HC595.o
 .debug_info    0x00001b63     0x1e35 C:\Users\KOLTIN~2\DOCUME~1\GitHub\ANALOG~1\SEQUEN~1\MICROC~1\ATMELN~1\SEQUEN~1\ARDUIN~1\Debug\libArduinoCore.a(HardwareSerial.o)
 .debug_info    0x00003998     0x1ac7 C:\Users\KOLTIN~2\DOCUME~1\GitHub\ANALOG~1\SEQUEN~1\MICROC~1\ATMELN~1\SEQUEN~1\ARDUIN~1\Debug\libArduinoCore.a(HardwareSerial0.o)
 .debug_info    0x0000545f      0x231 C:\Users\KOLTIN~2\DOCUME~1\GitHub\ANALOG~1\SEQUEN~1\MICROC~1\ATMELN~1\SEQUEN~1\ARDUIN~1\Debug\libArduinoCore.a(main.o)
 .debug_info    0x00005690     0x2a7c C:\Users\KOLTIN~2\DOCUME~1\GitHub\ANALOG~1\SEQUEN~1\MICROC~1\ATMELN~1\SEQUEN~1\ARDUIN~1\Debug\libArduinoCore.a(Print.o)
 .debug_info    0x0000810c      0x2c8 C:\Users\KOLTIN~2\DOCUME~1\GitHub\ANALOG~1\SEQUEN~1\MICROC~1\ATMELN~1\SEQUEN~1\ARDUIN~1\Debug\libArduinoCore.a(wiring.o)
 .debug_info    0x000083d4      0x5f9 C:\Users\KOLTIN~2\DOCUME~1\GitHub\ANALOG~1\SEQUEN~1\MICROC~1\ATMELN~1\SEQUEN~1\ARDUIN~1\Debug\libArduinoCore.a(wiring_digital.o)
 .debug_info    0x000089cd      0x2ea C:\Users\KOLTIN~2\DOCUME~1\GitHub\ANALOG~1\SEQUEN~1\MICROC~1\ATMELN~1\SEQUEN~1\ARDUIN~1\Debug\libArduinoCore.a(wiring_shift.o)

.debug_abbrev   0x00000000     0x1d5f
 *(.debug_abbrev)
 .debug_abbrev  0x00000000      0x5a2 C:/Program Files (x86)/Atmel/Studio/7.0/Packs/atmel/ATmega_DFP/1.1.130/gcc/dev/atmega328p/avr5/crtatmega328p.o
 .debug_abbrev  0x000005a2      0x339 Sequencer.o
 .debug_abbrev  0x000008db      0x2af ShiftRegister/ShiftRegister74HC595.o
 .debug_abbrev  0x00000b8a      0x478 C:\Users\KOLTIN~2\DOCUME~1\GitHub\ANALOG~1\SEQUEN~1\MICROC~1\ATMELN~1\SEQUEN~1\ARDUIN~1\Debug\libArduinoCore.a(HardwareSerial.o)
 .debug_abbrev  0x00001002      0x3dd C:\Users\KOLTIN~2\DOCUME~1\GitHub\ANALOG~1\SEQUEN~1\MICROC~1\ATMELN~1\SEQUEN~1\ARDUIN~1\Debug\libArduinoCore.a(HardwareSerial0.o)
 .debug_abbrev  0x000013df      0x109 C:\Users\KOLTIN~2\DOCUME~1\GitHub\ANALOG~1\SEQUEN~1\MICROC~1\ATMELN~1\SEQUEN~1\ARDUIN~1\Debug\libArduinoCore.a(main.o)
 .debug_abbrev  0x000014e8      0x498 C:\Users\KOLTIN~2\DOCUME~1\GitHub\ANALOG~1\SEQUEN~1\MICROC~1\ATMELN~1\SEQUEN~1\ARDUIN~1\Debug\libArduinoCore.a(Print.o)
 .debug_abbrev  0x00001980      0x145 C:\Users\KOLTIN~2\DOCUME~1\GitHub\ANALOG~1\SEQUEN~1\MICROC~1\ATMELN~1\SEQUEN~1\ARDUIN~1\Debug\libArduinoCore.a(wiring.o)
 .debug_abbrev  0x00001ac5      0x15b C:\Users\KOLTIN~2\DOCUME~1\GitHub\ANALOG~1\SEQUEN~1\MICROC~1\ATMELN~1\SEQUEN~1\ARDUIN~1\Debug\libArduinoCore.a(wiring_digital.o)
 .debug_abbrev  0x00001c20      0x13f C:\Users\KOLTIN~2\DOCUME~1\GitHub\ANALOG~1\SEQUEN~1\MICROC~1\ATMELN~1\SEQUEN~1\ARDUIN~1\Debug\libArduinoCore.a(wiring_shift.o)

.debug_line     0x00000000     0x1d2c
 *(.debug_line .debug_line.* .debug_line_end)
 .debug_line    0x00000000      0x133 C:/Program Files (x86)/Atmel/Studio/7.0/Packs/atmel/ATmega_DFP/1.1.130/gcc/dev/atmega328p/avr5/crtatmega328p.o
 .debug_line    0x00000133      0x2aa Sequencer.o
 .debug_line    0x000003dd      0x430 ShiftRegister/ShiftRegister74HC595.o
 .debug_line    0x0000080d      0x426 C:\Users\KOLTIN~2\DOCUME~1\GitHub\ANALOG~1\SEQUEN~1\MICROC~1\ATMELN~1\SEQUEN~1\ARDUIN~1\Debug\libArduinoCore.a(HardwareSerial.o)
 .debug_line    0x00000c33      0x28c C:\Users\KOLTIN~2\DOCUME~1\GitHub\ANALOG~1\SEQUEN~1\MICROC~1\ATMELN~1\SEQUEN~1\ARDUIN~1\Debug\libArduinoCore.a(HardwareSerial0.o)
 .debug_line    0x00000ebf      0x175 C:\Users\KOLTIN~2\DOCUME~1\GitHub\ANALOG~1\SEQUEN~1\MICROC~1\ATMELN~1\SEQUEN~1\ARDUIN~1\Debug\libArduinoCore.a(main.o)
 .debug_line    0x00001034      0x69b C:\Users\KOLTIN~2\DOCUME~1\GitHub\ANALOG~1\SEQUEN~1\MICROC~1\ATMELN~1\SEQUEN~1\ARDUIN~1\Debug\libArduinoCore.a(Print.o)
 .debug_line    0x000016cf      0x299 C:\Users\KOLTIN~2\DOCUME~1\GitHub\ANALOG~1\SEQUEN~1\MICROC~1\ATMELN~1\SEQUEN~1\ARDUIN~1\Debug\libArduinoCore.a(wiring.o)
 .debug_line    0x00001968      0x252 C:\Users\KOLTIN~2\DOCUME~1\GitHub\ANALOG~1\SEQUEN~1\MICROC~1\ATMELN~1\SEQUEN~1\ARDUIN~1\Debug\libArduinoCore.a(wiring_digital.o)
 .debug_line    0x00001bba      0x172 C:\Users\KOLTIN~2\DOCUME~1\GitHub\ANALOG~1\SEQUEN~1\MICROC~1\ATMELN~1\SEQUEN~1\ARDUIN~1\Debug\libArduinoCore.a(wiring_shift.o)

.debug_frame    0x00000000      0x95c
 *(.debug_frame)
 .debug_frame   0x00000000       0x60 Sequencer.o
 .debug_frame   0x00000060      0x130 ShiftRegister/ShiftRegister74HC595.o
 .debug_frame   0x00000190      0x110 C:\Users\KOLTIN~2\DOCUME~1\GitHub\ANALOG~1\SEQUEN~1\MICROC~1\ATMELN~1\SEQUEN~1\ARDUIN~1\Debug\libArduinoCore.a(HardwareSerial.o)
 .debug_frame   0x000002a0       0xe0 C:\Users\KOLTIN~2\DOCUME~1\GitHub\ANALOG~1\SEQUEN~1\MICROC~1\ATMELN~1\SEQUEN~1\ARDUIN~1\Debug\libArduinoCore.a(HardwareSerial0.o)
 .debug_frame   0x00000380       0x54 C:\Users\KOLTIN~2\DOCUME~1\GitHub\ANALOG~1\SEQUEN~1\MICROC~1\ATMELN~1\SEQUEN~1\ARDUIN~1\Debug\libArduinoCore.a(main.o)
 .debug_frame   0x000003d4      0x3bc C:\Users\KOLTIN~2\DOCUME~1\GitHub\ANALOG~1\SEQUEN~1\MICROC~1\ATMELN~1\SEQUEN~1\ARDUIN~1\Debug\libArduinoCore.a(Print.o)
 .debug_frame   0x00000790       0xc4 C:\Users\KOLTIN~2\DOCUME~1\GitHub\ANALOG~1\SEQUEN~1\MICROC~1\ATMELN~1\SEQUEN~1\ARDUIN~1\Debug\libArduinoCore.a(wiring.o)
 .debug_frame   0x00000854       0x7c C:\Users\KOLTIN~2\DOCUME~1\GitHub\ANALOG~1\SEQUEN~1\MICROC~1\ATMELN~1\SEQUEN~1\ARDUIN~1\Debug\libArduinoCore.a(wiring_digital.o)
 .debug_frame   0x000008d0       0x8c C:\Users\KOLTIN~2\DOCUME~1\GitHub\ANALOG~1\SEQUEN~1\MICROC~1\ATMELN~1\SEQUEN~1\ARDUIN~1\Debug\libArduinoCore.a(wiring_shift.o)

.debug_str      0x00000000     0x2335
 *(.debug_str)
 .debug_str     0x00000000      0x208 C:/Program Files (x86)/Atmel/Studio/7.0/Packs/atmel/ATmega_DFP/1.1.130/gcc/dev/atmega328p/avr5/crtatmega328p.o
 .debug_str     0x00000208      0x911 Sequencer.o
                                0x992 (size before relaxing)
 .debug_str     0x00000b19       0xc7 ShiftRegister/ShiftRegister74HC595.o
                                0x5ca (size before relaxing)
 .debug_str     0x00000be0     0x1085 C:\Users\KOLTIN~2\DOCUME~1\GitHub\ANALOG~1\SEQUEN~1\MICROC~1\ATMELN~1\SEQUEN~1\ARDUIN~1\Debug\libArduinoCore.a(HardwareSerial.o)
                               0x1379 (size before relaxing)
 .debug_str     0x00001c65       0x78 C:\Users\KOLTIN~2\DOCUME~1\GitHub\ANALOG~1\SEQUEN~1\MICROC~1\ATMELN~1\SEQUEN~1\ARDUIN~1\Debug\libArduinoCore.a(HardwareSerial0.o)
                               0x11bc (size before relaxing)
 .debug_str     0x00001cdd       0x43 C:\Users\KOLTIN~2\DOCUME~1\GitHub\ANALOG~1\SEQUEN~1\MICROC~1\ATMELN~1\SEQUEN~1\ARDUIN~1\Debug\libArduinoCore.a(main.o)
                                0x2f7 (size before relaxing)
 .debug_str     0x00001d20      0x3c2 C:\Users\KOLTIN~2\DOCUME~1\GitHub\ANALOG~1\SEQUEN~1\MICROC~1\ATMELN~1\SEQUEN~1\ARDUIN~1\Debug\libArduinoCore.a(Print.o)
                               0x1031 (size before relaxing)
 .debug_str     0x000020e2      0x160 C:\Users\KOLTIN~2\DOCUME~1\GitHub\ANALOG~1\SEQUEN~1\MICROC~1\ATMELN~1\SEQUEN~1\ARDUIN~1\Debug\libArduinoCore.a(wiring.o)
                                0x281 (size before relaxing)
 .debug_str     0x00002242       0xc7 C:\Users\KOLTIN~2\DOCUME~1\GitHub\ANALOG~1\SEQUEN~1\MICROC~1\ATMELN~1\SEQUEN~1\ARDUIN~1\Debug\libArduinoCore.a(wiring_digital.o)
                                0x2e6 (size before relaxing)
 .debug_str     0x00002309       0x2c C:\Users\KOLTIN~2\DOCUME~1\GitHub\ANALOG~1\SEQUEN~1\MICROC~1\ATMELN~1\SEQUEN~1\ARDUIN~1\Debug\libArduinoCore.a(wiring_shift.o)
                                0x255 (size before relaxing)

.debug_loc      0x00000000     0x37fe
 *(.debug_loc)
 .debug_loc     0x00000000       0x56 Sequencer.o
 .debug_loc     0x00000056      0x73b ShiftRegister/ShiftRegister74HC595.o
 .debug_loc     0x00000791      0x497 C:\Users\KOLTIN~2\DOCUME~1\GitHub\ANALOG~1\SEQUEN~1\MICROC~1\ATMELN~1\SEQUEN~1\ARDUIN~1\Debug\libArduinoCore.a(HardwareSerial.o)
 .debug_loc     0x00000c28      0x187 C:\Users\KOLTIN~2\DOCUME~1\GitHub\ANALOG~1\SEQUEN~1\MICROC~1\ATMELN~1\SEQUEN~1\ARDUIN~1\Debug\libArduinoCore.a(HardwareSerial0.o)
 .debug_loc     0x00000daf     0x1f1c C:\Users\KOLTIN~2\DOCUME~1\GitHub\ANALOG~1\SEQUEN~1\MICROC~1\ATMELN~1\SEQUEN~1\ARDUIN~1\Debug\libArduinoCore.a(Print.o)
 .debug_loc     0x00002ccb      0x269 C:\Users\KOLTIN~2\DOCUME~1\GitHub\ANALOG~1\SEQUEN~1\MICROC~1\ATMELN~1\SEQUEN~1\ARDUIN~1\Debug\libArduinoCore.a(wiring.o)
 .debug_loc     0x00002f34      0x5e3 C:\Users\KOLTIN~2\DOCUME~1\GitHub\ANALOG~1\SEQUEN~1\MICROC~1\ATMELN~1\SEQUEN~1\ARDUIN~1\Debug\libArduinoCore.a(wiring_digital.o)
 .debug_loc     0x00003517      0x2e7 C:\Users\KOLTIN~2\DOCUME~1\GitHub\ANALOG~1\SEQUEN~1\MICROC~1\ATMELN~1\SEQUEN~1\ARDUIN~1\Debug\libArduinoCore.a(wiring_shift.o)

.debug_macinfo
 *(.debug_macinfo)

.debug_weaknames
 *(.debug_weaknames)

.debug_funcnames
 *(.debug_funcnames)

.debug_typenames
 *(.debug_typenames)

.debug_varnames
 *(.debug_varnames)

.debug_pubtypes
 *(.debug_pubtypes)

.debug_ranges   0x00000000      0x338
 *(.debug_ranges)
 .debug_ranges  0x00000000       0x28 Sequencer.o
 .debug_ranges  0x00000028       0x90 ShiftRegister/ShiftRegister74HC595.o
 .debug_ranges  0x000000b8       0x70 C:\Users\KOLTIN~2\DOCUME~1\GitHub\ANALOG~1\SEQUEN~1\MICROC~1\ATMELN~1\SEQUEN~1\ARDUIN~1\Debug\libArduinoCore.a(HardwareSerial.o)
 .debug_ranges  0x00000128       0x38 C:\Users\KOLTIN~2\DOCUME~1\GitHub\ANALOG~1\SEQUEN~1\MICROC~1\ATMELN~1\SEQUEN~1\ARDUIN~1\Debug\libArduinoCore.a(HardwareSerial0.o)
 .debug_ranges  0x00000160       0x28 C:\Users\KOLTIN~2\DOCUME~1\GitHub\ANALOG~1\SEQUEN~1\MICROC~1\ATMELN~1\SEQUEN~1\ARDUIN~1\Debug\libArduinoCore.a(main.o)
 .debug_ranges  0x00000188      0x138 C:\Users\KOLTIN~2\DOCUME~1\GitHub\ANALOG~1\SEQUEN~1\MICROC~1\ATMELN~1\SEQUEN~1\ARDUIN~1\Debug\libArduinoCore.a(Print.o)
 .debug_ranges  0x000002c0       0x38 C:\Users\KOLTIN~2\DOCUME~1\GitHub\ANALOG~1\SEQUEN~1\MICROC~1\ATMELN~1\SEQUEN~1\ARDUIN~1\Debug\libArduinoCore.a(wiring.o)
 .debug_ranges  0x000002f8       0x28 C:\Users\KOLTIN~2\DOCUME~1\GitHub\ANALOG~1\SEQUEN~1\MICROC~1\ATMELN~1\SEQUEN~1\ARDUIN~1\Debug\libArduinoCore.a(wiring_digital.o)
 .debug_ranges  0x00000320       0x18 C:\Users\KOLTIN~2\DOCUME~1\GitHub\ANALOG~1\SEQUEN~1\MICROC~1\ATMELN~1\SEQUEN~1\ARDUIN~1\Debug\libArduinoCore.a(wiring_shift.o)

.debug_macro
 *(.debug_macro)
OUTPUT(Sequencer_DrumMachine.ino.elf elf32-avr)
LOAD linker stubs
