Archive member included to satisfy reference by file (symbol)

C:\Users\KOLTIN~2\DOCUME~1\GitHub\ANALOG~1\SEQUEN~1\MICROC~1\ATMELN~1\SEQUEN~1\ARDUIN~1\Debug\libArduinoCore.a(main.o)
                              C:/Program Files (x86)/Atmel/Studio/7.0/Packs/atmel/ATmega_DFP/1.1.130/gcc/dev/atmega328p/avr5/crtatmega328p.o (main)
C:\Users\KOLTIN~2\DOCUME~1\GitHub\ANALOG~1\SEQUEN~1\MICROC~1\ATMELN~1\SEQUEN~1\ARDUIN~1\Debug\libArduinoCore.a(wiring.o)
                              Sequencer.o (delay)
C:\Users\KOLTIN~2\DOCUME~1\GitHub\ANALOG~1\SEQUEN~1\MICROC~1\ATMELN~1\SEQUEN~1\ARDUIN~1\Debug\libArduinoCore.a(wiring_digital.o)
                              Sequencer.o (pinMode)
C:\Users\KOLTIN~2\DOCUME~1\GitHub\ANALOG~1\SEQUEN~1\MICROC~1\ATMELN~1\SEQUEN~1\ARDUIN~1\Debug\libArduinoCore.a(wiring_shift.o)
                              ShiftRegister/ShiftRegister74HC595.o (shiftOut)
C:\Users\KOLTIN~2\DOCUME~1\GitHub\ANALOG~1\SEQUEN~1\MICROC~1\ATMELN~1\SEQUEN~1\ARDUIN~1\Debug\libArduinoCore.a(hooks.o)
                              C:\Users\KOLTIN~2\DOCUME~1\GitHub\ANALOG~1\SEQUEN~1\MICROC~1\ATMELN~1\SEQUEN~1\ARDUIN~1\Debug\libArduinoCore.a(wiring.o) (yield)
c:/program files (x86)/atmel/studio/7.0/toolchain/avr8/avr8-gnu-toolchain/bin/../lib/gcc/avr/4.9.2/avr5\libgcc.a(_divmodhi4.o)
                              ShiftRegister/ShiftRegister74HC595.o (__divmodhi4)
c:/program files (x86)/atmel/studio/7.0/toolchain/avr8/avr8-gnu-toolchain/bin/../lib/gcc/avr/4.9.2/avr5\libgcc.a(_exit.o)
                              C:/Program Files (x86)/Atmel/Studio/7.0/Packs/atmel/ATmega_DFP/1.1.130/gcc/dev/atmega328p/avr5/crtatmega328p.o (exit)
c:/program files (x86)/atmel/studio/7.0/toolchain/avr8/avr8-gnu-toolchain/bin/../lib/gcc/avr/4.9.2/avr5\libgcc.a(_clear_bss.o)
                              Sequencer.o (__do_clear_bss)
c:/program files (x86)/atmel/studio/7.0/toolchain/avr8/avr8-gnu-toolchain/bin/../lib/gcc/avr/4.9.2/avr5\libgcc.a(_ctors.o)
                              Sequencer.o (__do_global_ctors)
c:/program files (x86)/atmel/studio/7.0/toolchain/avr8/avr8-gnu-toolchain/bin/../lib/gcc/avr/4.9.2/avr5\libgcc.a(_dtors.o)
                              Sequencer.o (__do_global_dtors)
c:/program files (x86)/atmel/studio/7.0/toolchain/avr8/avr8-gnu-toolchain/bin/../lib/gcc/avr/4.9.2/avr5\libgcc.a(_udivmodhi4.o)
                              c:/program files (x86)/atmel/studio/7.0/toolchain/avr8/avr8-gnu-toolchain/bin/../lib/gcc/avr/4.9.2/avr5\libgcc.a(_divmodhi4.o) (__udivmodhi4)
c:/program files (x86)/atmel/studio/7.0/toolchain/avr8/avr8-gnu-toolchain/bin/../lib/gcc/avr/4.9.2/avr5\libgcc.a(_tablejump2.o)
                              c:/program files (x86)/atmel/studio/7.0/toolchain/avr8/avr8-gnu-toolchain/bin/../lib/gcc/avr/4.9.2/avr5\libgcc.a(_ctors.o) (__tablejump2__)
c:/program files (x86)/atmel/studio/7.0/toolchain/avr8/avr8-gnu-toolchain/bin/../lib/gcc/avr/4.9.2/../../../../avr/lib/avr5\libc.a(malloc.o)
                              ShiftRegister/ShiftRegister74HC595.o (malloc)
c:/program files (x86)/atmel/studio/7.0/toolchain/avr8/avr8-gnu-toolchain/bin/../lib/gcc/avr/4.9.2/../../../../avr/lib/avr5\libc.a(memcpy_P.o)
                              ShiftRegister/ShiftRegister74HC595.o (memcpy_P)
c:/program files (x86)/atmel/studio/7.0/toolchain/avr8/avr8-gnu-toolchain/bin/../lib/gcc/avr/4.9.2/../../../../avr/lib/avr5\libc.a(memcpy.o)
                              ShiftRegister/ShiftRegister74HC595.o (memcpy)
c:/program files (x86)/atmel/studio/7.0/toolchain/avr8/avr8-gnu-toolchain/bin/../lib/gcc/avr/4.9.2/../../../../avr/lib/avr5\libc.a(memset.o)
                              ShiftRegister/ShiftRegister74HC595.o (memset)
c:/program files (x86)/atmel/studio/7.0/toolchain/avr8/avr8-gnu-toolchain/bin/../lib/gcc/avr/4.9.2/avr5\libgcc.a(_copy_data.o)
                              c:/program files (x86)/atmel/studio/7.0/toolchain/avr8/avr8-gnu-toolchain/bin/../lib/gcc/avr/4.9.2/../../../../avr/lib/avr5\libc.a(malloc.o) (__do_copy_data)

Allocating common symbols
Common symbol       size              file

__brkval            0x2               c:/program files (x86)/atmel/studio/7.0/toolchain/avr8/avr8-gnu-toolchain/bin/../lib/gcc/avr/4.9.2/../../../../avr/lib/avr5\libc.a(malloc.o)
__flp               0x2               c:/program files (x86)/atmel/studio/7.0/toolchain/avr8/avr8-gnu-toolchain/bin/../lib/gcc/avr/4.9.2/../../../../avr/lib/avr5\libc.a(malloc.o)

Discarded input sections

 .data          0x00000000        0x0 C:/Program Files (x86)/Atmel/Studio/7.0/Packs/atmel/ATmega_DFP/1.1.130/gcc/dev/atmega328p/avr5/crtatmega328p.o
 .bss           0x00000000        0x0 C:/Program Files (x86)/Atmel/Studio/7.0/Packs/atmel/ATmega_DFP/1.1.130/gcc/dev/atmega328p/avr5/crtatmega328p.o
 .text          0x00000000        0x0 Sequencer.o
 .data          0x00000000        0x0 Sequencer.o
 .bss           0x00000000        0x0 Sequencer.o
 .text          0x00000000        0x0 ShiftRegister/ShiftRegister74HC595.o
 .data          0x00000000        0x0 ShiftRegister/ShiftRegister74HC595.o
 .bss           0x00000000        0x0 ShiftRegister/ShiftRegister74HC595.o
 .text._ZN20ShiftRegister74HC5956getAllEv
                0x00000000        0x8 ShiftRegister/ShiftRegister74HC595.o
 .text._ZN20ShiftRegister74HC5956setAllEPKh
                0x00000000       0x1c ShiftRegister/ShiftRegister74HC595.o
 .text._ZN20ShiftRegister74HC5958setAll_PEPKh
                0x00000000       0x1c ShiftRegister/ShiftRegister74HC595.o
 .text._ZN20ShiftRegister74HC59511setNoUpdateEih
                0x00000000       0x7c ShiftRegister/ShiftRegister74HC595.o
 .text._ZN20ShiftRegister74HC5953setEih
                0x00000000       0x14 ShiftRegister/ShiftRegister74HC595.o
 .text._ZN20ShiftRegister74HC5953getEi
                0x00000000       0x42 ShiftRegister/ShiftRegister74HC595.o
 .text          0x00000000        0x0 C:\Users\KOLTIN~2\DOCUME~1\GitHub\ANALOG~1\SEQUEN~1\MICROC~1\ATMELN~1\SEQUEN~1\ARDUIN~1\Debug\libArduinoCore.a(main.o)
 .data          0x00000000        0x0 C:\Users\KOLTIN~2\DOCUME~1\GitHub\ANALOG~1\SEQUEN~1\MICROC~1\ATMELN~1\SEQUEN~1\ARDUIN~1\Debug\libArduinoCore.a(main.o)
 .bss           0x00000000        0x0 C:\Users\KOLTIN~2\DOCUME~1\GitHub\ANALOG~1\SEQUEN~1\MICROC~1\ATMELN~1\SEQUEN~1\ARDUIN~1\Debug\libArduinoCore.a(main.o)
 .text.atexit   0x00000000        0x6 C:\Users\KOLTIN~2\DOCUME~1\GitHub\ANALOG~1\SEQUEN~1\MICROC~1\ATMELN~1\SEQUEN~1\ARDUIN~1\Debug\libArduinoCore.a(main.o)
 .text._Z8setupUSBv
                0x00000000        0x2 C:\Users\KOLTIN~2\DOCUME~1\GitHub\ANALOG~1\SEQUEN~1\MICROC~1\ATMELN~1\SEQUEN~1\ARDUIN~1\Debug\libArduinoCore.a(main.o)
 .text          0x00000000        0x0 C:\Users\KOLTIN~2\DOCUME~1\GitHub\ANALOG~1\SEQUEN~1\MICROC~1\ATMELN~1\SEQUEN~1\ARDUIN~1\Debug\libArduinoCore.a(wiring.o)
 .data          0x00000000        0x0 C:\Users\KOLTIN~2\DOCUME~1\GitHub\ANALOG~1\SEQUEN~1\MICROC~1\ATMELN~1\SEQUEN~1\ARDUIN~1\Debug\libArduinoCore.a(wiring.o)
 .bss           0x00000000        0x0 C:\Users\KOLTIN~2\DOCUME~1\GitHub\ANALOG~1\SEQUEN~1\MICROC~1\ATMELN~1\SEQUEN~1\ARDUIN~1\Debug\libArduinoCore.a(wiring.o)
 .text.millis   0x00000000       0x18 C:\Users\KOLTIN~2\DOCUME~1\GitHub\ANALOG~1\SEQUEN~1\MICROC~1\ATMELN~1\SEQUEN~1\ARDUIN~1\Debug\libArduinoCore.a(wiring.o)
 .text.delayMicroseconds
                0x00000000       0x16 C:\Users\KOLTIN~2\DOCUME~1\GitHub\ANALOG~1\SEQUEN~1\MICROC~1\ATMELN~1\SEQUEN~1\ARDUIN~1\Debug\libArduinoCore.a(wiring.o)
 .text          0x00000000        0x0 C:\Users\KOLTIN~2\DOCUME~1\GitHub\ANALOG~1\SEQUEN~1\MICROC~1\ATMELN~1\SEQUEN~1\ARDUIN~1\Debug\libArduinoCore.a(wiring_digital.o)
 .data          0x00000000        0x0 C:\Users\KOLTIN~2\DOCUME~1\GitHub\ANALOG~1\SEQUEN~1\MICROC~1\ATMELN~1\SEQUEN~1\ARDUIN~1\Debug\libArduinoCore.a(wiring_digital.o)
 .bss           0x00000000        0x0 C:\Users\KOLTIN~2\DOCUME~1\GitHub\ANALOG~1\SEQUEN~1\MICROC~1\ATMELN~1\SEQUEN~1\ARDUIN~1\Debug\libArduinoCore.a(wiring_digital.o)
 .text.digitalRead
                0x00000000       0x52 C:\Users\KOLTIN~2\DOCUME~1\GitHub\ANALOG~1\SEQUEN~1\MICROC~1\ATMELN~1\SEQUEN~1\ARDUIN~1\Debug\libArduinoCore.a(wiring_digital.o)
 .progmem.data.port_to_input_PGM
                0x00000000        0xa C:\Users\KOLTIN~2\DOCUME~1\GitHub\ANALOG~1\SEQUEN~1\MICROC~1\ATMELN~1\SEQUEN~1\ARDUIN~1\Debug\libArduinoCore.a(wiring_digital.o)
 .text          0x00000000        0x0 C:\Users\KOLTIN~2\DOCUME~1\GitHub\ANALOG~1\SEQUEN~1\MICROC~1\ATMELN~1\SEQUEN~1\ARDUIN~1\Debug\libArduinoCore.a(wiring_shift.o)
 .data          0x00000000        0x0 C:\Users\KOLTIN~2\DOCUME~1\GitHub\ANALOG~1\SEQUEN~1\MICROC~1\ATMELN~1\SEQUEN~1\ARDUIN~1\Debug\libArduinoCore.a(wiring_shift.o)
 .bss           0x00000000        0x0 C:\Users\KOLTIN~2\DOCUME~1\GitHub\ANALOG~1\SEQUEN~1\MICROC~1\ATMELN~1\SEQUEN~1\ARDUIN~1\Debug\libArduinoCore.a(wiring_shift.o)
 .text.shiftIn  0x00000000       0x76 C:\Users\KOLTIN~2\DOCUME~1\GitHub\ANALOG~1\SEQUEN~1\MICROC~1\ATMELN~1\SEQUEN~1\ARDUIN~1\Debug\libArduinoCore.a(wiring_shift.o)
 .text          0x00000000        0x0 C:\Users\KOLTIN~2\DOCUME~1\GitHub\ANALOG~1\SEQUEN~1\MICROC~1\ATMELN~1\SEQUEN~1\ARDUIN~1\Debug\libArduinoCore.a(hooks.o)
 .data          0x00000000        0x0 C:\Users\KOLTIN~2\DOCUME~1\GitHub\ANALOG~1\SEQUEN~1\MICROC~1\ATMELN~1\SEQUEN~1\ARDUIN~1\Debug\libArduinoCore.a(hooks.o)
 .bss           0x00000000        0x0 C:\Users\KOLTIN~2\DOCUME~1\GitHub\ANALOG~1\SEQUEN~1\MICROC~1\ATMELN~1\SEQUEN~1\ARDUIN~1\Debug\libArduinoCore.a(hooks.o)
 .text          0x00000000        0x0 c:/program files (x86)/atmel/studio/7.0/toolchain/avr8/avr8-gnu-toolchain/bin/../lib/gcc/avr/4.9.2/avr5\libgcc.a(_divmodhi4.o)
 .data          0x00000000        0x0 c:/program files (x86)/atmel/studio/7.0/toolchain/avr8/avr8-gnu-toolchain/bin/../lib/gcc/avr/4.9.2/avr5\libgcc.a(_divmodhi4.o)
 .bss           0x00000000        0x0 c:/program files (x86)/atmel/studio/7.0/toolchain/avr8/avr8-gnu-toolchain/bin/../lib/gcc/avr/4.9.2/avr5\libgcc.a(_divmodhi4.o)
 .text.libgcc.mul
                0x00000000        0x0 c:/program files (x86)/atmel/studio/7.0/toolchain/avr8/avr8-gnu-toolchain/bin/../lib/gcc/avr/4.9.2/avr5\libgcc.a(_divmodhi4.o)
 .text.libgcc.div
                0x00000000       0x28 c:/program files (x86)/atmel/studio/7.0/toolchain/avr8/avr8-gnu-toolchain/bin/../lib/gcc/avr/4.9.2/avr5\libgcc.a(_divmodhi4.o)
 .text.libgcc   0x00000000        0x0 c:/program files (x86)/atmel/studio/7.0/toolchain/avr8/avr8-gnu-toolchain/bin/../lib/gcc/avr/4.9.2/avr5\libgcc.a(_divmodhi4.o)
 .text.libgcc.prologue
                0x00000000        0x0 c:/program files (x86)/atmel/studio/7.0/toolchain/avr8/avr8-gnu-toolchain/bin/../lib/gcc/avr/4.9.2/avr5\libgcc.a(_divmodhi4.o)
 .text.libgcc.builtins
                0x00000000        0x0 c:/program files (x86)/atmel/studio/7.0/toolchain/avr8/avr8-gnu-toolchain/bin/../lib/gcc/avr/4.9.2/avr5\libgcc.a(_divmodhi4.o)
 .text.libgcc.fmul
                0x00000000        0x0 c:/program files (x86)/atmel/studio/7.0/toolchain/avr8/avr8-gnu-toolchain/bin/../lib/gcc/avr/4.9.2/avr5\libgcc.a(_divmodhi4.o)
 .text.libgcc.fixed
                0x00000000        0x0 c:/program files (x86)/atmel/studio/7.0/toolchain/avr8/avr8-gnu-toolchain/bin/../lib/gcc/avr/4.9.2/avr5\libgcc.a(_divmodhi4.o)
 .text          0x00000000        0x0 c:/program files (x86)/atmel/studio/7.0/toolchain/avr8/avr8-gnu-toolchain/bin/../lib/gcc/avr/4.9.2/avr5\libgcc.a(_exit.o)
 .data          0x00000000        0x0 c:/program files (x86)/atmel/studio/7.0/toolchain/avr8/avr8-gnu-toolchain/bin/../lib/gcc/avr/4.9.2/avr5\libgcc.a(_exit.o)
 .bss           0x00000000        0x0 c:/program files (x86)/atmel/studio/7.0/toolchain/avr8/avr8-gnu-toolchain/bin/../lib/gcc/avr/4.9.2/avr5\libgcc.a(_exit.o)
 .text.libgcc.mul
                0x00000000        0x0 c:/program files (x86)/atmel/studio/7.0/toolchain/avr8/avr8-gnu-toolchain/bin/../lib/gcc/avr/4.9.2/avr5\libgcc.a(_exit.o)
 .text.libgcc.div
                0x00000000        0x0 c:/program files (x86)/atmel/studio/7.0/toolchain/avr8/avr8-gnu-toolchain/bin/../lib/gcc/avr/4.9.2/avr5\libgcc.a(_exit.o)
 .text.libgcc   0x00000000        0x0 c:/program files (x86)/atmel/studio/7.0/toolchain/avr8/avr8-gnu-toolchain/bin/../lib/gcc/avr/4.9.2/avr5\libgcc.a(_exit.o)
 .text.libgcc.prologue
                0x00000000        0x0 c:/program files (x86)/atmel/studio/7.0/toolchain/avr8/avr8-gnu-toolchain/bin/../lib/gcc/avr/4.9.2/avr5\libgcc.a(_exit.o)
 .text.libgcc.builtins
                0x00000000        0x0 c:/program files (x86)/atmel/studio/7.0/toolchain/avr8/avr8-gnu-toolchain/bin/../lib/gcc/avr/4.9.2/avr5\libgcc.a(_exit.o)
 .text.libgcc.fmul
                0x00000000        0x0 c:/program files (x86)/atmel/studio/7.0/toolchain/avr8/avr8-gnu-toolchain/bin/../lib/gcc/avr/4.9.2/avr5\libgcc.a(_exit.o)
 .text.libgcc.fixed
                0x00000000        0x0 c:/program files (x86)/atmel/studio/7.0/toolchain/avr8/avr8-gnu-toolchain/bin/../lib/gcc/avr/4.9.2/avr5\libgcc.a(_exit.o)
 .text          0x00000000        0x0 c:/program files (x86)/atmel/studio/7.0/toolchain/avr8/avr8-gnu-toolchain/bin/../lib/gcc/avr/4.9.2/avr5\libgcc.a(_clear_bss.o)
 .data          0x00000000        0x0 c:/program files (x86)/atmel/studio/7.0/toolchain/avr8/avr8-gnu-toolchain/bin/../lib/gcc/avr/4.9.2/avr5\libgcc.a(_clear_bss.o)
 .bss           0x00000000        0x0 c:/program files (x86)/atmel/studio/7.0/toolchain/avr8/avr8-gnu-toolchain/bin/../lib/gcc/avr/4.9.2/avr5\libgcc.a(_clear_bss.o)
 .text.libgcc.mul
                0x00000000        0x0 c:/program files (x86)/atmel/studio/7.0/toolchain/avr8/avr8-gnu-toolchain/bin/../lib/gcc/avr/4.9.2/avr5\libgcc.a(_clear_bss.o)
 .text.libgcc.div
                0x00000000        0x0 c:/program files (x86)/atmel/studio/7.0/toolchain/avr8/avr8-gnu-toolchain/bin/../lib/gcc/avr/4.9.2/avr5\libgcc.a(_clear_bss.o)
 .text.libgcc   0x00000000        0x0 c:/program files (x86)/atmel/studio/7.0/toolchain/avr8/avr8-gnu-toolchain/bin/../lib/gcc/avr/4.9.2/avr5\libgcc.a(_clear_bss.o)
 .text.libgcc.prologue
                0x00000000        0x0 c:/program files (x86)/atmel/studio/7.0/toolchain/avr8/avr8-gnu-toolchain/bin/../lib/gcc/avr/4.9.2/avr5\libgcc.a(_clear_bss.o)
 .text.libgcc.builtins
                0x00000000        0x0 c:/program files (x86)/atmel/studio/7.0/toolchain/avr8/avr8-gnu-toolchain/bin/../lib/gcc/avr/4.9.2/avr5\libgcc.a(_clear_bss.o)
 .text.libgcc.fmul
                0x00000000        0x0 c:/program files (x86)/atmel/studio/7.0/toolchain/avr8/avr8-gnu-toolchain/bin/../lib/gcc/avr/4.9.2/avr5\libgcc.a(_clear_bss.o)
 .text.libgcc.fixed
                0x00000000        0x0 c:/program files (x86)/atmel/studio/7.0/toolchain/avr8/avr8-gnu-toolchain/bin/../lib/gcc/avr/4.9.2/avr5\libgcc.a(_clear_bss.o)
 .text          0x00000000        0x0 c:/program files (x86)/atmel/studio/7.0/toolchain/avr8/avr8-gnu-toolchain/bin/../lib/gcc/avr/4.9.2/avr5\libgcc.a(_ctors.o)
 .data          0x00000000        0x0 c:/program files (x86)/atmel/studio/7.0/toolchain/avr8/avr8-gnu-toolchain/bin/../lib/gcc/avr/4.9.2/avr5\libgcc.a(_ctors.o)
 .bss           0x00000000        0x0 c:/program files (x86)/atmel/studio/7.0/toolchain/avr8/avr8-gnu-toolchain/bin/../lib/gcc/avr/4.9.2/avr5\libgcc.a(_ctors.o)
 .text.libgcc.mul
                0x00000000        0x0 c:/program files (x86)/atmel/studio/7.0/toolchain/avr8/avr8-gnu-toolchain/bin/../lib/gcc/avr/4.9.2/avr5\libgcc.a(_ctors.o)
 .text.libgcc.div
                0x00000000        0x0 c:/program files (x86)/atmel/studio/7.0/toolchain/avr8/avr8-gnu-toolchain/bin/../lib/gcc/avr/4.9.2/avr5\libgcc.a(_ctors.o)
 .text.libgcc   0x00000000        0x0 c:/program files (x86)/atmel/studio/7.0/toolchain/avr8/avr8-gnu-toolchain/bin/../lib/gcc/avr/4.9.2/avr5\libgcc.a(_ctors.o)
 .text.libgcc.prologue
                0x00000000        0x0 c:/program files (x86)/atmel/studio/7.0/toolchain/avr8/avr8-gnu-toolchain/bin/../lib/gcc/avr/4.9.2/avr5\libgcc.a(_ctors.o)
 .text.libgcc.builtins
                0x00000000        0x0 c:/program files (x86)/atmel/studio/7.0/toolchain/avr8/avr8-gnu-toolchain/bin/../lib/gcc/avr/4.9.2/avr5\libgcc.a(_ctors.o)
 .text.libgcc.fmul
                0x00000000        0x0 c:/program files (x86)/atmel/studio/7.0/toolchain/avr8/avr8-gnu-toolchain/bin/../lib/gcc/avr/4.9.2/avr5\libgcc.a(_ctors.o)
 .text.libgcc.fixed
                0x00000000        0x0 c:/program files (x86)/atmel/studio/7.0/toolchain/avr8/avr8-gnu-toolchain/bin/../lib/gcc/avr/4.9.2/avr5\libgcc.a(_ctors.o)
 .text          0x00000000        0x0 c:/program files (x86)/atmel/studio/7.0/toolchain/avr8/avr8-gnu-toolchain/bin/../lib/gcc/avr/4.9.2/avr5\libgcc.a(_dtors.o)
 .data          0x00000000        0x0 c:/program files (x86)/atmel/studio/7.0/toolchain/avr8/avr8-gnu-toolchain/bin/../lib/gcc/avr/4.9.2/avr5\libgcc.a(_dtors.o)
 .bss           0x00000000        0x0 c:/program files (x86)/atmel/studio/7.0/toolchain/avr8/avr8-gnu-toolchain/bin/../lib/gcc/avr/4.9.2/avr5\libgcc.a(_dtors.o)
 .text.libgcc.mul
                0x00000000        0x0 c:/program files (x86)/atmel/studio/7.0/toolchain/avr8/avr8-gnu-toolchain/bin/../lib/gcc/avr/4.9.2/avr5\libgcc.a(_dtors.o)
 .text.libgcc.div
                0x00000000        0x0 c:/program files (x86)/atmel/studio/7.0/toolchain/avr8/avr8-gnu-toolchain/bin/../lib/gcc/avr/4.9.2/avr5\libgcc.a(_dtors.o)
 .text.libgcc   0x00000000        0x0 c:/program files (x86)/atmel/studio/7.0/toolchain/avr8/avr8-gnu-toolchain/bin/../lib/gcc/avr/4.9.2/avr5\libgcc.a(_dtors.o)
 .text.libgcc.prologue
                0x00000000        0x0 c:/program files (x86)/atmel/studio/7.0/toolchain/avr8/avr8-gnu-toolchain/bin/../lib/gcc/avr/4.9.2/avr5\libgcc.a(_dtors.o)
 .text.libgcc.builtins
                0x00000000        0x0 c:/program files (x86)/atmel/studio/7.0/toolchain/avr8/avr8-gnu-toolchain/bin/../lib/gcc/avr/4.9.2/avr5\libgcc.a(_dtors.o)
 .text.libgcc.fmul
                0x00000000        0x0 c:/program files (x86)/atmel/studio/7.0/toolchain/avr8/avr8-gnu-toolchain/bin/../lib/gcc/avr/4.9.2/avr5\libgcc.a(_dtors.o)
 .text.libgcc.fixed
                0x00000000        0x0 c:/program files (x86)/atmel/studio/7.0/toolchain/avr8/avr8-gnu-toolchain/bin/../lib/gcc/avr/4.9.2/avr5\libgcc.a(_dtors.o)
 .text          0x00000000        0x0 c:/program files (x86)/atmel/studio/7.0/toolchain/avr8/avr8-gnu-toolchain/bin/../lib/gcc/avr/4.9.2/avr5\libgcc.a(_udivmodhi4.o)
 .data          0x00000000        0x0 c:/program files (x86)/atmel/studio/7.0/toolchain/avr8/avr8-gnu-toolchain/bin/../lib/gcc/avr/4.9.2/avr5\libgcc.a(_udivmodhi4.o)
 .bss           0x00000000        0x0 c:/program files (x86)/atmel/studio/7.0/toolchain/avr8/avr8-gnu-toolchain/bin/../lib/gcc/avr/4.9.2/avr5\libgcc.a(_udivmodhi4.o)
 .text.libgcc.mul
                0x00000000        0x0 c:/program files (x86)/atmel/studio/7.0/toolchain/avr8/avr8-gnu-toolchain/bin/../lib/gcc/avr/4.9.2/avr5\libgcc.a(_udivmodhi4.o)
 .text.libgcc.div
                0x00000000       0x28 c:/program files (x86)/atmel/studio/7.0/toolchain/avr8/avr8-gnu-toolchain/bin/../lib/gcc/avr/4.9.2/avr5\libgcc.a(_udivmodhi4.o)
 .text.libgcc   0x00000000        0x0 c:/program files (x86)/atmel/studio/7.0/toolchain/avr8/avr8-gnu-toolchain/bin/../lib/gcc/avr/4.9.2/avr5\libgcc.a(_udivmodhi4.o)
 .text.libgcc.prologue
                0x00000000        0x0 c:/program files (x86)/atmel/studio/7.0/toolchain/avr8/avr8-gnu-toolchain/bin/../lib/gcc/avr/4.9.2/avr5\libgcc.a(_udivmodhi4.o)
 .text.libgcc.builtins
                0x00000000        0x0 c:/program files (x86)/atmel/studio/7.0/toolchain/avr8/avr8-gnu-toolchain/bin/../lib/gcc/avr/4.9.2/avr5\libgcc.a(_udivmodhi4.o)
 .text.libgcc.fmul
                0x00000000        0x0 c:/program files (x86)/atmel/studio/7.0/toolchain/avr8/avr8-gnu-toolchain/bin/../lib/gcc/avr/4.9.2/avr5\libgcc.a(_udivmodhi4.o)
 .text.libgcc.fixed
                0x00000000        0x0 c:/program files (x86)/atmel/studio/7.0/toolchain/avr8/avr8-gnu-toolchain/bin/../lib/gcc/avr/4.9.2/avr5\libgcc.a(_udivmodhi4.o)
 .text          0x00000000        0x0 c:/program files (x86)/atmel/studio/7.0/toolchain/avr8/avr8-gnu-toolchain/bin/../lib/gcc/avr/4.9.2/avr5\libgcc.a(_tablejump2.o)
 .data          0x00000000        0x0 c:/program files (x86)/atmel/studio/7.0/toolchain/avr8/avr8-gnu-toolchain/bin/../lib/gcc/avr/4.9.2/avr5\libgcc.a(_tablejump2.o)
 .bss           0x00000000        0x0 c:/program files (x86)/atmel/studio/7.0/toolchain/avr8/avr8-gnu-toolchain/bin/../lib/gcc/avr/4.9.2/avr5\libgcc.a(_tablejump2.o)
 .text.libgcc.mul
                0x00000000        0x0 c:/program files (x86)/atmel/studio/7.0/toolchain/avr8/avr8-gnu-toolchain/bin/../lib/gcc/avr/4.9.2/avr5\libgcc.a(_tablejump2.o)
 .text.libgcc.div
                0x00000000        0x0 c:/program files (x86)/atmel/studio/7.0/toolchain/avr8/avr8-gnu-toolchain/bin/../lib/gcc/avr/4.9.2/avr5\libgcc.a(_tablejump2.o)
 .text.libgcc.prologue
                0x00000000        0x0 c:/program files (x86)/atmel/studio/7.0/toolchain/avr8/avr8-gnu-toolchain/bin/../lib/gcc/avr/4.9.2/avr5\libgcc.a(_tablejump2.o)
 .text.libgcc.builtins
                0x00000000        0x0 c:/program files (x86)/atmel/studio/7.0/toolchain/avr8/avr8-gnu-toolchain/bin/../lib/gcc/avr/4.9.2/avr5\libgcc.a(_tablejump2.o)
 .text.libgcc.fmul
                0x00000000        0x0 c:/program files (x86)/atmel/studio/7.0/toolchain/avr8/avr8-gnu-toolchain/bin/../lib/gcc/avr/4.9.2/avr5\libgcc.a(_tablejump2.o)
 .text.libgcc.fixed
                0x00000000        0x0 c:/program files (x86)/atmel/studio/7.0/toolchain/avr8/avr8-gnu-toolchain/bin/../lib/gcc/avr/4.9.2/avr5\libgcc.a(_tablejump2.o)
 .text          0x00000000        0x0 c:/program files (x86)/atmel/studio/7.0/toolchain/avr8/avr8-gnu-toolchain/bin/../lib/gcc/avr/4.9.2/../../../../avr/lib/avr5\libc.a(malloc.o)
 .bss           0x00000000        0x0 c:/program files (x86)/atmel/studio/7.0/toolchain/avr8/avr8-gnu-toolchain/bin/../lib/gcc/avr/4.9.2/../../../../avr/lib/avr5\libc.a(malloc.o)
 .text          0x00000000        0x0 c:/program files (x86)/atmel/studio/7.0/toolchain/avr8/avr8-gnu-toolchain/bin/../lib/gcc/avr/4.9.2/../../../../avr/lib/avr5\libc.a(memcpy_P.o)
 .data          0x00000000        0x0 c:/program files (x86)/atmel/studio/7.0/toolchain/avr8/avr8-gnu-toolchain/bin/../lib/gcc/avr/4.9.2/../../../../avr/lib/avr5\libc.a(memcpy_P.o)
 .bss           0x00000000        0x0 c:/program files (x86)/atmel/studio/7.0/toolchain/avr8/avr8-gnu-toolchain/bin/../lib/gcc/avr/4.9.2/../../../../avr/lib/avr5\libc.a(memcpy_P.o)
 .text.avr-libc
                0x00000000       0x12 c:/program files (x86)/atmel/studio/7.0/toolchain/avr8/avr8-gnu-toolchain/bin/../lib/gcc/avr/4.9.2/../../../../avr/lib/avr5\libc.a(memcpy_P.o)
 .text          0x00000000        0x0 c:/program files (x86)/atmel/studio/7.0/toolchain/avr8/avr8-gnu-toolchain/bin/../lib/gcc/avr/4.9.2/../../../../avr/lib/avr5\libc.a(memcpy.o)
 .data          0x00000000        0x0 c:/program files (x86)/atmel/studio/7.0/toolchain/avr8/avr8-gnu-toolchain/bin/../lib/gcc/avr/4.9.2/../../../../avr/lib/avr5\libc.a(memcpy.o)
 .bss           0x00000000        0x0 c:/program files (x86)/atmel/studio/7.0/toolchain/avr8/avr8-gnu-toolchain/bin/../lib/gcc/avr/4.9.2/../../../../avr/lib/avr5\libc.a(memcpy.o)
 .text.avr-libc
                0x00000000       0x12 c:/program files (x86)/atmel/studio/7.0/toolchain/avr8/avr8-gnu-toolchain/bin/../lib/gcc/avr/4.9.2/../../../../avr/lib/avr5\libc.a(memcpy.o)
 .text          0x00000000        0x0 c:/program files (x86)/atmel/studio/7.0/toolchain/avr8/avr8-gnu-toolchain/bin/../lib/gcc/avr/4.9.2/../../../../avr/lib/avr5\libc.a(memset.o)
 .data          0x00000000        0x0 c:/program files (x86)/atmel/studio/7.0/toolchain/avr8/avr8-gnu-toolchain/bin/../lib/gcc/avr/4.9.2/../../../../avr/lib/avr5\libc.a(memset.o)
 .bss           0x00000000        0x0 c:/program files (x86)/atmel/studio/7.0/toolchain/avr8/avr8-gnu-toolchain/bin/../lib/gcc/avr/4.9.2/../../../../avr/lib/avr5\libc.a(memset.o)
 .text          0x00000000        0x0 c:/program files (x86)/atmel/studio/7.0/toolchain/avr8/avr8-gnu-toolchain/bin/../lib/gcc/avr/4.9.2/avr5\libgcc.a(_copy_data.o)
 .data          0x00000000        0x0 c:/program files (x86)/atmel/studio/7.0/toolchain/avr8/avr8-gnu-toolchain/bin/../lib/gcc/avr/4.9.2/avr5\libgcc.a(_copy_data.o)
 .bss           0x00000000        0x0 c:/program files (x86)/atmel/studio/7.0/toolchain/avr8/avr8-gnu-toolchain/bin/../lib/gcc/avr/4.9.2/avr5\libgcc.a(_copy_data.o)
 .text.libgcc.mul
                0x00000000        0x0 c:/program files (x86)/atmel/studio/7.0/toolchain/avr8/avr8-gnu-toolchain/bin/../lib/gcc/avr/4.9.2/avr5\libgcc.a(_copy_data.o)
 .text.libgcc.div
                0x00000000        0x0 c:/program files (x86)/atmel/studio/7.0/toolchain/avr8/avr8-gnu-toolchain/bin/../lib/gcc/avr/4.9.2/avr5\libgcc.a(_copy_data.o)
 .text.libgcc   0x00000000        0x0 c:/program files (x86)/atmel/studio/7.0/toolchain/avr8/avr8-gnu-toolchain/bin/../lib/gcc/avr/4.9.2/avr5\libgcc.a(_copy_data.o)
 .text.libgcc.prologue
                0x00000000        0x0 c:/program files (x86)/atmel/studio/7.0/toolchain/avr8/avr8-gnu-toolchain/bin/../lib/gcc/avr/4.9.2/avr5\libgcc.a(_copy_data.o)
 .text.libgcc.builtins
                0x00000000        0x0 c:/program files (x86)/atmel/studio/7.0/toolchain/avr8/avr8-gnu-toolchain/bin/../lib/gcc/avr/4.9.2/avr5\libgcc.a(_copy_data.o)
 .text.libgcc.fmul
                0x00000000        0x0 c:/program files (x86)/atmel/studio/7.0/toolchain/avr8/avr8-gnu-toolchain/bin/../lib/gcc/avr/4.9.2/avr5\libgcc.a(_copy_data.o)
 .text.libgcc.fixed
                0x00000000        0x0 c:/program files (x86)/atmel/studio/7.0/toolchain/avr8/avr8-gnu-toolchain/bin/../lib/gcc/avr/4.9.2/avr5\libgcc.a(_copy_data.o)

Memory Configuration

Name             Origin             Length             Attributes
text             0x00000000         0x00020000         xr
data             0x00800060         0x0000ffa0         rw !x
eeprom           0x00810000         0x00010000         rw !x
fuse             0x00820000         0x00000003         rw !x
lock             0x00830000         0x00000400         rw !x
signature        0x00840000         0x00000400         rw !x
user_signatures  0x00850000         0x00000400         rw !x
*default*        0x00000000         0xffffffff

Linker script and memory map

Address of section .data set to 0x800100
LOAD C:/Program Files (x86)/Atmel/Studio/7.0/Packs/atmel/ATmega_DFP/1.1.130/gcc/dev/atmega328p/avr5/crtatmega328p.o
LOAD Sequencer.o
LOAD ShiftRegister/ShiftRegister74HC595.o
START GROUP
LOAD c:/program files (x86)/atmel/studio/7.0/toolchain/avr8/avr8-gnu-toolchain/bin/../lib/gcc/avr/4.9.2/../../../../avr/lib/avr5\libm.a
LOAD C:\Users\KOLTIN~2\DOCUME~1\GitHub\ANALOG~1\SEQUEN~1\MICROC~1\ATMELN~1\SEQUEN~1\ARDUIN~1\Debug\libArduinoCore.a
END GROUP
LOAD c:/program files (x86)/atmel/studio/7.0/toolchain/avr8/avr8-gnu-toolchain/bin/../lib/gcc/avr/4.9.2/avr5\libgcc.a
LOAD c:/program files (x86)/atmel/studio/7.0/toolchain/avr8/avr8-gnu-toolchain/bin/../lib/gcc/avr/4.9.2/../../../../avr/lib/avr5\libm.a
START GROUP
LOAD c:/program files (x86)/atmel/studio/7.0/toolchain/avr8/avr8-gnu-toolchain/bin/../lib/gcc/avr/4.9.2/avr5\libgcc.a
LOAD c:/program files (x86)/atmel/studio/7.0/toolchain/avr8/avr8-gnu-toolchain/bin/../lib/gcc/avr/4.9.2/../../../../avr/lib/avr5\libm.a
LOAD c:/program files (x86)/atmel/studio/7.0/toolchain/avr8/avr8-gnu-toolchain/bin/../lib/gcc/avr/4.9.2/../../../../avr/lib/avr5\libc.a
LOAD C:/Program Files (x86)/Atmel/Studio/7.0/Packs/atmel/ATmega_DFP/1.1.130/gcc/dev/atmega328p/avr5\libatmega328p.a
END GROUP
                0x00020000                __TEXT_REGION_LENGTH__ = DEFINED (__TEXT_REGION_LENGTH__)?__TEXT_REGION_LENGTH__:0x20000
                0x0000ffa0                __DATA_REGION_LENGTH__ = DEFINED (__DATA_REGION_LENGTH__)?__DATA_REGION_LENGTH__:0xffa0
                0x00010000                __EEPROM_REGION_LENGTH__ = DEFINED (__EEPROM_REGION_LENGTH__)?__EEPROM_REGION_LENGTH__:0x10000
                [0x00000003]                __FUSE_REGION_LENGTH__ = DEFINED (__FUSE_REGION_LENGTH__)?__FUSE_REGION_LENGTH__:0x400
                0x00000400                __LOCK_REGION_LENGTH__ = DEFINED (__LOCK_REGION_LENGTH__)?__LOCK_REGION_LENGTH__:0x400
                0x00000400                __SIGNATURE_REGION_LENGTH__ = DEFINED (__SIGNATURE_REGION_LENGTH__)?__SIGNATURE_REGION_LENGTH__:0x400
                0x00000400                __USER_SIGNATURE_REGION_LENGTH__ = DEFINED (__USER_SIGNATURE_REGION_LENGTH__)?__USER_SIGNATURE_REGION_LENGTH__:0x400

.hash
 *(.hash)

.dynsym
 *(.dynsym)

.dynstr
 *(.dynstr)

.gnu.version
 *(.gnu.version)

.gnu.version_d
 *(.gnu.version_d)

.gnu.version_r
 *(.gnu.version_r)

.rel.init
 *(.rel.init)

.rela.init
 *(.rela.init)

.rel.text
 *(.rel.text)
 *(.rel.text.*)
 *(.rel.gnu.linkonce.t*)

.rela.text
 *(.rela.text)
 *(.rela.text.*)
 *(.rela.gnu.linkonce.t*)

.rel.fini
 *(.rel.fini)

.rela.fini
 *(.rela.fini)

.rel.rodata
 *(.rel.rodata)
 *(.rel.rodata.*)
 *(.rel.gnu.linkonce.r*)

.rela.rodata
 *(.rela.rodata)
 *(.rela.rodata.*)
 *(.rela.gnu.linkonce.r*)

.rel.data
 *(.rel.data)
 *(.rel.data.*)
 *(.rel.gnu.linkonce.d*)

.rela.data
 *(.rela.data)
 *(.rela.data.*)
 *(.rela.gnu.linkonce.d*)

.rel.ctors
 *(.rel.ctors)

.rela.ctors
 *(.rela.ctors)

.rel.dtors
 *(.rel.dtors)

.rela.dtors
 *(.rela.dtors)

.rel.got
 *(.rel.got)

.rela.got
 *(.rela.got)

.rel.bss
 *(.rel.bss)

.rela.bss
 *(.rela.bss)

.rel.plt
 *(.rel.plt)

.rela.plt
 *(.rela.plt)

.text           0x00000000      0x920
 *(.vectors)
 .vectors       0x00000000       0x68 C:/Program Files (x86)/Atmel/Studio/7.0/Packs/atmel/ATmega_DFP/1.1.130/gcc/dev/atmega328p/avr5/crtatmega328p.o
                0x00000000                __vector_default
                0x00000000                __vectors
 *(.vectors)
 *(.progmem.gcc*)
                0x00000068                . = ALIGN (0x2)
                0x00000068                __trampolines_start = .
 *(.trampolines)
 .trampolines   0x00000068        0x0 linker stubs
 *(.trampolines*)
                0x00000068                __trampolines_end = .
 *libprintf_flt.a:*(.progmem.data)
 *libc.a:*(.progmem.data)
 *(.progmem*)
 .progmem.data.digital_pin_to_timer_PGM
                0x00000068       0x14 C:\Users\KOLTIN~2\DOCUME~1\GitHub\ANALOG~1\SEQUEN~1\MICROC~1\ATMELN~1\SEQUEN~1\ARDUIN~1\Debug\libArduinoCore.a(wiring_digital.o)
                0x00000068                digital_pin_to_timer_PGM
 .progmem.data.digital_pin_to_bit_mask_PGM
                0x0000007c       0x14 C:\Users\KOLTIN~2\DOCUME~1\GitHub\ANALOG~1\SEQUEN~1\MICROC~1\ATMELN~1\SEQUEN~1\ARDUIN~1\Debug\libArduinoCore.a(wiring_digital.o)
                0x0000007c                digital_pin_to_bit_mask_PGM
 .progmem.data.digital_pin_to_port_PGM
                0x00000090       0x14 C:\Users\KOLTIN~2\DOCUME~1\GitHub\ANALOG~1\SEQUEN~1\MICROC~1\ATMELN~1\SEQUEN~1\ARDUIN~1\Debug\libArduinoCore.a(wiring_digital.o)
                0x00000090                digital_pin_to_port_PGM
 .progmem.data.port_to_output_PGM
                0x000000a4        0xa C:\Users\KOLTIN~2\DOCUME~1\GitHub\ANALOG~1\SEQUEN~1\MICROC~1\ATMELN~1\SEQUEN~1\ARDUIN~1\Debug\libArduinoCore.a(wiring_digital.o)
                0x000000a4                port_to_output_PGM
 .progmem.data.port_to_mode_PGM
                0x000000ae        0xa C:\Users\KOLTIN~2\DOCUME~1\GitHub\ANALOG~1\SEQUEN~1\MICROC~1\ATMELN~1\SEQUEN~1\ARDUIN~1\Debug\libArduinoCore.a(wiring_digital.o)
                0x000000ae                port_to_mode_PGM
                0x000000b8                . = ALIGN (0x2)
 *(.jumptables)
 *(.jumptables*)
 *(.lowtext)
 *(.lowtext*)
                0x000000b8                __ctors_start = .
 *(.ctors)
 .ctors         0x000000b8        0x2 Sequencer.o
                0x000000ba                __ctors_end = .
                0x000000ba                __dtors_start = .
 *(.dtors)
 .dtors         0x000000ba        0x2 Sequencer.o
                0x000000bc                __dtors_end = .
 SORT(*)(.ctors)
 SORT(*)(.dtors)
 *(.init0)
 .init0         0x000000bc        0x0 C:/Program Files (x86)/Atmel/Studio/7.0/Packs/atmel/ATmega_DFP/1.1.130/gcc/dev/atmega328p/avr5/crtatmega328p.o
                0x000000bc                __init
 *(.init0)
 *(.init1)
 *(.init1)
 *(.init2)
 .init2         0x000000bc        0xc C:/Program Files (x86)/Atmel/Studio/7.0/Packs/atmel/ATmega_DFP/1.1.130/gcc/dev/atmega328p/avr5/crtatmega328p.o
 *(.init2)
 *(.init3)
 *(.init3)
 *(.init4)
 .init4         0x000000c8       0x10 c:/program files (x86)/atmel/studio/7.0/toolchain/avr8/avr8-gnu-toolchain/bin/../lib/gcc/avr/4.9.2/avr5\libgcc.a(_clear_bss.o)
                0x000000c8                __do_clear_bss
 .init4         0x000000d8       0x16 c:/program files (x86)/atmel/studio/7.0/toolchain/avr8/avr8-gnu-toolchain/bin/../lib/gcc/avr/4.9.2/avr5\libgcc.a(_copy_data.o)
                0x000000d8                __do_copy_data
 *(.init4)
 *(.init5)
 *(.init5)
 *(.init6)
 .init6         0x000000ee       0x16 c:/program files (x86)/atmel/studio/7.0/toolchain/avr8/avr8-gnu-toolchain/bin/../lib/gcc/avr/4.9.2/avr5\libgcc.a(_ctors.o)
                0x000000ee                __do_global_ctors
 *(.init6)
 *(.init7)
 *(.init7)
 *(.init8)
 *(.init8)
 *(.init9)
 .init9         0x00000104        0x8 C:/Program Files (x86)/Atmel/Studio/7.0/Packs/atmel/ATmega_DFP/1.1.130/gcc/dev/atmega328p/avr5/crtatmega328p.o
 *(.init9)
 *(.text)
 .text          0x0000010c        0x4 C:/Program Files (x86)/Atmel/Studio/7.0/Packs/atmel/ATmega_DFP/1.1.130/gcc/dev/atmega328p/avr5/crtatmega328p.o
                0x0000010c                __vector_22
                0x0000010c                __vector_1
                0x0000010c                __vector_24
                0x0000010c                __vector_12
                0x0000010c                __bad_interrupt
                0x0000010c                __vector_6
                0x0000010c                __vector_3
                0x0000010c                __vector_23
                0x0000010c                __vector_25
                0x0000010c                __vector_11
                0x0000010c                __vector_13
                0x0000010c                __vector_17
                0x0000010c                __vector_19
                0x0000010c                __vector_7
                0x0000010c                __vector_5
                0x0000010c                __vector_4
                0x0000010c                __vector_9
                0x0000010c                __vector_2
                0x0000010c                __vector_21
                0x0000010c                __vector_15
                0x0000010c                __vector_8
                0x0000010c                __vector_14
                0x0000010c                __vector_10
                0x0000010c                __vector_18
                0x0000010c                __vector_20
                0x00000110                . = ALIGN (0x2)
 *(.text.*)
 .text.setup    0x00000110       0x2a Sequencer.o
                0x00000110                setup
 .text.loop     0x0000013a       0x28 Sequencer.o
                0x0000013a                loop
 .text.startup._GLOBAL__sub_I_OutputSR
                0x00000162       0x5a Sequencer.o
 .text.exit._GLOBAL__sub_D_OutputSR
                0x000001bc       0x10 Sequencer.o
 .text._ZN20ShiftRegister74HC595D2Ev
                0x000001cc        0xa ShiftRegister/ShiftRegister74HC595.o
                0x000001cc                _ZN20ShiftRegister74HC595D1Ev
                0x000001cc                _ZN20ShiftRegister74HC595D2Ev
 .text._ZN20ShiftRegister74HC59515updateRegistersEv
                0x000001d6       0x44 ShiftRegister/ShiftRegister74HC595.o
                0x000001d6                _ZN20ShiftRegister74HC59515updateRegistersEv
 .text._ZN20ShiftRegister74HC595C2Eiiii
                0x0000021a       0x94 ShiftRegister/ShiftRegister74HC595.o
                0x0000021a                _ZN20ShiftRegister74HC595C1Eiiii
                0x0000021a                _ZN20ShiftRegister74HC595C2Eiiii
 .text._ZN20ShiftRegister74HC59510setAllHighEv
                0x000002ae       0x2c ShiftRegister/ShiftRegister74HC595.o
                0x000002ae                _ZN20ShiftRegister74HC59510setAllHighEv
 .text._ZN20ShiftRegister74HC5959setAllLowEv
                0x000002da       0x2a ShiftRegister/ShiftRegister74HC595.o
                0x000002da                _ZN20ShiftRegister74HC5959setAllLowEv
 .text.initVariant
                0x00000304        0x2 C:\Users\KOLTIN~2\DOCUME~1\GitHub\ANALOG~1\SEQUEN~1\MICROC~1\ATMELN~1\SEQUEN~1\ARDUIN~1\Debug\libArduinoCore.a(main.o)
                0x00000304                initVariant
 .text.startup.main
                0x00000306       0x1e C:\Users\KOLTIN~2\DOCUME~1\GitHub\ANALOG~1\SEQUEN~1\MICROC~1\ATMELN~1\SEQUEN~1\ARDUIN~1\Debug\libArduinoCore.a(main.o)
                0x00000306                main
 .text.__vector_16
                0x00000324       0x94 C:\Users\KOLTIN~2\DOCUME~1\GitHub\ANALOG~1\SEQUEN~1\MICROC~1\ATMELN~1\SEQUEN~1\ARDUIN~1\Debug\libArduinoCore.a(wiring.o)
                0x00000324                __vector_16
 .text.micros   0x000003b8       0x4a C:\Users\KOLTIN~2\DOCUME~1\GitHub\ANALOG~1\SEQUEN~1\MICROC~1\ATMELN~1\SEQUEN~1\ARDUIN~1\Debug\libArduinoCore.a(wiring.o)
                0x000003b8                micros
 .text.delay    0x00000402       0x78 C:\Users\KOLTIN~2\DOCUME~1\GitHub\ANALOG~1\SEQUEN~1\MICROC~1\ATMELN~1\SEQUEN~1\ARDUIN~1\Debug\libArduinoCore.a(wiring.o)
                0x00000402                delay
 .text.init     0x0000047a       0x76 C:\Users\KOLTIN~2\DOCUME~1\GitHub\ANALOG~1\SEQUEN~1\MICROC~1\ATMELN~1\SEQUEN~1\ARDUIN~1\Debug\libArduinoCore.a(wiring.o)
                0x0000047a                init
 .text.turnOffPWM
                0x000004f0       0x52 C:\Users\KOLTIN~2\DOCUME~1\GitHub\ANALOG~1\SEQUEN~1\MICROC~1\ATMELN~1\SEQUEN~1\ARDUIN~1\Debug\libArduinoCore.a(wiring_digital.o)
 .text.pinMode  0x00000542       0x78 C:\Users\KOLTIN~2\DOCUME~1\GitHub\ANALOG~1\SEQUEN~1\MICROC~1\ATMELN~1\SEQUEN~1\ARDUIN~1\Debug\libArduinoCore.a(wiring_digital.o)
                0x00000542                pinMode
 .text.digitalWrite
                0x000005ba       0x60 C:\Users\KOLTIN~2\DOCUME~1\GitHub\ANALOG~1\SEQUEN~1\MICROC~1\ATMELN~1\SEQUEN~1\ARDUIN~1\Debug\libArduinoCore.a(wiring_digital.o)
                0x000005ba                digitalWrite
 .text.shiftOut
                0x0000061a       0x76 C:\Users\KOLTIN~2\DOCUME~1\GitHub\ANALOG~1\SEQUEN~1\MICROC~1\ATMELN~1\SEQUEN~1\ARDUIN~1\Debug\libArduinoCore.a(wiring_shift.o)
                0x0000061a                shiftOut
 .text.__empty  0x00000690        0x2 C:\Users\KOLTIN~2\DOCUME~1\GitHub\ANALOG~1\SEQUEN~1\MICROC~1\ATMELN~1\SEQUEN~1\ARDUIN~1\Debug\libArduinoCore.a(hooks.o)
                0x00000690                yield
 .text.libgcc   0x00000692        0xc c:/program files (x86)/atmel/studio/7.0/toolchain/avr8/avr8-gnu-toolchain/bin/../lib/gcc/avr/4.9.2/avr5\libgcc.a(_tablejump2.o)
                0x00000692                __tablejump2__
 .text.avr-libc
                0x0000069e      0x25a c:/program files (x86)/atmel/studio/7.0/toolchain/avr8/avr8-gnu-toolchain/bin/../lib/gcc/avr/4.9.2/../../../../avr/lib/avr5\libc.a(malloc.o)
                0x0000069e                malloc
                0x000007c8                free
 .text.avr-libc
                0x000008f8        0xe c:/program files (x86)/atmel/studio/7.0/toolchain/avr8/avr8-gnu-toolchain/bin/../lib/gcc/avr/4.9.2/../../../../avr/lib/avr5\libc.a(memset.o)
                0x000008f8                memset
                0x00000906                . = ALIGN (0x2)
 *(.fini9)
 .fini9         0x00000906        0x0 c:/program files (x86)/atmel/studio/7.0/toolchain/avr8/avr8-gnu-toolchain/bin/../lib/gcc/avr/4.9.2/avr5\libgcc.a(_exit.o)
                0x00000906                _exit
                0x00000906                exit
 *(.fini9)
 *(.fini8)
 *(.fini8)
 *(.fini7)
 *(.fini7)
 *(.fini6)
 .fini6         0x00000906       0x16 c:/program files (x86)/atmel/studio/7.0/toolchain/avr8/avr8-gnu-toolchain/bin/../lib/gcc/avr/4.9.2/avr5\libgcc.a(_dtors.o)
                0x00000906                __do_global_dtors
 *(.fini6)
 *(.fini5)
 *(.fini5)
 *(.fini4)
 *(.fini4)
 *(.fini3)
 *(.fini3)
 *(.fini2)
 *(.fini2)
 *(.fini1)
 *(.fini1)
 *(.fini0)
 .fini0         0x0000091c        0x4 c:/program files (x86)/atmel/studio/7.0/toolchain/avr8/avr8-gnu-toolchain/bin/../lib/gcc/avr/4.9.2/avr5\libgcc.a(_exit.o)
 *(.fini0)
                0x00000920                _etext = .

.data           0x00800100        0x6 load address 0x00000920
                0x00800100                PROVIDE (__data_start, .)
 *(.data)
 .data          0x00800100        0x6 c:/program files (x86)/atmel/studio/7.0/toolchain/avr8/avr8-gnu-toolchain/bin/../lib/gcc/avr/4.9.2/../../../../avr/lib/avr5\libc.a(malloc.o)
                0x00800100                __malloc_heap_end
                0x00800102                __malloc_heap_start
                0x00800104                __malloc_margin
 *(.data*)
 *(.rodata)
 *(.rodata*)
 *(.gnu.linkonce.d*)
                0x00800106                . = ALIGN (0x2)
                0x00800106                _edata = .
                0x00800106                PROVIDE (__data_end, .)

.bss            0x00800106       0x2f
                0x00800106                PROVIDE (__bss_start, .)
 *(.bss)
 *(.bss*)
 .bss.InputSR   0x00800106        0xe Sequencer.o
                0x00800106                InputSR
 .bss.InstrumentTrigger
                0x00800114        0xa Sequencer.o
                0x00800114                InstrumentTrigger
 .bss.OutputSR  0x0080011e        0xa Sequencer.o
                0x0080011e                OutputSR
 .bss.timer0_fract
                0x00800128        0x1 C:\Users\KOLTIN~2\DOCUME~1\GitHub\ANALOG~1\SEQUEN~1\MICROC~1\ATMELN~1\SEQUEN~1\ARDUIN~1\Debug\libArduinoCore.a(wiring.o)
 .bss.timer0_millis
                0x00800129        0x4 C:\Users\KOLTIN~2\DOCUME~1\GitHub\ANALOG~1\SEQUEN~1\MICROC~1\ATMELN~1\SEQUEN~1\ARDUIN~1\Debug\libArduinoCore.a(wiring.o)
                0x00800129                timer0_millis
 .bss.timer0_overflow_count
                0x0080012d        0x4 C:\Users\KOLTIN~2\DOCUME~1\GitHub\ANALOG~1\SEQUEN~1\MICROC~1\ATMELN~1\SEQUEN~1\ARDUIN~1\Debug\libArduinoCore.a(wiring.o)
                0x0080012d                timer0_overflow_count
 *(COMMON)
 COMMON         0x00800131        0x4 c:/program files (x86)/atmel/studio/7.0/toolchain/avr8/avr8-gnu-toolchain/bin/../lib/gcc/avr/4.9.2/../../../../avr/lib/avr5\libc.a(malloc.o)
                0x00800131                __brkval
                0x00800133                __flp
                0x00800135                PROVIDE (__bss_end, .)
                0x00000920                __data_load_start = LOADADDR (.data)
                0x00000926                __data_load_end = (__data_load_start + SIZEOF (.data))

.noinit         0x00800135        0x0
                [!provide]                PROVIDE (__noinit_start, .)
 *(.noinit*)
                [!provide]                PROVIDE (__noinit_end, .)
                0x00800135                _end = .
                0x00800135                PROVIDE (__heap_start, .)

.eeprom         0x00810000        0x0
 *(.eeprom*)
                0x00810000                __eeprom_end = .

.fuse
 *(.fuse)
 *(.lfuse)
 *(.hfuse)
 *(.efuse)

.lock
 *(.lock*)

.signature
 *(.signature*)

.user_signatures
 *(.user_signatures*)

.stab
 *(.stab)

.stabstr
 *(.stabstr)

.stab.excl
 *(.stab.excl)

.stab.exclstr
 *(.stab.exclstr)

.stab.index
 *(.stab.index)

.stab.indexstr
 *(.stab.indexstr)

.comment        0x00000000       0x30
 *(.comment)
 .comment       0x00000000       0x30 Sequencer.o
                                 0x31 (size before relaxing)
 .comment       0x00000030       0x31 ShiftRegister/ShiftRegister74HC595.o
 .comment       0x00000030       0x31 C:\Users\KOLTIN~2\DOCUME~1\GitHub\ANALOG~1\SEQUEN~1\MICROC~1\ATMELN~1\SEQUEN~1\ARDUIN~1\Debug\libArduinoCore.a(main.o)
 .comment       0x00000030       0x31 C:\Users\KOLTIN~2\DOCUME~1\GitHub\ANALOG~1\SEQUEN~1\MICROC~1\ATMELN~1\SEQUEN~1\ARDUIN~1\Debug\libArduinoCore.a(wiring.o)
 .comment       0x00000030       0x31 C:\Users\KOLTIN~2\DOCUME~1\GitHub\ANALOG~1\SEQUEN~1\MICROC~1\ATMELN~1\SEQUEN~1\ARDUIN~1\Debug\libArduinoCore.a(wiring_digital.o)
 .comment       0x00000030       0x31 C:\Users\KOLTIN~2\DOCUME~1\GitHub\ANALOG~1\SEQUEN~1\MICROC~1\ATMELN~1\SEQUEN~1\ARDUIN~1\Debug\libArduinoCore.a(wiring_shift.o)
 .comment       0x00000030       0x31 C:\Users\KOLTIN~2\DOCUME~1\GitHub\ANALOG~1\SEQUEN~1\MICROC~1\ATMELN~1\SEQUEN~1\ARDUIN~1\Debug\libArduinoCore.a(hooks.o)
 .comment       0x00000030       0x31 c:/program files (x86)/atmel/studio/7.0/toolchain/avr8/avr8-gnu-toolchain/bin/../lib/gcc/avr/4.9.2/../../../../avr/lib/avr5\libc.a(malloc.o)

.note.gnu.avr.deviceinfo
                0x00000000       0x40
 .note.gnu.avr.deviceinfo
                0x00000000       0x40 C:/Program Files (x86)/Atmel/Studio/7.0/Packs/atmel/ATmega_DFP/1.1.130/gcc/dev/atmega328p/avr5/crtatmega328p.o

.note.gnu.build-id
 *(.note.gnu.build-id)

.debug
 *(.debug)

.line
 *(.line)

.debug_srcinfo
 *(.debug_srcinfo)

.debug_sfnames
 *(.debug_sfnames)

.debug_aranges  0x00000000      0x1a8
 *(.debug_aranges)
 .debug_aranges
                0x00000000       0x38 Sequencer.o
 .debug_aranges
                0x00000038       0x70 ShiftRegister/ShiftRegister74HC595.o
 .debug_aranges
                0x000000a8       0x38 C:\Users\KOLTIN~2\DOCUME~1\GitHub\ANALOG~1\SEQUEN~1\MICROC~1\ATMELN~1\SEQUEN~1\ARDUIN~1\Debug\libArduinoCore.a(main.o)
 .debug_aranges
                0x000000e0       0x48 C:\Users\KOLTIN~2\DOCUME~1\GitHub\ANALOG~1\SEQUEN~1\MICROC~1\ATMELN~1\SEQUEN~1\ARDUIN~1\Debug\libArduinoCore.a(wiring.o)
 .debug_aranges
                0x00000128       0x38 C:\Users\KOLTIN~2\DOCUME~1\GitHub\ANALOG~1\SEQUEN~1\MICROC~1\ATMELN~1\SEQUEN~1\ARDUIN~1\Debug\libArduinoCore.a(wiring_digital.o)
 .debug_aranges
                0x00000160       0x28 C:\Users\KOLTIN~2\DOCUME~1\GitHub\ANALOG~1\SEQUEN~1\MICROC~1\ATMELN~1\SEQUEN~1\ARDUIN~1\Debug\libArduinoCore.a(wiring_shift.o)
 .debug_aranges
                0x00000188       0x20 C:\Users\KOLTIN~2\DOCUME~1\GitHub\ANALOG~1\SEQUEN~1\MICROC~1\ATMELN~1\SEQUEN~1\ARDUIN~1\Debug\libArduinoCore.a(hooks.o)

.debug_pubnames
 *(.debug_pubnames)

.debug_info     0x00000000     0x26d3
 *(.debug_info .gnu.linkonce.wi.*)
 .debug_info    0x00000000      0x5f4 C:/Program Files (x86)/Atmel/Studio/7.0/Packs/atmel/ATmega_DFP/1.1.130/gcc/dev/atmega328p/avr5/crtatmega328p.o
 .debug_info    0x000005f4      0x98d Sequencer.o
 .debug_info    0x00000f81      0x97c ShiftRegister/ShiftRegister74HC595.o
 .debug_info    0x000018fd      0x231 C:\Users\KOLTIN~2\DOCUME~1\GitHub\ANALOG~1\SEQUEN~1\MICROC~1\ATMELN~1\SEQUEN~1\ARDUIN~1\Debug\libArduinoCore.a(main.o)
 .debug_info    0x00001b2e      0x2c8 C:\Users\KOLTIN~2\DOCUME~1\GitHub\ANALOG~1\SEQUEN~1\MICROC~1\ATMELN~1\SEQUEN~1\ARDUIN~1\Debug\libArduinoCore.a(wiring.o)
 .debug_info    0x00001df6      0x5f9 C:\Users\KOLTIN~2\DOCUME~1\GitHub\ANALOG~1\SEQUEN~1\MICROC~1\ATMELN~1\SEQUEN~1\ARDUIN~1\Debug\libArduinoCore.a(wiring_digital.o)
 .debug_info    0x000023ef      0x2a6 C:\Users\KOLTIN~2\DOCUME~1\GitHub\ANALOG~1\SEQUEN~1\MICROC~1\ATMELN~1\SEQUEN~1\ARDUIN~1\Debug\libArduinoCore.a(wiring_shift.o)
 .debug_info    0x00002695       0x3e C:\Users\KOLTIN~2\DOCUME~1\GitHub\ANALOG~1\SEQUEN~1\MICROC~1\ATMELN~1\SEQUEN~1\ARDUIN~1\Debug\libArduinoCore.a(hooks.o)

.debug_abbrev   0x00000000     0x1007
 *(.debug_abbrev)
 .debug_abbrev  0x00000000      0x5a2 C:/Program Files (x86)/Atmel/Studio/7.0/Packs/atmel/ATmega_DFP/1.1.130/gcc/dev/atmega328p/avr5/crtatmega328p.o
 .debug_abbrev  0x000005a2      0x2b7 Sequencer.o
 .debug_abbrev  0x00000859      0x2af ShiftRegister/ShiftRegister74HC595.o
 .debug_abbrev  0x00000b08      0x109 C:\Users\KOLTIN~2\DOCUME~1\GitHub\ANALOG~1\SEQUEN~1\MICROC~1\ATMELN~1\SEQUEN~1\ARDUIN~1\Debug\libArduinoCore.a(main.o)
 .debug_abbrev  0x00000c11      0x145 C:\Users\KOLTIN~2\DOCUME~1\GitHub\ANALOG~1\SEQUEN~1\MICROC~1\ATMELN~1\SEQUEN~1\ARDUIN~1\Debug\libArduinoCore.a(wiring.o)
 .debug_abbrev  0x00000d56      0x15b C:\Users\KOLTIN~2\DOCUME~1\GitHub\ANALOG~1\SEQUEN~1\MICROC~1\ATMELN~1\SEQUEN~1\ARDUIN~1\Debug\libArduinoCore.a(wiring_digital.o)
 .debug_abbrev  0x00000eb1      0x12c C:\Users\KOLTIN~2\DOCUME~1\GitHub\ANALOG~1\SEQUEN~1\MICROC~1\ATMELN~1\SEQUEN~1\ARDUIN~1\Debug\libArduinoCore.a(wiring_shift.o)
 .debug_abbrev  0x00000fdd       0x2a C:\Users\KOLTIN~2\DOCUME~1\GitHub\ANALOG~1\SEQUEN~1\MICROC~1\ATMELN~1\SEQUEN~1\ARDUIN~1\Debug\libArduinoCore.a(hooks.o)

.debug_line     0x00000000      0xf5f
 *(.debug_line .debug_line.* .debug_line_end)
 .debug_line    0x00000000      0x133 C:/Program Files (x86)/Atmel/Studio/7.0/Packs/atmel/ATmega_DFP/1.1.130/gcc/dev/atmega328p/avr5/crtatmega328p.o
 .debug_line    0x00000133      0x1f5 Sequencer.o
 .debug_line    0x00000328      0x430 ShiftRegister/ShiftRegister74HC595.o
 .debug_line    0x00000758      0x175 C:\Users\KOLTIN~2\DOCUME~1\GitHub\ANALOG~1\SEQUEN~1\MICROC~1\ATMELN~1\SEQUEN~1\ARDUIN~1\Debug\libArduinoCore.a(main.o)
 .debug_line    0x000008cd      0x299 C:\Users\KOLTIN~2\DOCUME~1\GitHub\ANALOG~1\SEQUEN~1\MICROC~1\ATMELN~1\SEQUEN~1\ARDUIN~1\Debug\libArduinoCore.a(wiring.o)
 .debug_line    0x00000b66      0x252 C:\Users\KOLTIN~2\DOCUME~1\GitHub\ANALOG~1\SEQUEN~1\MICROC~1\ATMELN~1\SEQUEN~1\ARDUIN~1\Debug\libArduinoCore.a(wiring_digital.o)
 .debug_line    0x00000db8      0x166 C:\Users\KOLTIN~2\DOCUME~1\GitHub\ANALOG~1\SEQUEN~1\MICROC~1\ATMELN~1\SEQUEN~1\ARDUIN~1\Debug\libArduinoCore.a(wiring_shift.o)
 .debug_line    0x00000f1e       0x41 C:\Users\KOLTIN~2\DOCUME~1\GitHub\ANALOG~1\SEQUEN~1\MICROC~1\ATMELN~1\SEQUEN~1\ARDUIN~1\Debug\libArduinoCore.a(hooks.o)

.debug_frame    0x00000000      0x3e0
 *(.debug_frame)
 .debug_frame   0x00000000       0x6c Sequencer.o
 .debug_frame   0x0000006c      0x130 ShiftRegister/ShiftRegister74HC595.o
 .debug_frame   0x0000019c       0x54 C:\Users\KOLTIN~2\DOCUME~1\GitHub\ANALOG~1\SEQUEN~1\MICROC~1\ATMELN~1\SEQUEN~1\ARDUIN~1\Debug\libArduinoCore.a(main.o)
 .debug_frame   0x000001f0       0xc4 C:\Users\KOLTIN~2\DOCUME~1\GitHub\ANALOG~1\SEQUEN~1\MICROC~1\ATMELN~1\SEQUEN~1\ARDUIN~1\Debug\libArduinoCore.a(wiring.o)
 .debug_frame   0x000002b4       0x7c C:\Users\KOLTIN~2\DOCUME~1\GitHub\ANALOG~1\SEQUEN~1\MICROC~1\ATMELN~1\SEQUEN~1\ARDUIN~1\Debug\libArduinoCore.a(wiring_digital.o)
 .debug_frame   0x00000330       0x8c C:\Users\KOLTIN~2\DOCUME~1\GitHub\ANALOG~1\SEQUEN~1\MICROC~1\ATMELN~1\SEQUEN~1\ARDUIN~1\Debug\libArduinoCore.a(wiring_shift.o)
 .debug_frame   0x000003bc       0x24 C:\Users\KOLTIN~2\DOCUME~1\GitHub\ANALOG~1\SEQUEN~1\MICROC~1\ATMELN~1\SEQUEN~1\ARDUIN~1\Debug\libArduinoCore.a(hooks.o)

.debug_str      0x00000000      0xe3c
 *(.debug_str)
 .debug_str     0x00000000      0x208 C:/Program Files (x86)/Atmel/Studio/7.0/Packs/atmel/ATmega_DFP/1.1.130/gcc/dev/atmega328p/avr5/crtatmega328p.o
 .debug_str     0x00000208      0x7e9 Sequencer.o
                                0x858 (size before relaxing)
 .debug_str     0x000009f1       0xd7 ShiftRegister/ShiftRegister74HC595.o
                                0x5ca (size before relaxing)
 .debug_str     0x00000ac8       0xf9 C:\Users\KOLTIN~2\DOCUME~1\GitHub\ANALOG~1\SEQUEN~1\MICROC~1\ATMELN~1\SEQUEN~1\ARDUIN~1\Debug\libArduinoCore.a(main.o)
                                0x2f7 (size before relaxing)
 .debug_str     0x00000bc1      0x15a C:\Users\KOLTIN~2\DOCUME~1\GitHub\ANALOG~1\SEQUEN~1\MICROC~1\ATMELN~1\SEQUEN~1\ARDUIN~1\Debug\libArduinoCore.a(wiring.o)
                                0x281 (size before relaxing)
 .debug_str     0x00000d1b       0xd9 C:\Users\KOLTIN~2\DOCUME~1\GitHub\ANALOG~1\SEQUEN~1\MICROC~1\ATMELN~1\SEQUEN~1\ARDUIN~1\Debug\libArduinoCore.a(wiring_digital.o)
                                0x2e6 (size before relaxing)
 .debug_str     0x00000df4       0x2c C:\Users\KOLTIN~2\DOCUME~1\GitHub\ANALOG~1\SEQUEN~1\MICROC~1\ATMELN~1\SEQUEN~1\ARDUIN~1\Debug\libArduinoCore.a(wiring_shift.o)
                                0x243 (size before relaxing)
 .debug_str     0x00000e20       0x1c C:\Users\KOLTIN~2\DOCUME~1\GitHub\ANALOG~1\SEQUEN~1\MICROC~1\ATMELN~1\SEQUEN~1\ARDUIN~1\Debug\libArduinoCore.a(hooks.o)
                                0x176 (size before relaxing)

.debug_loc      0x00000000     0x12cc
 *(.debug_loc)
 .debug_loc     0x00000000       0x5e Sequencer.o
 .debug_loc     0x0000005e      0x73b ShiftRegister/ShiftRegister74HC595.o
 .debug_loc     0x00000799      0x269 C:\Users\KOLTIN~2\DOCUME~1\GitHub\ANALOG~1\SEQUEN~1\MICROC~1\ATMELN~1\SEQUEN~1\ARDUIN~1\Debug\libArduinoCore.a(wiring.o)
 .debug_loc     0x00000a02      0x5e3 C:\Users\KOLTIN~2\DOCUME~1\GitHub\ANALOG~1\SEQUEN~1\MICROC~1\ATMELN~1\SEQUEN~1\ARDUIN~1\Debug\libArduinoCore.a(wiring_digital.o)
 .debug_loc     0x00000fe5      0x2e7 C:\Users\KOLTIN~2\DOCUME~1\GitHub\ANALOG~1\SEQUEN~1\MICROC~1\ATMELN~1\SEQUEN~1\ARDUIN~1\Debug\libArduinoCore.a(wiring_shift.o)

.debug_macinfo
 *(.debug_macinfo)

.debug_weaknames
 *(.debug_weaknames)

.debug_funcnames
 *(.debug_funcnames)

.debug_typenames
 *(.debug_typenames)

.debug_varnames
 *(.debug_varnames)

.debug_pubtypes
 *(.debug_pubtypes)

.debug_ranges   0x00000000      0x180
 *(.debug_ranges)
 .debug_ranges  0x00000000       0x40 Sequencer.o
 .debug_ranges  0x00000040       0x90 ShiftRegister/ShiftRegister74HC595.o
 .debug_ranges  0x000000d0       0x28 C:\Users\KOLTIN~2\DOCUME~1\GitHub\ANALOG~1\SEQUEN~1\MICROC~1\ATMELN~1\SEQUEN~1\ARDUIN~1\Debug\libArduinoCore.a(main.o)
 .debug_ranges  0x000000f8       0x38 C:\Users\KOLTIN~2\DOCUME~1\GitHub\ANALOG~1\SEQUEN~1\MICROC~1\ATMELN~1\SEQUEN~1\ARDUIN~1\Debug\libArduinoCore.a(wiring.o)
 .debug_ranges  0x00000130       0x28 C:\Users\KOLTIN~2\DOCUME~1\GitHub\ANALOG~1\SEQUEN~1\MICROC~1\ATMELN~1\SEQUEN~1\ARDUIN~1\Debug\libArduinoCore.a(wiring_digital.o)
 .debug_ranges  0x00000158       0x18 C:\Users\KOLTIN~2\DOCUME~1\GitHub\ANALOG~1\SEQUEN~1\MICROC~1\ATMELN~1\SEQUEN~1\ARDUIN~1\Debug\libArduinoCore.a(wiring_shift.o)
 .debug_ranges  0x00000170       0x10 C:\Users\KOLTIN~2\DOCUME~1\GitHub\ANALOG~1\SEQUEN~1\MICROC~1\ATMELN~1\SEQUEN~1\ARDUIN~1\Debug\libArduinoCore.a(hooks.o)

.debug_macro
 *(.debug_macro)
OUTPUT(Sequencer_DrumMachine.ino.elf elf32-avr)
LOAD linker stubs
