Archive member included to satisfy reference by file (symbol)

C:\Users\KOLTIN~2\DOCUME~1\GitHub\ANALOG~1\SEQUEN~1\MICROC~1\ATMELN~1\SEQUEN~1\ARDUIN~1\Debug\libArduinoCore.a(HardwareSerial.o)
                              Sequencer.o (_ZN14HardwareSerial5beginEmh)
C:\Users\KOLTIN~2\DOCUME~1\GitHub\ANALOG~1\SEQUEN~1\MICROC~1\ATMELN~1\SEQUEN~1\ARDUIN~1\Debug\libArduinoCore.a(HardwareSerial0.o)
                              Sequencer.o (Serial)
C:\Users\KOLTIN~2\DOCUME~1\GitHub\ANALOG~1\SEQUEN~1\MICROC~1\ATMELN~1\SEQUEN~1\ARDUIN~1\Debug\libArduinoCore.a(main.o)
                              C:/Program Files (x86)/Atmel/Studio/7.0/Packs/atmel/ATmega_DFP/1.1.130/gcc/dev/atmega328p/avr5/crtatmega328p.o (main)
C:\Users\KOLTIN~2\DOCUME~1\GitHub\ANALOG~1\SEQUEN~1\MICROC~1\ATMELN~1\SEQUEN~1\ARDUIN~1\Debug\libArduinoCore.a(Print.o)
                              C:\Users\KOLTIN~2\DOCUME~1\GitHub\ANALOG~1\SEQUEN~1\MICROC~1\ATMELN~1\SEQUEN~1\ARDUIN~1\Debug\libArduinoCore.a(HardwareSerial.o) (_ZN5Print5writeEPKhj)
C:\Users\KOLTIN~2\DOCUME~1\GitHub\ANALOG~1\SEQUEN~1\MICROC~1\ATMELN~1\SEQUEN~1\ARDUIN~1\Debug\libArduinoCore.a(wiring.o)
                              helperFunctions.o (millis)
C:\Users\KOLTIN~2\DOCUME~1\GitHub\ANALOG~1\SEQUEN~1\MICROC~1\ATMELN~1\SEQUEN~1\ARDUIN~1\Debug\libArduinoCore.a(wiring_digital.o)
                              Sequencer.o (pinMode)
C:\Users\KOLTIN~2\DOCUME~1\GitHub\ANALOG~1\SEQUEN~1\MICROC~1\ATMELN~1\SEQUEN~1\ARDUIN~1\Debug\libArduinoCore.a(wiring_shift.o)
                              ShiftRegister/ShiftRegister74HC595.o (shiftOut)
C:\Users\KOLTIN~2\DOCUME~1\GitHub\ANALOG~1\SEQUEN~1\MICROC~1\ATMELN~1\SEQUEN~1\ARDUIN~1\Debug\libArduinoCore.a(abi.o)
                              C:\Users\KOLTIN~2\DOCUME~1\GitHub\ANALOG~1\SEQUEN~1\MICROC~1\ATMELN~1\SEQUEN~1\ARDUIN~1\Debug\libArduinoCore.a(Print.o) (__cxa_pure_virtual)
C:\Users\KOLTIN~2\DOCUME~1\GitHub\ANALOG~1\SEQUEN~1\MICROC~1\ATMELN~1\SEQUEN~1\ARDUIN~1\Debug\libArduinoCore.a(hooks.o)
                              C:\Users\KOLTIN~2\DOCUME~1\GitHub\ANALOG~1\SEQUEN~1\MICROC~1\ATMELN~1\SEQUEN~1\ARDUIN~1\Debug\libArduinoCore.a(wiring.o) (yield)
c:/program files (x86)/atmel/studio/7.0/toolchain/avr8/avr8-gnu-toolchain/bin/../lib/gcc/avr/4.9.2/../../../../avr/lib/avr5\libm.a(addsf3.o)
                              C:\Users\KOLTIN~2\DOCUME~1\GitHub\ANALOG~1\SEQUEN~1\MICROC~1\ATMELN~1\SEQUEN~1\ARDUIN~1\Debug\libArduinoCore.a(Print.o) (__subsf3)
c:/program files (x86)/atmel/studio/7.0/toolchain/avr8/avr8-gnu-toolchain/bin/../lib/gcc/avr/4.9.2/../../../../avr/lib/avr5\libm.a(addsf3x.o)
                              c:/program files (x86)/atmel/studio/7.0/toolchain/avr8/avr8-gnu-toolchain/bin/../lib/gcc/avr/4.9.2/../../../../avr/lib/avr5\libm.a(addsf3.o) (__addsf3x)
c:/program files (x86)/atmel/studio/7.0/toolchain/avr8/avr8-gnu-toolchain/bin/../lib/gcc/avr/4.9.2/../../../../avr/lib/avr5\libm.a(cmpsf2.o)
                              C:\Users\KOLTIN~2\DOCUME~1\GitHub\ANALOG~1\SEQUEN~1\MICROC~1\ATMELN~1\SEQUEN~1\ARDUIN~1\Debug\libArduinoCore.a(Print.o) (__ltsf2)
c:/program files (x86)/atmel/studio/7.0/toolchain/avr8/avr8-gnu-toolchain/bin/../lib/gcc/avr/4.9.2/../../../../avr/lib/avr5\libm.a(divsf3.o)
                              C:\Users\KOLTIN~2\DOCUME~1\GitHub\ANALOG~1\SEQUEN~1\MICROC~1\ATMELN~1\SEQUEN~1\ARDUIN~1\Debug\libArduinoCore.a(Print.o) (__divsf3)
c:/program files (x86)/atmel/studio/7.0/toolchain/avr8/avr8-gnu-toolchain/bin/../lib/gcc/avr/4.9.2/../../../../avr/lib/avr5\libm.a(divsf3x.o)
                              c:/program files (x86)/atmel/studio/7.0/toolchain/avr8/avr8-gnu-toolchain/bin/../lib/gcc/avr/4.9.2/../../../../avr/lib/avr5\libm.a(divsf3.o) (__divsf3x)
c:/program files (x86)/atmel/studio/7.0/toolchain/avr8/avr8-gnu-toolchain/bin/../lib/gcc/avr/4.9.2/../../../../avr/lib/avr5\libm.a(fixunssfsi.o)
                              C:\Users\KOLTIN~2\DOCUME~1\GitHub\ANALOG~1\SEQUEN~1\MICROC~1\ATMELN~1\SEQUEN~1\ARDUIN~1\Debug\libArduinoCore.a(Print.o) (__fixunssfsi)
c:/program files (x86)/atmel/studio/7.0/toolchain/avr8/avr8-gnu-toolchain/bin/../lib/gcc/avr/4.9.2/../../../../avr/lib/avr5\libm.a(floatsisf.o)
                              C:\Users\KOLTIN~2\DOCUME~1\GitHub\ANALOG~1\SEQUEN~1\MICROC~1\ATMELN~1\SEQUEN~1\ARDUIN~1\Debug\libArduinoCore.a(Print.o) (__floatunsisf)
c:/program files (x86)/atmel/studio/7.0/toolchain/avr8/avr8-gnu-toolchain/bin/../lib/gcc/avr/4.9.2/../../../../avr/lib/avr5\libm.a(fp_cmp.o)
                              c:/program files (x86)/atmel/studio/7.0/toolchain/avr8/avr8-gnu-toolchain/bin/../lib/gcc/avr/4.9.2/../../../../avr/lib/avr5\libm.a(cmpsf2.o) (__fp_cmp)
c:/program files (x86)/atmel/studio/7.0/toolchain/avr8/avr8-gnu-toolchain/bin/../lib/gcc/avr/4.9.2/../../../../avr/lib/avr5\libm.a(fp_inf.o)
                              c:/program files (x86)/atmel/studio/7.0/toolchain/avr8/avr8-gnu-toolchain/bin/../lib/gcc/avr/4.9.2/../../../../avr/lib/avr5\libm.a(addsf3x.o) (__fp_inf)
[...]
Memory Configuration

Name             Origin             Length             Attributes
text             0x00000000         0x00020000         xr
data             0x00800060         0x0000ffa0         rw !x
eeprom           0x00810000         0x00010000         rw !x
fuse             0x00820000         0x00000003         rw !x
lock             0x00830000         0x00000400         rw !x
signature        0x00840000         0x00000400         rw !x
user_signatures  0x00850000         0x00000400         rw !x
*default*        0x00000000         0xffffffff

Linker script and memory map

Address of section .data set to 0x800100
LOAD C:/Program Files (x86)/Atmel/Studio/7.0/Packs/atmel/ATmega_DFP/1.1.130/gcc/dev/atmega328p/avr5/crtatmega328p.o
LOAD helperFunctions.o
LOAD Sequencer.o
LOAD ShiftRegister/ShiftRegister74HC595.o
LOAD trigger.o
START GROUP
LOAD c:/program files (x86)/atmel/studio/7.0/toolchain/avr8/avr8-gnu-toolchain/bin/../lib/gcc/avr/4.9.2/../../../../avr/lib/avr5\libm.a
LOAD C:\Users\KOLTIN~2\DOCUME~1\GitHub\ANALOG~1\SEQUEN~1\MICROC~1\ATMELN~1\SEQUEN~1\ARDUIN~1\Debug\libArduinoCore.a
END GROUP
LOAD c:/program files (x86)/atmel/studio/7.0/toolchain/avr8/avr8-gnu-toolchain/bin/../lib/gcc/avr/4.9.2/avr5\libgcc.a
LOAD c:/program files (x86)/atmel/studio/7.0/toolchain/avr8/avr8-gnu-toolchain/bin/../lib/gcc/avr/4.9.2/../../../../avr/lib/avr5\libm.a
START GROUP
LOAD c:/program files (x86)/atmel/studio/7.0/toolchain/avr8/avr8-gnu-toolchain/bin/../lib/gcc/avr/4.9.2/avr5\libgcc.a
LOAD c:/program files (x86)/atmel/studio/7.0/toolchain/avr8/avr8-gnu-toolchain/bin/../lib/gcc/avr/4.9.2/../../../../avr/lib/avr5\libm.a
LOAD c:/program files (x86)/atmel/studio/7.0/toolchain/avr8/avr8-gnu-toolchain/bin/../lib/gcc/avr/4.9.2/../../../../avr/lib/avr5\libc.a
LOAD C:/Program Files (x86)/Atmel/Studio/7.0/Packs/atmel/ATmega_DFP/1.1.130/gcc/dev/atmega328p/avr5\libatmega328p.a
END GROUP
                0x00020000                __TEXT_REGION_LENGTH__ = DEFINED (__TEXT_REGION_LENGTH__)?__TEXT_REGION_LENGTH__:0x20000
                0x0000ffa0                __DATA_REGION_LENGTH__ = DEFINED (__DATA_REGION_LENGTH__)?__DATA_REGION_LENGTH__:0xffa0
                0x00010000                __EEPROM_REGION_LENGTH__ = DEFINED (__EEPROM_REGION_LENGTH__)?__EEPROM_REGION_LENGTH__:0x10000
                [0x00000003]                __FUSE_REGION_LENGTH__ = DEFINED (__FUSE_REGION_LENGTH__)?__FUSE_REGION_LENGTH__:0x400
                0x00000400                __LOCK_REGION_LENGTH__ = DEFINED (__LOCK_REGION_LENGTH__)?__LOCK_REGION_LENGTH__:0x400
                0x00000400                __SIGNATURE_REGION_LENGTH__ = DEFINED (__SIGNATURE_REGION_LENGTH__)?__SIGNATURE_REGION_LENGTH__:0x400
                0x00000400                __USER_SIGNATURE_REGION_LENGTH__ = DEFINED (__USER_SIGNATURE_REGION_LENGTH__)?__USER_SIGNATURE_REGION_LENGTH__:0x400

.hash
 *(.hash)

.dynsym
 *(.dynsym)

.dynstr
 *(.dynstr)

.gnu.version
 *(.gnu.version)

.gnu.version_d
 *(.gnu.version_d)

.gnu.version_r
 *(.gnu.version_r)

.rel.init
 *(.rel.init)

.rela.init
 *(.rela.init)

.rel.text
 *(.rel.text)
 *(.rel.text.*)
 *(.rel.gnu.linkonce.t*)

.rela.text
 *(.rela.text)
 *(.rela.text.*)
 *(.rela.gnu.linkonce.t*)

.rel.fini
 *(.rel.fini)

.rela.fini
 *(.rela.fini)

.rel.rodata
 *(.rel.rodata)
 *(.rel.rodata.*)
 *(.rel.gnu.linkonce.r*)

.rela.rodata
 *(.rela.rodata)
 *(.rela.rodata.*)
 *(.rela.gnu.linkonce.r*)

.rel.data
 *(.rel.data)
 *(.rel.data.*)
 *(.rel.gnu.linkonce.d*)

.rela.data
 *(.rela.data)
 *(.rela.data.*)
 *(.rela.gnu.linkonce.d*)

.rel.ctors
 *(.rel.ctors)

.rela.ctors
 *(.rela.ctors)

.rel.dtors
 *(.rel.dtors)

.rela.dtors
 *(.rela.dtors)

.rel.got
 *(.rel.got)

.rela.got
 *(.rela.got)

.rel.bss
 *(.rel.bss)

.rela.bss
 *(.rela.bss)

.rel.plt
 *(.rel.plt)

.rela.plt
 *(.rela.plt)

.text           0x00000000      0xcc0
 *(.vectors)
 .vectors       0x00000000       0x68 C:/Program Files (x86)/Atmel/Studio/7.0/Packs/atmel/ATmega_DFP/1.1.130/gcc/dev/atmega328p/avr5/crtatmega328p.o
                0x00000000                __vector_default
                0x00000000                __vectors
 *(.vectors)
 *(.progmem.gcc*)
                0x00000068                . = ALIGN (0x2)
                0x00000068                __trampolines_start = .
 *(.trampolines)
 .trampolines   0x00000068        0x0 linker stubs
 *(.trampolines*)
                0x00000068                __trampolines_end = .
 *libprintf_flt.a:*(.progmem.data)
 *libc.a:*(.progmem.data)
 *(.progmem*)
 .progmem.data.digital_pin_to_timer_PGM
                0x00000068       0x14 C:\Users\KOLTIN~2\DOCUME~1\GitHub\ANALOG~1\SEQUEN~1\MICROC~1\ATMELN~1\SEQUEN~1\ARDUIN~1\Debug\libArduinoCore.a(wiring_digital.o)
                0x00000068                digital_pin_to_timer_PGM
 .progmem.data.digital_pin_to_bit_mask_PGM
                0x0000007c       0x14 C:\Users\KOLTIN~2\DOCUME~1\GitHub\ANALOG~1\SEQUEN~1\MICROC~1\ATMELN~1\SEQUEN~1\ARDUIN~1\Debug\libArduinoCore.a(wiring_digital.o)
                0x0000007c                digital_pin_to_bit_mask_PGM
 .progmem.data.digital_pin_to_port_PGM
                0x00000090       0x14 C:\Users\KOLTIN~2\DOCUME~1\GitHub\ANALOG~1\SEQUEN~1\MICROC~1\ATMELN~1\SEQUEN~1\ARDUIN~1\Debug\libArduinoCore.a(wiring_digital.o)
                0x00000090                digital_pin_to_port_PGM
 .progmem.data.port_to_output_PGM
                0x000000a4        0xa C:\Users\KOLTIN~2\DOCUME~1\GitHub\ANALOG~1\SEQUEN~1\MICROC~1\ATMELN~1\SEQUEN~1\ARDUIN~1\Debug\libArduinoCore.a(wiring_digital.o)
                0x000000a4                port_to_output_PGM
 .progmem.data.port_to_mode_PGM
                0x000000ae        0xa C:\Users\KOLTIN~2\DOCUME~1\GitHub\ANALOG~1\SEQUEN~1\MICROC~1\ATMELN~1\SEQUEN~1\ARDUIN~1\Debug\libArduinoCore.a(wiring_digital.o)
                0x000000ae                port_to_mode_PGM
                0x000000b8                . = ALIGN (0x2)
 *(.jumptables)
 *(.jumptables*)
 *(.lowtext)
 *(.lowtext*)
                0x000000b8                __ctors_start = .
 *(.ctors)
 .ctors         0x000000b8        0x2 Sequencer.o
 .ctors         0x000000ba        0x2 C:\Users\KOLTIN~2\DOCUME~1\GitHub\ANALOG~1\SEQUEN~1\MICROC~1\ATMELN~1\SEQUEN~1\ARDUIN~1\Debug\libArduinoCore.a(HardwareSerial0.o)
                0x000000bc                __ctors_end = .
                0x000000bc                __dtors_start = .
 *(.dtors)
 .dtors         0x000000bc        0x2 Sequencer.o
                0x000000be                __dtors_end = .
 SORT(*)(.ctors)
 SORT(*)(.dtors)
 *(.init0)
 .init0         0x000000be        0x0 C:/Program Files (x86)/Atmel/Studio/7.0/Packs/atmel/ATmega_DFP/1.1.130/gcc/dev/atmega328p/avr5/crtatmega328p.o
                0x000000be                __init
 *(.init0)
 *(.init1)
 *(.init1)
 *(.init2)
 .init2         0x000000be        0xc C:/Program Files (x86)/Atmel/Studio/7.0/Packs/atmel/ATmega_DFP/1.1.130/gcc/dev/atmega328p/avr5/crtatmega328p.o
 *(.init2)
 *(.init3)
 *(.init3)
 *(.init4)
 .init4         0x000000ca       0x16 c:/program files (x86)/atmel/studio/7.0/toolchain/avr8/avr8-gnu-toolchain/bin/../lib/gcc/avr/4.9.2/avr5\libgcc.a(_copy_data.o)
                0x000000ca                __do_copy_data
 .init4         0x000000e0       0x10 c:/program files (x86)/atmel/studio/7.0/toolchain/avr8/avr8-gnu-toolchain/bin/../lib/gcc/avr/4.9.2/avr5\libgcc.a(_clear_bss.o)
                0x000000e0                __do_clear_bss
 *(.init4)
 *(.init5)
 *(.init5)
 *(.init6)
 .init6         0x000000f0       0x16 c:/program files (x86)/atmel/studio/7.0/toolchain/avr8/avr8-gnu-toolchain/bin/../lib/gcc/avr/4.9.2/avr5\libgcc.a(_ctors.o)
                0x000000f0                __do_global_ctors
 *(.init6)
 *(.init7)
 *(.init7)
 *(.init8)
 *(.init8)
 *(.init9)
 .init9         0x00000106        0x8 C:/Program Files (x86)/Atmel/Studio/7.0/Packs/atmel/ATmega_DFP/1.1.130/gcc/dev/atmega328p/avr5/crtatmega328p.o
 *(.init9)
 *(.text)
 .text          0x0000010e        0x4 C:/Program Files (x86)/Atmel/Studio/7.0/Packs/atmel/ATmega_DFP/1.1.130/gcc/dev/atmega328p/avr5/crtatmega328p.o
                0x0000010e                __vector_22
                0x0000010e                __vector_1
                0x0000010e                __vector_24
                0x0000010e                __vector_12
                0x0000010e                __bad_interrupt
                0x0000010e                __vector_6
                0x0000010e                __vector_3
                0x0000010e                __vector_23
                0x0000010e                __vector_25
                0x0000010e                __vector_11
                0x0000010e                __vector_13
                0x0000010e                __vector_17
                0x0000010e                __vector_7
                0x0000010e                __vector_5
                0x0000010e                __vector_4
                0x0000010e                __vector_9
                0x0000010e                __vector_2
                0x0000010e                __vector_21
                0x0000010e                __vector_15
                0x0000010e                __vector_8
                0x0000010e                __vector_14
                0x0000010e                __vector_10
                0x0000010e                __vector_20
                0x00000112                . = ALIGN (0x2)
 *(.text.*)
 .text.setup    0x00000112       0x5a Sequencer.o
                0x00000112                setup
 .text.loop     0x0000016c       0x30 Sequencer.o
                0x0000016c                loop
 .text.startup._GLOBAL__sub_I_OutputSR
                0x0000019c       0x5a Sequencer.o
 .text.exit._GLOBAL__sub_D_OutputSR
                0x000001f6       0x10 Sequencer.o
 .text._ZN20ShiftRegister74HC595D2Ev
                0x00000206        0xa ShiftRegister/ShiftRegister74HC595.o
                0x00000206                _ZN20ShiftRegister74HC595D1Ev
                0x00000206                _ZN20ShiftRegister74HC595D2Ev
 .text._ZN20ShiftRegister74HC59515updateRegistersEv
                0x00000210       0x44 ShiftRegister/ShiftRegister74HC595.o
                0x00000210                _ZN20ShiftRegister74HC59515updateRegistersEv
 .text._ZN20ShiftRegister74HC595C2Eiiii
                0x00000254       0x94 ShiftRegister/ShiftRegister74HC595.o
                0x00000254                _ZN20ShiftRegister74HC595C1Eiiii
                0x00000254                _ZN20ShiftRegister74HC595C2Eiiii
 .text._ZN20ShiftRegister74HC5956setAllEPKh
                0x000002e8       0x1c ShiftRegister/ShiftRegister74HC595.o
                0x000002e8                _ZN20ShiftRegister74HC5956setAllEPKh
 .text._ZN14HardwareSerial9availableEv
                0x00000304       0x18 C:\Users\KOLTIN~2\DOCUME~1\GitHub\ANALOG~1\SEQUEN~1\MICROC~1\ATMELN~1\SEQUEN~1\ARDUIN~1\Debug\libArduinoCore.a(HardwareSerial.o)
                0x00000304                _ZN14HardwareSerial9availableEv
 .text._ZN14HardwareSerial4peekEv
                0x0000031c       0x1c C:\Users\KOLTIN~2\DOCUME~1\GitHub\ANALOG~1\SEQUEN~1\MICROC~1\ATMELN~1\SEQUEN~1\ARDUIN~1\Debug\libArduinoCore.a(HardwareSerial.o)
                0x0000031c                _ZN14HardwareSerial4peekEv
 .text._ZN14HardwareSerial4readEv
                0x00000338       0x28 C:\Users\KOLTIN~2\DOCUME~1\GitHub\ANALOG~1\SEQUEN~1\MICROC~1\ATMELN~1\SEQUEN~1\ARDUIN~1\Debug\libArduinoCore.a(HardwareSerial.o)
                0x00000338                _ZN14HardwareSerial4readEv
 .text._ZN14HardwareSerial17availableForWriteEv
                0x00000360       0x1e C:\Users\KOLTIN~2\DOCUME~1\GitHub\ANALOG~1\SEQUEN~1\MICROC~1\ATMELN~1\SEQUEN~1\ARDUIN~1\Debug\libArduinoCore.a(HardwareSerial.o)
                0x00000360                _ZN14HardwareSerial17availableForWriteEv
 .text._Z14serialEventRunv
                0x0000037e       0x1c C:\Users\KOLTIN~2\DOCUME~1\GitHub\ANALOG~1\SEQUEN~1\MICROC~1\ATMELN~1\SEQUEN~1\ARDUIN~1\Debug\libArduinoCore.a(HardwareSerial.o)
                0x0000037e                _Z14serialEventRunv
 .text._ZN14HardwareSerial17_tx_udr_empty_irqEv
                0x0000039a       0x42 C:\Users\KOLTIN~2\DOCUME~1\GitHub\ANALOG~1\SEQUEN~1\MICROC~1\ATMELN~1\SEQUEN~1\ARDUIN~1\Debug\libArduinoCore.a(HardwareSerial.o)
                0x0000039a                _ZN14HardwareSerial17_tx_udr_empty_irqEv
 .text._ZN14HardwareSerial5flushEv
                0x000003dc       0x44 C:\Users\KOLTIN~2\DOCUME~1\GitHub\ANALOG~1\SEQUEN~1\MICROC~1\ATMELN~1\SEQUEN~1\ARDUIN~1\Debug\libArduinoCore.a(HardwareSerial.o)
                0x000003dc                _ZN14HardwareSerial5flushEv
 .text._ZN14HardwareSerial5writeEh
                0x00000420       0x8e C:\Users\KOLTIN~2\DOCUME~1\GitHub\ANALOG~1\SEQUEN~1\MICROC~1\ATMELN~1\SEQUEN~1\ARDUIN~1\Debug\libArduinoCore.a(HardwareSerial.o)
                0x00000420                _ZN14HardwareSerial5writeEh
 .text._ZN14HardwareSerial5beginEmh
                0x000004ae       0xca C:\Users\KOLTIN~2\DOCUME~1\GitHub\ANALOG~1\SEQUEN~1\MICROC~1\ATMELN~1\SEQUEN~1\ARDUIN~1\Debug\libArduinoCore.a(HardwareSerial.o)
                0x000004ae                _ZN14HardwareSerial5beginEmh
 .text.__vector_18
                0x00000578       0x64 C:\Users\KOLTIN~2\DOCUME~1\GitHub\ANALOG~1\SEQUEN~1\MICROC~1\ATMELN~1\SEQUEN~1\ARDUIN~1\Debug\libArduinoCore.a(HardwareSerial0.o)
                0x00000578                __vector_18
 .text.__vector_19
                0x000005dc       0x4c C:\Users\KOLTIN~2\DOCUME~1\GitHub\ANALOG~1\SEQUEN~1\MICROC~1\ATMELN~1\SEQUEN~1\ARDUIN~1\Debug\libArduinoCore.a(HardwareSerial0.o)
                0x000005dc                __vector_19
 .text._Z17Serial0_availablev
                0x00000628       0x14 C:\Users\KOLTIN~2\DOCUME~1\GitHub\ANALOG~1\SEQUEN~1\MICROC~1\ATMELN~1\SEQUEN~1\ARDUIN~1\Debug\libArduinoCore.a(HardwareSerial0.o)
                0x00000628                _Z17Serial0_availablev
 .text.startup._GLOBAL__sub_I___vector_18
                0x0000063c       0x5a C:\Users\KOLTIN~2\DOCUME~1\GitHub\ANALOG~1\SEQUEN~1\MICROC~1\ATMELN~1\SEQUEN~1\ARDUIN~1\Debug\libArduinoCore.a(HardwareSerial0.o)
 .text.initVariant
                0x00000696        0x2 C:\Users\KOLTIN~2\DOCUME~1\GitHub\ANALOG~1\SEQUEN~1\MICROC~1\ATMELN~1\SEQUEN~1\ARDUIN~1\Debug\libArduinoCore.a(main.o)
                0x00000696                initVariant
 .text.startup.main
                0x00000698       0x1e C:\Users\KOLTIN~2\DOCUME~1\GitHub\ANALOG~1\SEQUEN~1\MICROC~1\ATMELN~1\SEQUEN~1\ARDUIN~1\Debug\libArduinoCore.a(main.o)
                0x00000698                main
 .text._ZN5Print5writeEPKhj
                0x000006b6       0x56 C:\Users\KOLTIN~2\DOCUME~1\GitHub\ANALOG~1\SEQUEN~1\MICROC~1\ATMELN~1\SEQUEN~1\ARDUIN~1\Debug\libArduinoCore.a(Print.o)
                0x000006b6                _ZN5Print5writeEPKhj
 .text.__vector_16
                0x0000070c       0x94 C:\Users\KOLTIN~2\DOCUME~1\GitHub\ANALOG~1\SEQUEN~1\MICROC~1\ATMELN~1\SEQUEN~1\ARDUIN~1\Debug\libArduinoCore.a(wiring.o)
                0x0000070c                __vector_16
 .text.delayMicroseconds
                0x000007a0       0x16 C:\Users\KOLTIN~2\DOCUME~1\GitHub\ANALOG~1\SEQUEN~1\MICROC~1\ATMELN~1\SEQUEN~1\ARDUIN~1\Debug\libArduinoCore.a(wiring.o)
                0x000007a0                delayMicroseconds
 .text.init     0x000007b6       0x76 C:\Users\KOLTIN~2\DOCUME~1\GitHub\ANALOG~1\SEQUEN~1\MICROC~1\ATMELN~1\SEQUEN~1\ARDUIN~1\Debug\libArduinoCore.a(wiring.o)
                0x000007b6                init
 .text.turnOffPWM
                0x0000082c       0x52 C:\Users\KOLTIN~2\DOCUME~1\GitHub\ANALOG~1\SEQUEN~1\MICROC~1\ATMELN~1\SEQUEN~1\ARDUIN~1\Debug\libArduinoCore.a(wiring_digital.o)
 .text.pinMode  0x0000087e       0x78 C:\Users\KOLTIN~2\DOCUME~1\GitHub\ANALOG~1\SEQUEN~1\MICROC~1\ATMELN~1\SEQUEN~1\ARDUIN~1\Debug\libArduinoCore.a(wiring_digital.o)
                0x0000087e                pinMode
 .text.digitalWrite
                0x000008f6       0x60 C:\Users\KOLTIN~2\DOCUME~1\GitHub\ANALOG~1\SEQUEN~1\MICROC~1\ATMELN~1\SEQUEN~1\ARDUIN~1\Debug\libArduinoCore.a(wiring_digital.o)
                0x000008f6                digitalWrite
 .text.shiftOut
                0x00000956       0x86 C:\Users\KOLTIN~2\DOCUME~1\GitHub\ANALOG~1\SEQUEN~1\MICROC~1\ATMELN~1\SEQUEN~1\ARDUIN~1\Debug\libArduinoCore.a(wiring_shift.o)
                0x00000956                shiftOut
 .text.libgcc.div
                0x000009dc       0x44 c:/program files (x86)/atmel/studio/7.0/toolchain/avr8/avr8-gnu-toolchain/bin/../lib/gcc/avr/4.9.2/avr5\libgcc.a(_udivmodsi4.o)
                0x000009dc                __udivmodsi4
 .text.libgcc   0x00000a20        0xc c:/program files (x86)/atmel/studio/7.0/toolchain/avr8/avr8-gnu-toolchain/bin/../lib/gcc/avr/4.9.2/avr5\libgcc.a(_tablejump2.o)
                0x00000a20                __tablejump2__
 .text.avr-libc
                0x00000a2c      0x25a c:/program files (x86)/atmel/studio/7.0/toolchain/avr8/avr8-gnu-toolchain/bin/../lib/gcc/avr/4.9.2/../../../../avr/lib/avr5\libc.a(malloc.o)
                0x00000a2c                malloc
                0x00000b56                free
 .text.avr-libc
                0x00000c86       0x12 c:/program files (x86)/atmel/studio/7.0/toolchain/avr8/avr8-gnu-toolchain/bin/../lib/gcc/avr/4.9.2/../../../../avr/lib/avr5\libc.a(memcpy.o)
                0x00000c86                memcpy
 .text.avr-libc
                0x00000c98        0xe c:/program files (x86)/atmel/studio/7.0/toolchain/avr8/avr8-gnu-toolchain/bin/../lib/gcc/avr/4.9.2/../../../../avr/lib/avr5\libc.a(memset.o)
                0x00000c98                memset
                0x00000ca6                . = ALIGN (0x2)
 *(.fini9)
 .fini9         0x00000ca6        0x0 c:/program files (x86)/atmel/studio/7.0/toolchain/avr8/avr8-gnu-toolchain/bin/../lib/gcc/avr/4.9.2/avr5\libgcc.a(_exit.o)
                0x00000ca6                _exit
                0x00000ca6                exit
 *(.fini9)
 *(.fini8)
 *(.fini8)
 *(.fini7)
 *(.fini7)
 *(.fini6)
 .fini6         0x00000ca6       0x16 c:/program files (x86)/atmel/studio/7.0/toolchain/avr8/avr8-gnu-toolchain/bin/../lib/gcc/avr/4.9.2/avr5\libgcc.a(_dtors.o)
                0x00000ca6                __do_global_dtors
 *(.fini6)
 *(.fini5)
 *(.fini5)
 *(.fini4)
 *(.fini4)
 *(.fini3)
 *(.fini3)
 *(.fini2)
 *(.fini2)
 *(.fini1)
 *(.fini1)
 *(.fini0)
 .fini0         0x00000cbc        0x4 c:/program files (x86)/atmel/studio/7.0/toolchain/avr8/avr8-gnu-toolchain/bin/../lib/gcc/avr/4.9.2/avr5\libgcc.a(_exit.o)
 *(.fini0)
                0x00000cc0                _etext = .

.data           0x00800100       0x18 load address 0x00000cc0
                0x00800100                PROVIDE (__data_start, .)
 *(.data)
 .data          0x00800100        0x6 c:/program files (x86)/atmel/studio/7.0/toolchain/avr8/avr8-gnu-toolchain/bin/../lib/gcc/avr/4.9.2/../../../../avr/lib/avr5\libc.a(malloc.o)
                0x00800100                __malloc_heap_end
                0x00800102                __malloc_heap_start
                0x00800104                __malloc_margin
 *(.data*)
 *(.rodata)
 *(.rodata*)
 .rodata._ZTV14HardwareSerial
                0x00800106       0x12 C:\Users\KOLTIN~2\DOCUME~1\GitHub\ANALOG~1\SEQUEN~1\MICROC~1\ATMELN~1\SEQUEN~1\ARDUIN~1\Debug\libArduinoCore.a(HardwareSerial.o)
                0x00800106                _ZTV14HardwareSerial
 *(.gnu.linkonce.d*)
                0x00800118                . = ALIGN (0x2)
                0x00800118                _edata = .
                0x00800118                PROVIDE (__data_end, .)

.bss            0x00800118      0x119
                0x00800118                PROVIDE (__bss_start, .)
 *(.bss)
 *(.bss*)
 .bss.trigger   0x00800118        0xe Sequencer.o
                0x00800118                trigger
 .bss.seqIO     0x00800126       0x3f Sequencer.o
                0x00800126                seqIO
 .bss.InputSR   0x00800165        0xe Sequencer.o
                0x00800165                InputSR
 .bss.InstrumentTrigger
                0x00800173        0xa Sequencer.o
                0x00800173                InstrumentTrigger
 .bss.OutputSR  0x0080017d        0xa Sequencer.o
                0x0080017d                OutputSR
 .bss.Serial    0x00800187       0x9d C:\Users\KOLTIN~2\DOCUME~1\GitHub\ANALOG~1\SEQUEN~1\MICROC~1\ATMELN~1\SEQUEN~1\ARDUIN~1\Debug\libArduinoCore.a(HardwareSerial0.o)
                0x00800187                Serial
 .bss.timer0_fract
                0x00800224        0x1 C:\Users\KOLTIN~2\DOCUME~1\GitHub\ANALOG~1\SEQUEN~1\MICROC~1\ATMELN~1\SEQUEN~1\ARDUIN~1\Debug\libArduinoCore.a(wiring.o)
 .bss.timer0_millis
                0x00800225        0x4 C:\Users\KOLTIN~2\DOCUME~1\GitHub\ANALOG~1\SEQUEN~1\MICROC~1\ATMELN~1\SEQUEN~1\ARDUIN~1\Debug\libArduinoCore.a(wiring.o)
                0x00800225                timer0_millis
 .bss.timer0_overflow_count
                0x00800229        0x4 C:\Users\KOLTIN~2\DOCUME~1\GitHub\ANALOG~1\SEQUEN~1\MICROC~1\ATMELN~1\SEQUEN~1\ARDUIN~1\Debug\libArduinoCore.a(wiring.o)
                0x00800229                timer0_overflow_count
 *(COMMON)
 COMMON         0x0080022d        0x4 c:/program files (x86)/atmel/studio/7.0/toolchain/avr8/avr8-gnu-toolchain/bin/../lib/gcc/avr/4.9.2/../../../../avr/lib/avr5\libc.a(malloc.o)
                0x0080022d                __brkval
                0x0080022f                __flp
                0x00800231                PROVIDE (__bss_end, .)
                0x00000cc0                __data_load_start = LOADADDR (.data)
                0x00000cd8                __data_load_end = (__data_load_start + SIZEOF (.data))

.noinit         0x00800231        0x0
                [!provide]                PROVIDE (__noinit_start, .)
 *(.noinit*)
                [!provide]                PROVIDE (__noinit_end, .)
                0x00800231                _end = .
                0x00800231                PROVIDE (__heap_start, .)

.eeprom         0x00810000        0x0
 *(.eeprom*)
                0x00810000                __eeprom_end = .

.fuse
 *(.fuse)
 *(.lfuse)
 *(.hfuse)
 *(.efuse)

.lock
 *(.lock*)

.signature
 *(.signature*)

.user_signatures
 *(.user_signatures*)

.stab
 *(.stab)

.stabstr
 *(.stabstr)

.stab.excl
 *(.stab.excl)

.stab.exclstr
 *(.stab.exclstr)

.stab.index
 *(.stab.index)

.stab.indexstr
 *(.stab.indexstr)

.comment        0x00000000       0x30
 *(.comment)
 .comment       0x00000000       0x30 Sequencer.o
                                 0x31 (size before relaxing)
 .comment       0x00000030       0x31 ShiftRegister/ShiftRegister74HC595.o
 .comment       0x00000030       0x31 C:\Users\KOLTIN~2\DOCUME~1\GitHub\ANALOG~1\SEQUEN~1\MICROC~1\ATMELN~1\SEQUEN~1\ARDUIN~1\Debug\libArduinoCore.a(HardwareSerial.o)
 .comment       0x00000030       0x31 C:\Users\KOLTIN~2\DOCUME~1\GitHub\ANALOG~1\SEQUEN~1\MICROC~1\ATMELN~1\SEQUEN~1\ARDUIN~1\Debug\libArduinoCore.a(HardwareSerial0.o)
 .comment       0x00000030       0x31 C:\Users\KOLTIN~2\DOCUME~1\GitHub\ANALOG~1\SEQUEN~1\MICROC~1\ATMELN~1\SEQUEN~1\ARDUIN~1\Debug\libArduinoCore.a(main.o)
 .comment       0x00000030       0x31 C:\Users\KOLTIN~2\DOCUME~1\GitHub\ANALOG~1\SEQUEN~1\MICROC~1\ATMELN~1\SEQUEN~1\ARDUIN~1\Debug\libArduinoCore.a(Print.o)
 .comment       0x00000030       0x31 C:\Users\KOLTIN~2\DOCUME~1\GitHub\ANALOG~1\SEQUEN~1\MICROC~1\ATMELN~1\SEQUEN~1\ARDUIN~1\Debug\libArduinoCore.a(wiring.o)
 .comment       0x00000030       0x31 C:\Users\KOLTIN~2\DOCUME~1\GitHub\ANALOG~1\SEQUEN~1\MICROC~1\ATMELN~1\SEQUEN~1\ARDUIN~1\Debug\libArduinoCore.a(wiring_digital.o)
 .comment       0x00000030       0x31 C:\Users\KOLTIN~2\DOCUME~1\GitHub\ANALOG~1\SEQUEN~1\MICROC~1\ATMELN~1\SEQUEN~1\ARDUIN~1\Debug\libArduinoCore.a(wiring_shift.o)
 .comment       0x00000030       0x31 c:/program files (x86)/atmel/studio/7.0/toolchain/avr8/avr8-gnu-toolchain/bin/../lib/gcc/avr/4.9.2/../../../../avr/lib/avr5\libc.a(malloc.o)

.note.gnu.avr.deviceinfo
                0x00000000       0x40
 .note.gnu.avr.deviceinfo
                0x00000000       0x40 C:/Program Files (x86)/Atmel/Studio/7.0/Packs/atmel/ATmega_DFP/1.1.130/gcc/dev/atmega328p/avr5/crtatmega328p.o

.note.gnu.build-id
 *(.note.gnu.build-id)

.debug
 *(.debug)

.line
 *(.line)

.debug_srcinfo
 *(.debug_srcinfo)

.debug_sfnames
 *(.debug_sfnames)

.debug_aranges  0x00000000      0x338
 *(.debug_aranges)
 .debug_aranges
                0x00000000       0x38 Sequencer.o
 .debug_aranges
                0x00000038       0x70 ShiftRegister/ShiftRegister74HC595.o
 .debug_aranges
                0x000000a8       0x68 C:\Users\KOLTIN~2\DOCUME~1\GitHub\ANALOG~1\SEQUEN~1\MICROC~1\ATMELN~1\SEQUEN~1\ARDUIN~1\Debug\libArduinoCore.a(HardwareSerial.o)
 .debug_aranges
                0x00000110       0x48 C:\Users\KOLTIN~2\DOCUME~1\GitHub\ANALOG~1\SEQUEN~1\MICROC~1\ATMELN~1\SEQUEN~1\ARDUIN~1\Debug\libArduinoCore.a(HardwareSerial0.o)
 .debug_aranges
                0x00000158       0x38 C:\Users\KOLTIN~2\DOCUME~1\GitHub\ANALOG~1\SEQUEN~1\MICROC~1\ATMELN~1\SEQUEN~1\ARDUIN~1\Debug\libArduinoCore.a(main.o)
 .debug_aranges
                0x00000190      0x100 C:\Users\KOLTIN~2\DOCUME~1\GitHub\ANALOG~1\SEQUEN~1\MICROC~1\ATMELN~1\SEQUEN~1\ARDUIN~1\Debug\libArduinoCore.a(Print.o)
 .debug_aranges
                0x00000290       0x48 C:\Users\KOLTIN~2\DOCUME~1\GitHub\ANALOG~1\SEQUEN~1\MICROC~1\ATMELN~1\SEQUEN~1\ARDUIN~1\Debug\libArduinoCore.a(wiring.o)
 .debug_aranges
                0x000002d8       0x38 C:\Users\KOLTIN~2\DOCUME~1\GitHub\ANALOG~1\SEQUEN~1\MICROC~1\ATMELN~1\SEQUEN~1\ARDUIN~1\Debug\libArduinoCore.a(wiring_digital.o)
 .debug_aranges
                0x00000310       0x28 C:\Users\KOLTIN~2\DOCUME~1\GitHub\ANALOG~1\SEQUEN~1\MICROC~1\ATMELN~1\SEQUEN~1\ARDUIN~1\Debug\libArduinoCore.a(wiring_shift.o)

.debug_pubnames
 *(.debug_pubnames)

.debug_info     0x00000000     0x8d9c
 *(.debug_info .gnu.linkonce.wi.*)
 .debug_info    0x00000000      0x5f4 C:/Program Files (x86)/Atmel/Studio/7.0/Packs/atmel/ATmega_DFP/1.1.130/gcc/dev/atmega328p/avr5/crtatmega328p.o
 .debug_info    0x000005f4      0xcd8 Sequencer.o
 .debug_info    0x000012cc      0x97c ShiftRegister/ShiftRegister74HC595.o
 .debug_info    0x00001c48     0x1e35 C:\Users\KOLTIN~2\DOCUME~1\GitHub\ANALOG~1\SEQUEN~1\MICROC~1\ATMELN~1\SEQUEN~1\ARDUIN~1\Debug\libArduinoCore.a(HardwareSerial.o)
 .debug_info    0x00003a7d     0x1ac7 C:\Users\KOLTIN~2\DOCUME~1\GitHub\ANALOG~1\SEQUEN~1\MICROC~1\ATMELN~1\SEQUEN~1\ARDUIN~1\Debug\libArduinoCore.a(HardwareSerial0.o)
 .debug_info    0x00005544      0x231 C:\Users\KOLTIN~2\DOCUME~1\GitHub\ANALOG~1\SEQUEN~1\MICROC~1\ATMELN~1\SEQUEN~1\ARDUIN~1\Debug\libArduinoCore.a(main.o)
 .debug_info    0x00005775     0x2a7c C:\Users\KOLTIN~2\DOCUME~1\GitHub\ANALOG~1\SEQUEN~1\MICROC~1\ATMELN~1\SEQUEN~1\ARDUIN~1\Debug\libArduinoCore.a(Print.o)
 .debug_info    0x000081f1      0x2c8 C:\Users\KOLTIN~2\DOCUME~1\GitHub\ANALOG~1\SEQUEN~1\MICROC~1\ATMELN~1\SEQUEN~1\ARDUIN~1\Debug\libArduinoCore.a(wiring.o)
 .debug_info    0x000084b9      0x5f9 C:\Users\KOLTIN~2\DOCUME~1\GitHub\ANALOG~1\SEQUEN~1\MICROC~1\ATMELN~1\SEQUEN~1\ARDUIN~1\Debug\libArduinoCore.a(wiring_digital.o)
 .debug_info    0x00008ab2      0x2ea C:\Users\KOLTIN~2\DOCUME~1\GitHub\ANALOG~1\SEQUEN~1\MICROC~1\ATMELN~1\SEQUEN~1\ARDUIN~1\Debug\libArduinoCore.a(wiring_shift.o)

.debug_abbrev   0x00000000     0x1d7b
 *(.debug_abbrev)
 .debug_abbrev  0x00000000      0x5a2 C:/Program Files (x86)/Atmel/Studio/7.0/Packs/atmel/ATmega_DFP/1.1.130/gcc/dev/atmega328p/avr5/crtatmega328p.o
 .debug_abbrev  0x000005a2      0x355 Sequencer.o
 .debug_abbrev  0x000008f7      0x2af ShiftRegister/ShiftRegister74HC595.o
 .debug_abbrev  0x00000ba6      0x478 C:\Users\KOLTIN~2\DOCUME~1\GitHub\ANALOG~1\SEQUEN~1\MICROC~1\ATMELN~1\SEQUEN~1\ARDUIN~1\Debug\libArduinoCore.a(HardwareSerial.o)
 .debug_abbrev  0x0000101e      0x3dd C:\Users\KOLTIN~2\DOCUME~1\GitHub\ANALOG~1\SEQUEN~1\MICROC~1\ATMELN~1\SEQUEN~1\ARDUIN~1\Debug\libArduinoCore.a(HardwareSerial0.o)
 .debug_abbrev  0x000013fb      0x109 C:\Users\KOLTIN~2\DOCUME~1\GitHub\ANALOG~1\SEQUEN~1\MICROC~1\ATMELN~1\SEQUEN~1\ARDUIN~1\Debug\libArduinoCore.a(main.o)
 .debug_abbrev  0x00001504      0x498 C:\Users\KOLTIN~2\DOCUME~1\GitHub\ANALOG~1\SEQUEN~1\MICROC~1\ATMELN~1\SEQUEN~1\ARDUIN~1\Debug\libArduinoCore.a(Print.o)
 .debug_abbrev  0x0000199c      0x145 C:\Users\KOLTIN~2\DOCUME~1\GitHub\ANALOG~1\SEQUEN~1\MICROC~1\ATMELN~1\SEQUEN~1\ARDUIN~1\Debug\libArduinoCore.a(wiring.o)
 .debug_abbrev  0x00001ae1      0x15b C:\Users\KOLTIN~2\DOCUME~1\GitHub\ANALOG~1\SEQUEN~1\MICROC~1\ATMELN~1\SEQUEN~1\ARDUIN~1\Debug\libArduinoCore.a(wiring_digital.o)
 .debug_abbrev  0x00001c3c      0x13f C:\Users\KOLTIN~2\DOCUME~1\GitHub\ANALOG~1\SEQUEN~1\MICROC~1\ATMELN~1\SEQUEN~1\ARDUIN~1\Debug\libArduinoCore.a(wiring_shift.o)

.debug_line     0x00000000     0x1d57
 *(.debug_line .debug_line.* .debug_line_end)
 .debug_line    0x00000000      0x133 C:/Program Files (x86)/Atmel/Studio/7.0/Packs/atmel/ATmega_DFP/1.1.130/gcc/dev/atmega328p/avr5/crtatmega328p.o
 .debug_line    0x00000133      0x2d5 Sequencer.o
 .debug_line    0x00000408      0x430 ShiftRegister/ShiftRegister74HC595.o
 .debug_line    0x00000838      0x426 C:\Users\KOLTIN~2\DOCUME~1\GitHub\ANALOG~1\SEQUEN~1\MICROC~1\ATMELN~1\SEQUEN~1\ARDUIN~1\Debug\libArduinoCore.a(HardwareSerial.o)
 .debug_line    0x00000c5e      0x28c C:\Users\KOLTIN~2\DOCUME~1\GitHub\ANALOG~1\SEQUEN~1\MICROC~1\ATMELN~1\SEQUEN~1\ARDUIN~1\Debug\libArduinoCore.a(HardwareSerial0.o)
 .debug_line    0x00000eea      0x175 C:\Users\KOLTIN~2\DOCUME~1\GitHub\ANALOG~1\SEQUEN~1\MICROC~1\ATMELN~1\SEQUEN~1\ARDUIN~1\Debug\libArduinoCore.a(main.o)
 .debug_line    0x0000105f      0x69b C:\Users\KOLTIN~2\DOCUME~1\GitHub\ANALOG~1\SEQUEN~1\MICROC~1\ATMELN~1\SEQUEN~1\ARDUIN~1\Debug\libArduinoCore.a(Print.o)
 .debug_line    0x000016fa      0x299 C:\Users\KOLTIN~2\DOCUME~1\GitHub\ANALOG~1\SEQUEN~1\MICROC~1\ATMELN~1\SEQUEN~1\ARDUIN~1\Debug\libArduinoCore.a(wiring.o)
 .debug_line    0x00001993      0x252 C:\Users\KOLTIN~2\DOCUME~1\GitHub\ANALOG~1\SEQUEN~1\MICROC~1\ATMELN~1\SEQUEN~1\ARDUIN~1\Debug\libArduinoCore.a(wiring_digital.o)
 .debug_line    0x00001be5      0x172 C:\Users\KOLTIN~2\DOCUME~1\GitHub\ANALOG~1\SEQUEN~1\MICROC~1\ATMELN~1\SEQUEN~1\ARDUIN~1\Debug\libArduinoCore.a(wiring_shift.o)

.debug_frame    0x00000000      0x968
 *(.debug_frame)
 .debug_frame   0x00000000       0x6c Sequencer.o
 .debug_frame   0x0000006c      0x130 ShiftRegister/ShiftRegister74HC595.o
 .debug_frame   0x0000019c      0x110 C:\Users\KOLTIN~2\DOCUME~1\GitHub\ANALOG~1\SEQUEN~1\MICROC~1\ATMELN~1\SEQUEN~1\ARDUIN~1\Debug\libArduinoCore.a(HardwareSerial.o)
 .debug_frame   0x000002ac       0xe0 C:\Users\KOLTIN~2\DOCUME~1\GitHub\ANALOG~1\SEQUEN~1\MICROC~1\ATMELN~1\SEQUEN~1\ARDUIN~1\Debug\libArduinoCore.a(HardwareSerial0.o)
 .debug_frame   0x0000038c       0x54 C:\Users\KOLTIN~2\DOCUME~1\GitHub\ANALOG~1\SEQUEN~1\MICROC~1\ATMELN~1\SEQUEN~1\ARDUIN~1\Debug\libArduinoCore.a(main.o)
 .debug_frame   0x000003e0      0x3bc C:\Users\KOLTIN~2\DOCUME~1\GitHub\ANALOG~1\SEQUEN~1\MICROC~1\ATMELN~1\SEQUEN~1\ARDUIN~1\Debug\libArduinoCore.a(Print.o)
 .debug_frame   0x0000079c       0xc4 C:\Users\KOLTIN~2\DOCUME~1\GitHub\ANALOG~1\SEQUEN~1\MICROC~1\ATMELN~1\SEQUEN~1\ARDUIN~1\Debug\libArduinoCore.a(wiring.o)
 .debug_frame   0x00000860       0x7c C:\Users\KOLTIN~2\DOCUME~1\GitHub\ANALOG~1\SEQUEN~1\MICROC~1\ATMELN~1\SEQUEN~1\ARDUIN~1\Debug\libArduinoCore.a(wiring_digital.o)
 .debug_frame   0x000008dc       0x8c C:\Users\KOLTIN~2\DOCUME~1\GitHub\ANALOG~1\SEQUEN~1\MICROC~1\ATMELN~1\SEQUEN~1\ARDUIN~1\Debug\libArduinoCore.a(wiring_shift.o)

.debug_str      0x00000000     0x2382
 *(.debug_str)
 .debug_str     0x00000000      0x208 C:/Program Files (x86)/Atmel/Studio/7.0/Packs/atmel/ATmega_DFP/1.1.130/gcc/dev/atmega328p/avr5/crtatmega328p.o
 .debug_str     0x00000208      0x96c Sequencer.o
                                0x9f5 (size before relaxing)
 .debug_str     0x00000b74       0xc7 ShiftRegister/ShiftRegister74HC595.o
                                0x5ca (size before relaxing)
 .debug_str     0x00000c3b     0x1080 C:\Users\KOLTIN~2\DOCUME~1\GitHub\ANALOG~1\SEQUEN~1\MICROC~1\ATMELN~1\SEQUEN~1\ARDUIN~1\Debug\libArduinoCore.a(HardwareSerial.o)
                               0x1379 (size before relaxing)
 .debug_str     0x00001cbb       0x78 C:\Users\KOLTIN~2\DOCUME~1\GitHub\ANALOG~1\SEQUEN~1\MICROC~1\ATMELN~1\SEQUEN~1\ARDUIN~1\Debug\libArduinoCore.a(HardwareSerial0.o)
                               0x11bc (size before relaxing)
 .debug_str     0x00001d33       0x43 C:\Users\KOLTIN~2\DOCUME~1\GitHub\ANALOG~1\SEQUEN~1\MICROC~1\ATMELN~1\SEQUEN~1\ARDUIN~1\Debug\libArduinoCore.a(main.o)
                                0x2f7 (size before relaxing)
 .debug_str     0x00001d76      0x3c2 C:\Users\KOLTIN~2\DOCUME~1\GitHub\ANALOG~1\SEQUEN~1\MICROC~1\ATMELN~1\SEQUEN~1\ARDUIN~1\Debug\libArduinoCore.a(Print.o)
                               0x1031 (size before relaxing)
 .debug_str     0x00002138      0x157 C:\Users\KOLTIN~2\DOCUME~1\GitHub\ANALOG~1\SEQUEN~1\MICROC~1\ATMELN~1\SEQUEN~1\ARDUIN~1\Debug\libArduinoCore.a(wiring.o)
                                0x281 (size before relaxing)
 .debug_str     0x0000228f       0xc7 C:\Users\KOLTIN~2\DOCUME~1\GitHub\ANALOG~1\SEQUEN~1\MICROC~1\ATMELN~1\SEQUEN~1\ARDUIN~1\Debug\libArduinoCore.a(wiring_digital.o)
                                0x2e6 (size before relaxing)
 .debug_str     0x00002356       0x2c C:\Users\KOLTIN~2\DOCUME~1\GitHub\ANALOG~1\SEQUEN~1\MICROC~1\ATMELN~1\SEQUEN~1\ARDUIN~1\Debug\libArduinoCore.a(wiring_shift.o)
                                0x255 (size before relaxing)

.debug_loc      0x00000000     0x381a
 *(.debug_loc)
 .debug_loc     0x00000000       0x72 Sequencer.o
 .debug_loc     0x00000072      0x73b ShiftRegister/ShiftRegister74HC595.o
 .debug_loc     0x000007ad      0x497 C:\Users\KOLTIN~2\DOCUME~1\GitHub\ANALOG~1\SEQUEN~1\MICROC~1\ATMELN~1\SEQUEN~1\ARDUIN~1\Debug\libArduinoCore.a(HardwareSerial.o)
 .debug_loc     0x00000c44      0x187 C:\Users\KOLTIN~2\DOCUME~1\GitHub\ANALOG~1\SEQUEN~1\MICROC~1\ATMELN~1\SEQUEN~1\ARDUIN~1\Debug\libArduinoCore.a(HardwareSerial0.o)
 .debug_loc     0x00000dcb     0x1f1c C:\Users\KOLTIN~2\DOCUME~1\GitHub\ANALOG~1\SEQUEN~1\MICROC~1\ATMELN~1\SEQUEN~1\ARDUIN~1\Debug\libArduinoCore.a(Print.o)
 .debug_loc     0x00002ce7      0x269 C:\Users\KOLTIN~2\DOCUME~1\GitHub\ANALOG~1\SEQUEN~1\MICROC~1\ATMELN~1\SEQUEN~1\ARDUIN~1\Debug\libArduinoCore.a(wiring.o)
 .debug_loc     0x00002f50      0x5e3 C:\Users\KOLTIN~2\DOCUME~1\GitHub\ANALOG~1\SEQUEN~1\MICROC~1\ATMELN~1\SEQUEN~1\ARDUIN~1\Debug\libArduinoCore.a(wiring_digital.o)
 .debug_loc     0x00003533      0x2e7 C:\Users\KOLTIN~2\DOCUME~1\GitHub\ANALOG~1\SEQUEN~1\MICROC~1\ATMELN~1\SEQUEN~1\ARDUIN~1\Debug\libArduinoCore.a(wiring_shift.o)

.debug_macinfo
 *(.debug_macinfo)

.debug_weaknames
 *(.debug_weaknames)

.debug_funcnames
 *(.debug_funcnames)

.debug_typenames
 *(.debug_typenames)

.debug_varnames
 *(.debug_varnames)

.debug_pubtypes
 *(.debug_pubtypes)

.debug_ranges   0x00000000      0x338
 *(.debug_ranges)
 .debug_ranges  0x00000000       0x28 Sequencer.o
 .debug_ranges  0x00000028       0x90 ShiftRegister/ShiftRegister74HC595.o
 .debug_ranges  0x000000b8       0x70 C:\Users\KOLTIN~2\DOCUME~1\GitHub\ANALOG~1\SEQUEN~1\MICROC~1\ATMELN~1\SEQUEN~1\ARDUIN~1\Debug\libArduinoCore.a(HardwareSerial.o)
 .debug_ranges  0x00000128       0x38 C:\Users\KOLTIN~2\DOCUME~1\GitHub\ANALOG~1\SEQUEN~1\MICROC~1\ATMELN~1\SEQUEN~1\ARDUIN~1\Debug\libArduinoCore.a(HardwareSerial0.o)
 .debug_ranges  0x00000160       0x28 C:\Users\KOLTIN~2\DOCUME~1\GitHub\ANALOG~1\SEQUEN~1\MICROC~1\ATMELN~1\SEQUEN~1\ARDUIN~1\Debug\libArduinoCore.a(main.o)
 .debug_ranges  0x00000188      0x138 C:\Users\KOLTIN~2\DOCUME~1\GitHub\ANALOG~1\SEQUEN~1\MICROC~1\ATMELN~1\SEQUEN~1\ARDUIN~1\Debug\libArduinoCore.a(Print.o)
 .debug_ranges  0x000002c0       0x38 C:\Users\KOLTIN~2\DOCUME~1\GitHub\ANALOG~1\SEQUEN~1\MICROC~1\ATMELN~1\SEQUEN~1\ARDUIN~1\Debug\libArduinoCore.a(wiring.o)
 .debug_ranges  0x000002f8       0x28 C:\Users\KOLTIN~2\DOCUME~1\GitHub\ANALOG~1\SEQUEN~1\MICROC~1\ATMELN~1\SEQUEN~1\ARDUIN~1\Debug\libArduinoCore.a(wiring_digital.o)
 .debug_ranges  0x00000320       0x18 C:\Users\KOLTIN~2\DOCUME~1\GitHub\ANALOG~1\SEQUEN~1\MICROC~1\ATMELN~1\SEQUEN~1\ARDUIN~1\Debug\libArduinoCore.a(wiring_shift.o)

.debug_macro
 *(.debug_macro)
OUTPUT(Sequencer_DrumMachine.ino.elf elf32-avr)
LOAD linker stubs
